2026-07-29 05:21:08 [INFO] ==================================================
2026-07-29 05:21:08 [INFO] Yapimaks Scraper basliyor
2026-07-29 05:21:08 [INFO] ==================================================
2026-07-29 05:21:08 [INFO] Ana sayfa ziyaret ediliyor, cookie aliniyor...
2026-07-29 05:21:09 [INFO] Cookie basariyla alindi.
2026-07-29 05:21:09 [INFO] Sitemap indiriliyor: https://yapimaks.com/sitemap/products1.xml
2026-07-29 05:21:10 [INFO] Sitemap'ten toplam 8210 urun URL'si bulundu.
2026-07-29 05:21:10 [INFO] Bugune ait veri yok. Eski veri (2026-07-28.csv) süzülerek bugune aktariliyor...
2026-07-29 05:21:10 [INFO] Basarili! 7989 urun dunden bugune aktarildi.
2026-07-29 05:21:10 [INFO] Guncel dosyada hazir olan urun: 7989 | Sifirdan cekilecek (yeni) urun: 221
2026-07-29 05:21:10 [INFO] 221 yeni urun scrapelanacak -> /home/runner/work/inflationstudymirror/inflationstudymirror/Datas/yapimaks/2026-07-29.csv
2026-07-29 05:21:10 [INFO] [1/221] https://yapimaks.com/0-40-86-3000-trapez-beyaz-p13729
2026-07-29 05:21:10 [INFO] [13729] '0.40*86*3000 TRAPEZ (BEYAZ)' | 600.00 TL | SKU: RALL.9002.040.3000
2026-07-29 05:21:12 [INFO] [2/221] https://yapimaks.com/0-40-86-3000-trapez-gri-p13726
2026-07-29 05:21:13 [INFO] [13726] '0.40*86*3000 TRAPEZ (GRİ)' | 615.00 TL | SKU: RALL.7016.040.3000
2026-07-29 05:21:15 [INFO] [3/221] https://yapimaks.com/0-50-86-3000-trapez-gri-p7716
2026-07-29 05:21:15 [INFO] [7716] '0.50*86*3000 TRAPEZ (GRİ)' | 705.00 TL | SKU: RALL.7016.050.3000
2026-07-29 05:21:17 [INFO] [4/221] https://yapimaks.com/0-50-86-4500-trapez-bordo-p7696
2026-07-29 05:21:17 [INFO] [7696] '0.50*86*4500 TRAPEZ (BORDO)' | 1012.50 TL | SKU: RALL.3009.050.4500
2026-07-29 05:21:19 [INFO] [5/221] https://yapimaks.com/10-20-1-50mm-kutu-profil-p15777
2026-07-29 05:21:19 [INFO] [15777] '10*20*1.50MM KUTU PROFİL' | 210.00 TL | SKU: DEM.PRF.402
2026-07-29 05:21:21 [INFO] [6/221] https://yapimaks.com/20-40-1-4mm-kutu-profil-antipasli-p15776
2026-07-29 05:21:21 [INFO] [15776] '20*40*1.4MM KUTU PROFİL(ANTİPASLI)' | 350.00 TL | SKU: DEM.PRF.401
2026-07-29 05:21:23 [INFO] [7/221] https://yapimaks.com/agac-kesim-motoru-benzinli-rtm960-3hp-57-cc-45cm-pala-p15451
2026-07-29 05:21:24 [INFO] [15451] 'AĞAÇ KESİM MOTORU BENZİNLİ RTM960 3HP 57' | 6500.00 TL | SKU: RTRMAX.RTM960
2026-07-29 05:21:26 [INFO] [8/221] https://yapimaks.com/aku-takviye-masasi-kirmizi-p3011
2026-07-29 05:21:26 [INFO] [3011] 'AKÜ TAKVİYE MAŞASI KIRMIZI' | 30.00 TL | SKU: ELEKTRİK.005
2026-07-29 05:21:28 [INFO] [9/221] https://yapimaks.com/aku-takviye-masasi-siyah-p3012
2026-07-29 05:21:28 [INFO] [3012] 'AKÜ TAKVİYE MAŞASI SİYAH' | 30.00 TL | SKU: ELEKTRİK.006
2026-07-29 05:21:30 [INFO] [10/221] https://yapimaks.com/anahtar-siva-ustu-nemliyer-ip44-p3563
2026-07-29 05:21:31 [INFO] [3563] 'ANAHTAR SIVA ÜSTÜ NEMLİYER IP44' | 55.00 TL | SKU: FAR.27000066
2026-07-29 05:21:33 [INFO] [11/221] https://yapimaks.com/arduazli-bitumex-3-5mm-tango-tp-400-kirmizi-10-p7782
2026-07-29 05:21:33 [INFO] [7782] 'ARDUAZLI  BİTUMEX 3.5mm TANGO TP-400  KI' | 1350.00 TL | SKU: RAVAGO.011
2026-07-29 05:21:35 [INFO] [12/221] https://yapimaks.com/arduazli-poliser-300-par-expo-gri-plt-28ad-p13646
2026-07-29 05:21:35 [INFO] [13646] 'ARDUAZLI POLİSER 300-PAR EXPO GRİ (PLT-2' | 1700.00 TL | SKU: YALTEKS.200020.50
2026-07-29 05:21:37 [INFO] [13/221] https://yapimaks.com/arduazli-poliser-300-par-expo-kirmizi-28-ad-p10087
2026-07-29 05:21:37 [INFO] [10087] 'ARDUAZLI POLİSER 300-PAR EXPO KIRMIZI (2' | 1600.00 TL | SKU: YALTEKS.200020.48
2026-07-29 05:21:39 [INFO] [14/221] https://yapimaks.com/arduazli-poliser-400-par-expo-kirmizi-plt-23ad-p10092
2026-07-29 05:21:40 [INFO] [10092] 'ARDUAZLI POLİSER 400-PAR EXPO KIRMIZI (P' | 1900.00 TL | SKU: YALTEKS.200020.52
2026-07-29 05:21:42 [INFO] [15/221] https://yapimaks.com/arduazli-uks-winroof-wp40g-10c-gri-10m2-1-plt-30-p11873
2026-07-29 05:21:42 [INFO] [11873] 'ARDUAZLI UKS WİNROOF WP40G -10C GRİ (10M' | 1300.00 TL | SKU: WİNROOF.UKS105
2026-07-29 05:21:44 [INFO] [16/221] https://yapimaks.com/asma-kilit-gri-20mm-nobel-p6665
2026-07-29 05:21:44 [INFO] [6665] 'ASMA KİLİT GRİ 20mm - NOBEL' | 25.00 TL | SKU: NOBEL.39042902220
2026-07-29 05:21:46 [INFO] [17/221] https://yapimaks.com/asma-kilit-kayar-milli-dokum-70-mm-ymk-1270r-p12669
2026-07-29 05:21:46 [INFO] [12669] 'ASMA KİLİT KAYAR MİLLİ DÖKÜM 70 MM - YMK' | 200.00 TL | SKU: YUMA.YMK-1270R
2026-07-29 05:21:48 [INFO] [18/221] https://yapimaks.com/ayak-delta-10-cm-matkrom-bilezikli-p6373
2026-07-29 05:21:48 [INFO] [6373] 'AYAK DELTA 10 CM MATKROM BİLEZİKLİ' | 36.00 TL | SKU: NOBEL.211710
2026-07-29 05:21:50 [INFO] [19/221] https://yapimaks.com/banyo-sofbeni-minisan-p1102
2026-07-29 05:21:51 [INFO] [1102] 'BANYO ŞOFBENİ  MİNİSAN' | 1650.00 TL | SKU: MİNİSAN.8680998012395
2026-07-29 05:21:53 [INFO] [20/221] https://yapimaks.com/betofast-6-3-60-p12544
2026-07-29 05:21:53 [INFO] [12544] 'BETOFAST 6.3*60' | 2.75 TL | SKU: STD.YHB4833
2026-07-29 05:21:55 [INFO] [21/221] https://yapimaks.com/boru-anahtari-mansonlu-1-5-sait-demirci-p8358
2026-07-29 05:21:55 [INFO] [8358] 'BORU ANAHTARI MANŞONLU 1.5" SAİT DEMİRCİ' | 1510.00 TL | SKU: SD.BA002
2026-07-29 05:21:57 [INFO] [22/221] https://yapimaks.com/boru-anahtari-mansonlu-1-sait-demirci-p8359
2026-07-29 05:21:57 [INFO] [8359] 'BORU ANAHTARI MANŞONLU 1" SAİT DEMİRCİ' | 1160.00 TL | SKU: SD.BA001
2026-07-29 05:21:59 [INFO] [23/221] https://yapimaks.com/cali-fircasi-mega-plastik-50-cm-p2575
2026-07-29 05:22:00 [INFO] [2575] 'ÇALI FIRÇASI MEGA PLASTİK-50 CM' | 150.00 TL | SKU: DOĞUŞ.21.062
2026-07-29 05:22:02 [INFO] [24/221] https://yapimaks.com/cek-valf-1-dik-p5136
2026-07-29 05:22:02 [INFO] [5136] 'ÇEK VALF 1" DİK' | 325.00 TL | SKU: KARPA.112
2026-07-29 05:22:04 [INFO] [25/221] https://yapimaks.com/cekic-200-gr-desa-p8377
2026-07-29 05:22:04 [INFO] [8377] 'ÇEKİÇ 200 GR DESA' | 179.00 TL | SKU: SD.DÇ0200
2026-07-29 05:22:06 [INFO] [26/221] https://yapimaks.com/cekic-sapi-300-gr-p3067
2026-07-29 05:22:06 [INFO] [3067] 'ÇEKİÇ SAPI 300 GR' | 50.00 TL | SKU: ELTOS.ECS300
2026-07-29 05:22:08 [INFO] [27/221] https://yapimaks.com/cerceve-ikili-beyaz-karre-viko-p15192
2026-07-29 05:22:09 [INFO] [15192] 'ÇERÇEVE İKİLİ BEYAZ KARRE VİKO' | 59.00 TL | SKU: VİKO.90960201
2026-07-29 05:22:11 [INFO] [28/221] https://yapimaks.com/ciroz-makinasi-kollu-p8368
2026-07-29 05:22:11 [INFO] [8368] 'ÇİROZ MAKİNASI KOLLU' | 1150.00 TL | SKU: SD.ÇMK0012
2026-07-29 05:22:13 [INFO] [29/221] https://yapimaks.com/cirt-zimpara-125-mm-120-kum-delikli-p6236
2026-07-29 05:22:13 [INFO] [6236] 'CIRT ZIMPARA 125 MM 120 KUM DELİKLİ' | 15.00 TL | SKU: NIKON.33439
2026-07-29 05:22:15 [INFO] [30/221] https://yapimaks.com/dekupaj-testere-t111c-ahsap-100-mm-2-li-stw01896-p13581
2026-07-29 05:22:15 [INFO] [13581] 'DEKUPAJ TESTERE T111C AHŞAP 100 MM 2 Lİ ' | 32.50 TL | SKU: WONDER.STW01896
2026-07-29 05:22:17 [INFO] [31/221] https://yapimaks.com/denizlik-uzatma-profili-7-5-cm-3-m-1-ad-p9651
2026-07-29 05:22:18 [INFO] [9651] 'DENİZLİK UZATMA PROFİLİ 7,5 CM 3 M 1 AD' | 135.00 TL | SKU: TESAY.DENPVC75
2026-07-29 05:22:20 [INFO] [32/221] https://yapimaks.com/derz-dolgu-siyah-silikonlu-qf-333-20-kg-p1978
2026-07-29 05:22:20 [INFO] [1978] 'DERZ DOLGU SİYAH (SİLİKONLU) QF 333 20 K' | 750.00 TL | SKU: DARKSS.YK.QF333S
2026-07-29 05:22:22 [INFO] [33/221] https://yapimaks.com/dis-cephe-boyasi-agustosil-rg3-15-lt-p540
2026-07-29 05:22:22 [INFO] [540] 'DIŞ CEPHE BOYASI AGUSTOSİL RG3 (15-LT)' | 4000.00 TL | SKU: AGUSTOSİL.002
2026-07-29 05:22:24 [INFO] [34/221] https://yapimaks.com/dis-cephe-boyasi-agustosil-rg3-7-5-lt-p542
2026-07-29 05:22:24 [INFO] [542] 'DIŞ CEPHE BOYASI AGUSTOSİL RG3 (7.5-LT)' | 2250.00 TL | SKU: AGUSTOSİL.004
2026-07-29 05:22:26 [INFO] [35/221] https://yapimaks.com/dis-cephe-boyasi-tempo-sil-baz2-3-kg-p9616
2026-07-29 05:22:27 [INFO] [9616] 'DIŞ CEPHE BOYASI TEMPO SİL. BAZ2 3 KG' | 650.00 TL | SKU: TEMPO.0027
2026-07-29 05:22:29 [INFO] [36/221] https://yapimaks.com/dus-kanali-alfor-33-cm-hareketli-saten-duz-yandan-p15455
2026-07-29 05:22:29 [INFO] [15455] 'DUŞ KANALI ALFOR 33 CM HAREKETLİ SATEN D' | 450.00 TL | SKU: ALFOR.33DS
2026-07-29 05:22:31 [INFO] [37/221] https://yapimaks.com/dus-takimi-irem-p12534
2026-07-29 05:22:31 [INFO] [12534] 'DUŞ TAKIMI İREM' | 545.00 TL | SKU: GMS.ST015
2026-07-29 05:22:33 [INFO] [38/221] https://yapimaks.com/duvar-paneli-pu-antrasit-ap009-6-12-2cmx2-9-m-0-35m2-p11844
2026-07-29 05:22:33 [INFO] [11844] 'DUVAR PANELİ PU ANTRASİT AP009-6 12.2CMx' | 325.00 TL | SKU: DARKSS.AP009-6
2026-07-29 05:22:35 [INFO] [39/221] https://yapimaks.com/duvar-paneli-pu-antrasit-dl210kb-d405-107-ap040-21cmx2-90-m-0-60m2-p11845
2026-07-29 05:22:36 [INFO] [11845] 'DUVAR PANELİ PU ANTRASİT DL210KB(D405-10' | 600.00 TL | SKU: DARKSS.DL210KB00000001
2026-07-29 05:22:38 [INFO] [40/221] https://yapimaks.com/duvar-paneli-pu-ceviz-ap009-70-12-2cmx2-90-m-0-35m2-p12817
2026-07-29 05:22:38 [INFO] [12817] 'DUVAR PANELİ PU CEVİZ AP009-70 12.2CMx2.' | 325.00 TL | SKU: DARKSS.AP009-70
2026-07-29 05:22:40 [INFO] [41/221] https://yapimaks.com/duvar-paneli-pu-mese-ap-041-dl210kb-21cmx2-90-m-0-60m2-p6074
2026-07-29 05:22:40 [INFO] [6074] 'DUVAR PANELİ PU MEŞE AP-041 DL210KB 21CM' | 600.00 TL | SKU: DARKSS.DL210KB
2026-07-29 05:22:42 [INFO] [42/221] https://yapimaks.com/duvar-paneli-pu-yeni-mese-ap009-70-12-2cmx2-90-m-0-35m2-p13645
2026-07-29 05:22:42 [INFO] [13645] 'DUVAR PANELİ PU YENİ MEŞE AP009-70 12.2C' | 325.00 TL | SKU: DARKSS.AP009-71
2026-07-29 05:22:44 [INFO] [43/221] https://yapimaks.com/duvar-zimpara-makinasi-ds750z-wonder-p13197
2026-07-29 05:22:45 [INFO] [13197] 'DUVAR ZIMPARA MAKİNASI DS750Z WONDER' | 7250.00 TL | SKU: WONDER.DS750Z
2026-07-29 05:22:47 [INFO] [44/221] https://yapimaks.com/ege-ve-testere-tutucu-set-3-lu-vinko-29351-p15317
2026-07-29 05:22:47 [INFO] [15317] "EĞE VE TESTERE TUTUCU SET, 3'LÜ, VİNKO 2" | 100.00 TL | SKU: VINKO.VI29351
2026-07-29 05:22:49 [INFO] [45/221] https://yapimaks.com/el-dusu-irem-dt017-p11893
2026-07-29 05:22:49 [INFO] [11893] 'EL DUŞU İREM DT017' | 295.00 TL | SKU: GMS.DT017
2026-07-29 05:22:51 [INFO] [46/221] https://yapimaks.com/eldiven-kirmizi-siyah-nitril-no-10-max-safety-p6280
2026-07-29 05:22:51 [INFO] [6280] 'ELDİVEN KIRMIZI SİYAH NİTRİL NO:10 MAX S' | 45.00 TL | SKU: MAXSAFETY.NIT-101.10
2026-07-29 05:22:53 [INFO] [47/221] https://yapimaks.com/eldiven-nitril-pudrasiz-muayene-mavi-l-100-adet-p13375
2026-07-29 05:22:54 [INFO] [13375] 'ELDİVEN NİTRİL PUDRASIZ MUAYENE MAVİ (L)' | 375.00 TL | SKU: HASPET.İ040124.2
2026-07-29 05:22:56 [INFO] [48/221] https://yapimaks.com/eldiven-nitril-pudrasiz-muayene-mavi-m-100-adet-p13374
2026-07-29 05:22:56 [INFO] [13374] 'ELDİVEN NİTRİL PUDRASIZ MUAYENE MAVİ (M)' | 375.00 TL | SKU: HASPET.İ040124.1
2026-07-29 05:22:58 [INFO] [49/221] https://yapimaks.com/elmas-testere-soketli-115-mm-p7891
2026-07-29 05:22:58 [INFO] [7891] 'ELMAS TESTERE SOKETLİ 115 MM' | 95.00 TL | SKU: WONDER.STW01840
2026-07-29 05:23:00 [INFO] [50/221] https://yapimaks.com/elmas-testere-soketli-230-mm-p12349
2026-07-29 05:23:00 [INFO] [12349] 'ELMAS TESTERE SOKETLİ 230 MM' | 295.00 TL | SKU: WONDER.STW01842
2026-07-29 05:23:02 [INFO] [51/221] https://yapimaks.com/eps-10-2-cm-adet-beyaz-0-5m2-1-adet-p3186
2026-07-29 05:23:03 [INFO] [3186] 'EPS-10 2 CM ADET BEYAZ 0,5M2 1 ADET' | 30.00 TL | SKU: EPS.10.0005
2026-07-29 05:23:05 [INFO] [52/221] https://yapimaks.com/eps-10-3-cm-adet-beyaz-0-5m2-1-ad-p3187
2026-07-29 05:23:05 [INFO] [3187] 'EPS-10 3 CM ADET BEYAZ 0,5M2 1 AD' | 36.00 TL | SKU: EPS.10.0006
2026-07-29 05:23:07 [INFO] [53/221] https://yapimaks.com/eps-30-2cm-adet-beyaz-p3204
2026-07-29 05:23:07 [INFO] [3204] 'EPS-30 2CM ADET BEYAZ' | 30.00 TL | SKU: EPS.12.0011
2026-07-29 05:23:09 [INFO] [54/221] https://yapimaks.com/eps-30-3cm-adet-beyaz-p3205
2026-07-29 05:23:09 [INFO] [3205] 'EPS-30 3CM ADET BEYAZ' | 45.00 TL | SKU: EPS.12.0012
2026-07-29 05:23:11 [INFO] [55/221] https://yapimaks.com/eps-30-4cm-50-100-12ad-6m2-p3202
2026-07-29 05:23:12 [INFO] [3202] 'EPS-30 4CM 50*100(12AD-6M2)' | 560.00 TL | SKU: EPS.12.0009
2026-07-29 05:23:14 [INFO] [56/221] https://yapimaks.com/eps-30-5cm-adet-beyaz-p3207
2026-07-29 05:23:14 [INFO] [3207] 'EPS-30 5CM ADET BEYAZ' | 66.00 TL | SKU: EPS.12.0014
2026-07-29 05:23:16 [INFO] [57/221] https://yapimaks.com/eps-30-karbonlu-3cm-50-100-darkss-16ad-8m-p3197
2026-07-29 05:23:16 [INFO] [3197] 'EPS-30 KARBONLU 3CM 50*100-DARKSS (16AD ' | 585.00 TL | SKU: EPS.12.0002
2026-07-29 05:23:18 [INFO] [58/221] https://yapimaks.com/eps-50-2-cm-adet-karbonlu-p3216
2026-07-29 05:23:18 [INFO] [3216] 'EPS-50 2 CM ADET KARBONLU' | 42.00 TL | SKU: EPS.14.0018
2026-07-29 05:23:20 [INFO] [59/221] https://yapimaks.com/eps-50-4-cm-adet-karbonlu-p3218
2026-07-29 05:23:21 [INFO] [3218] 'EPS-50 4 CM ADET KARBONLU' | 69.00 TL | SKU: EPS.14.0020
2026-07-29 05:23:23 [INFO] [60/221] https://yapimaks.com/etanj-led-dizgi-36w-6500k-120-cm-kitli-ack-p14969
2026-07-29 05:23:23 [INFO] [14969] 'ETANJ LED DİZGİ 36W 6500K 120 CM KİTLİ A' | 1360.00 TL | SKU: ACK.AT03.31230
2026-07-29 05:23:25 [INFO] [61/221] https://yapimaks.com/eviye-410180-50x86-k6-p-celik-0-6mm-sag-p7441
2026-07-29 05:23:25 [INFO] [7441] 'EVİYE 410180 50X86 K6 P.ÇELİK 0,6MM SAĞ' | 3500.00 TL | SKU: PERA.00410180.R
2026-07-29 05:23:27 [INFO] [62/221] https://yapimaks.com/eviye-420127-k-40x50-p-celik-0-6mm-sol-bat-delikli-p7459
2026-07-29 05:23:27 [INFO] [7459] 'EVİYE 420127 K 40X50 P.ÇELİK 0,6MM SOL B' | 1850.00 TL | SKU: PERA.00420127L
2026-07-29 05:23:29 [INFO] [63/221] https://yapimaks.com/filli-yagli-parlak-sedef-0-75-lt-p3907
2026-07-29 05:23:30 [INFO] [3907] 'FİLLİ YAĞLI PARLAK SEDEF 0.75 LT' | 450.00 TL | SKU: FİLLİ.188
2026-07-29 05:23:32 [INFO] [64/221] https://yapimaks.com/filli-yagli-parlak-sedef-2-5lt-p3895
2026-07-29 05:23:32 [INFO] [3895] 'FİLLİ YAĞLI PARLAK SEDEF 2.5LT' | 950.00 TL | SKU: FİLLİ.155
2026-07-29 05:23:34 [INFO] [65/221] https://yapimaks.com/flex-baglanti-50cm-1-2-3-8-p4318
2026-07-29 05:23:34 [INFO] [4318] 'FLEX BAĞLANTI 50CM 1/2- 3/8' | 150.00 TL | SKU: GMS.FB813
2026-07-29 05:23:36 [INFO] [66/221] https://yapimaks.com/flex-baglanti-50cm-3-8-3-8-p6847
2026-07-29 05:23:36 [INFO] [6847] 'FLEX BAĞLANTI 50CM 3/8- 3/8' | 105.00 TL | SKU: NOBEL.75093/83/850
2026-07-29 05:23:38 [INFO] [67/221] https://yapimaks.com/gaz-kartusu-siboplu-orcamp-227-gr-p11214
2026-07-29 05:23:38 [INFO] [11214] 'GAZ KARTUŞU SİBOPLU ORCAMP 227 GR' | 125.00 TL | SKU: ORCAMP.KTS227
2026-07-29 05:23:40 [INFO] [68/221] https://yapimaks.com/hava-kompresoru-mini-12-v-90w-rodex-p14951
2026-07-29 05:23:41 [INFO] [14951] 'HAVA KOMPRESÖRÜ MİNİ 12 V 90W RODEX' | 1050.00 TL | SKU: RODEX.RDX7301
2026-07-29 05:23:43 [INFO] [69/221] https://yapimaks.com/havya-kalemi-100-w-fastbond-27130-p12873
2026-07-29 05:23:43 [INFO] [12873] 'HAVYA KALEMİ 100 W FASTBOND 27130' | 399.00 TL | SKU: FASTBOND.FA27130
2026-07-29 05:23:45 [INFO] [70/221] https://yapimaks.com/hesap-makinesi-avec-h185-p13244
2026-07-29 05:23:45 [INFO] [13244] 'HESAP MAKİNESİ AVEC H185' | 310.00 TL | SKU: AVEC.AV-H185
2026-07-29 05:23:47 [INFO] [71/221] https://yapimaks.com/hilti-civi-gx-c-32-mx-gc-42-gaz-1200ad-p4506
2026-07-29 05:23:47 [INFO] [4506] 'HİLTİ ÇİVİ GX-C 32 MX+GC 42 GAZ (1200AD)' | 3000.00 TL | SKU: HİLTİ.2045542
2026-07-29 05:23:49 [INFO] [72/221] https://yapimaks.com/hofmann-hgn-c-26-mm-gri-civi-gaz-tupu-p12915
2026-07-29 05:23:50 [INFO] [12915] 'HOFMANN HGN-C 26 MM GRİ ÇİVİ + GAZ TÜPÜ' | 1050.00 TL | SKU: HOFMANN.HGNC26
2026-07-29 05:23:52 [INFO] [73/221] https://yapimaks.com/hortum-kelepcesi-13-mm-25x42-p5356
2026-07-29 05:23:52 [INFO] [5356] 'HORTUM KELEPÇESİ 13 MM 25X42' | 18.00 TL | SKU: P02009
2026-07-29 05:23:54 [INFO] [74/221] https://yapimaks.com/hortum-kelepcesi-8-5-mm-13x19-p6417
2026-07-29 05:23:54 [INFO] [6417] 'HORTUM KELEPÇESİ 8,5 MM 13X19' | 6.00 TL | SKU: P02003
2026-07-29 05:23:56 [INFO] [75/221] https://yapimaks.com/hortum-kelepcesi-8-5-mm-16x23-p6418
2026-07-29 05:23:56 [INFO] [6418] 'HORTUM KELEPÇESİ 8,5 MM 16X23' | 8.00 TL | SKU: P02004
2026-07-29 05:23:58 [INFO] [76/221] https://yapimaks.com/ic-cephe-boyasi-rg1-7-5-lt-momentosilan-p10780
2026-07-29 05:23:59 [INFO] [10780] 'İÇ CEPHE BOYASI RG1 (7.5 LT) MOMENTOSİLA' | 2750.00 TL | SKU: MOMENTOSİLAN.036
2026-07-29 05:24:01 [INFO] [77/221] https://yapimaks.com/ic-cephe-boyasi-rg3-2-5-lt-momentosilan-p6099
2026-07-29 05:24:01 [INFO] [6099] 'İÇ CEPHE BOYASI RG3 2.5 LT MOMENTOSİLAN' | 1000.00 TL | SKU: MOMENTOSİLAN.006
2026-07-29 05:24:03 [INFO] [78/221] https://yapimaks.com/insaat-civisi-10-luk-19x45-kalin-p4659
2026-07-29 05:24:03 [INFO] [4659] 'İNŞAAT ÇİVİSİ 10 LUK 19X45 KALIN' | 50.00 TL | SKU: İNŞ.ÇİV.0009
2026-07-29 05:24:05 [INFO] [79/221] https://yapimaks.com/insaat-civisi-7-lik-16x30-p4654
2026-07-29 05:24:05 [INFO] [4654] 'İNŞAAT ÇİVİSİ 7 LİK 16X30' | 50.00 TL | SKU: İNŞ.ÇİV.0004
2026-07-29 05:24:07 [INFO] [80/221] https://yapimaks.com/insaat-demiri-nervullu-08-mm-12mt-p4671
2026-07-29 05:24:08 [INFO] [4671] 'İNŞAAT DEMİRİ NERVÜLLÜ 08-MM (12MT)' | 1.00 TL | SKU: İNŞ.DEMİRİ.001
2026-07-29 05:24:10 [INFO] [81/221] https://yapimaks.com/insaat-demiri-nervullu-10-mm-12mt-p4672
2026-07-29 05:24:10 [INFO] [4672] 'İNŞAAT DEMİRİ NERVÜLLÜ 10-MM (12MT)' | 1.00 TL | SKU: İNŞ.DEMİRİ.002
2026-07-29 05:24:12 [INFO] [82/221] https://yapimaks.com/insaat-demiri-nervullu-14-mm-12mt-p4674
2026-07-29 05:24:12 [INFO] [4674] 'İNŞAAT DEMİRİ NERVÜLLÜ 14-MM(12MT)' | 1.00 TL | SKU: İNŞ.DEMİRİ.004
2026-07-29 05:24:14 [INFO] [83/221] https://yapimaks.com/insaat-demiri-nervullu-16-mm-12mt-p4675
2026-07-29 05:24:14 [INFO] [4675] 'İNŞAAT DEMİRİ NERVÜLLÜ 16-MM (12MT)' | 1.00 TL | SKU: İNŞ.DEMİRİ.005
2026-07-29 05:24:16 [INFO] [84/221] https://yapimaks.com/insaat-demiri-nervullu-18-mm-12mt-p4676
2026-07-29 05:24:17 [INFO] [4676] 'İNŞAAT DEMİRİ NERVÜLLÜ 18-MM (12MT)' | 1.00 TL | SKU: İNŞ.DEMİRİ.006
2026-07-29 05:24:19 [INFO] [85/221] https://yapimaks.com/insaat-demiri-nervullu-20-mm-12mt-p4677
2026-07-29 05:24:19 [INFO] [4677] 'İNŞAAT DEMİRİ NERVÜLLÜ 20-MM (12MT)' | 1.00 TL | SKU: İNŞ.DEMİRİ.007
2026-07-29 05:24:21 [INFO] [86/221] https://yapimaks.com/insaat-demiri-nervullu-22-mm-12mt-p4678
2026-07-29 05:24:21 [INFO] [4678] 'İNŞAAT DEMİRİ NERVÜLLÜ 22-MM (12MT)' | 1.00 TL | SKU: İNŞ.DEMİRİ.008
2026-07-29 05:24:23 [INFO] [87/221] https://yapimaks.com/insaat-demiri-nervullu-kalin-12-14-16-20-p4683
2026-07-29 05:24:23 [INFO] [4683] 'İNŞAAT DEMİRİ NERVÜLLÜ KALIN (12/14/16/2' |  TL | SKU: İNŞ.DEMİRİ.020
2026-07-29 05:24:25 [INFO] [88/221] https://yapimaks.com/is-ayakkabisi-brave-s1-air-max-bagcikli-no-45-p15383
2026-07-29 05:24:26 [INFO] [15383] 'İŞ AYAKKABISI BRAVE S1 AIR MAX BAĞCIKLI ' | 1250.00 TL | SKU: STD.977021800.45
2026-07-29 05:24:28 [INFO] [89/221] https://yapimaks.com/kablo-bagi-cirt-kelepce-200x3-6-beyaz-100ad-p8173
2026-07-29 05:24:28 [INFO] [8173] 'KABLO BAĞI CIRT KELEPÇE 200X3.6 BEYAZ 10' | 50.00 TL | SKU: WONDER.STW01711
2026-07-29 05:24:30 [INFO] [90/221] https://yapimaks.com/kablo-bagi-cirt-kelepce-250x3-6-siyah-100ad-p11506
2026-07-29 05:24:30 [INFO] [11506] 'KABLO BAĞI CIRT KELEPÇE 250X3.6 SİYAH 10' | 65.00 TL | SKU: WONDER.STW01622
2026-07-29 05:24:32 [INFO] [91/221] https://yapimaks.com/kablo-bagi-cirt-kelepce-380x4-8-siyah-100ad-p615
2026-07-29 05:24:32 [INFO] [615] 'KABLO BAĞI CIRT KELEPÇE 380X4.8 SİYAH 10' | 125.00 TL | SKU: WONDER.STW01636
2026-07-29 05:24:34 [INFO] [92/221] https://yapimaks.com/kale-164gnc-90-mm-nikel-p15026
2026-07-29 05:24:35 [INFO] [15026] 'KALE 164GNC 90 MM NİKEL' | 690.00 TL | SKU: KALE.164GNC00088
2026-07-29 05:24:37 [INFO] [93/221] https://yapimaks.com/kale-164gnc-90-mm-sari-p15025
2026-07-29 05:24:37 [INFO] [15025] 'KALE 164GNC 90 MM SARI' | 690.00 TL | SKU: KALE.164GNC00090
2026-07-29 05:24:39 [INFO] [94/221] https://yapimaks.com/kale-yale-dis-kapi-kilidi-silindir-45-mm-nikel-2000-p15665
2026-07-29 05:24:39 [INFO] [15665] 'KALE YALE DIŞ KAPI KİLİDİ + SİLİNDİR 45 ' | 1175.00 TL | SKU: KALE.152R4500267
2026-07-29 05:24:41 [INFO] [95/221] https://yapimaks.com/kapi-kilidi-oda-sessiz-50mm-18-mm-oval-saten-p378
2026-07-29 05:24:41 [INFO] [378] 'KAPI KİLİDİ ODA SESSİZ 50MM 18 MM OVAL S' | 180.00 TL | SKU: AGT.0001
2026-07-29 05:24:43 [INFO] [96/221] https://yapimaks.com/kapi-kilidi-wc-sessiz-50mm-18-mm-oval-saten-p379
2026-07-29 05:24:44 [INFO] [379] 'KAPI KİLİDİ WC SESSİZ 50MM 18 MM OVAL SA' | 180.00 TL | SKU: AGT.0002
2026-07-29 05:24:46 [INFO] [97/221] https://yapimaks.com/kapi-kolu-avanti-d-rozetli-wc-nikel-inox-p11720
2026-07-29 05:24:46 [INFO] [11720] 'KAPI KOLU AVANTİ D.ROZETLİ WC NİKEL İNOX' | 425.00 TL | SKU: NOBEL.11320893
2026-07-29 05:24:48 [INFO] [98/221] https://yapimaks.com/kapi-kolu-planet-aynali-yale-nikel-inox-tek-p10917
2026-07-29 05:24:48 [INFO] [10917] 'KAPI KOLU PLANET AYNALI YALE NİKEL İNOX ' | 130.00 TL | SKU: NOBEL.KK1960194
2026-07-29 05:24:50 [INFO] [99/221] https://yapimaks.com/karadeniz-balta-buyuk-sapli-dsb-0406-sd-p8357
2026-07-29 05:24:50 [INFO] [8357] 'KARADENİZ BALTA BÜYÜK SAPLI DSB 0406 SD' | 1000.00 TL | SKU: SD.DSB0406
2026-07-29 05:24:52 [INFO] [100/221] https://yapimaks.com/kaynak-makinasi-mikro-200-std-p13683
2026-07-29 05:24:52 [INFO] [13683] 'KAYNAK MAKİNASI MİKRO 200 STD' | 10900.00 TL | SKU: STD.975879800
2026-07-29 05:24:54 [INFO] [101/221] https://yapimaks.com/kazma-baltali-mk-2500-sait-demirci-p8334
2026-07-29 05:24:55 [INFO] [8334] 'KAZMA BALTALI MK 2500 SAİT DEMİRCİ' | 675.00 TL | SKU: SD.MK2500
2026-07-29 05:24:57 [INFO] [102/221] https://yapimaks.com/keski-genis-18x500x25-mm-wonder-sds-max-p14906
2026-07-29 05:24:57 [INFO] [14906] 'KESKİ GENİŞ 18X500X25 MM WONDER SDS MAX' | 450.00 TL | SKU: WONDER.STW013782-7
2026-07-29 05:24:59 [INFO] [103/221] https://yapimaks.com/kimyasal-dubel-345-ml-ems-f1311-p11950
2026-07-29 05:24:59 [INFO] [11950] 'KİMYASAL DÜBEL 345 ML EMS F1311' | 190.00 TL | SKU: EMS.F03500
2026-07-29 05:25:01 [INFO] [104/221] https://yapimaks.com/kirici-delici-rtm226-800w-26-mm-cantali-rtrmax-p7985
2026-07-29 05:25:01 [INFO] [7985] 'KIRICI DELİCİ RTM226 800W 26 MM ÇANTALI ' | 3900.00 TL | SKU: RTRMAX.RTM226
2026-07-29 05:25:03 [INFO] [105/221] https://yapimaks.com/klozet-set-tyana-duvara-tam-dayali-kanalsiz-kombi-rezervuar-kapak-ic-takim-beyaz-p15402
2026-07-29 05:25:04 [INFO] [15402] 'KLOZET SET TYANA DUVARA TAM DAYALI KANAL' | 9750.00 TL | SKU: EGEVİT.72500
2026-07-29 05:25:06 [INFO] [106/221] https://yapimaks.com/koli-bandi-kahve-45x100-metre-p9896
2026-07-29 05:25:06 [INFO] [9896] 'KOLİ BANDI KAHVE 45X100 METRE' | 85.00 TL | SKU: ASTEL.A07136
2026-07-29 05:25:08 [INFO] [107/221] https://yapimaks.com/koli-kalemi-kirmizi-yuma-790-k-p15151
2026-07-29 05:25:08 [INFO] [15151] 'KOLİ KALEMİ KIRMIZI YUMA 790-K' | 22.50 TL | SKU: YUMA.YM-790-K
2026-07-29 05:25:10 [INFO] [108/221] https://yapimaks.com/koltuk-plastik-kardelen-kirmizi-yucel-4-adet-p15792
2026-07-29 05:25:10 [INFO] [15792] 'KOLTUK PLASTİK KARDELEN KIRMIZI YÜCEL 4 ' | 2950.00 TL | SKU: YÜCEL.071.4LÜ
2026-07-29 05:25:12 [INFO] [109/221] https://yapimaks.com/koni-duba-50-cm-kirilmaz-tek-reflektifli-ms1-5052-p15032
2026-07-29 05:25:13 [INFO] [15032] 'KONİ DUBA 50 CM KIRILMAZ TEK REFLEKTİFLİ' | 210.00 TL | SKU: MAXSAFETY.MS1-5052
2026-07-29 05:25:15 [INFO] [110/221] https://yapimaks.com/kontrol-kalemi-190-mm-yildiz-uc-aslan-p15644
2026-07-29 05:25:15 [INFO] [15644] 'KONTROL KALEMİ 190 MM YILDIZ UÇ ASLAN' | 40.00 TL | SKU: ASLAN.AS7205
2026-07-29 05:25:17 [INFO] [111/221] https://yapimaks.com/kose-citasi-fileli-pvc-beyaz-07x07-35x60grx250cm-p15007
2026-07-29 05:25:17 [INFO] [15007] 'KÖŞE ÇITASI FİLELİ PVC BEYAZ 07X07 (35X6' | 27.50 TL | SKU: DARKSS.FK.07.01
2026-07-29 05:25:19 [INFO] [112/221] https://yapimaks.com/kova-elastik-16-lt-p8435
2026-07-29 05:25:19 [INFO] [8435] 'KOVA ELASTİK 16 LT' | 405.00 TL | SKU: SD.SF333
2026-07-29 05:25:21 [INFO] [113/221] https://yapimaks.com/kuvet-kenar-profili-takim-30-30-250cm-p9662
2026-07-29 05:25:22 [INFO] [9662] 'KÜVET KENAR PROFİLİ TAKIM 30*30-250CM' | 200.00 TL | SKU: TESAY.KUKE30-TK
2026-07-29 05:25:24 [INFO] [114/221] https://yapimaks.com/lavabo-lissa-35-cm-koseli-beyaz-p2922
2026-07-29 05:25:24 [INFO] [2922] 'LAVABO LİSSA 35 CM KÖŞELİ BEYAZ' | 970.00 TL | SKU: EGEVİT.9135110
2026-07-29 05:25:26 [INFO] [115/221] https://yapimaks.com/likit-membran-1k-1099-uv-elastomerik-recine-esasli-hibrit-20kg-p15704
2026-07-29 05:25:26 [INFO] [15704] 'LİKİT MEMBRAN 1K-1099 UV ELASTOMERİK REÇ' | 3900.00 TL | SKU: DARKSS.1K-1099
2026-07-29 05:25:28 [INFO] [116/221] https://yapimaks.com/likit-membran-alfahibrit-beyaz-4-5-kg-p1633
2026-07-29 05:25:28 [INFO] [1633] 'LİKİT MEMBRAN ALFAHİBRİT BEYAZ 4,5 KG' | 3900.00 TL | SKU: BTM.0311
2026-07-29 05:25:30 [INFO] [117/221] https://yapimaks.com/lokma-takimi-bits-uclu-1-4-circirli-34-parca-bosch-p14725
2026-07-29 05:25:31 [INFO] [14725] 'LOKMA TAKIMI BİTS UÇLU 1/4" CIRCIRLI 34 ' | 2430.00 TL | SKU: BOSCH.BHHE1600A02BY1
2026-07-29 05:25:33 [INFO] [118/221] https://yapimaks.com/maket-bicagi-rak119-sari-pvc-genis-rtrmax-p7955
2026-07-29 05:25:33 [INFO] [7955] 'MAKET BIÇAĞI RAK119 SARI PVC GENİŞ RTRMA' | 50.00 TL | SKU: RTRMAX.RAK119
2026-07-29 05:25:35 [INFO] [119/221] https://yapimaks.com/mandal-tipi-25mm-2500ad-p7422
2026-07-29 05:25:35 [INFO] [7422] 'MANDAL TİPİ 25MM (2500AD)' | 1.10 TL | SKU: PASPAYI.02525
2026-07-29 05:25:37 [INFO] [120/221] https://yapimaks.com/masa-susu-misir-kiz-tablali-17x17-p2134
2026-07-29 05:25:37 [INFO] [2134] 'MASA SÜSÜ MISIR KIZ TABLALI 17X17' | 100.00 TL | SKU: DEKOR.MSR.001
2026-07-29 05:25:39 [INFO] [121/221] https://yapimaks.com/masa-susu-misir-kiz-tablali-25x25-p2133
2026-07-29 05:25:40 [INFO] [2133] 'MASA SÜSÜ MISIR KIZ TABLALI 25X25' | 150.00 TL | SKU: DEKOR.MSR.00
2026-07-29 05:25:42 [INFO] [122/221] https://yapimaks.com/masteremaco-n-600-20kg-p1381
2026-07-29 05:25:42 [INFO] [1381] 'MASTEREMACO N 600 20KG' | 750.00 TL | SKU: BASF.0120
2026-07-29 05:25:44 [INFO] [123/221] https://yapimaks.com/masterflow-928-grout-harci-25kg-p1337
2026-07-29 05:25:44 [INFO] [1337] 'MASTERFLOW 928 (GROUT HARCI) 25KG' | 700.00 TL | SKU: BASF.0033
2026-07-29 05:25:46 [INFO] [124/221] https://yapimaks.com/masterset-fzp-3000-30-kg-p1394
2026-07-29 05:25:46 [INFO] [1394] 'MASTERSET FZP 3000 30 KG' | 375.00 TL | SKU: BASF.0133
2026-07-29 05:25:48 [INFO] [125/221] https://yapimaks.com/mastertile-p-303-astar-303-5-kg-p1388
2026-07-29 05:25:48 [INFO] [1388] 'MASTERTILE P 303 (ASTAR 303) 5 KG' | 800.00 TL | SKU: BASF.0127
2026-07-29 05:25:50 [INFO] [126/221] https://yapimaks.com/mastertile-wp-667-set-a-b-20-5-kg-p1355
2026-07-29 05:25:51 [INFO] [1355] 'MASTERTİLE WP 667 SET A+B  20+5 KG' | 1500.00 TL | SKU: BASF.0059
2026-07-29 05:25:53 [INFO] [127/221] https://yapimaks.com/mastik-antrasit-500-gr-soudal-acryrub-p8954
2026-07-29 05:25:53 [INFO] [8954] 'MASTİK ANTRASİT 500 GR SOUDAL ACRYRUB' | 47.50 TL | SKU: SOUDAL.117567
2026-07-29 05:25:55 [INFO] [128/221] https://yapimaks.com/mastik-pu-280-ml-pu-45-kirmizi-p13163
2026-07-29 05:25:55 [INFO] [13163] 'MASTİK PU 280 ML PU-45 KIRMIZI' | 185.00 TL | SKU: SELENA.10051342
2026-07-29 05:25:57 [INFO] [129/221] https://yapimaks.com/mastik-pu-dayson-280ml-beyaz-p11438
2026-07-29 05:25:57 [INFO] [11438] 'MASTİK PU DAYSON-280ML(BEYAZ)' | 250.00 TL | SKU: DAYSON.D10002
2026-07-29 05:25:59 [INFO] [130/221] https://yapimaks.com/mastik-pu-dayson-280ml-gri-p12478
2026-07-29 05:26:00 [INFO] [12478] 'MASTİK PU DAYSON-280ML(GRİ)' | 250.00 TL | SKU: DAYSON.D10003
2026-07-29 05:26:02 [INFO] [131/221] https://yapimaks.com/mastik-pu-sosis-600-ml-kirmizi-p13031
2026-07-29 05:26:02 [INFO] [13031] 'MASTİK PU SOSİS 600 ML-KIRMIZI' | 270.00 TL | SKU: SELENA.10051108
2026-07-29 05:26:04 [INFO] [132/221] https://yapimaks.com/matkap-akulu-darbeli-rtx1816-18v-rtrmax-p8016
2026-07-29 05:26:04 [INFO] [8016] 'MATKAP AKÜLÜ DARBELİ RTX1816 18V RTRMAX' | 7000.00 TL | SKU: RTRMAX.RTX1816
2026-07-29 05:26:06 [INFO] [133/221] https://yapimaks.com/matkap-ucu-ahsap-10x400mm-troy-p13140
2026-07-29 05:26:06 [INFO] [13140] 'MATKAP UCU AHŞAP 10X400MM TROY' | 125.00 TL | SKU: TROY.25010
2026-07-29 05:26:08 [INFO] [134/221] https://yapimaks.com/membran-4mm-uks-bauflex-10-c-10m2-1-plt-30-p13570
2026-07-29 05:26:09 [INFO] [13570] 'MEMBRAN 4MM UKS BAUFLEX -10 C (10M2) 1 P' | 1450.00 TL | SKU: WİNROOF.UKS108
2026-07-29 05:26:11 [INFO] [135/221] https://yapimaks.com/merdiven-3x7-a-tip-surgulu-endustriyel-aluminyum-7307-p12580
2026-07-29 05:26:11 [INFO] [12580] 'MERDİVEN 3X7 A TİP SÜRGÜLÜ ENDÜSTRİYEL A' | 7420.00 TL | SKU: SARAYLI.7307
2026-07-29 05:26:13 [INFO] [136/221] https://yapimaks.com/merdiven-5-5-kod-1805-cift-tarafli-aluminyum-sarayli-p8210
2026-07-29 05:26:13 [INFO] [8210] 'MERDİVEN 5+5 KOD:1805 ÇİFT TARAFLI ALÜMİ' | 3560.00 TL | SKU: SARAYLI.1805
2026-07-29 05:26:15 [INFO] [137/221] https://yapimaks.com/metal-taslama-115x6-4x22-p5000
2026-07-29 05:26:15 [INFO] [5000] 'METAL TAŞLAMA 115x6.4x22' | 60.00 TL | SKU: KARBOSAN.910550
2026-07-29 05:26:17 [INFO] [138/221] https://yapimaks.com/metal-taslama-180-8-askaynak-p768
2026-07-29 05:26:18 [INFO] [768] 'METAL TAŞLAMA  180*8(ASKAYNAK)' | 125.00 TL | SKU: ASKAYNAK.005
2026-07-29 05:26:20 [INFO] [139/221] https://yapimaks.com/metre-ahsap-kirma-2m-x-16-mm-bmi9142-p1502
2026-07-29 05:26:20 [INFO] [1502] 'METRE AHŞAP KIRMA 2M x 16 mm BMI9142' | 265.00 TL | SKU: BMI.9142
2026-07-29 05:26:22 [INFO] [140/221] https://yapimaks.com/metre-rth12103-prof-5x25-mm-rtrmax-p7969
2026-07-29 05:26:22 [INFO] [7969] 'METRE RTH12103 PROF. 5X25 MM RTRMAX' | 200.00 TL | SKU: RTRMAX.RTH12103
2026-07-29 05:26:24 [INFO] [141/221] https://yapimaks.com/metre-rth12113-stoplu-5x25-mm-rtrmax-p354
2026-07-29 05:26:24 [INFO] [354] 'METRE RTH12113 STOPLU 5X25 MM RTRMAX' | 150.00 TL | SKU: RTRMAX.RTH12113
2026-07-29 05:26:26 [INFO] [142/221] https://yapimaks.com/metre-serit-5m-x-25mm-cift-yonlu-ayz-p15658
2026-07-29 05:26:27 [INFO] [15658] 'METRE ŞERİT 5M X 25MM ÇİFT YÖNLÜ AYZ' | 225.00 TL | SKU: AYZ.PR0525D
2026-07-29 05:26:29 [INFO] [143/221] https://yapimaks.com/metre-serit-arazi-tipi-sapli-fiberglas-50-m-izeltas-p12190
2026-07-29 05:26:29 [INFO] [12190] 'METRE ŞERİT ARAZİ TİPİ SAPLI FIBERGLAS 5' | 1500.00 TL | SKU: İZELTAŞ.05886.50.050
2026-07-29 05:26:31 [INFO] [144/221] https://yapimaks.com/metre-serit-big-stop-celik-8-mt-p12233
2026-07-29 05:26:31 [INFO] [12233] 'METRE ŞERİT BİG STOP ÇELİK 8 MT.' | 750.00 TL | SKU: BMI.4708
2026-07-29 05:26:33 [INFO] [145/221] https://yapimaks.com/metre-serit-sari-8x25-stanley-30-457-p12192
2026-07-29 05:26:33 [INFO] [12192] 'METRE ŞERİT SARI 8X25 STANLEY 30-457' | 470.00 TL | SKU: STANLEY.30457
2026-07-29 05:26:35 [INFO] [146/221] https://yapimaks.com/mil-mentese-18-lik-bilyali-p3510
2026-07-29 05:26:36 [INFO] [3510] 'MİL MENTEŞE 18 LİK BİLYALI' | 55.00 TL | SKU: FALO.18BM
2026-07-29 05:26:38 [INFO] [147/221] https://yapimaks.com/mudahale-kapagi-four-45x45-p13639
2026-07-29 05:26:38 [INFO] [13639] 'MÜDAHALE KAPAĞI FOUR 45x45' | 550.00 TL | SKU: FOUR.MDK4545
2026-07-29 05:26:40 [INFO] [148/221] https://yapimaks.com/muhafazali-keski-30-cm-sait-demirci-p8426
2026-07-29 05:26:40 [INFO] [8426] 'MUHAFAZALI KESKİ 30 CM SAİT DEMİRCİ' | 195.00 TL | SKU: SD.MK0300
2026-07-29 05:26:42 [INFO] [149/221] https://yapimaks.com/musluk-kahveci-agir-p11555
2026-07-29 05:26:42 [INFO] [11555] 'MUSLUK KAHVECİ AĞIR' | 1080.00 TL | SKU: GMS.MS279
2026-07-29 05:26:44 [INFO] [150/221] https://yapimaks.com/norm-tipi-25mm-1000-ad-p7425
2026-07-29 05:26:44 [INFO] [7425] 'NORM TİPİ 25MM (1000 AD)' | 1.25 TL | SKU: PASPAYI.03025
2026-07-29 05:26:46 [INFO] [151/221] https://yapimaks.com/panel-sivaustu-18w-6500k-yuvarlak-beyaz-215q-yvz-p11140
2026-07-29 05:26:47 [INFO] [11140] 'PANEL SIVAÜSTÜ 18W 6500K YUVARLAK BEYAZ ' | 350.00 TL | SKU: YVZ.2318.6500
2026-07-29 05:26:49 [INFO] [152/221] https://yapimaks.com/panjur-pvc-beyaz-28x28-airvent-p8183
2026-07-29 05:26:49 [INFO] [8183] 'PANJUR PVC BEYAZ 28X28 AİRVENT' | 185.00 TL | SKU: UBM.U02001
2026-07-29 05:26:51 [INFO] [153/221] https://yapimaks.com/perde-ve-kolon-20mm-2500ad-p7418
2026-07-29 05:26:51 [INFO] [7418] 'PERDE VE KOLON 20MM (2500AD)' | 1.00 TL | SKU: PASPAYI.01020
2026-07-29 05:26:53 [INFO] [154/221] https://yapimaks.com/plain-beyaz-10x30-2k-0-45m2-p2737
2026-07-29 05:26:53 [INFO] [2737] 'PLAİN BEYAZ 10X30 2K (0,45M2)' | 252.00 TL | SKU: EGESER.100x300BEY01.END
2026-07-29 05:26:55 [INFO] [155/221] https://yapimaks.com/planya-makinesi-rtm3970-800w-rtrmax-p7994
2026-07-29 05:26:56 [INFO] [7994] 'PLANYA MAKİNESİ RTM3970 800W RTRMAX' | 2900.00 TL | SKU: RTRMAX.RTM3970
2026-07-29 05:26:58 [INFO] [156/221] https://yapimaks.com/plastik-tokmak-pvc-sapli-no-50-desa-p8390
2026-07-29 05:26:58 [INFO] [8390] 'PLASTİK TOKMAK PVC SAPLI NO:50 DESA' | 255.00 TL | SKU: SD.DLT0050
2026-07-29 05:27:00 [INFO] [157/221] https://yapimaks.com/polikarbon-10-mm-h-profil-6-mt-seffaf-p11025
2026-07-29 05:27:00 [INFO] [11025] 'POLİKARBON 10 MM H PROFİL 6 MT ŞEFFAF' | 525.00 TL | SKU: POL.KRB.1521HP0004
2026-07-29 05:27:02 [INFO] [158/221] https://yapimaks.com/pprc-boru-kaynak-makinasi-1500-w-gm-0007-p13450
2026-07-29 05:27:02 [INFO] [13450] 'PPRC BORU KAYNAK MAKİNASI 1500 W GM-0007' | 3100.00 TL | SKU: GEDİKOĞLU.GM0007
2026-07-29 05:27:04 [INFO] [159/221] https://yapimaks.com/priz-uydu-f-konnektor-beyaz-karre-meridian-viko-cerceve-haric-p15196
2026-07-29 05:27:05 [INFO] [15196] 'PRİZ UYDU F KONNEKTÖR BEYAZ KARRE/MERIDI' | 190.00 TL | SKU: VİKO.90967009
2026-07-29 05:27:07 [INFO] [160/221] https://yapimaks.com/rapid-endustriyel-boya-turuncu-ral-2009-3-1-kg-p8263
2026-07-29 05:27:07 [INFO] [8263] 'RAPİD ENDÜSTRİYEL BOYA TURUNCU RAL 2009 ' | 750.00 TL | SKU: SARTAŞ.0039
2026-07-29 05:27:09 [INFO] [161/221] https://yapimaks.com/reflektif-bant-kirmizi-35-mmx1-5-mt-rtrmax-p7965
2026-07-29 05:27:09 [INFO] [7965] 'REFLEKTİF BANT KIRMIZI 35 MMx1.5 MT RTRM' | 75.00 TL | SKU: RTRMAX.RNU0601
2026-07-29 05:27:11 [INFO] [162/221] https://yapimaks.com/rezervuar-era-alttan-delikli-p2882
2026-07-29 05:27:11 [INFO] [2882] 'REZERVUAR ERA ALTTAN DELİKLİ' | 1400.00 TL | SKU: EGEVİT.141040011
2026-07-29 05:27:13 [INFO] [163/221] https://yapimaks.com/rulo-dekor-plasdek-yedek-25cm-1027-p2114
2026-07-29 05:27:14 [INFO] [2114] 'RULO DEKOR PLASDEK YEDEK 25CM 1027' | 220.00 TL | SKU: DEKOR.1027
2026-07-29 05:27:16 [INFO] [164/221] https://yapimaks.com/rulo-dekor-silteks-25cm-p12001
2026-07-29 05:27:16 [INFO] [12001] 'RULO DEKOR SİLTEKS 25CM' | 275.00 TL | SKU: DEKOR.1012
2026-07-29 05:27:18 [INFO] [165/221] https://yapimaks.com/sait-demirci-1000-gr-metal-sapli-cekic-msc-1000-p8323
2026-07-29 05:27:18 [INFO] [8323] 'SAİT DEMİRCİ 1000 GR METAL SAPLI ÇEKİÇ M' | 435.00 TL | SKU: SD.MSÇ1000
2026-07-29 05:27:20 [INFO] [166/221] https://yapimaks.com/sait-demirci-1500-gr-metal-sapli-cekic-msc-1500-p8324
2026-07-29 05:27:20 [INFO] [8324] 'SAİT DEMİRCİ 1500 GR METAL SAPLI ÇEKİÇ M' | 485.00 TL | SKU: SD.MSÇ1500
2026-07-29 05:27:22 [INFO] [167/221] https://yapimaks.com/sait-demirci-2000-gr-metal-sapli-cekic-msc-2000-p8325
2026-07-29 05:27:23 [INFO] [8325] 'SAİT DEMİRCİ 2000 GR METAL SAPLI ÇEKİÇ M' | 545.00 TL | SKU: SD.MSÇ2000
2026-07-29 05:27:25 [INFO] [168/221] https://yapimaks.com/sait-demirci-500-gr-metal-sapli-cekic-msc-0500-p8322
2026-07-29 05:27:25 [INFO] [8322] 'SAİT DEMİRCİ 500 GR METAL SAPLI ÇEKİÇ MS' | 315.00 TL | SKU: SD.MSÇ500
2026-07-29 05:27:27 [INFO] [169/221] https://yapimaks.com/sds-bits-uc-ara-adaptoru-60-mm-p15023
2026-07-29 05:27:27 [INFO] [15023] 'SDS BİTS UÇ ARA ADAPTÖRÜ 60 MM' | 45.00 TL | SKU: WONDER.STW013763
2026-07-29 05:27:29 [INFO] [170/221] https://yapimaks.com/sds-plus-agac-kalipci-uc-12x120x500mm-50531-todril-p9744
2026-07-29 05:27:29 [INFO] [9744] 'SDS PLUS AĞAÇ KALIPÇI UÇ 12X120X500MM 50' | 225.00 TL | SKU: TODRİLL.TD50531
2026-07-29 05:27:31 [INFO] [171/221] https://yapimaks.com/seramik-cita-dis-kose-10-mm-parlak-krom-270-cm-p8271
2026-07-29 05:27:32 [INFO] [8271] 'SERAMİK ÇITA DIŞ KÖŞE 10 MM PARLAK KROM ' | 125.00 TL | SKU: SAY.350.10.PK
2026-07-29 05:27:34 [INFO] [172/221] https://yapimaks.com/seramik-cita-dis-kose-pvc-10-mm-beyaz-270-cm-p4614
2026-07-29 05:27:34 [INFO] [4614] 'SERAMiK ÇITA DIŞ KÖŞE PVC 10 MM BEYAZ 27' | 75.00 TL | SKU: TESAY.FÇDP10.01
2026-07-29 05:27:36 [INFO] [173/221] https://yapimaks.com/silikon-tabanca-metal-std-p9215
2026-07-29 05:27:36 [INFO] [9215] 'SİLİKON TABANCA METAL STD' | 275.00 TL | SKU: STD.961507800
2026-07-29 05:27:38 [INFO] [174/221] https://yapimaks.com/soku-demiri-120cm-4125-gr-p8440
2026-07-29 05:27:38 [INFO] [8440] 'SÖKÜ DEMİRİ 120CM (4125-GR)' | 690.00 TL | SKU: SD.SK7001
2026-07-29 05:27:40 [INFO] [175/221] https://yapimaks.com/spatula-egri-sapli-20-cm-ahsap-dekor-02045-p12740
2026-07-29 05:27:41 [INFO] [12740] 'SPATULA EĞRİ SAPLI 20 CM AHŞAP DEKOR 020' | 235.00 TL | SKU: DEKOR.02045
2026-07-29 05:27:43 [INFO] [176/221] https://yapimaks.com/spatula-egri-sapli-25-cm-ahsap-dekor-02046-p2097
2026-07-29 05:27:43 [INFO] [2097] 'SPATULA EĞRİ SAPLI 25 CM AHŞAP DEKOR 020' | 275.00 TL | SKU: DEKOR.02046
2026-07-29 05:27:45 [INFO] [177/221] https://yapimaks.com/sprey-boya-mat-siyah-400ml-9005-selsil-p8528
2026-07-29 05:27:45 [INFO] [8528] 'SPREY BOYA MAT SİYAH 400ML (9005) SELSİL' | 149.00 TL | SKU: SELSİL.428
2026-07-29 05:27:47 [INFO] [178/221] https://yapimaks.com/sunta-kesme-testere-185x40x30-wonder-p10944
2026-07-29 05:27:47 [INFO] [10944] 'SUNTA KESME TESTERE 185X40X30 WONDER' | 415.00 TL | SKU: WONDER.STW018642
2026-07-29 05:27:49 [INFO] [179/221] https://yapimaks.com/sunta-kesme-testere-230x30x30-wonder-p10945
2026-07-29 05:27:49 [INFO] [10945] 'SUNTA KESME TESTERE 230X30X30 WONDER' | 725.00 TL | SKU: WONDER.STW01866
2026-07-29 05:27:51 [INFO] [180/221] https://yapimaks.com/suzgec-10x10-metal-cerceve-saten-duz-kapak-yandan-50mm-alfor-p15456
2026-07-29 05:27:52 [INFO] [15456] 'SÜZGEÇ 10X10 METAL ÇERÇEVE SATEN DÜZ KAP' | 255.00 TL | SKU: ALFOR.158543A501012
2026-07-29 05:27:54 [INFO] [181/221] https://yapimaks.com/takim-cantasi-19-plastik-kilitli-p12494
2026-07-29 05:27:54 [INFO] [12494] 'TAKIM ÇANTASI 19" PLASTİK KİLİTLİ' | 475.00 TL | SKU: SÖNMEZ.945-9
2026-07-29 05:27:56 [INFO] [182/221] https://yapimaks.com/takviyeli-susta-15-mt-p12791
2026-07-29 05:27:56 [INFO] [12791] 'TAKVİYELİ SUSTA 15 MT' | 385.00 TL | SKU: MUTLUSAN.0010190000150000
2026-07-29 05:27:58 [INFO] [183/221] https://yapimaks.com/tavan-boyasi-ozel-darkss-10-kg-p2044
2026-07-29 05:27:58 [INFO] [2044] 'TAVAN BOYASI (ÖZEL) DARKSS 10 KG' | 399.00 TL | SKU: DARKSS.B.TB10
2026-07-29 05:28:00 [INFO] [184/221] https://yapimaks.com/tayrot-boru-basligi-22-mm-p7431
2026-07-29 05:28:01 [INFO] [7431] 'TAYROT BORU BAŞLIGI-22 MM' | 2.00 TL | SKU: PASPAYI.06022
2026-07-29 05:28:03 [INFO] [185/221] https://yapimaks.com/teflon-bant-12mmx7-mt-0-20-gr-p9282
2026-07-29 05:28:03 [INFO] [9282] 'TEFLON BANT 12MMX7 MT 0.20 GR' | 20.00 TL | SKU: ORIENT.BNT10
2026-07-29 05:28:05 [INFO] [186/221] https://yapimaks.com/tekerlek-gri-doner-100-27-2-3-mm-80kg-p5987
2026-07-29 05:28:05 [INFO] [5987] 'TEKERLEK GRİ DÖNER 100*27*2,3 MM(80KG)' | 85.00 TL | SKU: MERİDYEN.SRTDG100
2026-07-29 05:28:07 [INFO] [187/221] https://yapimaks.com/tekerlek-gri-frenli-doner-50-17-1-5-mm-50kg-p5989
2026-07-29 05:28:07 [INFO] [5989] 'TEKERLEK GRİ FRENLİ DÖNER 50*17*1,5 MM(5' | 72.00 TL | SKU: MERİDYEN.SRTFDG050
2026-07-29 05:28:09 [INFO] [188/221] https://yapimaks.com/tekerlek-lastik-doner-125mm-hs-02-ls-125-p15018
2026-07-29 05:28:10 [INFO] [15018] 'TEKERLEK LASTİK DÖNER 125MM HS 02 LS 125' | 375.00 TL | SKU: HS.02LS125.H0401035
2026-07-29 05:28:12 [INFO] [189/221] https://yapimaks.com/tekerlek-lastik-doner-150mm-hs-02-ls-150-p15021
2026-07-29 05:28:12 [INFO] [15021] 'TEKERLEK LASTİK DÖNER 150MM HS 02 LS 150' | 380.00 TL | SKU: HS.02LS150.H04010351
2026-07-29 05:28:14 [INFO] [190/221] https://yapimaks.com/tekerlek-lastik-doner-80mm-hs-02-ls-080-p13999
2026-07-29 05:28:14 [INFO] [13999] 'TEKERLEK LASTİK DÖNER 80MM HS 02 LS 080' | 235.00 TL | SKU: HS.02LS080.H0401033
2026-07-29 05:28:16 [INFO] [191/221] https://yapimaks.com/tekerlek-lastik-frenli-doner-100mm-hsf-02ls-100-p13046
2026-07-29 05:28:16 [INFO] [13046] 'TEKERLEK LASTİK FRENLİ DÖNER 100MM HSF 0' | 335.00 TL | SKU: HSF.02LS100.H0401037
2026-07-29 05:28:18 [INFO] [192/221] https://yapimaks.com/tekerlek-lastik-frenli-doner-125mm-hsf-02-ls-125-p13047
2026-07-29 05:28:19 [INFO] [13047] 'TEKERLEK LASTİK FRENLİ DÖNER 125MM HSF 0' | 405.00 TL | SKU: HSF.02LS125.H0401038
2026-07-29 05:28:21 [INFO] [193/221] https://yapimaks.com/tekerlek-lastik-frenli-doner-150mm-hsf-02-ls-150-p13052
2026-07-29 05:28:21 [INFO] [13052] 'TEKERLEK LASTİK FRENLİ DÖNER 150MM HSF 0' | 425.00 TL | SKU: HSF.02LS150.H04010381
2026-07-29 05:28:23 [INFO] [194/221] https://yapimaks.com/tekerlek-lastik-frenli-doner-80mm-hsf-02-ls-080-p13045
2026-07-29 05:28:23 [INFO] [13045] 'TEKERLEK LASTİK FRENLİ DÖNER 80MM HSF 02' | 305.00 TL | SKU: HSF.02LS080.H0401036
2026-07-29 05:28:25 [INFO] [195/221] https://yapimaks.com/tekerlek-polyamid-doner-80mm-hs-02-pa-080-p15017
2026-07-29 05:28:25 [INFO] [15017] 'TEKERLEK POLYAMİD DÖNER 80MM HS 02 PA 08' | 220.00 TL | SKU: HS.02PA080.H0401025
2026-07-29 05:28:27 [INFO] [196/221] https://yapimaks.com/tekerlek-polyamid-frenli-doner-125mm-hsf-02-pa-125-p13050
2026-07-29 05:28:28 [INFO] [13050] 'TEKERLEK POLYAMİD FRENLİ DÖNER 125MM HSF' | 380.00 TL | SKU: HSF.02PA125.H0401031
2026-07-29 05:28:30 [INFO] [197/221] https://yapimaks.com/tekerlek-polyamid-frenli-doner-80mm-hsf-02-pa-080-p13048
2026-07-29 05:28:30 [INFO] [13048] 'TEKERLEK POLYAMİD FRENLİ  DÖNER 80MM HSF' | 280.00 TL | SKU: HSF.02PA080.H0401029
2026-07-29 05:28:32 [INFO] [198/221] https://yapimaks.com/tekerlek-propilen-byz-sabit-150-45-2-7-170kg-p5992
2026-07-29 05:28:32 [INFO] [5992] 'TEKERLEK PROPİLEN BYZ SABİT 150*45*2.7(1' | 249.00 TL | SKU: MERİDYEN.SRTSB150
2026-07-29 05:28:34 [INFO] [199/221] https://yapimaks.com/tekerlek-termoplastik-agir-yuk-55mm-os-02-tp-055-p13053
2026-07-29 05:28:34 [INFO] [13053] 'TEKERLEK TERMOPLASTİK AĞIR YÜK 55MM OS 0' | 180.00 TL | SKU: OS.02TP055.H0402010
2026-07-29 05:28:36 [INFO] [200/221] https://yapimaks.com/tekerlek-termoplastik-agir-yuk-frenli-55mm-osf-02-tp-055-p13998
2026-07-29 05:28:37 [INFO] [13998] 'TEKERLEK TERMOPLASTİK AĞIR YÜK FRENLİ 55' | 200.00 TL | SKU: OSF.02TP055.H0402011
2026-07-29 05:28:39 [INFO] [201/221] https://yapimaks.com/tespit-dubeli-boru-tutucu-u-kilcik-1-paket-500-p15795
2026-07-29 05:28:39 [INFO] [15795] 'TESPİT DÜBELİ BORU TUTUCU U (KILÇIK) 1 P' | 375.00 TL | SKU: GÜÇLÜ.7103
2026-07-29 05:28:41 [INFO] [202/221] https://yapimaks.com/tespit-dubeli-ciftli-kilcik-250-ad-p15794
2026-07-29 05:28:41 [WARNING] Session süresi dolmus, yenileniyor...
2026-07-29 05:28:41 [ERROR] [https://yapimaks.com/tespit-dubeli-ciftli-kilcik-250-ad-p15794] Hata: 429 Client Error: Too Many Requests for url: https://yapimaks.com/api/tr/v1/layouts/b2c/products/15794.json
2026-07-29 05:28:43 [INFO] [203/221] https://yapimaks.com/testere-fil-pala-agac-sap-135-50-p12252
2026-07-29 05:28:44 [WARNING] Session süresi dolmus, yenileniyor...
2026-07-29 05:28:44 [ERROR] [https://yapimaks.com/testere-fil-pala-agac-sap-135-50-p12252] Hata: 429 Client Error: Too Many Requests for url: https://yapimaks.com/api/tr/v1/layouts/b2c/products/12252.json
2026-07-29 05:28:46 [INFO] [204/221] https://yapimaks.com/testere-mavi-pala-110-50-50-cm-p12253
2026-07-29 05:28:46 [WARNING] Session süresi dolmus, yenileniyor...
2026-07-29 05:28:47 [ERROR] [https://yapimaks.com/testere-mavi-pala-110-50-50-cm-p12253] Hata: 429 Client Error: Too Many Requests for url: https://yapimaks.com/api/tr/v1/layouts/b2c/products/12253.json
2026-07-29 05:28:49 [INFO] [205/221] https://yapimaks.com/testere-zinciri-rty841-45cm-34-dis-rtrmax-p8037
2026-07-29 05:28:49 [WARNING] Session süresi dolmus, yenileniyor...
2026-07-29 05:28:49 [ERROR] [https://yapimaks.com/testere-zinciri-rty841-45cm-34-dis-rtrmax-p8037] Hata: 429 Client Error: Too Many Requests for url: https://yapimaks.com/api/tr/v1/layouts/b2c/products/8037.json
2026-07-29 05:28:51 [INFO] [206/221] https://yapimaks.com/tirpan-bst52-sirt-benzinli-52-cc-kama-p12887
2026-07-29 05:28:51 [WARNING] Session süresi dolmus, yenileniyor...
2026-07-29 05:28:52 [ERROR] [https://yapimaks.com/tirpan-bst52-sirt-benzinli-52-cc-kama-p12887] Hata: 429 Client Error: Too Many Requests for url: https://yapimaks.com/api/tr/v1/layouts/b2c/products/12887.json
2026-07-29 05:28:54 [INFO] [207/221] https://yapimaks.com/torex-celik-kanca-m6-kapali-uclu-1p-1-ad-p11319
2026-07-29 05:28:54 [WARNING] Session süresi dolmus, yenileniyor...
2026-07-29 05:28:54 [ERROR] [https://yapimaks.com/torex-celik-kanca-m6-kapali-uclu-1p-1-ad-p11319] Hata: 429 Client Error: Too Many Requests for url: https://yapimaks.com/api/tr/v1/layouts/b2c/products/11319.json
2026-07-29 05:28:56 [INFO] [208/221] https://yapimaks.com/torex-dubel-beton-bt-n-8x40-p13114
2026-07-29 05:28:57 [WARNING] Session süresi dolmus, yenileniyor...
2026-07-29 05:28:57 [ERROR] [https://yapimaks.com/torex-dubel-beton-bt-n-8x40-p13114] Hata: 429 Client Error: Too Many Requests for url: https://yapimaks.com/api/tr/v1/layouts/b2c/products/13114.json
2026-07-29 05:28:59 [INFO] [209/221] https://yapimaks.com/torex-setskur-4x16-din-916-1p-16-p219
2026-07-29 05:28:59 [WARNING] Session süresi dolmus, yenileniyor...
2026-07-29 05:29:00 [ERROR] [https://yapimaks.com/torex-setskur-4x16-din-916-1p-16-p219] Hata: 429 Client Error: Too Many Requests for url: https://yapimaks.com/api/tr/v1/layouts/b2c/products/219.json
2026-07-29 05:29:02 [INFO] [210/221] https://yapimaks.com/torex-tel-civi-basli-12-40-galvaniz-1p-74-p312
2026-07-29 05:29:02 [WARNING] Session süresi dolmus, yenileniyor...
2026-07-29 05:29:02 [ERROR] [https://yapimaks.com/torex-tel-civi-basli-12-40-galvaniz-1p-74-p312] Hata: 429 Client Error: Too Many Requests for url: https://yapimaks.com/api/tr/v1/layouts/b2c/products/312.json
2026-07-29 05:29:04 [INFO] [211/221] https://yapimaks.com/vidalama-alcipan-rtx2026b-akusuz-18v-6mm-rtrmax-p11469
2026-07-29 05:29:04 [WARNING] Session süresi dolmus, yenileniyor...
2026-07-29 05:29:05 [ERROR] [https://yapimaks.com/vidalama-alcipan-rtx2026b-akusuz-18v-6mm-rtrmax-p11469] Hata: 429 Client Error: Too Many Requests for url: https://yapimaks.com/api/tr/v1/layouts/b2c/products/11469.json
2026-07-29 05:29:07 [INFO] [212/221] https://yapimaks.com/vinc-elektrikli-125-250-kg-20-10-500-w-wonder-mv-250-p13939
2026-07-29 05:29:07 [WARNING] Session süresi dolmus, yenileniyor...
2026-07-29 05:29:07 [ERROR] [https://yapimaks.com/vinc-elektrikli-125-250-kg-20-10-500-w-wonder-mv-250-p13939] Hata: 429 Client Error: Too Many Requests for url: https://yapimaks.com/api/tr/v1/layouts/b2c/products/13939.json
2026-07-29 05:29:09 [INFO] [213/221] https://yapimaks.com/vinc-elektrikli-400-800-kg-20-10-1300-w-wonder-mv-800-p13941
2026-07-29 05:29:10 [WARNING] Session süresi dolmus, yenileniyor...
2026-07-29 05:29:10 [ERROR] [https://yapimaks.com/vinc-elektrikli-400-800-kg-20-10-1300-w-wonder-mv-800-p13941] Hata: 429 Client Error: Too Many Requests for url: https://yapimaks.com/api/tr/v1/layouts/b2c/products/13941.json
2026-07-29 05:29:12 [INFO] [214/221] https://yapimaks.com/wallboard-1-cm-adet-p10049
2026-07-29 05:29:12 [WARNING] Session süresi dolmus, yenileniyor...
2026-07-29 05:29:13 [ERROR] [https://yapimaks.com/wallboard-1-cm-adet-p10049] Hata: 429 Client Error: Too Many Requests for url: https://yapimaks.com/api/tr/v1/layouts/b2c/products/10049.json
2026-07-29 05:29:15 [INFO] [215/221] https://yapimaks.com/wallboard-2-cm-adet-p10050
2026-07-29 05:29:15 [WARNING] Session süresi dolmus, yenileniyor...
2026-07-29 05:29:15 [ERROR] [https://yapimaks.com/wallboard-2-cm-adet-p10050] Hata: 429 Client Error: Too Many Requests for url: https://yapimaks.com/api/tr/v1/layouts/b2c/products/10050.json
2026-07-29 05:29:17 [INFO] [216/221] https://yapimaks.com/wallboard-3-cm-adet-p10051
2026-07-29 05:29:17 [WARNING] Session süresi dolmus, yenileniyor...
2026-07-29 05:29:18 [ERROR] [https://yapimaks.com/wallboard-3-cm-adet-p10051] Hata: 429 Client Error: Too Many Requests for url: https://yapimaks.com/api/tr/v1/layouts/b2c/products/10051.json
2026-07-29 05:29:20 [INFO] [217/221] https://yapimaks.com/wallboard-4-cm-adet-p10052
2026-07-29 05:29:20 [WARNING] Session süresi dolmus, yenileniyor...
2026-07-29 05:29:20 [ERROR] [https://yapimaks.com/wallboard-4-cm-adet-p10052] Hata: 429 Client Error: Too Many Requests for url: https://yapimaks.com/api/tr/v1/layouts/b2c/products/10052.json
2026-07-29 05:29:22 [INFO] [218/221] https://yapimaks.com/wallboard-5-cm-adet-p10053
2026-07-29 05:29:23 [WARNING] Session süresi dolmus, yenileniyor...
2026-07-29 05:29:23 [ERROR] [https://yapimaks.com/wallboard-5-cm-adet-p10053] Hata: 429 Client Error: Too Many Requests for url: https://yapimaks.com/api/tr/v1/layouts/b2c/products/10053.json
2026-07-29 05:29:25 [INFO] [219/221] https://yapimaks.com/yangin-sondurme-tupu-2kg-abc-toz-p14219
2026-07-29 05:29:25 [WARNING] Session süresi dolmus, yenileniyor...
2026-07-29 05:29:26 [ERROR] [https://yapimaks.com/yangin-sondurme-tupu-2kg-abc-toz-p14219] Hata: 429 Client Error: Too Many Requests for url: https://yapimaks.com/api/tr/v1/layouts/b2c/products/14219.json
2026-07-29 05:29:28 [INFO] [220/221] https://yapimaks.com/yerden-isitma-strafor-20-dns-62x107-1-ad-0-643m2-1p-12ad-8m2-p14542
2026-07-29 05:29:28 [WARNING] Session süresi dolmus, yenileniyor...
2026-07-29 05:29:28 [ERROR] [https://yapimaks.com/yerden-isitma-strafor-20-dns-62x107-1-ad-0-643m2-1p-12ad-8m2-p14542] Hata: 429 Client Error: Too Many Requests for url: https://yapimaks.com/api/tr/v1/layouts/b2c/products/14542.json
2026-07-29 05:29:30 [INFO] [221/221] https://yapimaks.com/zimpara-sunger-ince-100-kum-atlas-p921
2026-07-29 05:29:30 [WARNING] Session süresi dolmus, yenileniyor...
2026-07-29 05:29:31 [ERROR] [https://yapimaks.com/zimpara-sunger-ince-100-kum-atlas-p921] Hata: 429 Client Error: Too Many Requests for url: https://yapimaks.com/api/tr/v1/layouts/b2c/products/921.json
2026-07-29 05:29:33 [INFO] Tamamlandi! Toplam 221 yeni urun eklendi -> /home/runner/work/inflationstudymirror/inflationstudymirror/Datas/yapimaks/2026-07-29.csv
