2026-10-08 02:23:53 [INFO] ==================================================
2026-10-08 02:23:53 [INFO] Yapimaks Scraper basliyor (async)
2026-10-08 02:23:53 [INFO] ==================================================
2026-10-08 02:23:53 [INFO] Parametreler: workers=8, rate=0.8/sn, max_duration=300 dk
2026-10-08 02:23:53 [INFO] Ana sayfa ziyaret ediliyor, cookie aliniyor...
2026-10-08 02:23:54 [INFO] Cookie basariyla alindi.
2026-10-08 02:23:54 [INFO] Sitemap indiriliyor: https://yapimaks.com/sitemap/products1.xml
2026-10-08 02:23:55 [INFO] Sitemap'ten toplam 8324 urun URL'si bulundu.
2026-10-08 02:23:55 [INFO] Dunun dosyasi: 2026-10-07.csv
2026-10-08 02:23:55 [INFO] Dunun dosyasinda 8386 urun var.
2026-10-08 02:23:55 [WARNING] 11 urun 7+ gun sitemap'te gorunmuyor, dosyadan dusuruldu: ['https://yapimaks.com/maskeleme-bandi-36mm-x-25-mt-bondit-p15074', 'https://yapimaks.com/pantolon-bondit-polarli-gri-m-p13264', 'https://yapimaks.com/tornavida-yildiz-kirmizi-4x100-p14580', 'https://yapimaks.com/ayak-baza-3-8-saplamali-p6561', 'https://yapimaks.com/etriye-kolu-10-12-mm-mek1012-sait-demirci-p15936']...
2026-10-08 02:23:55 [INFO] GUNLUK BUTCE: 464 urun aday — hepsi bu koşuda tazelenir.
2026-10-08 02:23:55 [INFO] Tasinacak (degismeyen) urun: 8375 | Yeniden cekilecek: 464
2026-10-08 02:23:56 [INFO] [2367] '20*40*1.5MM KUTU PROFİL(ANTİPASLI)' | 409.20 TL | SKU: DEM.PRF.208
2026-10-08 02:23:56 [INFO] [2340] '30*40*1.5MM KUTU PROFİL(ANTİPASLI)' | 473.46 TL | SKU: DEM.PRF.128
2026-10-08 02:23:56 [INFO] [2376] '40*60*1.5MM KUTU PROFİL (ANTİPASLI)' | 691.12 TL | SKU: DEM.PRF.225
2026-10-08 02:23:57 [INFO] [5092] "TRİFONLU KELEPÇE UZUN (3') 70 LİK" | 32.50 TL | SKU: TRF.KELEPÇE.U07
2026-10-08 02:23:58 [INFO] [11508] 'EL ARABASI DEVREZ + DOLGU TEKER' | 1850.00 TL | SKU: KESKİN.150.405
2026-10-08 02:23:59 [INFO] [2425] '50*100*2.0 MM KUTU PROFİL(ANTİPASLI)' | 1338.82 TL | SKU: DEM.PRF.365
2026-10-08 02:24:00 [INFO] [12541] 'İŞ TİŞÖRT SÜPREM UZUN KOL' | 330.00 TL | SKU: İŞGÜVENLİĞİ.05
2026-10-08 02:24:02 [INFO] [9652] 'SERAMİK ÇITA DIŞ KÖŞE 10 MM EKO PARLAK K' | 130.00 TL | SKU: TESAY.FÇDEK10
2026-10-08 02:24:03 [WARNING] [https://yapimaks.com/ray-spot-40w-4000k-9005-siyah-kasa-masialux-p13935] Urun parse hatasi (deneme 1/3): API yanitinda fiyat bulunamadi
2026-10-08 02:24:04 [INFO] [102] 'İŞ AYAKKABISI YAZLIK SÜET NO:41' | 599.00 TL | SKU: BMES.1453.01.041
2026-10-08 02:24:05 [WARNING] [https://yapimaks.com/insaat-demiri-nervullu-kalin-12-14-16-20-p4683] Urun parse hatasi (deneme 1/3): API yanitinda fiyat bulunamadi
2026-10-08 02:24:07 [INFO] [2385] '40*80*2.0MM KUTU PROFİL(ANTİPASLI)' | 1024.86 TL | SKU: DEM.PRF.238
2026-10-08 02:24:08 [INFO] [3632] 'DIŞ CEPHE GRENLİ MİX-1 25 KG FAWORİ' | 3750.00 TL | SKU: FAWORİ.060
2026-10-08 02:24:09 [INFO] [4766] '20 KOMPOZİT BORU PPRC 4 M KALDE' | 111.60 TL | SKU: KALDE.3202TFR200020
2026-10-08 02:24:10 [INFO] [3681] 'DIŞ CEPHE GRENLİ MİX-2 25 KG FAWORİ' | 3750.00 TL | SKU: FAWORİ.109
2026-10-08 02:24:12 [INFO] [9947] 'ANAHTAR BEYAZ LİNNERA/ROLLİNA VİKO' | 65.00 TL | SKU: VİKO.90440001
2026-10-08 02:24:13 [INFO] [12000] 'KAYNAK GÖZLÜĞÜ S400 ÇAPAK KORUMALI BAYMA' | 132.00 TL | SKU: BAYMAX.S400
2026-10-08 02:24:14 [INFO] [4833] '25 KÜRESEL VANA PPRC KALDE' | 128.00 TL | SKU: KALDE.3242VLB250003
2026-10-08 02:24:15 [INFO] [3377] 'AUTOKIT OTO MULTİ SPREY KOKU COMFORT S 2' | 114.00 TL | SKU: AUTOKİT.FA1-170
2026-10-08 02:24:17 [INFO] [9290] 'ELDİVEN SİYAH PU TOUCH NO:7' | 54.00 TL | SKU: STD.970140800
2026-10-08 02:24:18 [INFO] [13780] 'BARETSİZ ÇALIŞMA UYARI LEVHASI' | 209.00 TL | SKU: İSGLEVHA.05
2026-10-08 02:24:19 [INFO] [360] 'ARMATÜR LED BANT 18W 60CM 6500K BEYAZ YA' | 143.00 TL | SKU: YVZ.8118.BA60.6500
2026-10-08 02:24:20 [INFO] [12332] 'BİLEME TAŞI 150 MM' | 50.00 TL | SKU: CMC.4242
2026-10-08 02:24:22 [INFO] [12743] 'BİTS UÇ ÇİFT YÖNLÜ MIKNATISLI  PZ2-65MM ' | 42.00 TL | SKU: TYSON.KUPTYS.9682
2026-10-08 02:24:23 [INFO] [1471] 'CARASKAL 2 TON 3 METRE BIGLIFT' | 6300.00 TL | SKU: BİGLİFT.BIGCAR2-3
2026-10-08 02:24:24 [INFO] [1473] 'CARASKAL 500 KG 3 METRE BIGLIFT BIGCAR0.' | 4200.00 TL | SKU: BİGLİFT.BIGCAR0.5-3
2026-10-08 02:24:25 [INFO] [8732] 'BARET ŞAPKALI SARI' | 72.00 TL | SKU: SGS.1103
2026-10-08 02:24:27 [INFO] [2449] 'DEZENFEKTAN DİSİNFECSOL 100 ML' | 30.00 TL | SKU: DEZENFEKTAN.101
2026-10-08 02:24:28 [INFO] [3283] 'ÇÖP TORBASI BÜZGÜLÜ LİMON BÜYÜK ECE 65x7' | 80.00 TL | SKU: ECE.ETZ437
2026-10-08 02:24:29 [INFO] [2445] 'DEZENFEKTAN DİSİNFECSOL 250 ML' | 35.00 TL | SKU: DEZENFEKTAN.03
2026-10-08 02:24:31 [INFO] [2446] 'DEZENFEKTAN DİSİNFECSOL 250 ML SP' | 47.00 TL | SKU: DEZENFEKTAN.04
2026-10-08 02:24:32 [WARNING] [https://yapimaks.com/ray-spot-40w-4000k-9005-siyah-kasa-masialux-p13935] Urun parse hatasi (deneme 2/3): API yanitinda fiyat bulunamadi
2026-10-08 02:24:33 [INFO] [3720] 'DIŞ CEPHE BOYASI FAWORİ PREMİMUM SİL BEY' | 2400.00 TL | SKU: FAWORİ.149
2026-10-08 02:24:34 [INFO] [12827] 'ARISAN ÇİZME KISA KREP NO:43' | 479.00 TL | SKU: ARISAN.08
2026-10-08 02:24:35 [INFO] [1812] 'ECZA DOLABI PLS KÜÇÜK' | 894.00 TL | SKU: ÇELİKAYNA.158
2026-10-08 02:24:37 [INFO] [9299] 'ELDİVEN BEYBİ PL-9 LATEKS KIRMIZI NO:9 C' | 78.00 TL | SKU: BEYBİ.İ040162-9
2026-10-08 02:24:38 [INFO] [11121] 'ELDİVEN KOT DERİ' | 95.00 TL | SKU: ELDIVEN.01
2026-10-08 02:24:39 [WARNING] [https://yapimaks.com/insaat-demiri-nervullu-kalin-12-14-16-20-p4683] Urun parse hatasi (deneme 2/3): API yanitinda fiyat bulunamadi
2026-10-08 02:24:40 [INFO] [13926] 'ELDİVEN NİTRİL STRONG PUDRASIZ MUAYENE S' | 525.00 TL | SKU: BEYBİ.İ0401234
2026-10-08 02:24:42 [INFO] [6143] 'ELDİVEN MYSTAR MAVİ PETROLCÜ 10' | 119.00 TL | SKU: MYSTAR.01
2026-10-08 02:24:43 [INFO] [13927] 'ELDİVEN NİTRİL STRONG PUDRASIZ MUAYENE S' | 525.00 TL | SKU: BEYBİ.İ0401233
2026-10-08 02:24:44 [INFO] [6286] 'ELDİVEN PAMUKLU SARI  NO:10' | 47.00 TL | SKU: MAXSAFETY.NIT400.10
2026-10-08 02:24:45 [WARNING] [https://yapimaks.com/insaat-demiri-nervullu-kalin-12-14-16-20-p4683] Urun parse hatasi (deneme 3/3): API yanitinda fiyat bulunamadi
2026-10-08 02:24:45 [ERROR] [https://yapimaks.com/insaat-demiri-nervullu-kalin-12-14-16-20-p4683] Tum denemeler basarisiz: API yanitinda fiyat bulunamadi
2026-10-08 02:24:45 [WARNING] [https://yapimaks.com/insaat-demiri-nervullu-kalin-12-14-16-20-p4683] Eski satir korundu, yarin tekrar denenir.
2026-10-08 02:24:47 [INFO] [9291] 'ELDİVEN SİYAH PU TOUCH NO:8' | 54.00 TL | SKU: STD.970141800
2026-10-08 02:24:48 [INFO] [12184] 'ELDİVEN PU KAPLI KESİLMEYE DİRENÇLİ NO:9' | 215.00 TL | SKU: BEYBİ.İ040134
2026-10-08 02:24:49 [INFO] [14036] 'EMNİYET KEMERİ ŞOK EMİCİ HALATLI 4 KANCA' | 1200.00 TL | SKU: KARAM.KA341
2026-10-08 02:24:50 [INFO] [11524] 'BATARYA AKDENİZ MİX KUĞU KROM-BEYAZ EVYE' | 3505.00 TL | SKU: GMS.AKD402-K
2026-10-08 02:24:52 [INFO] [4163] 'GEZER ÇİZME GARSON 321 NO:36 S-M-B' | 360.00 TL | SKU: GEZER.00321.36
2026-10-08 02:24:53 [INFO] [2444] 'DEZENFEKTAN DİSİNFECSOL 100 ML SP' | 30.00 TL | SKU: DEZENFEKTAN.02
2026-10-08 02:24:54 [INFO] [4226] 'GEZER ÇİZME KASIK NO:42' | 1140.00 TL | SKU: GEZER.00251.42
2026-10-08 02:24:55 [INFO] [4225] 'GEZER ÇİZME KASIK NO:41' | 1140.00 TL | SKU: GEZER.00251.41
2026-10-08 02:24:57 [INFO] [882] 'ÇİZME KONÇLU KAMUFLAJ NO:42' | 1080.00 TL | SKU: ATEF.27-0260-022
2026-10-08 02:24:58 [INFO] [883] 'ÇİZME KONÇLU KAMUFLAJ NO:43' | 1080.00 TL | SKU: ATEF.27-0260-023
2026-10-08 02:24:59 [INFO] [4227] 'GEZER ÇİZME KASIK NO:43' | 1140.00 TL | SKU: GEZER.00251.43
2026-10-08 02:25:00 [INFO] [3600] 'İÇ CEPHE SİLİKONLU MAT MİX-1 10-KG FAWOR' | 1950.00 TL | SKU: FAWORİ.021
2026-10-08 02:25:02 [INFO] [14810] 'İÇ CEPHE KOZMİK İPEK MİX-1 15LT FAWORİ' | 4500.00 TL | SKU: FAWORİ.2501-2483-02
2026-10-08 02:25:03 [INFO] [3697] 'İÇ CEPHE SİLİKONLU MAT MİX-2 20-KG FAWOR' | 2950.00 TL | SKU: FAWORİ.125
2026-10-08 02:25:04 [WARNING] [https://yapimaks.com/ray-spot-40w-4000k-9005-siyah-kasa-masialux-p13935] Urun parse hatasi (deneme 3/3): API yanitinda fiyat bulunamadi
2026-10-08 02:25:04 [ERROR] [https://yapimaks.com/ray-spot-40w-4000k-9005-siyah-kasa-masialux-p13935] Tum denemeler basarisiz: API yanitinda fiyat bulunamadi
2026-10-08 02:25:04 [WARNING] [https://yapimaks.com/ray-spot-40w-4000k-9005-siyah-kasa-masialux-p13935] Eski satir korundu, yarin tekrar denenir.
2026-10-08 02:25:05 [INFO] [881] 'ÇİZME KONÇLU KAMUFLAJ NO:40' | 1080.00 TL | SKU: ATEF.27-0260-021
2026-10-08 02:25:07 [INFO] [4648] 'İKAZ İŞÇİ YELEK MÜHENDİS SARI FOSFORLU' | 195.00 TL | SKU: İKAZ.YELEGİ.02
2026-10-08 02:25:08 [INFO] [4650] 'İKAZ İŞÇİ YELEK MÜHENDİS SARI-LACİVERT' | 195.00 TL | SKU: İKAZ.YELEGİ.04
2026-10-08 02:25:09 [INFO] [4647] 'İKAZ İŞÇİ YELEK SARI FOSFORLU' | 86.00 TL | SKU: İKAZ.YELEGİ.01
2026-10-08 02:25:10 [INFO] [10992] 'İKAZ İŞÇİ YELEK TURUNCU FOSFORLU' | 86.00 TL | SKU: İKAZ.YELEGİ.05
2026-10-08 02:25:12 [INFO] [3684] 'İÇ CEPHE SİLİKONLU MAT MİX-3 3.5-KG FAWO' | 600.00 TL | SKU: FAWORİ.112
2026-10-08 02:25:13 [INFO] [1512] 'İŞ BOTU ÇELİK BURUN NO:40' | 779.00 TL | SKU: BMES.571.040
2026-10-08 02:25:14 [INFO] [1520] 'İŞ BOTU ÇELİK BURUN NO:44' | 779.00 TL | SKU: BMES.571.044
2026-10-08 02:25:15 [INFO] [2384] '40*60*3.0MM KUTU PROFİL (ANTİPASLI)' | 1174.66 TL | SKU: DEM.PRF.236
2026-10-08 02:25:17 [INFO] [13279] 'İŞ MONTU ÇIKMA KOL YELEK GRİ 2XL' | 1788.00 TL | SKU: PERSMONT.025
2026-10-08 02:25:18 [INFO] [13778] 'İŞ GÜVENLİĞİ TALİMAT UYARI LEVHASI' | 95.00 TL | SKU: İSGLEVHA.03
2026-10-08 02:25:19 [INFO] [8113] 'EMNİYET KEMERİ PARŞÜTÇÜ BEL DESTEKLİ SFP' | 972.00 TL | SKU: SAFESET.SFP-1
2026-10-08 02:25:20 [INFO] [9416] 'DUY TAVAN E27' | 65.00 TL | SKU: TEK-İŞ.520421
2026-10-08 02:25:22 [INFO] [13278] 'İŞ MONTU ÇIKMA KOL YELEK GRİ XL' | 1788.00 TL | SKU: PERSMONT.024
2026-10-08 02:25:23 [INFO] [13283] 'İŞ MONTU ÇIKMA KOL YELEK LACİVERT L' | 1788.00 TL | SKU: PERSMONT.029
2026-10-08 02:25:24 [INFO] [11264] 'İŞ MONTU OXFORD 5+1 SARI-LACV-XL' | 4176.00 TL | SKU: WP100-XL
2026-10-08 02:25:25 [INFO] [13276] 'İŞ MONTU ÇIKMA KOL YELEK GRİ M' | 1788.00 TL | SKU: PERSMONT.022
2026-10-08 02:25:27 [INFO] [14749] 'İKAZ BANDI EMNİYET 110 MT PASS' | 108.00 TL | SKU: PASS.İ040941
2026-10-08 02:25:28 [INFO] [13345] 'İŞ MONTU SARI-LACİVERT M BONDIT' | 1872.00 TL | SKU: MAXSAFETY.BP100M
2026-10-08 02:25:29 [INFO] [3698] 'İÇ CEPHE SİLİKONLU MAT MİX-2 10-KG FAWOR' | 1950.00 TL | SKU: FAWORİ.126
2026-10-08 02:25:30 [INFO] [13396] 'İŞ MONTU SARI-LACİVERT XXL BONDIT' | 1872.00 TL | SKU: MAXSAFETY.BP100XXL
2026-10-08 02:25:32 [INFO] [13346] 'İŞ MONTU SARI-LACİVERT XL BONDIT' | 1872.00 TL | SKU: MAXSAFETY.BP100XL
2026-10-08 02:25:33 [INFO] [13344] 'İŞ MONTU SARI-LACİVERT L BONDIT' | 1872.00 TL | SKU: MAXSAFETY.BP100
2026-10-08 02:25:34 [INFO] [11265] 'İŞ MONTU OXFORD 5+1 SARI-LACV-XXL' | 4176.00 TL | SKU: WP100-XXL
2026-10-08 02:25:35 [INFO] [13351] 'İŞ MONTU TURUNCU-LACİVERT XXL BONDIT' | 1872.00 TL | SKU: MAXSAFETY.BP200XXL
2026-10-08 02:25:37 [INFO] [13347] 'İŞ MONTU TURUNCU-LACİVERT L BONDIT' | 1872.00 TL | SKU: MAXSAFETY.BP200L
2026-10-08 02:25:38 [INFO] [14197] 'İŞ PANTOLON YAZLIK FERMUARLI HK GRİ 3XL' | 899.00 TL | SKU: PERSMONT.HK-PF04Y-3XL
2026-10-08 02:25:40 [INFO] [14198] 'İŞ PANTOLON YAZLIK FERMUARLI HK GRİ 4XL' | 899.00 TL | SKU: PERSMONT.HK-PF04Y-4XL
2026-10-08 02:25:40 [INFO] [13277] 'İŞ MONTU ÇIKMA KOL YELEK GRİ L' | 1788.00 TL | SKU: PERSMONT.023
2026-10-08 02:25:42 [INFO] [14196] 'İŞ PANTOLON YAZLIK FERMUARLI HK GRİ 2XL' | 899.00 TL | SKU: PERSMONT.HK-PF04Y-2XL
2026-10-08 02:25:43 [INFO] [14193] 'İŞ PANTOLON YAZLIK FERMUARLI HK GRİ M' | 899.00 TL | SKU: PERSMONT.HK-PF04Y-M
2026-10-08 02:25:44 [INFO] [13280] 'İŞ MONTU ÇIKMA KOL YELEK GRİ 3XL' | 1788.00 TL | SKU: PERSMONT.026
2026-10-08 02:25:45 [INFO] [106] 'İŞ AYAKKABISI YAZLIK SÜET NO:45' | 599.00 TL | SKU: BMES.1453.01.045
2026-10-08 02:25:47 [INFO] [14181] 'İŞ PANTOLON YAZLIK FERMUARLI HK GRİ XS' | 899.00 TL | SKU: PERSMONT.HK-PF04Y-XS
2026-10-08 02:25:48 [INFO] [14188] 'İŞ PANTOLON YAZLIK FERMUARLI HK LACİVERT' | 899.00 TL | SKU: PERSMONT.HK-PF06Y-2XL
2026-10-08 02:25:49 [INFO] [14189] 'İŞ PANTOLON YAZLIK FERMUARLI HK LACİVERT' | 899.00 TL | SKU: PERSMONT.HK-PF06Y-3XL
2026-10-08 02:25:51 [INFO] [14194] 'İŞ PANTOLON YAZLIK FERMUARLI HK GRİ L' | 899.00 TL | SKU: PERSMONT.HK-PF04Y-L
2026-10-08 02:25:52 [INFO] [14195] 'İŞ PANTOLON YAZLIK FERMUARLI HK GRİ XL' | 899.00 TL | SKU: PERSMONT.HK-PF04Y-XL
2026-10-08 02:25:53 [INFO] [14185] 'İŞ PANTOLON YAZLIK FERMUARLI HK LACİVERT' | 899.00 TL | SKU: PERSMONT.HK-PF06Y-M
2026-10-08 02:25:54 [INFO] [14191] 'İŞ PANTOLON YAZLIK FERMUARLI HK LACİVERT' | 899.00 TL | SKU: PERSMONT.HK-PF06Y-5XL
2026-10-08 02:25:55 [INFO] [14192] 'İŞ PANTOLON YAZLIK FERMUARLI HK GRİ S' | 899.00 TL | SKU: PERSMONT.HK-PF04Y-S
2026-10-08 02:25:57 [INFO] [14184] 'İŞ PANTOLON YAZLIK FERMUARLI HK LACİVERT' | 899.00 TL | SKU: PERSMONT.HK-PF06Y-S
2026-10-08 02:25:58 [INFO] [14199] 'İŞ PANTOLON YAZLIK FERMUARLI HK GRİ 5XL' | 899.00 TL | SKU: PERSMONT.HK-PF04Y-5XL
2026-10-08 02:25:59 [INFO] [14213] 'İŞ PANTOLON YAZLIK KLASİK HK GRİ 3XL' | 779.00 TL | SKU: PERSMONT.HK-KP04Y-3XL
2026-10-08 02:26:00 [INFO] [14215] 'İŞ PANTOLON YAZLIK KLASİK HK GRİ 5XL' | 779.00 TL | SKU: PERSMONT.HK-KP04Y-5XL
2026-10-08 02:26:02 [INFO] [14208] 'İŞ PANTOLON YAZLIK KLASİK HK GRİ S' | 779.00 TL | SKU: PERSMONT.HK-KP04Y-S
2026-10-08 02:26:02 [INFO] ... ilerleme 100/464 (tazelenen 98, basarisiz 2, korunan 2, atlanan 0)
2026-10-08 02:26:03 [INFO] [13348] 'İŞ MONTU TURUNCU-LACİVERT XL BONDIT' | 1872.00 TL | SKU: MAXSAFETY.BP200XL
2026-10-08 02:26:04 [INFO] [14212] 'İŞ PANTOLON YAZLIK KLASİK HK GRİ 2XL' | 779.00 TL | SKU: PERSMONT.HK-KP04Y-2XL
2026-10-08 02:26:05 [INFO] [14183] 'İŞ PANTOLON YAZLIK KLASİK HK GRİ XS' | 779.00 TL | SKU: PERSMONT.HK-KP04Y-XS
2026-10-08 02:26:07 [INFO] [14206] 'İŞ PANTOLON YAZLIK KLASİK HK LACİVERT 4X' | 779.00 TL | SKU: PERSMONT.HK-KP06Y-4XL
2026-10-08 02:26:08 [INFO] [14180] 'İŞ PANTOLON YAZLIK FERMUARLI HK LACİVERT' | 899.00 TL | SKU: PERSMONT.HK-PF06Y-XS
2026-10-08 02:26:09 [INFO] [14201] 'İŞ PANTOLON YAZLIK KLASİK HK LACİVERT M' | 779.00 TL | SKU: PERSMONT.HK-KP06Y-M
2026-10-08 02:26:10 [INFO] [14200] 'İŞ PANTOLON YAZLIK KLASİK HK LACİVERT S' | 779.00 TL | SKU: PERSMONT.HK-KP06Y-S
2026-10-08 02:26:12 [INFO] [14204] 'İŞ PANTOLON YAZLIK KLASİK HK LACİVERT 2X' | 779.00 TL | SKU: PERSMONT.HK-KP06Y-2XL
2026-10-08 02:26:13 [INFO] [12540] 'İŞ TİŞÖRT SUPREM KISA KOLLU' | 240.00 TL | SKU: İŞGÜVENLİĞİ.04
2026-10-08 02:26:14 [INFO] [12542] 'İŞ YELEK 16/12 BİYELİ' | 690.00 TL | SKU: İŞGÜVENLİĞİ.06
2026-10-08 02:26:15 [INFO] [12543] 'İŞ YELEK HARMAN MODELLİ' | 900.00 TL | SKU: İŞGÜVENLİĞİ.07
2026-10-08 02:26:17 [INFO] [14187] 'İŞ PANTOLON YAZLIK FERMUARLI HK LACİVERT' | 899.00 TL | SKU: PERSMONT.HK-PF06Y-XL
2026-10-08 02:26:18 [INFO] [723] 'KAPLİN 20 1/2 DİRSEK DIŞ DİŞLİ A8450' | 26.00 TL | SKU: ARANGÜL.A8450
2026-10-08 02:26:19 [INFO] [11997] 'KAYNAK MASKE CAMI CMC-6941 DIN 777' | 48.00 TL | SKU: CMC.6941
2026-10-08 02:26:20 [INFO] [13353] 'İŞ MONTU TURUNCU-LACİVERT M BONDIT' | 1872.00 TL | SKU: MAXSAFETY.BP200M
2026-10-08 02:26:22 [INFO] [14207] 'İŞ PANTOLON YAZLIK KLASİK HK LACİVERT 5X' | 779.00 TL | SKU: PERSMONT.HK-KP06Y-5XL
2026-10-08 02:26:23 [INFO] [11998] 'KAYNAK MASKE CAMI CMC-6942 DIN 787' | 48.00 TL | SKU: CMC.6942
2026-10-08 02:26:24 [INFO] [5310] 'KAYNAK MASKESİ SİYAH PLASTİK CE' | 120.00 TL | SKU: ELTOS.KM340
2026-10-08 02:26:25 [INFO] [9423] 'KROŞE NO:3 8MM BETON ÇİVİLİ KABLO TUTUCU' | 55.00 TL | SKU: TEK-İŞ.520900
2026-10-08 02:26:27 [INFO] [13323] 'KULAKLIK İŞ GÜVENLİĞİ KIRMIZI S/M/L MAXS' | 390.00 TL | SKU: MAXSAFETY.EP101
2026-10-08 02:26:28 [INFO] [13324] 'KULAKLIK İŞ GÜVENLİĞİ SAI M/L MAXSAFETY ' | 510.00 TL | SKU: MAXSAFETY.EP107
2026-10-08 02:26:29 [INFO] [14728] 'KAYNAK MASKESİ EL TİPİ SİYAH PLASTİK CE ' | 117.00 TL | SKU: BAYMAX.BX4200
2026-10-08 02:26:30 [INFO] [14075] 'KAYNAK MASKESİ GENİŞ KAPAKLI 8X11 CM BAY' | 275.00 TL | SKU: BAYMAX.BX5200
2026-10-08 02:26:32 [INFO] [12074] 'KAPAK TAKIMI KUTULU' | 80.00 TL | SKU: KARPA.119
2026-10-08 02:26:33 [INFO] [5617] 'MD 109 ABS HORTUM REKORU 1/2' | 20.00 TL | SKU: MEDALYAN.MD109
2026-10-08 02:26:34 [INFO] [14205] 'İŞ PANTOLON YAZLIK KLASİK HK LACİVERT 3X' | 779.00 TL | SKU: PERSMONT.HK-KP06Y-3XL
2026-10-08 02:26:35 [INFO] [8220] 'MERDİVEN 2X11 SÜRGÜLÜ 6M ENDÜSTRİYEL ALÜ' | 7150.00 TL | SKU: SARAYLI.7211S
2026-10-08 02:26:37 [INFO] [5770] 'MASKE PROMUST MAVİ (1O LU)' | 42.00 TL | SKU: MASKE.001
2026-10-08 02:26:38 [INFO] [13282] 'MONT ÇIKMA KOL YELEK LACİVERT M' | 1788.00 TL | SKU: PERSMONT.028
2026-10-08 02:26:39 [INFO] [15046] 'NOVİSAD COTTO 6X25 2K (0,30M2)' | 179.00 TL | SKU: EGESER.60X250NVS33.2K
2026-10-08 02:26:40 [INFO] [14182] 'İŞ PANTOLON YAZLIK KLASİK HK LACİVERT XS' | 779.00 TL | SKU: PERSMONT.HK-KP06Y-XS
2026-10-08 02:26:42 [INFO] [14829] 'ÖLÜM TEHLİKESİ UYARI LEVHASI METAL 15x23' | 138.00 TL | SKU: İTHAL.046-ON-408-TM
2026-10-08 02:26:43 [INFO] [13266] 'PANTOLON BONDİT POLARLI GRİ XL' | 1668.00 TL | SKU: PERSMONT.012
2026-10-08 02:26:44 [INFO] [13271] 'PANTOLON BONDİT POLARLI LACİVERT L' | 1668.00 TL | SKU: PERSMONT.017
2026-10-08 02:26:45 [INFO] [13270] 'PANTOLON BONDİT POLARLI LACİVERT M' | 1668.00 TL | SKU: PERSMONT.016
2026-10-08 02:26:47 [INFO] [13285] 'İŞ MONTU ÇIKMA KOL YELEK LACİVERT 2XL' | 1788.00 TL | SKU: PERSMONT.031
2026-10-08 02:26:48 [INFO] [12853] 'SAPAN POLYESTER 5TON-4MT' | 786.00 TL | SKU: MERİDYEN.FBS0811
2026-10-08 02:26:49 [INFO] [9588] 'ÖLÜM TEHLİKESİ UYARI LEVHASI' | 114.00 TL | SKU: İSGLEVHA.01
2026-10-08 02:26:50 [INFO] [13621] 'SDS PLUS MATKAP UCU 30X600 MM' | 890.00 TL | SKU: WONDER.STW0139519-4
2026-10-08 02:26:52 [INFO] [2099] 'MALA TIRFIL KISA 15X22,5 DEKOR' | 282.00 TL | SKU: DEKOR.077
2026-10-08 02:26:53 [INFO] [5605] 'MD 54 REDÜKSİYON 3/4 - 1/2' | 15.00 TL | SKU: MEDALYAN.MD54
2026-10-08 02:26:54 [INFO] [13087] 'ŞARYO ELEKTRİKLİ 800 KG BIGLIFT' | 10200.00 TL | SKU: BİGLİFT.TD1
2026-10-08 02:26:55 [INFO] [13776] 'SPANZET MAKİNE SARI POLYESTER 50MM 85 GR' | 299.00 TL | SKU: ASİLÇELİK.107
2026-10-08 02:26:57 [INFO] [14190] 'İŞ PANTOLON YAZLIK FERMUARLI HK LACİVERT' | 899.00 TL | SKU: PERSMONT.HK-PF06Y-4XL
2026-10-08 02:26:58 [INFO] [11661] 'SPATULA KAZIMA NO:10 DEKOR 727' | 132.00 TL | SKU: DEKOR.727
2026-10-08 02:26:59 [INFO] [13775] 'SPANZET MAKİNE SİYAH POLYESTER 50MM 55 G' | 210.00 TL | SKU: ASİLÇELİK.106
2026-10-08 02:27:00 [INFO] [6459] 'SİNEKLİK MENTEŞE PLASTİK BEYAZ' | 10.00 TL | SKU: NOBEL.32933
2026-10-08 02:27:02 [INFO] [3226] 'TOZ MASKESİ C200 FFP2 NR ERA' | 24.00 TL | SKU: ERA.001
2026-10-08 02:27:03 [INFO] [9835] 'TOSHİBA PİL İNCE KUMANDA 23A 12V ALKALİN' | 50.00 TL | SKU: TOSHİBA.23A
2026-10-08 02:27:04 [INFO] [14161] 'TOZ MASKESİ GRİ VENTİLLİ 7210 AC FFP2 NR' | 54.00 TL | SKU: ERA.İ043102
2026-10-08 02:27:05 [INFO] [8281] 'LAMİNANT T EŞİK PRF 15 MM LÜX MATKROM 2.' | 129.00 TL | SKU: SAY.376.15.MKR.2
2026-10-08 02:27:07 [INFO] [12912] 'SPANZET KOLON SİYAH KANCALI (10MT 50MM 5' | 203.00 TL | SKU: ASİLÇELİK.105
2026-10-08 02:27:08 [INFO] [5819] 'UYARI LAMBASI FLAŞÖRLÜ SARI MS1-2101 MAX' | 994.00 TL | SKU: MAXSAFETY.MS1-2101
2026-10-08 02:27:09 [INFO] [5820] 'UYARI LAMBASI FLAŞÖRLÜ KIRMIZI MS1-2102 ' | 994.00 TL | SKU: MAXSAFETY.MS1-2102
2026-10-08 02:27:10 [INFO] [8518] 'SİLİKON SİYAH 280 GR POLYFİX ÜNV (1KT-24' | 90.00 TL | SKU: SELENA.147
2026-10-08 02:27:12 [INFO] [14058] 'UYARI LEVHASI "BONE KULLAN" 16X24  LUNA' | 201.00 TL | SKU: LUNA.552357
2026-10-08 02:27:13 [INFO] [10967] 'UYARI LEVHASI "BARET KULLAN" 16X24 LUNA ' | 180.00 TL | SKU: LUNA.552326
2026-10-08 02:27:14 [INFO] [14045] 'UYARI LEVHASI "DİKKAT" 25.5X36 LUNA' | 191.00 TL | SKU: LUNA.553088
2026-10-08 02:27:15 [INFO] [3227] 'TOZ MASKESİ GRİ VENTİLLİ 5210 AC FFP2 NR' | 42.00 TL | SKU: ERA.İ043103
2026-10-08 02:27:17 [INFO] [14047] 'UYARI LEVHASI "DİKKAT KAYGAN ZEMİN" 25.5' | 191.00 TL | SKU: LUNA.551978
2026-10-08 02:27:18 [INFO] [10968] 'UYARI LEVHASI "DİKKAT TEHLİKE" 25.5X36 L' | 180.00 TL | SKU: LUNA.551961
2026-10-08 02:27:19 [INFO] [14056] 'UYARI LEVHASI "DİKKAT YANABİLİR" 16X24  ' | 201.00 TL | SKU: LUNA.552418
2026-10-08 02:27:20 [INFO] [12231] 'METRE ŞERİT 7.5 MT*25MM BTS 12297' | 249.00 TL | SKU: BTS.12297
2026-10-08 02:27:22 [INFO] [6861] 'TEKERLEK DÖNER TABLALI ÇİFTLİ 40 MM 15 K' | 22.00 TL | SKU: NOBEL.842-P
2026-10-08 02:27:23 [INFO] [11125] 'UYARI LEVHASI "ELDİVEN KULLAN" 16X24 LUN' | 239.00 TL | SKU: LUNA.552340
2026-10-08 02:27:24 [INFO] [14049] 'UYARI LEVHASI "ELDİVEN KULLAN" 25.5X36 L' | 239.00 TL | SKU: LUNA.551824
2026-10-08 02:27:25 [INFO] [14051] 'UYARI LEVHASI "DUŞ ALMADAN HAVUZA GİRMEY' | 201.00 TL | SKU: LUNA.552524
2026-10-08 02:27:27 [INFO] [14057] 'UYARI LEVHASI "ENGELLİ OTOPARK" 16X24  L' | 201.00 TL | SKU: LUNA.552388
2026-10-08 02:27:28 [INFO] [14059] 'UYARI LEVHASI "ENGELLİ WC" 10X10  LUNA' | 96.00 TL | SKU: LUNA.552067
2026-10-08 02:27:29 [INFO] [14050] 'UYARI LEVHASI "GALOŞ KULLAN" 16X24  LUNA' | 201.00 TL | SKU: LUNA.552364
2026-10-08 02:27:30 [INFO] [14063] 'UYARI LEVHASI "GÜVENLİK" 7X25  LUNA' | 107.00 TL | SKU: LUNA.553033
2026-10-08 02:27:32 [INFO] [14055] 'UYARI LEVHASI "DİKKAT YÜKSEK GERİLİM" 16' | 201.00 TL | SKU: LUNA.552425
2026-10-08 02:27:33 [INFO] [5823] 'TRAFİK ZİNCİRİ 6 MM KIRMIZI-BEYAZ (MS1-3' | 42.00 TL | SKU: MAXSAFETY.MS1-3120
2026-10-08 02:27:34 [INFO] [14054] 'UYARI LEVHASI "MERDİVEN BEYAZ ZEMİN" 10X' | 96.00 TL | SKU: LUNA.5553057
2026-10-08 02:27:35 [INFO] [11124] 'UYARI LEVHASI "DİKKAT FORKLİFT ÇALIŞIYOR' | 180.00 TL | SKU: LUNA.551947
2026-10-08 02:27:37 [INFO] [14070] 'UYARI LEVHASI "İTİNİZ" 5,5X9 LUNA' | 210.00 TL | SKU: LUNA.552029
2026-10-08 02:27:38 [INFO] [14068] 'UYARI LEVHASI "YANGIN ÇIKIŞ DEVAM" 12X36' | 252.00 TL | SKU: LUNA.552685
2026-10-08 02:27:39 [INFO] [14071] 'UYARI LEVHASI "ÇEKİNİZ" 5,5X9 LUNA' | 192.00 TL | SKU: LUNA.552012
2026-10-08 02:27:40 [INFO] [14067] 'UYARI LEVHASI "MERDİVEN "16X16 LUNA' | 186.00 TL | SKU: LUNA.551800
2026-10-08 02:27:42 [INFO] [14060] 'UYARI LEVHASI "YANGIN ÇIKIŞI SOL" 7X25  ' | 107.00 TL | SKU: LUNA.5553058
2026-10-08 02:27:43 [INFO] [14065] 'UYARI LEVHASI "YANGIN HORTUMU" 11,5X25 L' | 270.00 TL | SKU: LUNA.552609
2026-10-08 02:27:44 [INFO] [13085] 'VİNÇ ASKI BAĞLANTI APARATI 600 KG BIGLIF' | 2400.00 TL | SKU: BİGLİFT.HST-600-750
2026-10-08 02:27:45 [INFO] [14061] 'UYARI LEVHASI "YANGIN ÇIKIŞI SAĞ" 7X25  ' | 107.00 TL | SKU: LUNA.552722
2026-10-08 02:27:47 [INFO] [10071] 'YAĞMURLUK SEGNAN LÜX SARI' | 324.00 TL | SKU: YAĞMURLUK.SEGNAN.001
2026-10-08 02:27:48 [INFO] [10966] 'UYARI LEVHASI "EMNİYET KEMERİ KULLAN"16X' | 216.00 TL | SKU: LUNA.552371
2026-10-08 02:27:49 [INFO] [11253] 'YELEK SOTİNA FÜME 2XL-3XL' | 804.00 TL | SKU: PERSMONT.004
2026-10-08 02:27:50 [INFO] [14064] 'UYARI LEVHASI "BAKIM/ONARIM" 7X25  LUNA' | 107.00 TL | SKU: LUNA.553026
2026-10-08 02:27:52 [INFO] [11251] 'YELEK SOTİNA FÜME S-M' | 804.00 TL | SKU: PERSMONT.002
2026-10-08 02:27:53 [INFO] [11249] 'YELEK SOTİNA PROMOSYON' | 804.00 TL | SKU: PERSMONT.001
2026-10-08 02:27:54 [INFO] [13779] 'YUKARIDA ÇALIŞANLAR VAR UYARI LEVHASI' | 95.00 TL | SKU: İSGLEVHA.04
2026-10-08 02:27:55 [INFO] [14887] 'ZIMBA TELİ U ÇİVİ 9025 1P=5000AD' | 500.00 TL | SKU: AKDENİZ.YZTAKD9025
2026-10-08 02:27:57 [INFO] [10070] 'YAĞMURLUK TEK KULLANIMLIK ŞEFFAF' | 72.00 TL | SKU: YAĞMURLUK.003
2026-10-08 02:27:58 [INFO] [15146] 'SERAMİK MALASI 40 CM PVC KAPALI 10X10 DU' | 325.00 TL | SKU: DUYAR.DY189
2026-10-08 02:27:59 [INFO] [11252] 'YELEK SOTİNA FÜME L-XL' | 804.00 TL | SKU: PERSMONT.003
2026-10-08 02:28:00 [INFO] [12910] 'SPANZET KOLON SARI KANCALI (10MT 50MM 85' | 299.00 TL | SKU: ASİLÇELİK.104
2026-10-08 02:28:02 [INFO] [766] 'SPANZET KOLON SİYAH 50MM 55 GR 1 METRE' | 33.00 TL | SKU: ASİLÇELİK.102
2026-10-08 02:28:03 [INFO] [12909] 'SPANZET TAKIM 1 TON 4 MT 35MM TURUNCU' | 300.00 TL | SKU: ASİLÇELİK.0002
2026-10-08 02:28:04 [WARNING] [14779] 429 Too Many Requests — 116s bekleniyor (deneme 1/3, hiz 0.4/sn)
2026-10-08 02:28:07 [WARNING] [10012] 429 Too Many Requests — 113s bekleniyor (deneme 1/3, hiz 0.2/sn)
2026-10-08 02:28:12 [WARNING] [1475] 429 Too Many Requests — 109s bekleniyor (deneme 1/3, hiz 0.2/sn)
2026-10-08 02:28:17 [WARNING] [12911] 429 Too Many Requests — 103s bekleniyor (deneme 1/3, hiz 0.2/sn)
2026-10-08 02:28:22 [WARNING] [14069] 429 Too Many Requests — 99s bekleniyor (deneme 1/3, hiz 0.2/sn)
2026-10-08 02:28:27 [WARNING] [14062] 429 Too Many Requests — 93s bekleniyor (deneme 1/3, hiz 0.2/sn)
2026-10-08 02:28:32 [WARNING] [767] 429 Too Many Requests — 88s bekleniyor (deneme 1/3, hiz 0.2/sn)
2026-10-08 02:28:37 [WARNING] [14066] 429 Too Many Requests — 83s bekleniyor (deneme 1/3, hiz 0.2/sn)
2026-10-08 02:30:00 [INFO] [10012] 'SPANZET TAKIM 2 TON 6 MT 35MM 20213 VİVA' | 360.00 TL | SKU: ASİLÇELİK.0003
2026-10-08 02:30:00 [INFO] [767] 'SPANZET KOLON SARI 50MM 85 GR 1 METRE' | 42.00 TL | SKU: ASİLÇELİK.103
2026-10-08 02:30:00 [INFO] [14066] 'UYARI LEVHASI "YANGIN BUTONU" FOSFORLU 1' | 270.00 TL | SKU: LUNA.552616
2026-10-08 02:30:00 [INFO] ... ilerleme 200/464 (tazelenen 198, basarisiz 2, korunan 2, atlanan 0)
2026-10-08 02:30:05 [INFO] [12911] 'SPANZET TAKIM MİNİ 25 MM 4 MT TURUNCU' | 240.00 TL | SKU: ASİLÇELİK.0001
2026-10-08 02:30:10 [INFO] [15277] 'SUNTA KESME TESTERE 180x24x22.2 WONDER' | 405.00 TL | SKU: WONDER.STW01863
2026-10-08 02:30:15 [INFO] [14069] 'UYARI LEVHASI "YANGIN ÇIKIŞ SOL" 12X36  ' | 252.00 TL | SKU: LUNA.552678
2026-10-08 02:30:20 [INFO] [14922] 'TEL FIRÇA PVC SAPLI SARI TELLİ WERT' | 99.00 TL | SKU: WERT.2770
2026-10-08 02:30:25 [INFO] [3593] 'ASTAR DÖNÜŞÜM 3,5 KG İÇ CEPHE FAWORİ' | 550.00 TL | SKU: FAWORİ.013
2026-10-08 02:30:30 [INFO] [14062] 'UYARI LEVHASI "TOPLANTI ODASI" 7X25  LUN' | 107.00 TL | SKU: LUNA.552821
2026-10-08 02:30:35 [INFO] [11557] 'DUŞ SPİRAL HORTUMU ÖRGÜLÜ GMS 175 CM' | 335.00 TL | SKU: GMS.YD029
2026-10-08 02:30:40 [INFO] [12283] 'SANDALYE PLASTİK SELEN EKO AÇIK GRİ' | 399.00 TL | SKU: SÖNMEZ.785B
2026-10-08 02:30:45 [INFO] [1475] 'VİNÇ ELEKTRİKLİ 600/1200 KG 10/20 M 1800' | 17400.00 TL | SKU: BİGLİFT.MAXVINC600/1200
2026-10-08 02:30:50 [INFO] [15673] 'ELDİVEN ASİT 45 CM SİYAH UZUN KAUÇUK RUB' | 275.00 TL | SKU: RUBİ.010223
2026-10-08 02:30:55 [INFO] [12421] 'KAFA LAMBASI USB ŞARJLI PT-5222 PANTHER' | 325.00 TL | SKU: PANTHER PT-5222
2026-10-08 02:31:00 [INFO] [15273] 'İŞARETLEME KALEMİ SİYAH PM-720' | 60.00 TL | SKU: WONDER.STW01052
2026-10-08 02:31:05 [INFO] [15424] 'MAKET BIÇAĞI RAK 117 PRF SİYAH METAL GEN' | 85.00 TL | SKU: RTRMAX.RAK117
2026-10-08 02:31:10 [INFO] [12347] 'TUTKAL AHŞAP BEYAZ 1/2 SU BAZLI 350 GR P' | 145.00 TL | SKU: PASS.PT01
2026-10-08 02:31:15 [INFO] [8150] 'ZEMİN/KORUMA ÖRTÜSÜ KALIN 32 M2 KARDELEN' | 120.00 TL | SKU: KARDELEN.0062
2026-10-08 02:31:20 [INFO] [10036] 'KAYNAKÇI CAMI 110X80X11 MM WELTİG' | 30.00 TL | SKU: WELTİG.NO11
2026-10-08 02:31:25 [INFO] [15034] 'KORUYUCU GÖZLÜK BUĞULANMAZ ŞEFFAF CAM BA' | 198.00 TL | SKU: BAYMAX.S550AF-S
2026-10-08 02:31:30 [INFO] [15331] 'ALÇI MALASI AÇIK PLASTİK SAP 35 CM SKARP' | 230.00 TL | SKU: SKARP.AL100335
2026-10-08 02:31:35 [INFO] [15171] 'METAL KESİCİ PRO 230X3,0X22,23 EGESAN' | 79.00 TL | SKU: EGESAN.272027
2026-10-08 02:31:40 [INFO] [14514] 'MANTOLAMA DÜBELİ EURO ÇELİK ÇİVİLİ 11.5 ' | 3.75 TL | SKU: DARKSS.MDÇ.11.5
2026-10-08 02:31:45 [INFO] [13934] 'SİBAX YANGIN SÖNDÜRÜCÜ SPREY SB112-1000 ' | 479.00 TL | SKU: SİBAX.SB112
2026-10-08 02:31:50 [INFO] [15506] 'FIRÇA YAĞLI BOYA AHŞAP SAP NO:1.5 402 YI' | 50.00 TL | SKU: YILDIRIMFIRÇA.402
2026-10-08 02:31:54 [INFO] [3734] 'ASTAR DIŞ CEPHE BEYAZ 20 KG FAWORİ' | 2250.00 TL | SKU: FAWORİ.163
2026-10-08 02:31:58 [INFO] [10944] 'SUNTA KESME TESTERE 185X40X30 WONDER' | 430.00 TL | SKU: WONDER.STW018642
2026-10-08 02:32:02 [INFO] [12700] 'ANAHTAR BEYAZ SIVA ÜSTÜ TEKLİ VERA VİKO' | 65.00 TL | SKU: VİKO.90681001
2026-10-08 02:32:06 [INFO] [3700] 'DIŞ CEPHE BOYASI FAWORİ PREMİUM SİL MİX-' | 900.00 TL | SKU: FAWORİ.128
2026-10-08 02:32:10 [INFO] [9189] 'ÇEKMECE KİLİDİ KARE NO:138-22C  - STANDA' | 37.50 TL | SKU: STD.945844800
2026-10-08 02:32:14 [INFO] [8437] 'SÖKÜ DEMİRİ MANİVELA 80 CM (2895-GR)' | 558.00 TL | SKU: SD.SK8000
2026-10-08 02:32:18 [INFO] [14779] 'KOLİ KALEMİ MAVİ YUMA 790-M' | 22.50 TL | SKU: YUMA.YM-790-M
2026-10-08 02:32:22 [INFO] [6174] 'SEMER 42*45 9002 BEYAZ SEMER' | 4.00 TL | SKU: NALBUR.054
2026-10-08 02:32:26 [INFO] [13367] 'EMNİYET KEMERİ PARAŞÜTÇÜ BEL DESTEKSİZ S' | 706.00 TL | SKU: SAFESET.SPF-2
2026-10-08 02:32:30 [INFO] [4832] '20 KÜRESEL VANA PPRC KALDE' | 93.00 TL | SKU: KALDE.3242VLB200003
2026-10-08 02:32:34 [INFO] [15414] 'SPİRAL HORTUM ROBOT DUŞ KISA 80 CM ÖRGÜL' | 195.00 TL | SKU: GMS.ST048
2026-10-08 02:32:38 [INFO] [1398] 'KAYNAK GÖZLÜK SİYAH DYNAMİC S500 BAYMAX' | 159.00 TL | SKU: BAYMAX.S500
2026-10-08 02:32:42 [INFO] [6575] 'GİZLİ RAF TUTUCU 8X14 CM 1 AD' | 50.00 TL | SKU: NOBEL.355030814
2026-10-08 02:32:46 [INFO] [8917] 'SİPERLİK MASKE PVC CAMLI' | 360.00 TL | SKU: ESSAFE.GE1218
2026-10-08 02:32:50 [INFO] [5821] 'DELİNATÖR DUBA 30CM ESNEK TRAFİK ŞERİT A' | 240.00 TL | SKU: MAXSAFETY.MS1-2518
2026-10-08 02:32:54 [INFO] [11369] 'DUVAR PANELİ AGT MDF LB-3786 MAT TEAK 19' | 450.00 TL | SKU: AGT.120038202
2026-10-08 02:32:58 [INFO] [15645] 'FOLYO BANT ALÜMİNYUM TAKVİYELİ 44X20 MT ' | 80.00 TL | SKU: WONDER.WBFT4420
2026-10-08 02:33:02 [INFO] [11150] 'KABLO NYM 2X1,5 MM2 ANTİGRON ÖZNUR 1M (1' | 50.00 TL | SKU: ÖZNUR.KAB068
2026-10-08 02:33:06 [INFO] [5132] 'KÜRESEL VANA 1P' | 780.00 TL | SKU: KALDE.3391BBV100002
2026-10-08 02:33:10 [INFO] [12925] 'SİLİKON TABANCA PRF PVC FRS 203' | 129.00 TL | SKU: FRS.203
2026-10-08 02:33:14 [INFO] [3605] 'ASTAR DÖNÜŞÜM 10-KG İÇ CEPHE FAWORİ' | 1300.00 TL | SKU: FAWORİ.028
2026-10-08 02:33:18 [INFO] [6314] 'KAPI KOLU AVANTİ K.ROZETLİ WC KROM' | 395.00 TL | SKU: NOBEL.113206230
2026-10-08 02:33:22 [INFO] [3371] 'AUTOKIT OTO YIKAMA SÜNGERİ FA1-135' | 58.00 TL | SKU: AUTOKİT.FA1-135
2026-10-08 02:33:26 [INFO] [12537] 'İŞ MONT' | 2280.00 TL | SKU: İŞGÜVENLİĞİ.01
2026-10-08 02:33:30 [INFO] [13797] 'LED AMPUL CRYSTAL 30W 6400K BEYAZ 175-26' | 95.00 TL | SKU: HOROZ.001-016-1030
2026-10-08 02:33:33 [INFO] [1598] 'BİTÜSELF STAR 15 CM YEŞİL' | 550.00 TL | SKU: BTM.BSY-15
2026-10-08 02:33:36 [INFO] [15816] 'AÇILI ÇEKTİRME ŞEFFAF T BAĞLANTI 100 ADE' | 10.00 TL | SKU: NOBEL.3333195
2026-10-08 02:33:40 [INFO] [10980] 'DUŞAKABİN TEKERLEĞİ SİYAH PVC MAK46' | 125.00 TL | SKU: CABINART.MAK46S
2026-10-08 02:33:43 [INFO] [12534] 'DUŞ TAKIMI İREM' | 560.00 TL | SKU: GMS.ST015
2026-10-08 02:33:46 [INFO] [1522] 'İŞ BOTU ÇELİK BURUN NO:45' | 779.00 TL | SKU: BMES.571.045
2026-10-08 02:33:49 [INFO] [14282] 'ELDİVEN ZEBRA 1/2 MAVİ NO:10' | 60.00 TL | SKU: CMC.1723
2026-10-08 02:33:52 [INFO] [15027] 'BİLYALI TUZAKLI BAREL 68 MM SATEN YUMA Y' | 440.00 TL | SKU: YUMA.YM-B68BTS
2026-10-08 02:33:56 [INFO] [2354] '30*30*2.0MM KUTU PROFİL(ANTİPASLI)' | 504.78 TL | SKU: DEM.PRF.161
2026-10-08 02:33:59 [INFO] [7404] 'BAHÇE LAMBASI PT-B028S SOLAR GLOBE' | 75.00 TL | SKU: PANTHER PT-B028S
2026-10-08 02:34:02 [INFO] [2305] '40*100*2.0MM KUTU PROFİL (ANTİPASLI)' | 1258.00 TL | SKU: DEM.PRF.045
2026-10-08 02:34:05 [INFO] [7524] 'POLİKARBON 6MM 210*600 BEYAZ (12,6)' | 3200.00 TL | SKU: POL.KRB.LV06.03
2026-10-08 02:34:08 [INFO] [14041] 'ELDİVEN YEŞİL CAMCI 1/2 CMC 1737' | 72.00 TL | SKU: CMC.1737
2026-10-08 02:34:12 [INFO] [3695] 'SENTETİK BOYA SİYAH 0.75 LT PREM. FAWORİ' | 350.00 TL | SKU: FAWORİ.123
2026-10-08 02:34:15 [INFO] [673] 'ANTİFİRİZ PETROX -56 KIRMIZI 3 LT' | 479.00 TL | SKU: ANTİFRİZ.PETROX.-56.3LT
2026-10-08 02:34:18 [INFO] [1601] 'BİTÜSELF STAR 20 CM YEŞİL' | 850.00 TL | SKU: BTM.BSY-20
2026-10-08 02:34:21 [INFO] [14074] 'KAYNAK MASKESİ BAŞ TİPİ ATİKERWELD CAM H' | 510.00 TL | SKU: ATİKER.BTM01
2026-10-08 02:34:24 [INFO] [4260] '0.40*86*200 TRAPEZ' | 400.00 TL | SKU: GLV.SAC.040.2000
2026-10-08 02:34:28 [INFO] [10068] 'YAĞMURLUK PARDESÜ ASTARLI SARI  XXL' | 324.00 TL | SKU: YAĞMURLUK.10010075
2026-10-08 02:34:31 [INFO] [9183] 'MENTEŞE FRENLİ-PİSTONLU DÜZ' | 50.00 TL | SKU: STD.942674800
2026-10-08 02:34:34 [INFO] [15015] 'TRANSPALET 2500 KG BİGLİFT' | 15480.00 TL | SKU: BİGLİFT.BİGDFER25K.ACER25K
2026-10-08 02:34:37 [INFO] [3616] 'ASTAR DÖNÜŞÜM 20 KG İÇ CEPHE FAWORİ' | 2300.00 TL | SKU: FAWORİ.044
2026-10-08 02:34:40 [INFO] [4269] '0.50*86*450 TRAPEZ' | 1012.50 TL | SKU: GLV.SAC.050.4500
2026-10-08 02:34:44 [INFO] [4314] 'FLEX BAĞLANTI 60CM 3/8- 3/8' | 60.00 TL | SKU: GMS.FB805
2026-10-08 02:34:47 [INFO] [13727] '0.40*86*4000 TRAPEZ (GRİ)' | 940.00 TL | SKU: RALL.7016.040.4000
2026-10-08 02:34:50 [INFO] [3208] 'EPS-50 KARBONLU 2CM 50*100 (25AD 12,5m2)' | 709.00 TL | SKU: EPS.14.0010
2026-10-08 02:34:52 [INFO] [714] 'KAPLİN TE REDÜKSİYONLU 32/20/32 A8351' | 126.00 TL | SKU: ARANGÜL.A8351
2026-10-08 02:34:55 [INFO] [11122] 'ELDİVEN ASİT 45 CM SİYAH UZUN KAUÇUK PAN' | 275.00 TL | SKU: DOUBLEPANDA.H2-45
2026-10-08 02:34:58 [INFO] [7787] 'BAŞLI ÇİVİ TABANCA F25 1P=5000 AD' | 240.00 TL | SKU: RAYTEL.F25
2026-10-08 02:35:00 [INFO] [15260] 'ELDİVEN PU TOUCH SİYAH MONTAJ ELDİVENİ N' | 54.00 TL | SKU: BEYBİ.i040204
2026-10-08 02:35:03 [INFO] [7969] 'METRE ŞERİT RTH12103 PROF. 5X25 MM RTRMA' | 225.00 TL | SKU: RTRMAX.RTH12103
2026-10-08 02:35:05 [INFO] [15261] 'ELDİVEN PU TOUCH SİYAH MONTAJ ELDİVENİ N' | 54.00 TL | SKU: BEYBİ.İ040205
2026-10-08 02:35:08 [INFO] [5806] 'MAKET BIÇAĞI 9 MM RM-29109' | 50.00 TL | SKU: MAX.RM29109
2026-10-08 02:35:11 [INFO] [2386] '40*80*3.0MM KUTU PROFİL (ANTİPASLI)' | 1434.35 TL | SKU: DEM.PRF.239
2026-10-08 02:35:13 [INFO] [15470] 'METRE ŞERİT 5MT 19MM ÇİFT STOPLU RODEX' | 115.00 TL | SKU: RODEX.RHT0901191519
2026-10-08 02:35:16 [INFO] [15344] 'ELDİVEN PU TOUCH SİYAH MONTAJ ELDİVENİ N' | 54.00 TL | SKU: BEYBİ.İ040207
2026-10-08 02:35:18 [INFO] [9896] 'KOLİ BANDI KAHVE 45X100 METRE' | 85.00 TL | SKU: ASTEL.A07136
2026-10-08 02:35:21 [INFO] [5029] 'RAPİD END ASTAR PROMAX KIRMIZI SELÜLOZİK' | 3000.00 TL | SKU: KARDELEN.028
2026-10-08 02:35:23 [INFO] [14186] 'İŞ PANTOLON YAZLIK FERMUARLI HK LACİVERT' | 899.00 TL | SKU: PERSMONT.HK-PF06Y-L
2026-10-08 02:35:26 [INFO] [9077] 'SUNTA VİDASI 6x70 STD (100)' | 185.00 TL | SKU: STD.9000043700
2026-10-08 02:35:28 [INFO] [2012] 'MANTOLAMA DÜBELİ PVC ÇİVİLİ 18-CM SPECO ' | 2.75 TL | SKU: SPECO.MD.18
2026-10-08 02:35:31 [INFO] [2160] 'ZIMBA TELİ 80/16' | 100.00 TL | SKU: DELTA.80/16
2026-10-08 02:35:33 [INFO] [795] 'ASMA TAVAN KAROPAN KÜRE BEYAZ 60*60 8MM ' | 62.50 TL | SKU: ASMAT.052
2026-10-08 02:35:36 [INFO] [7299] 'CEPHE PANELİ PU 40*EKO*6000(9002)' | 3210.00 TL | SKU: PANEL.0040
2026-10-08 02:35:39 [INFO] [2024] 'MANTOLAMA DÜBELİ ÇELİK ÇİVİ 17.5-CM (SPE' | 4.75 TL | SKU: SPECO.MDÇ.17.5
2026-10-08 02:35:41 [INFO] [15141] 'SIRIK TELESKOPİK 2 MT ASLANLAR' | 175.00 TL | SKU: ASLANLAR.H05061
2026-10-08 02:35:44 [INFO] [9116] 'TRP.VİDA 5,5*105-5MM 1 AD' | 4.50 TL | SKU: STD.900147700
2026-10-08 02:35:46 [INFO] [6124] 'KABLO KANALI YAPIŞKANLI 16X16MM 2M BEYAZ' | 60.00 TL | SKU: MUTLUSAN.1143016016
2026-10-08 02:35:49 [INFO] [4483] 'TEL FIRÇA PVC SAPLI SARI TEL (HA10151)' | 100.00 TL | SKU: HAWK.HA10151
2026-10-08 02:35:51 [INFO] [13785] 'PANEL ARMATÜR CLİP-İN 30X30 25W 6400K' | 225.00 TL | SKU: CATA.5286
2026-10-08 02:35:54 [INFO] [9070] 'BULDEKS VİDA 7.5x60 1 AD' | 1.95 TL | SKU: STD.900042700
2026-10-08 02:35:56 [INFO] [11778] 'BİTS UÇ PZ2-150MM STANDART' | 75.00 TL | SKU: STD.961117800
2026-10-08 02:35:58 [INFO] [9068] 'BULDEKS VİDA 7.5x80 1 AD' | 2.50 TL | SKU: STD.900044700
2026-10-08 02:36:00 [INFO] [14751] 'ELDİVEN PU KAPLI SLİM NO:9 BEYBİ' | 48.00 TL | SKU: BEYBİ.İ040216
2026-10-08 02:36:00 [INFO] ... ilerleme 300/464 (tazelenen 298, basarisiz 2, korunan 2, atlanan 0)
2026-10-08 02:36:02 [INFO] [2371] '30*40*2.0MM KUTU PROFİL(ANTİPASLI)' | 587.39 TL | SKU: DEM.PRF.215
2026-10-08 02:36:04 [INFO] [7295] 'CEPHE PANELİ PU 40*EKO*5000(9002)' | 2675.00 TL | SKU: PANEL.0036
2026-10-08 02:36:06 [INFO] [15103] 'AMPUL LEDOLET 18W BEYAZ LED 6500K' | 57.50 TL | SKU: LEDOLET.18W
2026-10-08 02:36:08 [INFO] [13275] 'İŞ MONTU ÇIKMA KOL YELEK GRİ S' | 1788.00 TL | SKU: PERSMONT.021
2026-10-08 02:36:10 [INFO] [7333] 'PANEL ÇİT KLİPS PVC-ANTRASİT GRİ 1 AD' | 10.00 TL | SKU: PANELÇİT.0034
2026-10-08 02:36:12 [INFO] [13269] 'PANTOLON BONDİT POLARLI LACİVERT S' | 1668.00 TL | SKU: PERSMONT.015
2026-10-08 02:36:14 [INFO] [13263] 'PANTOLON BONDİT POLARLI GRİ S' | 1668.00 TL | SKU: PERSMONT.009
2026-10-08 02:36:17 [INFO] [13076] 'ASMA KİLİT GRİ 20mm' | 25.00 TL | SKU: STD.953740800
2026-10-08 02:36:19 [INFO] [13034] 'YAĞMURLUK STD LÜKS YEŞİL XXL-XL' | 324.00 TL | SKU: YAĞMURLUK.STD.002
2026-10-08 02:36:21 [INFO] [1860] 'KARTEK KARTONPİYER ALÇISI (30-KG)' | 159.00 TL | SKU: DALSAN.105
2026-10-08 02:36:23 [INFO] [13752] 'LED AMPUL CRYSTAL 50W BEYAZ 6400K 175-26' | 150.00 TL | SKU: HOROZ.001-016-1050
2026-10-08 02:36:25 [INFO] [14750] 'ELDİVEN PU KAPLI KESİLMEYE DİRENÇLİ NO:1' | 215.00 TL | SKU: BEYBİ.İ04CU200B
2026-10-08 02:36:27 [INFO] [13281] 'MONT YELEK ÇIKMA KOL LACİVERT S' | 1788.00 TL | SKU: PERSMONT.027
2026-10-08 02:36:29 [INFO] [11531] 'BATARYA ZİRVE MİX EVİYE (YATIK BORU)' | 2450.00 TL | SKU: GMS.ZRV104
2026-10-08 02:36:31 [INFO] [12705] 'BALTİMORE MAT AÇIK GRİ 45X45 1K K8 (1,62' | 644.00 TL | SKU: EGESER.450X450BTM57
2026-10-08 02:36:33 [INFO] [10995] 'BORU KILIFI 22/10 2 MT PROCO' | 15.00 TL | SKU: PROCO.001
2026-10-08 02:36:35 [INFO] [11629] 'TORNAVİDA YILDIZ 5X100 MEGA' | 45.00 TL | SKU: MEGA.MG1125100
2026-10-08 02:36:37 [INFO] [6262] 'METAL KESİCİ 180x3 MM 38006 - NİKON' | 55.00 TL | SKU: NIKON.38006
2026-10-08 02:36:39 [INFO] [9886] 'MEMBRAN 3MM WİNROOF WP3000 -10C (10M2) (' | 1100.00 TL | SKU: WİNROOF.UKS101
2026-10-08 02:36:41 [INFO] [12106] 'TAVAN BOYASI (ÖZEL) DARKSS 3 KG' | 249.00 TL | SKU: DARKSS.B.TB3
2026-10-08 02:36:43 [INFO] [6260] 'METAL KESİCİ 115x2.5 MM 38002 - NİKON' | 27.50 TL | SKU: NIKON.38002
2026-10-08 02:36:45 [INFO] [1017] 'ŞARJ ALETİ ARABA ÇAKMAKLIK TYPE-C AV-QC7' | 99.00 TL | SKU: AVEC.AVQC7203
2026-10-08 02:36:47 [INFO] [3229] 'DERZ BANDI 50mm x 90m (36)' | 109.00 TL | SKU: DARKSS.DB5090
2026-10-08 02:36:48 [INFO] [4441] 'HORTUM TERAZİ ŞEFFAF 10 MM 1 M' | 17.50 TL | SKU: GÜNEŞ.0016.10
2026-10-08 02:36:50 [INFO] [3964] 'KLİPS 1 AD (1000)' | 2.00 TL | SKU: FOUR.HNK0022
2026-10-08 02:36:52 [INFO] [9957] 'ÇERÇEVE TEKLİ BEYAZ LİNNERA VİKO' | 25.00 TL | SKU: VİKO.90480001
2026-10-08 02:36:53 [INFO] [3231] 'DERZ BANDI 100mm x 90m (18)' | 199.00 TL | SKU: DARKSS.DB10090
2026-10-08 02:36:55 [INFO] [11382] 'SOKAK KAMP LAMBASI PT-K24 SOLAR KIRMIZI ' | 125.00 TL | SKU: PANTHER PT-K24
2026-10-08 02:36:57 [INFO] [613] 'KABLO BAĞI CIRT KELEPÇE 250X4.8 SİYAH 10' | 95.00 TL | SKU: WONDER.STW01628
2026-10-08 02:36:58 [INFO] [10931] 'TANGİT SERT PVC YAPIŞTIRICI 125 GR' | 225.00 TL | SKU: TANGİT.HT2121340
2026-10-08 02:37:00 [INFO] [2044] 'TAVAN BOYASI (ÖZEL) DARKSS 10 KG' | 399.00 TL | SKU: DARKSS.B.TB10
2026-10-08 02:37:02 [INFO] [4649] 'İKAZ İŞÇİ YELEK MÜHENDİS TURUNCU FOSFORL' | 195.00 TL | SKU: İKAZ.YELEGİ.03
2026-10-08 02:37:03 [INFO] [3599] 'İÇ CEPHE SİLİKONLU MAT MİX-1 20-KG FAWOR' | 2950.00 TL | SKU: FAWORİ.020
2026-10-08 02:37:05 [INFO] [9318] 'MATKAP UÇLU YHB/YSB/RYSB  KG' | 600.00 TL | SKU: STD.YHB
2026-10-08 02:37:07 [INFO] [1594] 'BİTÜSELF STAR 10 CM KIRMIZI' | 450.00 TL | SKU: BTM.BSK-10
2026-10-08 02:37:08 [INFO] [4874] '100/3000 PİS SU BORU KALDE' | 511.00 TL | SKU: KALDE.5203TBE0M3000
2026-10-08 02:37:10 [INFO] [2426] '80*80*2.0MM KUTU PROFİL(ANTİPASLI)' | 1439.00 TL | SKU: DEM.PRF.367
2026-10-08 02:37:11 [INFO] [2713] 'KULAK TIKACI İPLİ EAR ULTRAFIT SNR=32 dB' | 30.00 TL | SKU: EAR.ULTRALİFT
2026-10-08 02:37:13 [INFO] [2378] '40*60*2.0MM KUTU PROFİL (ANTİPASLI)' | 840.58 TL | SKU: DEM.PRF.230
2026-10-08 02:37:15 [INFO] [15075] 'MAKET BIÇAĞI METAL MAK117' | 120.00 TL | SKU: ORIENT.MAK117
2026-10-08 02:37:16 [INFO] [15150] 'İŞARETLEME KALEMİ MİNİ 3 CM RENKLİ CEP B' | 69.00 TL | SKU: STANLEY.1.47.329
2026-10-08 02:37:18 [INFO] [8498] 'PU KÖPÜK TEMİZLEYİCİ 500 ML TYTAN' | 209.00 TL | SKU: SELENA.10051580
2026-10-08 02:37:20 [INFO] [2107] 'RULO DEKOR PLASDEK İÇ CEPHE 20CM 1015' | 260.00 TL | SKU: DEKOR.1015
2026-10-08 02:37:21 [INFO] [1514] 'İŞ BOTU ÇELİK BURUN NO:41' | 779.00 TL | SKU: BMES.571.041
2026-10-08 02:37:23 [INFO] [1518] 'İŞ BOTU ÇELİK BURUN NO:43' | 779.00 TL | SKU: BMES.571.043
2026-10-08 02:37:24 [INFO] [784] 'ASMA TAVAN METAL CLİP-İN 60*60 BORDURLÜ ' | 225.00 TL | SKU: ASMAT.026
2026-10-08 02:37:26 [INFO] [15621] 'KOLİ BANDI HOTMELT ŞEFFAF 45MMX100 METRE' | 99.00 TL | SKU: GLOBUS.GLO10339
2026-10-08 02:37:27 [INFO] [11186] 'İŞ BOTU ÇELİK BURUN NO:42' | 779.00 TL | SKU: BMES.571.042
2026-10-08 02:37:29 [INFO] [9988] 'KLOZET KAPAK KLASİK METAL MENTEŞE ALTTAN' | 920.00 TL | SKU: VİSAM.509.001
2026-10-08 02:37:30 [INFO] [14721] 'BİTS UÇ TORX PRF T30 50 MM BLİSTERLİ' | 25.00 TL | SKU: WONDER.STW1918-4
2026-10-08 02:37:31 [INFO] [7695] '0.50*86*4000 TRAPEZ (BORDO)' | 980.00 TL | SKU: RALL.3009.050.4000
2026-10-08 02:37:33 [INFO] [1971] 'GRANİT MERMER YAP.FLEX BEYAZ QF-125 25KG' | 350.00 TL | SKU: DARKSS.YK.QF125B
2026-10-08 02:37:34 [INFO] [14888] 'SUNTA VİDASI 6x150 AKDENİZ (50)' | 230.00 TL | SKU: AKDENİZ.VSUN60150GAL
2026-10-08 02:37:35 [INFO] [5907] 'ÇELİK DÜBEL GÖMLEKLİ 8x55 MM 1 AD' | 6.00 TL | SKU: STD.910959800
2026-10-08 02:37:37 [INFO] [5002] 'RAPİD END ASTAR KIRMIZI RİN BOYA SELÜLOZ' | 1200.00 TL | SKU: KARDELEN.001
2026-10-08 02:37:38 [INFO] [1505] 'KABLO 2X0.75 MM YASSI KORDON KIRMIZI/BEY' | 25.00 TL | SKU: REÇBER.34260
2026-10-08 02:37:39 [INFO] [14306] 'TİNER SELÜLOZİK FLORA 12-LT' | 1890.00 TL | SKU: KARDELEN.2109263
2026-10-08 02:37:40 [INFO] [14323] 'ELDİVEN ASTARLI KIRMIZI-SİYAH PN2 NO:10' | 48.00 TL | SKU: BEYBİ.İ0401755
2026-10-08 02:37:42 [INFO] [11094] 'İSKOTA İP HALAT (İPEK) 5 MM' | 239.00 TL | SKU: İP.İPK.02.18
2026-10-08 02:37:43 [INFO] [9069] 'BULDEKS VİDA 7.5x100 1 AD' | 3.00 TL | SKU: STD.900045700
2026-10-08 02:37:45 [INFO] [10759] 'SUNTA VİDASI 6x80 STD (100)' | 200.00 TL | SKU: STD.900056700
2026-10-08 02:37:46 [INFO] [14162] 'STROPİYER K02 6X6CM 11 MM (2 M)' | 40.00 TL | SKU: STROPİYER.033
2026-10-08 02:37:47 [INFO] [13224] 'ELDİVEN PU TOUCH SİYAH MONTAJ ELDİVENİ N' | 54.00 TL | SKU: BEYBİ.PUTOUCH
2026-10-08 02:37:48 [INFO] [10987] 'KAPI KOLU PENTA AYNALI YALE MAT SİYAH TE' | 115.00 TL | SKU: NOBEL.11340273
2026-10-08 02:37:50 [INFO] [7721] '0.50*86*6000 TRAPEZ (GRİ)' | 1590.00 TL | SKU: RALL.7016.050.6000
2026-10-08 02:37:51 [INFO] [8495] 'MASTİK PU SOSİS 600 ML-BEYAZ' | 295.00 TL | SKU: SELENA.10049865
2026-10-08 02:37:52 [INFO] [8490] 'SIVI ÇİVİ YAPIŞTIRICI 390GR ŞEFFAF' | 220.00 TL | SKU: SELENA.10040913
2026-10-08 02:37:54 [INFO] [12829] 'YAĞMURLUK STD LÜKS SARI XXL-XL' | 324.00 TL | SKU: YAĞMURLUK.STD.001
2026-10-08 02:37:55 [INFO] [14006] "BARDAK KARTON 180 ML 7 OZ 20'Lİ FLEXİ" | 30.00 TL | SKU: PİKNİK.BARDAK.K.180.20
2026-10-08 02:37:56 [INFO] [2116] 'RULO DEKOR PARMAK SAPLI 10CM 11084' | 85.00 TL | SKU: DEKOR.11084
2026-10-08 02:37:58 [INFO] [14590] 'APLİK DUVAR SENSÖRLÜ 25 W BEYAZ IDEA' | 369.00 TL | SKU: IŞILDAR.1927
2026-10-08 02:37:59 [INFO] [12579] 'KLOZET KAPAK KONA YAVAŞ KAPANIR PASLANMA' | 1250.00 TL | SKU: BG.102114100
2026-10-08 02:38:00 [INFO] [6280] 'ELDİVEN KIRMIZI SİYAH NİTRİL NO:10 MAX S' | 54.00 TL | SKU: MAXSAFETY.NIT-101.10
2026-10-08 02:38:01 [INFO] [12897] 'ELDİVEN NİTRİL MİCRO 3/4 NO:10 BEYBİ' | 108.00 TL | SKU: BEYBİ.İ04NMF13410
2026-10-08 02:38:03 [INFO] [15240] 'TİNER SELÜLOZİK FLORA 1/2 (400 ML)' | 200.00 TL | SKU: KARDELEN.21092500
2026-10-08 02:38:04 [INFO] [12976] 'ELDİVEN BEYBİ PL-9 LATEKS KIRMIZI NO:10 ' | 78.00 TL | SKU: BEYBİ.İ040162-10
2026-10-08 02:38:05 [INFO] [2382] '40*60*2.5MM KUTU PROFİL (ANTİPASLI)' | 1011.06 TL | SKU: DEM.PRF.234
2026-10-08 02:38:06 [INFO] [4270] '0.50*86*500 TRAPEZ' | 1125.00 TL | SKU: GLV.SAC.050.5000
2026-10-08 02:38:08 [INFO] [12478] 'MASTİK PU DAYSON-280ML(GRİ)' | 250.00 TL | SKU: DAYSON.D10003
2026-10-08 02:38:09 [INFO] [8492] 'SİLİKON BEYAZ 280 GR POLYFİX ÜNV(1KT 24A' | 80.00 TL | SKU: SELENA.10049305
2026-10-08 02:38:10 [INFO] [12975] 'ELDİVEN NİTRİL MİCRO 3/4 NO:9 BEYBİ' | 108.00 TL | SKU: BEYBİ.İ04NMF13409
2026-10-08 02:38:11 [INFO] [4658] 'İNŞAAT ÇİVİSİ 10 LUK 18X45' | 59.00 TL | SKU: İNŞ.ÇİV.0008
2026-10-08 02:38:13 [INFO] [12645] 'KAFA LAMBASI PT-5805 USB ŞARJLI 3W+2 SMD' | 140.00 TL | SKU: PANTHER PT-5805
2026-10-08 02:38:14 [INFO] [13563] 'MASTİK PU 280 ML PU-45 BEYAZ' | 199.00 TL | SKU: SELENA.10049346
2026-10-08 02:38:15 [INFO] [6930] 'KULP SARAYLI 128 MM 32 ANTİK SARI KL1691' | 86.00 TL | SKU: NOBEL.KL169128223214
2026-10-08 02:38:16 [INFO] [5606] 'MD 55 REDÜKSİYON 1-3/4' | 15.00 TL | SKU: MEDALYAN.MD55
2026-10-08 02:38:18 [INFO] [8116] 'MENTEŞE SÜPER DEVE SAMET (TAM DEVE)' | 30.00 TL | SKU: SAMET.003
2026-10-08 02:38:19 [INFO] [1836] 'ŞAMPUANLIK İKİLİ KÖŞE KROM EKO' | 420.00 TL | SKU: ÇELİKAYNA.735
2026-10-08 02:38:20 [INFO] [13163] 'MASTİK PU 280 ML PU-45 KIRMIZI' | 185.00 TL | SKU: SELENA.10051342
2026-10-08 02:38:21 [INFO] [4931] 'ÇATI OLUĞU DERE İNİŞİ YUVARLAK 150/75' | 132.00 TL | SKU: KALDE.7213DDR1500750
2026-10-08 02:38:23 [INFO] [7708] '0.50*86*30*30 TRP MAHYA (BORDO)' | 230.00 TL | SKU: RALL.3009.050.MHY
2026-10-08 02:38:24 [INFO] [15884] 'RULO RTRMAX İÇ VE DIŞ CEPHE 20CM' | 140.00 TL | SKU: RTRMAX.RFR420
2026-10-08 02:38:25 [INFO] [11586] 'MASTİK PU SOSİS 600 ML-SİYAH' | 295.00 TL | SKU: SELENA.10049867
2026-10-08 02:38:26 [INFO] [4781] '25 MANŞON PPRC KALDE' | 4.00 TL | SKU: KALDE.3212MUF250000
2026-10-08 02:38:28 [INFO] [2013] 'MANTOLAMA DÜBELİ PVC ÇİVİLİ 16-CM SPECO ' | 2.50 TL | SKU: SPECO.MD.16
2026-10-08 02:38:29 [INFO] [1962] 'ISI YALITIM SIVASI LEVHA QF-494 25KG' | 195.00 TL | SKU: DARKSS.YK.QF494
2026-10-08 02:38:30 [INFO] [3694] 'İÇ CEPHE SİLİKONLU MAT BEYAZ 3.5-KG FAWO' | 600.00 TL | SKU: FAWORİ.122
2026-10-08 02:38:31 [INFO] [15035] 'KORUYUCU GÖZLÜK ŞEFFAF CAM BAYMAX S1551' | 162.00 TL | SKU: BAYMAX.S1551-S
2026-10-08 02:38:33 [INFO] [14809] 'SDS PLUS MATKAP UCU 12X260 MM' | 100.00 TL | SKU: WONDER.STW0139312
2026-10-08 02:38:34 [WARNING] [9201] 429 Too Many Requests — 86s bekleniyor (deneme 1/3, hiz 0.4/sn)
2026-10-08 02:38:36 [WARNING] [5631] 429 Too Many Requests — 84s bekleniyor (deneme 1/3, hiz 0.2/sn)
2026-10-08 02:38:41 [WARNING] [7082] 429 Too Many Requests — 79s bekleniyor (deneme 1/3, hiz 0.2/sn)
2026-10-08 02:38:46 [WARNING] [7405] 429 Too Many Requests — 74s bekleniyor (deneme 1/3, hiz 0.2/sn)
2026-10-08 02:38:51 [WARNING] [2109] 429 Too Many Requests — 69s bekleniyor (deneme 1/3, hiz 0.2/sn)
2026-10-08 02:38:56 [WARNING] [2383] 429 Too Many Requests — 64s bekleniyor (deneme 1/3, hiz 0.2/sn)
2026-10-08 02:39:01 [WARNING] [7691] 429 Too Many Requests — 59s bekleniyor (deneme 1/3, hiz 0.2/sn)
2026-10-08 02:39:06 [WARNING] [4780] 429 Too Many Requests — 54s bekleniyor (deneme 1/3, hiz 0.2/sn)
2026-10-08 02:40:01 [INFO] [9201] 'GAZLI PİSTON YAVAŞ KAPANAN 100N-STD' | 99.00 TL | SKU: STD.959047800
2026-10-08 02:40:01 [INFO] ... ilerleme 400/464 (tazelenen 398, basarisiz 2, korunan 2, atlanan 0)
2026-10-08 02:40:01 [INFO] [7691] '0.50*86*2000 TRAPEZ (BORDO)' | 490.00 TL | SKU: RALL.3009.050.2000
2026-10-08 02:40:01 [INFO] [5631] 'ELEKTROT 3,25 MM-MAGMAWELD' | 450.00 TL | SKU: MAGMAWELD.11101NRAM1
2026-10-08 02:40:05 [INFO] [7082] 'OPTİMİX ISI YALITIM LEVHA SIVASI 25 KG' | 235.00 TL | SKU: OPTİMİX.01
2026-10-08 02:40:10 [INFO] [2387] '40*40*3.0MM KUTU PROFİL (ANTİPASLI)' | 930.15 TL | SKU: DEM.PRF.240
2026-10-08 02:40:15 [INFO] [2109] 'RULO DEKOR EKSPORT SATEN YAGLI BOYA 20CM' | 265.00 TL | SKU: DEKOR.1080
2026-10-08 02:40:20 [INFO] [7405] 'LAMBA KELEBEK MİNİ PT-KLBK PANTHER' | 25.00 TL | SKU: PANTHER PT-KLBK
2026-10-08 02:40:25 [INFO] [14766] '0.50*25*25*2000 DÜZ MAHYA (BORDO)' | 425.00 TL | SKU: RALL.3009.050.MHY01
2026-10-08 02:40:30 [INFO] [4780] '20 MANŞON PPRC KALDE' | 3.00 TL | SKU: KALDE.3212MUF200000
2026-10-08 02:40:35 [INFO] [11095] 'SÜZGEÇ 10X10 METAL KAPAK YANDAN 50MM' | 71.00 TL | SKU: SÜZGEÇ.158543A501010
2026-10-08 02:40:40 [INFO] [15438] 'MASKELEME BANDI 36MM x 25 MT (RTRMAX)' | 35.00 TL | SKU: RTRMAX.RNM3625
2026-10-08 02:40:45 [INFO] [7662] 'TRAPEZ 875*3000*ŞEFFAF 0.9MM' | 825.00 TL | SKU: PVC.OND.TRP.3000
2026-10-08 02:40:50 [INFO] [4762] '20 PPRC BORU 4 MT KALDE' | 109.00 TL | SKU: KALDE.3202TBE200000
2026-10-08 02:40:55 [INFO] [12935] 'BETOFAST 6.3*35 1 AD' | 2.75 TL | SKU: STD.YHB4834
2026-10-08 02:41:00 [INFO] [1872] 'COREX FALCON ALÇIPAN YEŞİL 120*250 (3M2)' | 385.00 TL | SKU: DALSAN.202
2026-10-08 02:41:05 [INFO] [4656] 'İNŞAAT ÇİVİSİ 8 LİK 17X36' | 59.00 TL | SKU: İNŞ.ÇİV.0006
2026-10-08 02:41:10 [INFO] [14752] 'ELDİVEN PU KAPLI SLİM NO:10 BEYBİ' | 48.00 TL | SKU: BEYBİ.İ040217
2026-10-08 02:41:15 [INFO] [9282] 'TEFLON BANT 12MMX7 MT 0.20 GR' | 17.50 TL | SKU: ORIENT.BNT10
2026-10-08 02:41:20 [INFO] [12041] 'BUAT KAPAĞI BOMBELİ LÜX IŞILDAR' | 15.00 TL | SKU: IŞILDAR.2402
2026-10-08 02:41:25 [INFO] [4999] 'METAL KESİCİ İNOX 115x1x22 KARBOSAN' | 30.00 TL | SKU: KARBOSAN.910380
2026-10-08 02:41:30 [INFO] [7051] 'ONDULİN OLUKLU LEVHA KIRMIZI 2-MT' | 475.00 TL | SKU: ONDULİN. 001
2026-10-08 02:41:35 [INFO] [13477] 'NEM BARİYERİ 120GR-3KAT-MAVİ DARKSS (150' | 28.00 TL | SKU: DARKSS.NBM.120
2026-10-08 02:41:40 [INFO] [11282] 'TİNER SENTETİK FLORA 1/2 (256ML)' | 80.00 TL | SKU: KARDELEN.039
2026-10-08 02:41:45 [INFO] [8496] 'MASTİK PU SOSİS 600 ML-GRİ' | 295.00 TL | SKU: SELENA.10049866
2026-10-08 02:41:50 [INFO] [15007] 'KÖŞE ÇITASI FİLELİ PVC BEYAZ 07X07 (35X6' | 27.50 TL | SKU: DARKSS.FK.07.01
2026-10-08 02:41:54 [INFO] [4660] 'İNŞAAT ÇİVİSİ 12 LİK 20X55' | 59.00 TL | SKU: İNŞ.ÇİV.0010
2026-10-08 02:41:58 [INFO] [4598] 'PERDE RAYI KORNİŞ İKİLİ 6 M SÜPER' | 237.50 TL | SKU: IŞIK.0105
2026-10-08 02:42:02 [INFO] [9096] 'TRP.VİDA 5,5*50-5MM 1 AD' | 2.50 TL | SKU: STD.900040700
2026-10-08 02:42:06 [INFO] [8497] 'PU KÖPÜK TYTAN 750 ML(TABANCALI) (1KT-12' | 219.00 TL | SKU: SELENA.10049279
2026-10-08 02:42:10 [INFO] [14964] 'AUTOKIT MAGIC DOSE HIZLI KURULAMA BEZİ T' | 98.00 TL | SKU: AUTOKİT.FA1-818
2026-10-08 02:42:14 [INFO] [2758] 'KENZZI INDIGO MAVİ 20X20 2K (0,48M2)' | 261.00 TL | SKU: EGESER.200X200KNZ14.END
2026-10-08 02:42:18 [INFO] [8310] 'LED PROFİLİ SİMGE 12 MM BİTİM PROFİLİ 2.' | 350.00 TL | SKU: SAY.808.12.MK
2026-10-08 02:42:22 [INFO] [15883] 'RULO RTRMAX PARMAK 10 CM ETİLEN KALORİFE' | 20.00 TL | SKU: RTRMAX.RFR010Y
2026-10-08 02:42:26 [INFO] [5243] 'KNAUF EARTHWOOL 043M-10CM (9,6-M2)' | 750.00 TL | SKU: KNAUF.796780.IP046
2026-10-08 02:42:30 [INFO] [15758] 'DERZ SEVİYE TESPİT KLİPS 2MM ŞEF 1.KALİT' | 100.00 TL | SKU: ALFOR.A11.20SR.100.51
2026-10-08 02:42:34 [INFO] [2383] '40*40*2.0MM KUTU PROFİL(ANTİPASLI)' | 663.28 TL | SKU: DEM.PRF.235
2026-10-08 02:42:38 [INFO] [7002] 'ASKI KEMER DECOBELLA 50836' | 45.00 TL | SKU: OMAK.50836
2026-10-08 02:42:42 [INFO] [15882] 'RULO RTRMAX PARMAK 10 CM ETİLEN KALORİFE' | 45.00 TL | SKU: RTRMAX.RFR010
2026-10-08 02:42:46 [INFO] [14072] 'METAL KESİCİ İNOX 180X1.9X22 KARBOSAN' | 75.00 TL | SKU: KARBOSAN.K064081
2026-10-08 02:42:50 [INFO] [791] 'ASMA TAVAN KAROPAN T24 TALİ 60 LIK (60)' | 20.00 TL | SKU: ASMAT.044
2026-10-08 02:42:54 [INFO] [7693] '0.50*86*3000 TRAPEZ (BORDO)' | 735.00 TL | SKU: RALL.3009.050.3000
2026-10-08 02:42:58 [INFO] [12035] 'SIVA FİLESİ 55 GR A++ BEYAZ 1 M2 (100)' | 16.00 TL | SKU: DARKSS.SF055.01
2026-10-08 02:43:02 [INFO] [1966] 'MAHYA HARCI KIRMIZI QF-140 25 KG' | 275.00 TL | SKU: DARKSS.YK.QF140K
2026-10-08 02:43:06 [INFO] [2002] 'SIVA FİLESİ 75 GR A++ BEYAZ 1 M2 (50)' | 16.00 TL | SKU: DARKSS.SF075.01
2026-10-08 02:43:10 [INFO] [3932] 'DU-50 040 MM EKO 30X50X30 3 M 1 AD (12)' | 80.00 TL | SKU: FOUR.040.DU-50.3000
2026-10-08 02:43:14 [INFO] [9113] 'BETOFAST 6.3*75 1 AD' | 3.50 TL | SKU: STD.900241700
2026-10-08 02:43:18 [INFO] [1968] 'SERAMİK YAPIŞTIRICI GRİ QF121 C1T-25 KG.' | 185.00 TL | SKU: DARKSS.YK.QF121G
2026-10-08 02:43:22 [INFO] [8512] 'SİLİKON ŞEFFAF AKVARYUM VE CAM SİLİKONU ' | 175.00 TL | SKU: SELENA.138
2026-10-08 02:43:26 [INFO] [9125] 'ALÇ.VİDA SİVRİ 25 (1000 AD) STD' | 375.00 TL | SKU: STD.900195700
2026-10-08 02:43:30 [INFO] [1970] 'GRANİT MERMER YAP.FLEX GRİ QF-125 25 KG ' | 300.00 TL | SKU: DARKSS.YK.QF125G
2026-10-08 02:43:33 [INFO] [11438] 'MASTİK PU DAYSON-280ML(BEYAZ)' | 250.00 TL | SKU: DAYSON.D10002
2026-10-08 02:43:37 [INFO] [1848] 'ÇİMENTO 25 KG' | 125.00 TL | SKU: ÇİMENTO.005
2026-10-08 02:43:40 [INFO] [14526] 'ASKILIK İKİLİ KROM ECO FIESTA YAPIŞKANLI' | 93.00 TL | SKU: NOBEL.721306Y
2026-10-08 02:43:43 [INFO] [8516] 'TYTAN HIZLI YAPIŞTIRICI KİTİ MDF 200ML+5' | 105.00 TL | SKU: SELENA.10049289
2026-10-08 02:43:46 [INFO] [788] 'ASMA TAVAN KAROPAN T24 ANA TAŞIYICI (3.6' | 137.50 TL | SKU: ASMAT.040
2026-10-08 02:43:50 [INFO] [15348] 'STREÇ 17 MİCRON 50X150 MT (1400 GR)' | 250.00 TL | SKU: ELİTT.17MC50X150
2026-10-08 02:43:53 [INFO] [772] 'ASMA TAVAN KAROPAN BEYAZ DÜZ 60*60*8MM 1' | 62.50 TL | SKU: ASMAT.002
2026-10-08 02:43:56 [INFO] [1926] 'SATENTEK ALÇI-25 KG.' | 185.00 TL | SKU: DALSAN.104
2026-10-08 02:43:59 [INFO] [10044] 'WALLBOARD T-2000 2 CM (20-AD 14.4M2)' | 1400.00 TL | SKU: XPS.002
2026-10-08 02:44:02 [INFO] [1961] 'ISI YALITIM LEVHA YAPIŞTIRICI QF-393 25 ' | 185.00 TL | SKU: DARKSS.YK.QF393
2026-10-08 02:44:05 [INFO] [1859] 'SIVATEK SIVA ALÇISI 35 KG' | 200.00 TL | SKU: DALSAN.103
2026-10-08 02:44:09 [INFO] [10936] 'MASTİK BEYAZ 500 GR TYTAN (KAPI-PENCERE)' | 55.00 TL | SKU: SELENA.10049327
2026-10-08 02:44:12 [INFO] [15638] 'KOLİ BANDI ŞEFFAF 45X100 METRE ASTEL' | 95.00 TL | SKU: ASTEL.A07135
2026-10-08 02:44:15 [INFO] [790] 'ASMA TAVAN KAROPAN T24 TALİ 120 (60)' | 40.00 TL | SKU: ASMAT.042
2026-10-08 02:44:18 [INFO] [15022] 'ELDİVEN PN3 KIRMIZI SİYAH ZEBRA NO:10' | 49.00 TL | SKU: BEYBİ.İ0401773
2026-10-08 02:44:18 [INFO] State yaziliyor: 8670 url -> /home/runner/work/inflationstudymirror/inflationstudymirror/InflationItems/Datas/ConstructionSuppliesMarkets/yapimaks/last_seen.json
2026-10-08 02:44:18 [INFO] ==================================================
2026-10-08 02:44:18 [INFO] Tamamlandi [OK]! Tasinan: 7919 | Tazelenen: 462 | Basarisiz: 2 | Korunan eski satir: 2 | Atlanan (sure/limit): 0 | Dusurulen: 11
2026-10-08 02:44:18 [INFO] Dosya: /home/runner/work/inflationstudymirror/inflationstudymirror/InflationItems/Datas/ConstructionSuppliesMarkets/yapimaks/2026-10-08.csv (toplam 8383 urun)
2026-10-08 02:44:18 [INFO] ==================================================
