2026-10-07 02:25:08 [INFO] ==================================================
2026-10-07 02:25:08 [INFO] Yapimaks Scraper basliyor (async)
2026-10-07 02:25:08 [INFO] ==================================================
2026-10-07 02:25:08 [INFO] Parametreler: workers=8, rate=0.8/sn, max_duration=300 dk
2026-10-07 02:25:08 [INFO] Ana sayfa ziyaret ediliyor, cookie aliniyor...
2026-10-07 02:25:09 [INFO] Cookie basariyla alindi.
2026-10-07 02:25:09 [INFO] Sitemap indiriliyor: https://yapimaks.com/sitemap/products1.xml
2026-10-07 02:25:10 [INFO] Sitemap'ten toplam 8324 urun URL'si bulundu.
2026-10-07 02:25:10 [INFO] Dunun dosyasi: 2026-10-06.csv
2026-10-07 02:25:10 [INFO] Dunun dosyasinda 8400 urun var.
2026-10-07 02:25:10 [WARNING] 15 urun 7+ gun sitemap'te gorunmuyor, dosyadan dusuruldu: ['https://yapimaks.com/bally-balco-c8-850-gr-p14908', 'https://yapimaks.com/banyo-perdesi-polyester-90x200cm-p1815', 'https://yapimaks.com/cim-hali-7mm-100-25mt-p1854', 'https://yapimaks.com/dirgen-yaba-6-li-p1771', 'https://yapimaks.com/dirgen-yaba-5-li-p1772']...
2026-10-07 02:25:10 [INFO] GUNLUK BUTCE: 190 urun aday — hepsi bu koşuda tazelenir.
2026-10-07 02:25:10 [INFO] Tasinacak (degismeyen) urun: 8385 | Yeniden cekilecek: 190
2026-10-07 02:25:10 [WARNING] [https://yapimaks.com/ray-spot-40w-4000k-9005-siyah-kasa-masialux-p13935] Urun parse hatasi (deneme 1/3): API yanitinda fiyat bulunamadi
2026-10-07 02:25:10 [INFO] [8352] 'BUDAMA TESTERESİ 40 CM BD 400 IŞIKLAR' | 299.00 TL | SKU: IŞIKLAR.BD-400
2026-10-07 02:25:10 [INFO] [15487] 'SERAMİK ÇITA KOT FARKI EŞİK PROFİL 10 MM' | 530.00 TL | SKU: TESAY.FKFA10.01
2026-10-07 02:25:11 [INFO] [2150] 'DELTA TUĞLA 13,5x19*19 (216)' | 20.00 TL | SKU: DELTA.002
2026-10-07 02:25:12 [INFO] [3667] 'AHŞAP VERNİĞİ 0,75L K.MEŞE DEK STAİN WOO' | 350.00 TL | SKU: FAWORİ.095
2026-10-07 02:25:14 [INFO] [3380] 'AUTOKIT OTO MULTİ SPREY KOKU SOFT 200ML ' | 114.00 TL | SKU: AUTOKİT.FA1-173
2026-10-07 02:25:15 [INFO] [4720] 'BAĞ TESTERESİ IŞIKLAR 400-5' | 215.00 TL | SKU: IŞIKLAR.I01013.400-5
2026-10-07 02:25:16 [INFO] [7682] 'PVC KİREMİT LEVHA 89X306 CM 2,5 MM ANTRA' | 1150.00 TL | SKU: PVC.KRMT.ANT.3060
2026-10-07 02:25:18 [WARNING] [https://yapimaks.com/ray-spot-40w-4000k-9005-siyah-kasa-masialux-p13935] Urun parse hatasi (deneme 2/3): API yanitinda fiyat bulunamadi
2026-10-07 02:25:19 [INFO] [13628] 'ÇERÇEVE TEKLİ METALİK SİYAH KARELL 83X83' | 30.00 TL | SKU: EXEN.200-140000-101
2026-10-07 02:25:20 [INFO] [12357] 'DEPO REKORU 3/4' | 88.00 TL | SKU: ARANGÜL.Ü-276
2026-10-07 02:25:21 [INFO] [14223] '125/90 PİS SU PVC DİRSEK KALDE' | 124.00 TL | SKU: KALDE.5213ELB0N0087
2026-10-07 02:25:22 [INFO] [11408] 'HAZAR BEYAZ 40X40 1K (1,44M2)' | 546.00 TL | SKU: EGESER.400X400HZR01
2026-10-07 02:25:24 [INFO] [7453] 'EVİYE 420034 40X50 CUBİM U 50 P.ÇELİK 0.' | 3900.00 TL | SKU: PERA.00420034
2026-10-07 02:25:25 [INFO] [4858] '32 ÇİFTLİ KLİPS PPRC KALDE' | 17.00 TL | SKU: KALDE.3592BCK323400
2026-10-07 02:25:26 [INFO] [9463] 'ISI İLE DARALAN MAKARON 1/18-3.2M' | 45.00 TL | SKU: TEK-İŞ.523285
2026-10-07 02:25:27 [INFO] [4697] 'JÜT 14 MM İP HALAT' | 199.00 TL | SKU: İP.HLT0076
2026-10-07 02:25:29 [INFO] [8180] 'ELMAS TESTERE SÜREKLİ 115 MM WONDER' | 110.00 TL | SKU: WONDER.STW01843
2026-10-07 02:25:30 [WARNING] [https://yapimaks.com/ray-spot-40w-4000k-9005-siyah-kasa-masialux-p13935] Urun parse hatasi (deneme 3/3): API yanitinda fiyat bulunamadi
2026-10-07 02:25:30 [ERROR] [https://yapimaks.com/ray-spot-40w-4000k-9005-siyah-kasa-masialux-p13935] Tum denemeler basarisiz: API yanitinda fiyat bulunamadi
2026-10-07 02:25:30 [WARNING] [https://yapimaks.com/ray-spot-40w-4000k-9005-siyah-kasa-masialux-p13935] Eski satir korundu, yarin tekrar denenir.
2026-10-07 02:25:31 [WARNING] [https://yapimaks.com/insaat-demiri-nervullu-kalin-12-14-16-20-p4683] Urun parse hatasi (deneme 1/3): API yanitinda fiyat bulunamadi
2026-10-07 02:25:33 [INFO] [6590] 'MONTEBENT METAL ÇİNKO 50 MM 25 ADET' | 181.00 TL | SKU: NOBEL.357024071
2026-10-07 02:25:34 [INFO] [5319] 'MAVZER SÜRGÜ SAC NO:14' | 50.00 TL | SKU: NOBEL.3232814
2026-10-07 02:25:35 [INFO] [4882] '70/150 PİS SU BORU KALDE' | 43.00 TL | SKU: KALDE.5203TBEXL0150
2026-10-07 02:25:36 [INFO] [8488] 'MASTİK KREM 500gr (KAPI,PENCERE) TYTAN' | 59.00 TL | SKU: SELENA.0841
2026-10-07 02:25:37 [INFO] [7608] 'KIVIRCIK RULO PASPAS 100CM 14 MM (KIRMIZ' | 369.00 TL | SKU: PSP.100.K.14
2026-10-07 02:25:39 [INFO] [6607] 'SANDIK ASKISI 35 1 AD' | 25.00 TL | SKU: NOBEL.365073501
2026-10-07 02:25:40 [INFO] [5404] 'SİLİKON MUM TABANCASI 40 WATT - WİNBOSS' | 400.00 TL | SKU: WİNBOSS.WN1099
2026-10-07 02:25:41 [INFO] [6491] 'SİNEKLİK ÇARPMA KİLİT PLS. BEYAZ' | 28.00 TL | SKU: NOBEL.32964
2026-10-07 02:25:42 [WARNING] [https://yapimaks.com/insaat-demiri-nervullu-kalin-12-14-16-20-p4683] Urun parse hatasi (deneme 2/3): API yanitinda fiyat bulunamadi
2026-10-07 02:25:44 [INFO] [9407] 'SIRA KLEMENS NO:2 YANMAZ 12 X 4-6 MM' | 65.00 TL | SKU: TEK-İŞ.520118
2026-10-07 02:25:45 [INFO] [3786] 'REDÜKSİYON SİYAH 3/4" 1/2"' | 25.00 TL | SKU: FIRAT.3412REDS
2026-10-07 02:25:46 [INFO] [242] 'TOREX KANCA AÇIK UÇLU 17X50 1P=9' | 47.00 TL | SKU: 8680613630010
2026-10-07 02:25:47 [INFO] [12881] 'EĞE TAKIMI 5 Lİ 29311' | 415.00 TL | SKU: VINKO.VI29311
2026-10-07 02:25:49 [INFO] [6669] 'ÇOCUK KİLİDİ PENCERE AYARLI NOBEL' | 80.00 TL | SKU: NOBEL.4000901
2026-10-07 02:25:50 [INFO] [14147] 'PÜTÜR BOYA SİYAH 1 KG' | 270.00 TL | SKU: MXS.MXS992600
2026-10-07 02:25:51 [INFO] [15726] 'SİFON KÖRÜKLÜ TEKLİ ÇÖPMAK Q32 (DERİN)' | 205.00 TL | SKU: GÜÇLÜ.1506
2026-10-07 02:25:53 [INFO] [9129] 'ALÇ.VİDA MATKAP 35 (1000 AD) STD' | 525.00 TL | SKU: STD.900199700
2026-10-07 02:25:54 [INFO] [3590] 'TAVAN BOYASI 17.5 KG. EXTRA FAWORİ' | 1000.00 TL | SKU: FAWORİ.010
2026-10-07 02:25:55 [INFO] [13637] 'PRİZ TOPRAKLI KAPAKLI ÇOCUK KORUMALI MOD' | 70.00 TL | SKU: EXEN.290-000103-240
2026-10-07 02:25:56 [INFO] [4572] 'HSS MATKAP UCU 14mm' | 175.00 TL | SKU: HSS.014
2026-10-07 02:25:57 [INFO] [15599] 'FIRÇA KESTİRME LÜX NO:4 126 YILDIRIM FIR' | 65.00 TL | SKU: YILDIRIMFIRÇA.126
2026-10-07 02:25:59 [INFO] [4791] '32 TE PPRC KALDE' | 13.00 TL | SKU: KALDE.3212TEO320000
2026-10-07 02:26:00 [INFO] [12979] 'İŞ AYAKKABISI SAFETY OUTFİX S1 NO:40' | 1250.00 TL | SKU: BMES.S400.040
2026-10-07 02:26:01 [INFO] [6391] 'AYAK BAZA BEYAZ PLASTİK 100-150 MM 26503' | 12.00 TL | SKU: NOBEL.265032
2026-10-07 02:26:03 [INFO] [6810] 'HAVLULUK KAĞIT AÇIK KROM ECO FIESTA 7213' | 102.00 TL | SKU: NOBEL.721321
2026-10-07 02:26:04 [INFO] [11637] 'HSS MATKAP UCU 5 MM 2 Lİ BİLİSTER WONDER' | 140.00 TL | SKU: WONDER.STW013760-93
2026-10-07 02:26:05 [INFO] [4883] '70/250 PİS SU BORUSU KALDE' | 64.00 TL | SKU: KALDE.5203TBEXL0250
2026-10-07 02:26:06 [INFO] [4777] '32/45 DİRSEK AÇIK PPRC KALDE' | 13.00 TL | SKU: KALDE.3212ELB320045
2026-10-07 02:26:07 [INFO] [3775] 'İÇ CEPHE SİLİKONLU MAT MİX-1 3.5-KG FAWO' | 600.00 TL | SKU: FAWORİ.2501.0908
2026-10-07 02:26:09 [INFO] [15861] 'MENTEŞE YAPRAK 1840x2 NO:2' | 10.00 TL | SKU: ERSA.290
2026-10-07 02:26:10 [INFO] [12447] 'KABLO 2X0.75 MM YASSI KORDON SİYAH 1M' | 25.00 TL | SKU: REÇBER.901068
2026-10-07 02:26:11 [INFO] [4859] '32 KELEPÇE PPRC KALDE' | 6.00 TL | SKU: KALDE.3592BCK323401
2026-10-07 02:26:12 [INFO] [9323] 'STROPİYER EP100 K13 10X10 AY MODELİ (2 M' | 45.00 TL | SKU: STROPİYER.EP100
2026-10-07 02:26:14 [INFO] [4417] "SALMASTRA 17'LİK" | 130.00 TL | SKU: GMS.YD015
2026-10-07 02:26:15 [INFO] [4785] '32/20 REDÜKSİYON PPRC KALDE' | 10.00 TL | SKU: KALDE.3212RDC322000
2026-10-07 02:26:16 [INFO] [4849] '32 KAPAMA BAŞLIĞI PPRC KALDE' | 7.00 TL | SKU: KALDE.3292STE320000
2026-10-07 02:26:18 [INFO] [3796] 'KÜRESEL VANA 1" DIŞ DİŞLİ KIRMIZI KELEBE' | 382.20 TL | SKU: FIRAT.7800111300K
2026-10-07 02:26:19 [INFO] [15815] 'AQUA RENO MUTFAK BEYAZ RENOVASYON BOYASI' | 1100.00 TL | SKU: FİLLİ.RENO.3000.2516.11.00001
2026-10-07 02:26:20 [INFO] [11950] 'KİMYASAL DÜBEL 345 ML EMS F1311' | 190.00 TL | SKU: EMS.F03500
2026-10-07 02:26:21 [INFO] [3378] 'AUTOKIT OTO MULTİ SPREY KOKU LIFE 200ML ' | 114.00 TL | SKU: AUTOKİT.FA1-171
2026-10-07 02:26:22 [INFO] [6668] 'KULP GÜL MERVE NOKTALI KROM 96 MM' | 38.00 TL | SKU: NOBEL.3909629
2026-10-07 02:26:24 [INFO] [8420] 'KAZIMA RASPASI 10CM METAL KRM010 SAİT DE' | 205.00 TL | SKU: SD.KRM010
2026-10-07 02:26:25 [INFO] [445] 'AGT SÜPÜRGELİK 6cm GRİ MEŞE SPR-5030' | 100.00 TL | SKU: AGT.120020460
2026-10-07 02:26:26 [WARNING] [https://yapimaks.com/insaat-demiri-nervullu-kalin-12-14-16-20-p4683] Urun parse hatasi (deneme 3/3): API yanitinda fiyat bulunamadi
2026-10-07 02:26:26 [ERROR] [https://yapimaks.com/insaat-demiri-nervullu-kalin-12-14-16-20-p4683] Tum denemeler basarisiz: API yanitinda fiyat bulunamadi
2026-10-07 02:26:26 [WARNING] [https://yapimaks.com/insaat-demiri-nervullu-kalin-12-14-16-20-p4683] Eski satir korundu, yarin tekrar denenir.
2026-10-07 02:26:28 [INFO] [2422] '40*100*2,0 MM KUTU PROFİL' | 1185.00 TL | SKU: DEM.PRF.343
2026-10-07 02:26:29 [INFO] [9345] 'GAZ BETON 15-CM (60x25x15) 1AD 0.15 M2' | 92.50 TL | SKU: STT.018
2026-10-07 02:26:30 [INFO] [15463] 'VERANO KIRMIZI 10X30 2K (0,6M2)' | 336.00 TL | SKU: EGESER.100X300VRO20.2K
2026-10-07 02:26:31 [INFO] [684] 'KAPLİN 25 3/4 İÇ DİŞLİ ADAPTÖR A8004' | 38.00 TL | SKU: ARANGÜL.A8004
2026-10-07 02:26:32 [INFO] [15659] 'METRE ŞERİT 5M X 25MM GRİ AYZ' | 149.00 TL | SKU: AYZ.PR0525A
2026-10-07 02:26:34 [INFO] [15704] 'LİKİT MEMBRAN 1K-1099 UV ELASTOMERİK REÇ' | 3900.00 TL | SKU: DARKSS.1K-1099
2026-10-07 02:26:35 [INFO] [12774] 'ŞARJ CİHAZI 4LÜ PİL AA-AAA USBA-TYPE C A' | 299.00 TL | SKU: AVEC.AV-C1-06B
2026-10-07 02:26:36 [INFO] [6080] 'STROPİYER PERDELİK 10x10 - 2MT' | 37.50 TL | SKU: STROPİYER.EPTK
2026-10-07 02:26:37 [INFO] [3197] 'EPS-30 KARBONLU 3CM 50*100-DARKSS (16AD ' | 615.00 TL | SKU: EPS.12.0002
2026-10-07 02:26:39 [INFO] [5379] 'KÖŞE BAĞLANTI GÖNYESİ 40x40x40' | 10.00 TL | SKU: ARSLAN.Y05167
2026-10-07 02:26:40 [INFO] [3797] 'KÜRESEL VANA 1" DIŞ DİŞLİ MAVİ KELEBEK F' | 382.20 TL | SKU: FIRAT.7800111300M
2026-10-07 02:26:41 [INFO] [11547] 'MUSLUK ÇAMAŞIR GMS103' | 595.00 TL | SKU: GMS.MK103
2026-10-07 02:26:42 [INFO] [11116] 'ELDİVEN PÜTÜRLÜ 3/4 YEŞİL CMC1725 NO:10' | 80.00 TL | SKU: CMC.1725
2026-10-07 02:26:44 [INFO] [14587] 'MANTOLAMA DÜBELİ TABANCALI 30 MM (1000AD' | 3650.00 TL | SKU: STAR.MDÇ.30MM
2026-10-07 02:26:45 [INFO] [5078] 'MUFMATİK ÇEKVALFLİ CONTA KOKU ÖNLEYİCİ' | 66.00 TL | SKU: KARPA.052
2026-10-07 02:26:46 [INFO] [11996] 'SİLİKON ŞEFFAF ANTİ KÜF NÖTR TYTAN 280 M' | 185.00 TL | SKU: SELENA.177
2026-10-07 02:26:48 [INFO] [11558] 'SARI NİPEL 1/2' | 60.00 TL | SKU: GMS.SM705
2026-10-07 02:26:49 [INFO] [9173] 'GAZLI PİSTON 100N-STD' | 59.00 TL | SKU: STD.936161800
2026-10-07 02:26:50 [INFO] [3294] 'BULAŞIK SÜNGERİ OLUKLU 5 Lİ ECE' | 40.00 TL | SKU: ECE.ETZ405
2026-10-07 02:26:51 [INFO] [7916] 'REXON SPREY BOYA MAT SİYAH 200ML (RAL900' | 72.00 TL | SKU: REX.2303
2026-10-07 02:26:52 [INFO] [3142] 'ALAN PERDESİ KOPMAZ 80GR/M2 (50 MT.)' | 500.00 TL | SKU: EMNİYET.PERDESİ.02
2026-10-07 02:26:54 [INFO] [7658] 'OLUKLU 875*2500*ŞEFFAF 0.7MM' | 500.00 TL | SKU: PVC.OND.01.2500
2026-10-07 02:26:55 [INFO] [13588] 'POLİKARBON TRP 900*3000*3MM-ŞEFFAF' | 865.00 TL | SKU: POL.KRB.3000.01
2026-10-07 02:26:56 [INFO] [1487] 'BİMS 15*39*18.5 (159) 0,072M2' | 24.00 TL | SKU: BİMS.003
2026-10-07 02:26:57 [INFO] [12258] 'LOKMA ANAHTARI ALTI KÖŞE 1/4 13 mm' | 139.00 TL | SKU: İZELTAŞ.1107.06.0013
2026-10-07 02:26:59 [INFO] [15768] 'AMPUL LEDBULB TORCH 30W 6500 K BEYAZ IŞI' | 110.00 TL | SKU: VOLTEK.VLB03065
2026-10-07 02:27:00 [INFO] [7320] 'PANEL ÇİT DİREK 150CM YEŞİL (50*50*1,50)' | 300.00 TL | SKU: PANELÇİT.0011
2026-10-07 02:27:01 [INFO] [11590] 'BALTİMORE AÇIK GRİ 30X60 2K K8 (1,26M2)' | 377.00 TL | SKU: EGESER.300X600BTM47.END
2026-10-07 02:27:02 [INFO] [14355] 'HOFMANN GAZ TÜPÜ 165 MM SELECTRON' | 350.00 TL | SKU: SELECTRON.C231403
2026-10-07 02:27:04 [INFO] [1972] 'DERZ DOLGU BEYAZ (SİLİKONLU) QF 333 20 K' | 375.00 TL | SKU: DARKSS.YK.QF333B
2026-10-07 02:27:05 [INFO] [9394] 'TAYROT 17-MM*120-CM' | 135.00 TL | SKU: TAYROT.001
2026-10-07 02:27:06 [INFO] [13743] 'LED AMPUL EKOLA-9 9W E27 6400K HOROZ' | 29.00 TL | SKU: HOROZ.001-006-2009
2026-10-07 02:27:08 [INFO] [6079] 'STROPİYER PERDELİK 12x12 - 2MT' | 45.00 TL | SKU: STROPİYER.EPTB
2026-10-07 02:27:09 [INFO] [12602] 'HAZAR BEYAZ 30X60 2K (1,26-M2)' | 377.00 TL | SKU: EGESER.300X600HZR01.2K
2026-10-07 02:27:10 [INFO] [13738] 'EL FENERİ IŞILDAK PT-6219 SOLAR+USB ŞARJ' | 425.00 TL | SKU: PANTHER PT-6219
2026-10-07 02:27:11 [INFO] [4313] 'FLEX BAĞLANTI 40CM 3/8- 3/8' | 50.00 TL | SKU: GMS.FB803
2026-10-07 02:27:13 [INFO] [9384] 'ŞİLTE PARKE ALTI 1 M2 (50)' | 8.50 TL | SKU: ŞİLTE.002
2026-10-07 02:27:14 [INFO] [6145] 'ONDULİN ÇİVİSİ METAL BAŞLI GLV 8 CM (2,5' | 200.00 TL | SKU: NALBUR.008.01
2026-10-07 02:27:15 [INFO] [4823] '32 1 DIŞ DİŞLİ REKOR PPRC KALDE' | 85.00 TL | SKU: KALDE.3222NMO321000
2026-10-07 02:27:16 [INFO] [4782] '32 MANŞON PPRC KALDE' | 8.00 TL | SKU: KALDE.3212MUF320000
2026-10-07 02:27:16 [INFO] ... ilerleme 100/190 (tazelenen 98, basarisiz 2, korunan 2, atlanan 0)
2026-10-07 02:27:18 [INFO] [14907] 'SDS PLUS MURÇ 14X250 MM' | 75.00 TL | SKU: WONDER.STW01377
2026-10-07 02:27:19 [INFO] [4603] 'PERDE RAYI KORNİŞ ÜÇLÜ 5 M SÜPER' | 247.50 TL | SKU: IŞIK.0114
2026-10-07 02:27:20 [INFO] [926] 'ZIMPARA RULO SÜNGER GREEN/GOLD P-180 KUM' | 90.00 TL | SKU: ATLAS.006.78072754043
2026-10-07 02:27:21 [INFO] [7609] 'KIVIRCIK RULO PASPAS 100CM 14 MM (MAVİ)' | 369.00 TL | SKU: PSP.100.M.14
2026-10-07 02:27:23 [INFO] [12073] 'DRENAJ LEVHASI 200*2000(40 M2)(400 gr/m2' | 1450.00 TL | SKU: DARKSS.DR400
2026-10-07 02:27:24 [INFO] [7406] 'KAMP LAMBASI T612-1 12V SMALL 16,5 CM PA' | 100.00 TL | SKU: PANTHER.XINYIN.T-612-1
2026-10-07 02:27:25 [INFO] [2061] 'SIVA MAKİNA ÇİMENTO ESASLI MK 250 25 KG ' | 169.00 TL | SKU: DARKSS.YK.MK250.MK
2026-10-07 02:27:26 [INFO] [15491] 'FIRÇA OTO BATTAL 20 CM 451 YILDIRIM FIRÇ' | 115.00 TL | SKU: YILDIRIMFIRÇA.451
2026-10-07 02:27:27 [INFO] [14238] 'PARKE GEÇİŞ Z PROFİLİ 8 MM MAT KROM ALÜM' | 300.00 TL | SKU: SAY.371.08.MKR.2
2026-10-07 02:27:29 [INFO] [7681] 'PVC KİREMİT LEVHA 89X262 CM 2,5 MM ANTRA' | 1000.00 TL | SKU: PVC.KRMT.ANT.2620
2026-10-07 02:27:30 [INFO] [1479] 'ARDUAZLI SHINGLE RULO GRİ YONCA (10M2)' | 1390.00 TL | SKU: BİKAMAX.FLEX02
2026-10-07 02:27:31 [INFO] [8276] 'PARKE BİTİM 10 MM Z EŞİK PROFİL 2.70 MT.' | 300.00 TL | SKU: SAY.371.10.MK
2026-10-07 02:27:33 [INFO] [14324] 'ELDİVEN SARI BEYAZ PN2 NO:9' | 39.00 TL | SKU: BEYBİ.İ0401752
2026-10-07 02:27:34 [INFO] [5201] 'KİREÇ 25 KG.' | 169.00 TL | SKU: KİREÇ.003
2026-10-07 02:27:35 [INFO] [4599] 'PERDE RAYI KORNİŞ ÜÇLÜ 3 M SÜPER' | 149.00 TL | SKU: IŞIK.0110
2026-10-07 02:27:36 [INFO] [14221] 'LED PROFİLİ ALÇIPAN SIVA ALTI 20 MM 2.7 ' | 420.00 TL | SKU: TESAY.LDPA20-270
2026-10-07 02:27:37 [INFO] [15732] 'WC MATİK PVC BEYAZ' | 50.00 TL | SKU: GÜÇLÜ.4125
2026-10-07 02:27:39 [INFO] [1672] 'DUŞ TEKNESİ 100x100 OVAL LONDRA H:15 CM' | 2820.00 TL | SKU: CABINART.006
2026-10-07 02:27:40 [INFO] [7526] 'POLİKARBON 10MM ŞEFFAF 210*6000 (12,6M2)' | 4150.00 TL | SKU: POL.KRB.LV10.01
2026-10-07 02:27:41 [INFO] [1534] 'MEMBRAN 3MM POLİBİT P 3000 (-5) 10 M2' | 1850.00 TL | SKU: BTM.0001
2026-10-07 02:27:42 [INFO] [11427] 'ZEMİN/KORUMA ÖRTÜSÜ KALIN 50 M2 KARDELEN' | 175.00 TL | SKU: KARDELEN.0063
2026-10-07 02:27:44 [INFO] [3576] 'SİLİKON MUM KALIN ÇUBUK ŞEF-10235-(1KG-3' | 10.00 TL | SKU: FASTBOND.10235
2026-10-07 02:27:45 [INFO] [15492] 'FIRÇA KESTİRME LÜX NO:2.5 124 YILDIRIM F' | 45.00 TL | SKU: YILDIRIMFIRÇA.124
2026-10-07 02:27:46 [INFO] [14689] 'DERZ ARTISI 3MM OLUKLU(500 AD)' | 90.00 TL | SKU: IŞIK.SFXDB012
2026-10-07 02:27:48 [INFO] [15349] 'STREÇ 17 MİCRON 50X300 MT (2640 GR)' | 550.00 TL | SKU: ELİTT.17MC50X300
2026-10-07 02:27:49 [INFO] [11674] 'SUNTA VİDASI 5x100 STD (100)' | 190.00 TL | SKU: STD.50100
2026-10-07 02:27:50 [INFO] [3922] 'KÖŞE ÇITASI LED PROFİLİ GLV 030 12X21 2.' | 23.00 TL | SKU: FOUR.030.KÇLD.12X21.2700
2026-10-07 02:27:51 [INFO] [9138] 'BETOFAST 6.3*135 1 AD' | 5.25 TL | SKU: STD.900244700
2026-10-07 02:27:52 [INFO] [14259] 'MIKNATISLI BİLEKLİ PT09971 PARTNER' | 125.00 TL | SKU: PARTNER.09971
2026-10-07 02:27:54 [INFO] [5358] 'HORTUM KELEPÇESİ 10 MM 20X32' | 15.00 TL | SKU: P02029
2026-10-07 02:27:55 [INFO] [4651] 'İNŞAAT ÇİVİSİ 5 LİK' | 59.00 TL | SKU: İNŞ.ÇİV.0001
2026-10-07 02:27:56 [INFO] [5357] 'HORTUM KELEPÇESİ 13 MM 28X48' | 18.00 TL | SKU: P02010
2026-10-07 02:27:57 [INFO] [12946] 'KARTON OLUKLU ZEMİN KORUMA 120CM (30 M2)' | 600.00 TL | SKU: NALBUR.127
2026-10-07 02:27:59 [INFO] [11398] 'KAFA LAMBASI PT-5100 PİLLİ 500LM' | 150.00 TL | SKU: PANTHER PT-5100
2026-10-07 02:28:00 [INFO] [13562] 'MASTİK PU 280 ML PU-45 SiYAH' | 199.00 TL | SKU: SELENA.180
2026-10-07 02:28:01 [INFO] [11044] 'BORU KILIFI 48/10 2 MT PROCO' | 30.00 TL | SKU: PROCO.005
2026-10-07 02:28:03 [INFO] [15411] 'ŞİLTE 8MM AFK YAPIŞKANLI 100 CM PROCO 1M' | 215.00 TL | SKU: PROCO.8MMAFK.Y
2026-10-07 02:28:04 [INFO] [13149] 'EL FENERİ PT-8867 USB ŞARJLI 2W+COB LED ' | 150.00 TL | SKU: PANTHER PT-8867
2026-10-07 02:28:05 [INFO] [6787] 'TEMİZ SU HORTUMU ÇAMAŞIR 3 MT NOBEL' | 227.00 TL | SKU: NOBEL.712013
2026-10-07 02:28:06 [INFO] [14743] 'BATARYA BORUSU METAL KUBAR GMS' | 480.00 TL | SKU: GMS.YD113
2026-10-07 02:28:07 [INFO] [4842] '32 1 REKOR OYNAR BAŞLI İÇ DİŞLİ KALDE' | 215.00 TL | SKU: KALDE.3272TUF321000
2026-10-07 02:28:09 [INFO] [15076] 'MAKET BIÇAĞI SİYAH PLASTİK MAK119S' | 50.00 TL | SKU: ORIENT.MAK119S
2026-10-07 02:28:10 [INFO] [15379] 'İŞ AYAKKABISI BRAVE S1 AIR MAX BAĞCIKLI ' | 1250.00 TL | SKU: STD.977017800.41
2026-10-07 02:28:11 [INFO] [688] 'KAPLİN 20 1/2 DIŞ DİŞLİ ADAPTÖR A8050' | 29.00 TL | SKU: ARANGÜL.A8050
2026-10-07 02:28:12 [INFO] [779] 'ASMA TAVAN METAL CLİP-İN ASKI MAŞASI 1 A' | 10.00 TL | SKU: ASMAT.021
2026-10-07 02:28:14 [INFO] [780] 'ASMA TAVAN METAL CLİP-İN KLİPS 1 AD (250' | 5.00 TL | SKU: ASMAT.022
2026-10-07 02:28:15 [INFO] [15500] 'DOĞALGAZ CAM MENFEZİ SİYAH 180 MM' | 45.00 TL | SKU: MADE.1101
2026-10-07 02:28:16 [INFO] [1922] 'BOARDEX 120*240*12.5 MM (50)' | 750.00 TL | SKU: DALSAN.204
2026-10-07 02:28:18 [INFO] [13425] 'KLOZET KAPAK KAMELYA YAVAŞ KAPANIR METAL' | 1250.00 TL | SKU: VİSAM.515.001
2026-10-07 02:28:19 [INFO] [14042] 'ELDİVEN LATEKS GRİ CAMCI NO:10 1/2 CMC17' | 65.00 TL | SKU: CMC.1729
2026-10-07 02:28:20 [INFO] [2106] 'RULO DEKOR PLASDEK İÇ CEPHE 25CM 1017' | 285.00 TL | SKU: DEKOR.1017
2026-10-07 02:28:21 [INFO] [3954] 'ASKI ÇUBUĞU /TELİ 30 1 AD (100)' | 4.00 TL | SKU: FOUR.HNK0012
2026-10-07 02:28:23 [INFO] [12177] 'ZEMİN/KORUMA ÖRTÜSÜ KALIN 20 M2 KARDELEN' | 90.00 TL | SKU: KARDELEN.0061
2026-10-07 02:28:24 [INFO] [4866] '70/1000 PİS SU BORU KALDE' | 117.00 TL | SKU: KALDE.5203TBE0L1000
2026-10-07 02:28:25 [INFO] [8749] 'BETON MATKAP UCU 7x100 MM SGS1407' | 65.00 TL | SKU: SGS.1407
2026-10-07 02:28:26 [INFO] [13598] 'KESKİ GENİŞ 14X250X40 MM WONDER SDS PLUS' | 110.00 TL | SKU: WONDER.STW013780
2026-10-07 02:28:27 [INFO] [7520] 'POLİKARBON 4MM 210*6000 ŞEFFAF(12,6)' | 2300.00 TL | SKU: POL.KRB.LV04.01
2026-10-07 02:28:29 [INFO] [15763] 'KORNİŞ MONTAJ YAPIŞTIRICI BEYAZ 290 ML U' | 209.00 TL | SKU: SELSİL.3753
2026-10-07 02:28:30 [INFO] [6217] 'NAYLON BALONLU 100cm x 50MT (25GR)' | 425.00 TL | SKU: NAYLON.001
2026-10-07 02:28:31 [INFO] [6160] 'FIRÇA SAPI 120CM' | 100.00 TL | SKU: NALBUR.035
2026-10-07 02:28:33 [INFO] [6147] 'OLUK İÇİ KELEPÇE SACI (30 CM GERGİLİ) (2' | 7.50 TL | SKU: NALBUR.011
2026-10-07 02:28:34 [INFO] [11182] 'NAYLON SİYAH 0.18 MC 2X2MT' | 115.00 TL | SKU: NAYLON.05
2026-10-07 02:28:35 [INFO] [14625] 'MAKET BIÇAĞI PLASTİK SİYAH FRS 151' | 45.00 TL | SKU: FRS.151
2026-10-07 02:28:36 [WARNING] [7315] 429 Too Many Requests — 84s bekleniyor (deneme 1/3, hiz 0.4/sn)
2026-10-07 02:28:39 [WARNING] [14593] 429 Too Many Requests — 81s bekleniyor (deneme 1/3, hiz 0.2/sn)
2026-10-07 02:28:44 [WARNING] [3521] 429 Too Many Requests — 76s bekleniyor (deneme 1/3, hiz 0.2/sn)
2026-10-07 02:28:49 [WARNING] [4652] 429 Too Many Requests — 71s bekleniyor (deneme 1/3, hiz 0.2/sn)
2026-10-07 02:28:54 [WARNING] [1927] 429 Too Many Requests — 66s bekleniyor (deneme 1/3, hiz 0.2/sn)
2026-10-07 02:28:59 [WARNING] [14433] 429 Too Many Requests — 61s bekleniyor (deneme 1/3, hiz 0.2/sn)
2026-10-07 02:29:04 [WARNING] [787] 429 Too Many Requests — 56s bekleniyor (deneme 1/3, hiz 0.2/sn)
2026-10-07 02:29:09 [WARNING] [9344] 429 Too Many Requests — 51s bekleniyor (deneme 1/3, hiz 0.2/sn)
2026-10-07 02:30:00 [INFO] [14433] 'KAPI KOLU KUMRUCAN AYNALI ODA İNOX ALBRİ' | 165.00 TL | SKU: NOBEL.2500155
2026-10-07 02:30:00 [INFO] [4652] 'İNŞAAT ÇİVİSİ 6 LIK 15X27' | 59.00 TL | SKU: İNŞ.ÇİV.0002
2026-10-07 02:30:01 [INFO] [9344] 'GAZ BETON 05-CM (60x25X05) 1AD 0.15 M2' | 32.50 TL | SKU: STT.017
2026-10-07 02:30:05 [INFO] [787] 'ASMA TAVAN METAL CLİP-İN ANA TAŞIYICI 3 ' | 92.50 TL | SKU: ASMAT.038
2026-10-07 02:30:10 [INFO] [1480] 'ARDUAZLI SHINGLE RULO YEŞİL YONCA (10M2)' | 1390.00 TL | SKU: BİKAMAX.FLEX03
2026-10-07 02:30:15 [INFO] [13736] 'EL FENERİ PT-4515 USB ŞARJLI  3W LED 800' | 225.00 TL | SKU: PANTHER PT-4515
2026-10-07 02:30:20 [INFO] [12025] 'ÇEKİÇ 200 GR RH09802 RTRMAX' | 180.00 TL | SKU: RTRMAX.RH09802
2026-10-07 02:30:25 [INFO] [1969] 'SERAMİK YAPIŞTIRICI BEYAZ QF121 C1T-25 K' | 235.00 TL | SKU: DARKSS.YK.QF121B
2026-10-07 02:30:30 [INFO] [13109] 'TOREX ÇOK AMAÇLI DÜBEL T-X 8' | 249.00 TL | SKU: 8680613960537
2026-10-07 02:30:35 [INFO] [1933] 'SATEN ALÇISI (1 KG)' | 22.50 TL | SKU: DALSAN.109
2026-10-07 02:30:40 [INFO] [1927] 'DERZTEK ALÇI LEVHA DERZ DOLGU ALÇI (25 K' | 220.00 TL | SKU: DALSAN.107
2026-10-07 02:30:45 [INFO] [3521] 'MAKARA KEPLİ 40 LIK' | 118.80 TL | SKU: FALO.40KM
2026-10-07 02:30:50 [INFO] [14593] 'MANTOLAMA DÜBELİ GAZ BETON ÇELİK ÇİVİLİ ' | 4.00 TL | SKU: DARKSS.MDGÇ.14
2026-10-07 02:30:55 [INFO] [4851] '20 KÖRTAPA DİŞLİ PPRC KALDE' | 2.00 TL | SKU: KALDE.3295STE200B00
2026-10-07 02:31:00 [INFO] [15077] 'MAKET BIÇAĞI YEDEĞİ 10 LU GENİŞ 18MM ORI' | 60.00 TL | SKU: ORIENT.MAKB2T
2026-10-07 02:31:05 [INFO] [12135] 'AGT PARKE CORVİNA ALBANA (2,292m2)' | 924.00 TL | SKU: AGT.120047299
2026-10-07 02:31:10 [INFO] [12361] 'SIVA FİLESİ 160 GR A+ BEYAZ 1 M2 (50)' | 20.00 TL | SKU: DARKSS.SF160.05
2026-10-07 02:31:15 [INFO] [8501] 'PU KÖPÜK TİTAN PRO 753 STR 750ML (35 M) ' | 280.00 TL | SKU: SELENA.10049284
2026-10-07 02:31:20 [INFO] [5322] 'İKAZ BANDI EMNİYET 250 MT' | 199.00 TL | SKU: ARY.6CM250M
2026-10-07 02:31:25 [INFO] [12409] 'SUNTA VİDASI 6x120 AKDENİZ (100)' | 175.00 TL | SKU: AKDENİZ.VSUN60120GAL
2026-10-07 02:31:30 [INFO] [9912] 'UNIVERSAL ELEKTRİK İZO. BANDI 19*10-KIRM' | 20.00 TL | SKU: UNIVERSAL.023
2026-10-07 02:31:35 [INFO] [14910] 'ELDİVEN NİTRİL MİCRO 3/4 NO:8 BEYBİ' | 95.00 TL | SKU: BEYBİ.İ04NMF13408
2026-10-07 02:31:40 [INFO] [9317] 'SUNTA VİDASI MUHTELİF' | 425.00 TL | SKU: STD.SUNTA
2026-10-07 02:31:45 [INFO] [7315] 'PANEL ÇİT 150CM YEŞİL (2500*5*15) 4-MM' | 785.00 TL | SKU: PANELÇİT.0005
2026-10-07 02:31:50 [INFO] [9136] 'BETOFAST 6.3*105 1 AD' | 4.25 TL | SKU: STD.900242700
2026-10-07 02:31:55 [INFO] [14546] 'TAŞYÜNÜ LEVHA FAWORİ TR7,5-05CM (60*100*' | 1250.00 TL | SKU: FAWORİ.258
2026-10-07 02:31:58 [INFO] [5896] 'MANYETİK SOMUN ADAPTÖRÜ 8x45 MM' | 28.00 TL | SKU: WONDER.STW01272
2026-10-07 02:31:58 [INFO] State yaziliyor: 8664 url -> /home/runner/work/inflationstudymirror/inflationstudymirror/InflationItems/Datas/ConstructionSuppliesMarkets/yapimaks/last_seen.json
2026-10-07 02:31:58 [INFO] ==================================================
2026-10-07 02:31:58 [INFO] Tamamlandi [OK]! Tasinan: 8196 | Tazelenen: 188 | Basarisiz: 2 | Korunan eski satir: 2 | Atlanan (sure/limit): 0 | Dusurulen: 15
2026-10-07 02:31:58 [INFO] Dosya: /home/runner/work/inflationstudymirror/inflationstudymirror/InflationItems/Datas/ConstructionSuppliesMarkets/yapimaks/2026-10-07.csv (toplam 8386 urun)
2026-10-07 02:31:58 [INFO] ==================================================
