2026-08-08 03:24:01 [INFO] ==================================================
2026-08-08 03:24:01 [INFO] Yapimaks Scraper basliyor
2026-08-08 03:24:01 [INFO] ==================================================
2026-08-08 03:24:01 [INFO] Ana sayfa ziyaret ediliyor, cookie aliniyor...
2026-08-08 03:24:02 [INFO] Cookie basariyla alindi.
2026-08-08 03:24:02 [INFO] Sitemap indiriliyor: https://yapimaks.com/sitemap/products1.xml
2026-08-08 03:24:03 [INFO] Sitemap'ten toplam 8209 urun URL'si bulundu.
2026-08-08 03:24:03 [INFO] Bugune ait veri yok. Eski veri (2026-08-07.csv) süzülerek bugune aktariliyor...
2026-08-08 03:24:03 [INFO] Basarili! 8205 urun dunden bugune aktarildi.
2026-08-08 03:24:03 [INFO] Guncel dosyada hazir olan urun: 8205 | Sifirdan cekilecek (yeni) urun: 4
2026-08-08 03:24:03 [INFO] 4 yeni urun scrapelanacak -> /home/runner/work/inflationstudymirror/inflationstudymirror/Datas/yapimaks/2026-08-08.csv
2026-08-08 03:24:03 [INFO] [1/4] https://yapimaks.com/aqua-reno-mutfak-beyaz-renovasyon-boyasi-0-75-l-10-gr-p15815
2026-08-08 03:24:03 [INFO] [15815] 'AQUA RENO MUTFAK BEYAZ RENOVASYON BOYASI' | 1100.00 TL | SKU: FİLLİ.RENO.3000.2516.11.00001
2026-08-08 03:24:05 [INFO] [2/4] https://yapimaks.com/cift-tarafli-kopuk-bant-24mmx2m-kavi-p14783
2026-08-08 03:24:06 [INFO] [14783] 'ÇİFT TARAFLI KÖPÜK BANT 24MMX2M KAVİ' | 15.00 TL | SKU: KAVİ.STK08002
2026-08-08 03:24:08 [INFO] [3/4] https://yapimaks.com/dikey-supurge-sarjli-18v-2-0ah-stanley-sfmcvs001d1-p15513
2026-08-08 03:24:08 [INFO] [15513] 'DİKEY SÜPÜRGE ŞARJLI 18V 2.0AH STANLEY S' | 15000.00 TL | SKU: STANLEY.SFMCVS001D1-W
2026-08-08 03:24:10 [INFO] [4/4] https://yapimaks.com/pvc-pencere-kolu-aluminyum-kilitli-tekli-p9186
2026-08-08 03:24:10 [INFO] [9186] 'PVC PENCERE KOLU ALÜMİNYUM KİLİTLİ TEKLİ' | 199.00 TL | SKU: STD.943162801
2026-08-08 03:24:12 [INFO] Tamamlandi! Toplam 4 yeni urun eklendi -> /home/runner/work/inflationstudymirror/inflationstudymirror/Datas/yapimaks/2026-08-08.csv
