2026-09-02 21:12:26 [INFO] ==================================================
2026-09-02 21:12:26 [INFO] Yapimaks Scraper basliyor
2026-09-02 21:12:26 [INFO] ==================================================
2026-09-02 21:12:26 [INFO] Ana sayfa ziyaret ediliyor, cookie aliniyor...
2026-09-02 21:12:27 [INFO] Cookie basariyla alindi.
2026-09-02 21:12:27 [INFO] Sitemap indiriliyor: https://yapimaks.com/sitemap/products1.xml
2026-09-02 21:12:27 [INFO] Sitemap'ten toplam 8398 urun URL'si bulundu.
2026-09-02 21:12:27 [INFO] Dunun dosyasinda 0 urun var.
2026-09-02 21:12:27 [WARNING] TEST MODU: --limit 2 — yalnizca ilk 2 urun cekilecek
2026-09-02 21:12:27 [INFO] Tasinacak (degismeyen) urun: 0 | Yeniden cekilecek: 2
2026-09-02 21:12:27 [INFO] [1/2] https://yapimaks.com/0-30-875-200-oluklu-p4257
2026-09-02 21:12:27 [INFO] [4257] '0.30*875*200 OLUKLU' | 300.00 TL | SKU: GLV.SAC.030.2000
2026-09-02 21:12:29 [INFO] [2/2] https://yapimaks.com/0-30-875-250-oluklu-p4258
2026-09-02 21:12:29 [INFO] [4258] '0.30*875*250 OLUKLU' | 375.00 TL | SKU: GLV.SAC.030.2500
2026-09-02 21:12:31 [INFO] ==================================================
2026-09-02 21:12:31 [INFO] Tamamlandi! Tasinan: 0 | Tazelenen: 2 | Basarisiz: 0 | Korunan eski satir: 0 | Dusurulen: 0
2026-09-02 21:12:31 [INFO] Dosya: /tmp/yapimaks_test/2026-09-02.csv (toplam 2 urun)
2026-09-02 21:12:31 [INFO] ==================================================
2026-09-02 21:12:50 [INFO] ==================================================
2026-09-02 21:12:50 [INFO] Yapimaks Scraper basliyor
2026-09-02 21:12:50 [INFO] ==================================================
2026-09-02 21:12:50 [INFO] Ana sayfa ziyaret ediliyor, cookie aliniyor...
2026-09-02 21:12:50 [INFO] Cookie basariyla alindi.
2026-09-02 21:12:50 [INFO] Sitemap indiriliyor: https://yapimaks.com/sitemap/products1.xml
2026-09-02 21:12:50 [INFO] Sitemap'ten toplam 8398 urun URL'si bulundu.
2026-09-02 21:12:50 [INFO] Dunun dosyasinda 0 urun var.
2026-09-02 21:12:50 [WARNING] TEST MODU: --limit 3 — yalnizca ilk 3 urun cekilecek
2026-09-02 21:12:50 [INFO] Tasinacak (degismeyen) urun: 0 | Yeniden cekilecek: 3
2026-09-02 21:12:50 [INFO] [1/3] https://yapimaks.com/0-30-875-200-oluklu-p4257
2026-09-02 21:12:50 [INFO] [4257] '0.30*875*200 OLUKLU' | 300.00 TL | SKU: GLV.SAC.030.2000
2026-09-02 21:12:52 [INFO] [2/3] https://yapimaks.com/0-30-875-250-oluklu-p4258
2026-09-02 21:12:52 [INFO] [4258] '0.30*875*250 OLUKLU' | 375.00 TL | SKU: GLV.SAC.030.2500
2026-09-02 21:12:54 [INFO] [3/3] https://yapimaks.com/0-30-875-300-oluklu-p4259
2026-09-02 21:12:54 [INFO] [4259] '0.30*875*300 OLUKLU' | 450.00 TL | SKU: GLV.SAC.030.3000
2026-09-02 21:12:56 [INFO] ==================================================
2026-09-02 21:12:56 [INFO] Tamamlandi! Tasinan: 0 | Tazelenen: 3 | Basarisiz: 0 | Korunan eski satir: 0 | Dusurulen: 0
2026-09-02 21:12:56 [INFO] Dosya: /tmp/yapimaks_ci/2026-09-02.csv (toplam 3 urun)
2026-09-02 21:12:56 [INFO] ==================================================
2026-09-02 21:28:30 [INFO] ==================================================
2026-09-02 21:28:30 [INFO] Yapimaks Scraper basliyor (async)
2026-09-02 21:28:30 [INFO] ==================================================
2026-09-02 21:28:30 [INFO] Parametreler: workers=6, rate=4.0/sn, max_duration=300 dk
2026-09-02 21:28:30 [INFO] Ana sayfa ziyaret ediliyor, cookie aliniyor...
2026-09-02 21:28:31 [INFO] Cookie basariyla alindi.
2026-09-02 21:28:31 [INFO] Sitemap indiriliyor: https://yapimaks.com/sitemap/products1.xml
2026-09-02 21:28:31 [INFO] Sitemap'ten toplam 8398 urun URL'si bulundu.
2026-09-02 21:28:31 [INFO] Dunun dosyasinda 0 urun var.
2026-09-02 21:28:31 [WARNING] TEST MODU: --limit 25 — yalnizca ilk 25 urun cekilecek
2026-09-02 21:28:31 [INFO] Tasinacak (degismeyen) urun: 0 | Yeniden cekilecek: 25
2026-09-02 21:28:31 [INFO] [4258] '0.30*875*250 OLUKLU' | 375.00 TL | SKU: GLV.SAC.030.2500
2026-09-02 21:28:31 [INFO] [4259] '0.30*875*300 OLUKLU' | 450.00 TL | SKU: GLV.SAC.030.3000
2026-09-02 21:28:31 [INFO] [4254] '0.30 TRAPEZ MAHYA' | 125.00 TL | SKU: GLV.SAC.030.TMHY
2026-09-02 21:28:31 [INFO] [4257] '0.30*875*200 OLUKLU' | 300.00 TL | SKU: GLV.SAC.030.2000
2026-09-02 21:28:31 [INFO] [4260] '0.40*86*200 TRAPEZ' | 370.00 TL | SKU: GLV.SAC.040.2000
2026-09-02 21:28:31 [INFO] [4256] '0.30*GLV RULO SAC 100CM' | 60.00 TL | SKU: GLV.SAC.030.1000.0
2026-09-02 21:28:31 [INFO] [13724] '0.40*86*2000 TRAPEZ (GRİ)' | 430.00 TL | SKU: RALL.7016.040.2000
2026-09-02 21:28:31 [INFO] [13718] '0.40*86*2000 TRAPEZ (BEYAZ)' | 420.00 TL | SKU: RALL.9002.040.2000
2026-09-02 21:28:32 [INFO] [13721] '0.40*86*2500 TRAPEZ (BORDO)' | 525.00 TL | SKU: RALL.3009.040.2500
2026-09-02 21:28:32 [INFO] [13720] '0.40*86*2000 TRAPEZ (BORDO)' | 420.00 TL | SKU: RALL.3009.040.2000
2026-09-02 21:28:32 [INFO] [13729] '0.40*86*3000 TRAPEZ (BEYAZ)' | 630.00 TL | SKU: RALL.9002.040.3000
2026-09-02 21:28:32 [INFO] [13722] '0.40*86*3000 TRAPEZ (BORDO)' | 630.00 TL | SKU: RALL.3009.040.3000
2026-09-02 21:28:33 [INFO] [13725] '0.40*86*2500 TRAPEZ (GRİ)' | 537.50 TL | SKU: RALL.7016.040.2500
2026-09-02 21:28:33 [INFO] [4262] '0.40*86*300 TRAPEZ' | 555.00 TL | SKU: GLV.SAC.040.3000
2026-09-02 21:28:33 [INFO] [15009] '0.40*86*3500 TRAPEZ (BORDO)' | 735.00 TL | SKU: RALL.3009.040.3500
2026-09-02 21:28:33 [INFO] [4261] '0.40*86*250 TRAPEZ' | 462.50 TL | SKU: GLV.SAC.040.2500
2026-09-02 21:28:34 [INFO] [13726] '0.40*86*3000 TRAPEZ (GRİ)' | 645.00 TL | SKU: RALL.7016.040.3000
2026-09-02 21:28:34 [INFO] [13727] '0.40*86*4000 TRAPEZ (GRİ)' | 860.00 TL | SKU: RALL.7016.040.4000
2026-09-02 21:28:34 [INFO] [13723] '0.40*86*4000 TRAPEZ (BORDO)' | 840.00 TL | SKU: RALL.3009.040.4000
2026-09-02 21:28:34 [INFO] [13728] '0.40*86*2500 TRAPEZ (BEYAZ)' | 525.00 TL | SKU: RALL.9002.040.2500
2026-09-02 21:28:34 [INFO] [15011] '0.50*100*200(DÜZ SAC)' | 410.00 TL | SKU: GLV.SAC.050.100X200
2026-09-02 21:28:35 [INFO] [7722] '0.50*1000*2000 DÜZ SAÇ (GRİ)' | 450.00 TL | SKU: RALL.7016.1000.02
2026-09-02 21:28:35 [INFO] [7727] '0.50*105*2000 TRAPEZ (BEYAZ)' | 520.00 TL | SKU: RALL.9002.050.2000
2026-09-02 21:28:35 [INFO] [4263] '0.40*86*400 TRAPEZ' | 740.00 TL | SKU: GLV.SAC.040.4000
2026-09-02 21:28:36 [INFO] [13719] '0.40*86*4000 TRAPEZ (BEYAZ)' | 840.00 TL | SKU: RALL.9002.040.4000
2026-09-02 21:28:36 [INFO] State yaziliyor: 8398 url -> /tmp/yapimaks_async/last_seen.json
2026-09-02 21:28:36 [INFO] ==================================================
2026-09-02 21:28:36 [INFO] Tamamlandi [OK]! Tasinan: 0 | Tazelenen: 25 | Basarisiz: 0 | Korunan eski satir: 0 | Atlanan (sure/limit): 0 | Dusurulen: 0
2026-09-02 21:28:36 [INFO] Dosya: /tmp/yapimaks_async/2026-09-02.csv (toplam 25 urun)
2026-09-02 21:28:36 [INFO] ==================================================
2026-09-02 21:28:39 [INFO] ==================================================
2026-09-02 21:28:39 [INFO] Yapimaks Scraper basliyor (async)
2026-09-02 21:28:39 [INFO] ==================================================
2026-09-02 21:28:39 [INFO] Parametreler: workers=8, rate=8.0/sn, max_duration=300 dk
2026-09-02 21:28:39 [INFO] Ana sayfa ziyaret ediliyor, cookie aliniyor...
2026-09-02 21:28:39 [INFO] Cookie basariyla alindi.
2026-09-02 21:28:39 [INFO] Sitemap indiriliyor: https://yapimaks.com/sitemap/products1.xml
2026-09-02 21:28:39 [INFO] Sitemap'ten toplam 8398 urun URL'si bulundu.
2026-09-02 21:28:39 [INFO] Dunun dosyasinda 0 urun var.
2026-09-02 21:28:39 [WARNING] TEST MODU: --limit 300 — yalnizca ilk 300 urun cekilecek
2026-09-02 21:28:39 [INFO] Tasinacak (degismeyen) urun: 0 | Yeniden cekilecek: 300
2026-09-02 21:28:39 [INFO] [13718] '0.40*86*2000 TRAPEZ (BEYAZ)' | 420.00 TL | SKU: RALL.9002.040.2000
2026-09-02 21:28:39 [INFO] [4256] '0.30*GLV RULO SAC 100CM' | 60.00 TL | SKU: GLV.SAC.030.1000.0
2026-09-02 21:28:39 [INFO] [4258] '0.30*875*250 OLUKLU' | 375.00 TL | SKU: GLV.SAC.030.2500
2026-09-02 21:28:40 [INFO] [13720] '0.40*86*2000 TRAPEZ (BORDO)' | 420.00 TL | SKU: RALL.3009.040.2000
2026-09-02 21:28:40 [INFO] [4259] '0.30*875*300 OLUKLU' | 450.00 TL | SKU: GLV.SAC.030.3000
2026-09-02 21:28:40 [INFO] [4260] '0.40*86*200 TRAPEZ' | 370.00 TL | SKU: GLV.SAC.040.2000
2026-09-02 21:28:40 [INFO] [4254] '0.30 TRAPEZ MAHYA' | 125.00 TL | SKU: GLV.SAC.030.TMHY
2026-09-02 21:28:40 [INFO] [4257] '0.30*875*200 OLUKLU' | 300.00 TL | SKU: GLV.SAC.030.2000
2026-09-02 21:28:40 [INFO] [13724] '0.40*86*2000 TRAPEZ (GRİ)' | 430.00 TL | SKU: RALL.7016.040.2000
2026-09-02 21:28:40 [INFO] [13721] '0.40*86*2500 TRAPEZ (BORDO)' | 525.00 TL | SKU: RALL.3009.040.2500
2026-09-02 21:28:40 [INFO] [13728] '0.40*86*2500 TRAPEZ (BEYAZ)' | 525.00 TL | SKU: RALL.9002.040.2500
2026-09-02 21:28:40 [INFO] [4261] '0.40*86*250 TRAPEZ' | 462.50 TL | SKU: GLV.SAC.040.2500
2026-09-02 21:28:40 [INFO] [13725] '0.40*86*2500 TRAPEZ (GRİ)' | 537.50 TL | SKU: RALL.7016.040.2500
2026-09-02 21:28:40 [INFO] [4262] '0.40*86*300 TRAPEZ' | 555.00 TL | SKU: GLV.SAC.040.3000
2026-09-02 21:28:40 [INFO] [13729] '0.40*86*3000 TRAPEZ (BEYAZ)' | 630.00 TL | SKU: RALL.9002.040.3000
2026-09-02 21:28:40 [INFO] [15009] '0.40*86*3500 TRAPEZ (BORDO)' | 735.00 TL | SKU: RALL.3009.040.3500
2026-09-02 21:28:40 [INFO] [13726] '0.40*86*3000 TRAPEZ (GRİ)' | 645.00 TL | SKU: RALL.7016.040.3000
2026-09-02 21:28:41 [INFO] [13727] '0.40*86*4000 TRAPEZ (GRİ)' | 860.00 TL | SKU: RALL.7016.040.4000
2026-09-02 21:28:41 [INFO] [7722] '0.50*1000*2000 DÜZ SAÇ (GRİ)' | 450.00 TL | SKU: RALL.7016.1000.02
2026-09-02 21:28:41 [INFO] [15011] '0.50*100*200(DÜZ SAC)' | 410.00 TL | SKU: GLV.SAC.050.100X200
2026-09-02 21:28:41 [INFO] [14764] '0.50*15*200 KAR TUTUCU AKSESUAR ANTRASİT' | 139.00 TL | SKU: RALL.7016.050.AKS.02
2026-09-02 21:28:41 [INFO] [13723] '0.40*86*4000 TRAPEZ (BORDO)' | 840.00 TL | SKU: RALL.3009.040.4000
2026-09-02 21:28:41 [INFO] [14768] '0.50*15*200 KAR TUTUCU AKSESUAR BORDO' | 139.00 TL | SKU: RALL.3009.050.AKS.03
2026-09-02 21:28:41 [INFO] [14763] '0.50*15*200 L KÖŞE AKSESUAR ANTRASİT' | 140.00 TL | SKU: RALL.7016.050.AKS.03
2026-09-02 21:28:41 [INFO] [14767] '0.50*15*200 L KÖŞE AKSESUAR BORDO' | 139.00 TL | SKU: RALL.3009.050.AKS.04
2026-09-02 21:28:41 [INFO] [14769] '0.50*30*200 ALIN KAPAMA AKSESUAR BORDO' | 175.00 TL | SKU: RALL.3009.050.AKS.01
2026-09-02 21:28:42 [INFO] [13719] '0.40*86*4000 TRAPEZ (BEYAZ)' | 840.00 TL | SKU: RALL.9002.040.4000
2026-09-02 21:28:42 [INFO] [14762] '0.50*50*200 DERE AKSESUAR ANTRASİT' | 400.00 TL | SKU: RALL.7016.050.AKS.01
2026-09-02 21:28:42 [INFO] [4263] '0.40*86*400 TRAPEZ' | 740.00 TL | SKU: GLV.SAC.040.4000
2026-09-02 21:28:42 [INFO] [7689] '0.50*3009 RULO SAC 30-CM' | 62.50 TL | SKU: RALL.3009.300.01
2026-09-02 21:28:42 [INFO] [7711] '0.50*3009 RULO SAC 100-CM' | 61.50 TL | SKU: RALL.3009.1000.02
2026-09-02 21:28:42 [INFO] [7724] '0.50*7016 RULO SAC A.GRİ 30-CM' | 65.00 TL | SKU: RALL.7016.300.01
2026-09-02 21:28:42 [INFO] [15008] '0.50*86*1250 TRAPEZ (BORDO)' | 295.00 TL | SKU: RALL.3009.050.1250
2026-09-02 21:28:43 [INFO] [7725] '0.50*7016 RULO SAC A.GRİ 50 CM' | 65.00 TL | SKU: RALL.7016.500.01
2026-09-02 21:28:43 [INFO] [7691] '0.50*86*2000 TRAPEZ (BORDO)' | 470.00 TL | SKU: RALL.3009.050.2000
2026-09-02 21:28:43 [INFO] [13405] '0.50*86*250 TRAPEZ' | 512.50 TL | SKU: GLV.SAC.050.2500
2026-09-02 21:28:43 [INFO] [4276] '0.50*86*30*30 TRAPEZ MAHYA GLV.' | 205.00 TL | SKU: GLV.SAC.050.MHY
2026-09-02 21:28:43 [INFO] [7738] '0.50*86*30*30 TRP MAHYA 9002-(BEYAZ)' | 230.00 TL | SKU: RALL.9002.050.MHY
2026-09-02 21:28:43 [INFO] [7727] '0.50*105*2000 TRAPEZ (BEYAZ)' | 520.00 TL | SKU: RALL.9002.050.2000
2026-09-02 21:28:43 [INFO] [7714] '0.50*86*2000 TRAPEZ (GRİ)' | 490.00 TL | SKU: RALL.7016.050.2000
2026-09-02 21:28:43 [INFO] [7708] '0.50*86*30*30 TRP MAHYA (BORDO)' | 225.00 TL | SKU: RALL.3009.050.MHY
2026-09-02 21:28:43 [INFO] [7728] '0.50*105*2500 TRAPEZ (BEYAZ)' | 650.00 TL | SKU: RALL.9002.050.2500
2026-09-02 21:28:44 [INFO] [13722] '0.40*86*3000 TRAPEZ (BORDO)' | 630.00 TL | SKU: RALL.3009.040.3000
2026-09-02 21:28:44 [INFO] [7693] '0.50*86*3000 TRAPEZ (BORDO)' | 705.00 TL | SKU: RALL.3009.050.3000
2026-09-02 21:28:44 [INFO] [7723] '0.50*86*30*30 TRP MAHYA 7016-(A.GRİ)' | 240.00 TL | SKU: RALL.7016.050.MHY
2026-09-02 21:28:44 [INFO] [4268] '0.50*86*400 TRAPEZ' | 820.00 TL | SKU: GLV.SAC.050.4000
2026-09-02 21:28:44 [INFO] [7694] '0.50*86*3500 TRAPEZ (BORDO)' | 822.50 TL | SKU: RALL.3009.050.3500
2026-09-02 21:28:44 [INFO] [7716] '0.50*86*3000 TRAPEZ (GRİ)' | 735.00 TL | SKU: RALL.7016.050.3000
2026-09-02 21:28:44 [INFO] [14765] '0.50*50*200 DERE AKSESUAR BORDO' | 390.00 TL | SKU: RALL.3009.050.AKS.02
2026-09-02 21:28:45 [INFO] [4270] '0.50*86*500 TRAPEZ' | 1025.00 TL | SKU: GLV.SAC.050.5000
2026-09-02 21:28:45 [INFO] [7717] '0.50*86*3500 TRAPEZ (GRİ)' | 857.50 TL | SKU: RALL.7016.050.3500
2026-09-02 21:28:45 [INFO] [7730] '0.50*86*4000 TRAPEZ (BEYAZ)' | 940.00 TL | SKU: RALL.9002.050.4000
2026-09-02 21:28:45 [INFO] [7731] '0.50*86*4500 TRAPEZ (BEYAZ)' | 1057.50 TL | SKU: RALL.9002.050.4500
2026-09-02 21:28:45 [INFO] [4271] '0.50*86*550 TRAPEZ' | 1127.50 TL | SKU: GLV.SAC.050.5500
2026-09-02 21:28:45 [INFO] [7733] '0.50*86*5500 TRAPEZ (BEYAZ)' | 1292.50 TL | SKU: RALL.9002.050.5500
2026-09-02 21:28:45 [INFO] [7698] '0.50*86*5500 TRAPEZ (BORDO)' | 1292.50 TL | SKU: RALL.3009.050.5500
2026-09-02 21:28:45 [INFO] [7719] '0.50*86*5000 TRAPEZ (GRİ)' | 1225.00 TL | SKU: RALL.7016.050.5000
2026-09-02 21:28:46 [INFO] [7732] '0.50*86*5000 TRAPEZ (BEYAZ)' | 1175.00 TL | SKU: RALL.9002.050.5000
2026-09-02 21:28:46 [INFO] [4272] '0.50*86*600 TRAPEZ' | 1230.00 TL | SKU: GLV.SAC.050.6000
2026-09-02 21:28:46 [INFO] [7697] '0.50*86*5000 TRAPEZ (BORDO)' | 1175.00 TL | SKU: RALL.3009.050.5000
2026-09-02 21:28:46 [INFO] [4273] '0.50*86*650 TRAPEZ' | 1332.50 TL | SKU: GLV.SAC.050.6500
2026-09-02 21:28:46 [INFO] [4269] '0.50*86*450 TRAPEZ' | 922.50 TL | SKU: GLV.SAC.050.4500
2026-09-02 21:28:46 [INFO] [7700] '0.50*86*6500 TRAPEZ (BORDO)' | 1527.50 TL | SKU: RALL.3009.050.6500
2026-09-02 21:28:46 [INFO] [7736] '0.50*86*7000 TRAPEZ (BEYAZ)' | 1645.00 TL | SKU: RALL.9002.050.7000
2026-09-02 21:28:46 [INFO] [7721] '0.50*86*6000 TRAPEZ (GRİ)' | 1470.00 TL | SKU: RALL.7016.050.6000
2026-09-02 21:28:47 [INFO] [15777] '10*20*1.50MM KUTU PROFİL' | 210.00 TL | SKU: DEM.PRF.402
2026-09-02 21:28:47 [INFO] [4893] '100/100/100 ÇİFT ÇATAL PİS SU PVC KALDE' | 271.00 TL | SKU: KALDE.5213DBR0M0M45
2026-09-02 21:28:47 [INFO] [7699] '0.50*86*6000 TRAPEZ (BORDO)' | 1410.00 TL | SKU: RALL.3009.050.6000
2026-09-02 21:28:47 [INFO] [7734] '0.50*86*6000 TRAPEZ (BEYAZ)' | 1410.00 TL | SKU: RALL.9002.050.6000
2026-09-02 21:28:47 [INFO] [2398] '100*100*4MM  KUTU PROFİL (ANTİPASLI)' | 2830.32 TL | SKU: DEM.PRF.260
2026-09-02 21:28:47 [INFO] [4916] '100/100 ÇATAL PİS SU PVC KALDE' | 118.00 TL | SKU: KALDE.5213SBR0M0M45
2026-09-02 21:28:47 [INFO] [2417] '100*150*4MM KUTU PROFİL' | 3738.77 TL | SKU: DEM.PRF.328
2026-09-02 21:28:47 [INFO] [11185] '100*100*5MM  KUTU PROFİL ANTİPASLI' | 3481.77 TL | SKU: DEM.PRF.167
2026-09-02 21:28:47 [WARNING] [2388] 429 Too Many Requests — 11s bekleniyor (deneme 1/3, hiz 4.0/sn)
2026-09-02 21:28:48 [WARNING] [7696] 429 Too Many Requests — 11s bekleniyor (deneme 1/3, hiz 2.0/sn)
2026-09-02 21:28:48 [WARNING] [4917] 429 Too Many Requests — 10s bekleniyor (deneme 1/3, hiz 1.0/sn)
2026-09-02 21:28:49 [WARNING] [4870] 429 Too Many Requests — 9s bekleniyor (deneme 1/3, hiz 0.5/sn)
2026-09-02 21:28:51 [WARNING] [4873] 429 Too Many Requests — 7s bekleniyor (deneme 1/3, hiz 0.2/sn)
2026-09-02 21:28:55 [WARNING] [7735] 429 Too Many Requests — 3s bekleniyor (deneme 1/3, hiz 0.2/sn)
2026-09-02 21:29:02 [INFO] [7701] '0.50*86*7000 TRAPEZ (BORDO)' | 1645.00 TL | SKU: RALL.3009.050.7000
2026-09-02 21:29:07 [INFO] [4917] '100/100 TE PİS SU PVC KALDE' | 117.00 TL | SKU: KALDE.5213SBR0M0M87
2026-09-02 21:29:12 [INFO] [7696] '0.50*86*4500 TRAPEZ (BORDO)' | 1057.50 TL | SKU: RALL.3009.050.4500
2026-09-02 21:29:17 [INFO] [4874] '100/3000 PİS SU BORU KALDE' | 511.00 TL | SKU: KALDE.5203TBE0M3000
2026-09-02 21:29:22 [INFO] [4884] '100/250 PİS SU BORUSU KALDE' | 102.00 TL | SKU: KALDE.5203TBEXM0250
2026-09-02 21:29:27 [INFO] [4873] '100/1000 PİS SU BORU KALDE' | 181.00 TL | SKU: KALDE.5203TBE0M1000
2026-09-02 21:29:32 [INFO] [4899] '100/45 PİS SU PVC DİRSEK KALDE' | 62.00 TL | SKU: KALDE.5213ELB0M0045
2026-09-02 21:29:37 [INFO] [4904] '100/50 REDÜKSİYON PİS SU PVC KALDE' | 38.00 TL | SKU: KALDE.5213RDC0M0K00
2026-09-02 21:29:42 [INFO] [4870] '100/2000 PİS SU BORU KALDE' | 346.00 TL | SKU: KALDE.5203TBE0M2000
2026-09-02 21:29:50 [INFO] [4869] '100/500 PİS SU BORU PPRC KALDE' | 127.00 TL | SKU: KALDE.5203TBE0M0500
2026-09-02 21:29:55 [INFO] [4915] '100/70 ÇATAL PİS SU PVC KALDE' | 109.00 TL | SKU: KALDE.5213SBR0M0L45
2026-09-02 21:30:00 [INFO] [4905] '100/70 REDÜKSİYON PİS SU PVC KALDE' | 53.00 TL | SKU: KALDE.5213RDC0M0L00
2026-09-02 21:30:05 [INFO] [7735] '0.50*86*6500 TRAPEZ (BEYAZ)' | 1527.50 TL | SKU: RALL.9002.050.6500
2026-09-02 21:30:10 [INFO] [4924] '100 ES PİS SU PVC KALDE 110X87' | 214.00 TL | SKU: KALDE.5213SPİ0M0087
2026-09-02 21:30:15 [INFO] [12648] '100/50 TE PİS SU PVC KALDE' | 84.00 TL | SKU: KALDE.5213SBR0M0K87
2026-09-02 21:30:20 [INFO] [4888] '100 KELEPÇE PİS SU PVC KALDE' | 31.00 TL | SKU: KALDE.5213BCC0M0000
2026-09-02 21:30:27 [INFO] [4892] '100/50/100 ÇİFT ÇATAL PİS SU PVC KALDE' | 180.00 TL | SKU: KALDE.5213DBR0M0K45
2026-09-02 21:30:32 [INFO] [4909] '100 LİK CONTA KALDE' | 4.80 TL | SKU: KALDE.5213RUR0M0000
2026-09-02 21:30:37 [INFO] [4914] '100/50 ÇATAL PİS SU PVC KALDE' | 85.00 TL | SKU: KALDE.5213SBR0M0K45
2026-09-02 21:30:42 [INFO] [2388] '100*200*4MM  KUTU PROFİL(ANTİPASLI)' | 4733.59 TL | SKU: DEM.PRF.242
2026-09-02 21:30:47 [INFO] [4900] '100/90 PİS SU PVC DİRSEK KALDE' | 74.00 TL | SKU: KALDE.5213ELB0M0090
2026-09-02 21:30:52 [INFO] [4935] '100/150 PİS SU BORU KALDE' | 74.00 TL | SKU: KALDE.5203TBEXM0150
2026-09-02 21:30:58 [INFO] [4906] '125/100 REDÜKSİYON PİS SU PVC KALDE' | 67.00 TL | SKU: KALDE.5213RDC0N0M00
2026-09-02 21:31:03 [INFO] [4891] '100 TEMİZLEME PİS SU KALDE' | 166.00 TL | SKU: KALDE.5213CLP0M0000
2026-09-02 21:31:08 [INFO] [4919] '125/100 ÇATAL PİS SU PVC KALDE' | 184.00 TL | SKU: KALDE.5213SBR0N0M45
2026-09-02 21:31:14 [INFO] [4877] '125/2000 PİS SU BORU KALDE' | 423.00 TL | SKU: KALDE.5203TBE0N2000
2026-09-02 21:31:16 [INFO] [4922] '100 KAYAR MANŞON PİS SU PVC KALDE' | 64.00 TL | SKU: KALDE.5213SOCXM0000
2026-09-02 21:31:16 [INFO] ... ilerleme 100/300 (tazelenen 100, basarisiz 0, korunan 0, atlanan 0)
2026-09-02 21:31:20 [INFO] [4876] '125/1000 PİS SU BORU KALDE' | 222.00 TL | SKU: KALDE.5203TBE0N1000
2026-09-02 21:31:24 [INFO] [4878] '125/3000 PİS SU BORU KALDE' | 585.00 TL | SKU: KALDE.5203TBE0N3000
2026-09-02 21:31:28 [INFO] [4901] '125/45 PİS SU PVC DİRSEK KALDE' | 96.00 TL | SKU: KALDE.5213ELB0N0045
2026-09-02 21:31:34 [INFO] [4918] '125/125 ÇATAL PİS SU PVC KALDE' | 230.00 TL | SKU: KALDE.5213SBR0N0N45
2026-09-02 21:31:38 [INFO] [14223] '125/90 PİS SU PVC DİRSEK KALDE' | 124.00 TL | SKU: KALDE.5213ELB0N0087
2026-09-02 21:31:42 [INFO] [4923] '125 KAYAR MANŞON PİS SU PVC KALDE' | 88.00 TL | SKU: KALDE.5213SOC0N0000
2026-09-02 21:31:46 [INFO] [4910] '125/125 TE PİS SU ÇATAL KALDE' | 173.00 TL | SKU: KALDE.5213SBR0N0N87
2026-09-02 21:31:50 [INFO] [4928] '100 TAPA PİS SU KALDE' | 25.00 TL | SKU: KALDE.5213STE0M0000
2026-09-02 21:31:54 [INFO] [4889] '125 KELEPÇE PİS SU PVC KALDE' | 34.00 TL | SKU: KALDE.5213BCCON0000
2026-09-02 21:31:58 [INFO] [3793] '16 1/2 DIŞ DİŞLİ REKOR KALDE' | 78.00 TL | SKU: KALDE.3411NMF160B00
2026-09-02 21:32:02 [INFO] [3581] '14/16 DNS 50X100 5 CM KARBONLU FAWORİ' | 750.00 TL | SKU: FAWORİ.001
2026-09-02 21:32:08 [INFO] [1707] '16DNS DALMAÇYALI 5CM 50X100CM (10AD-5M2)' | 1200.00 TL | SKU: CAPATECT.001
2026-09-02 21:32:12 [INFO] [14851] '16X16 SABİT REKOR PE-X KALDE' | 210.00 TL | SKU: KALDE.3411NPF161600
2026-09-02 21:32:16 [INFO] [15420] '20 1/2 BATARYA BAĞLANTISI ÇİFTLİ FEDERLİ' | 122.00 TL | SKU: KALDE.3222BAT200B05
2026-09-02 21:32:20 [INFO] [4799] '20 1/2 BATARYA BAĞLANTISI ÇİFTLİ KALDE' | 170.00 TL | SKU: KALDE.3222BAT200B04
2026-09-02 21:32:24 [INFO] [4885] '125/250 PİS SU BORU KALDE' | 116.00 TL | SKU: KALDE.5203TBEXN0250
2026-09-02 21:32:28 [INFO] [11231] '20 1/2 DIŞ DİŞLİ DİRSEK PPRC KALDE' | 131.00 TL | SKU: KALDE.3222EMO200C00
2026-09-02 21:32:32 [INFO] [4925] '125 TAPA PİS SU KALDE' | 47.00 TL | SKU: KALDE.5213STE0N0000
2026-09-02 21:32:36 [INFO] [4875] '125/500 PİS SU BORU PPRC KALDE' | 116.00 TL | SKU: KALDE.5203TBE0N0500
2026-09-02 21:32:42 [INFO] [4814] '20 1/2 İÇ DİŞLİ REKOR PPRC KALDE' | 47.00 TL | SKU: KALDE.3222NFO200B00
2026-09-02 21:32:46 [INFO] [4825] '20 1/2 İÇ DİŞLİ TE PPRC KALDE' | 58.00 TL | SKU: KALDE.3222TFO200B20
2026-09-02 21:32:50 [INFO] [4844] '20 1/2 REKOR OYNAR BAŞLI DIŞ DİŞLİ KALDE' | 121.00 TL | SKU: KALDE.3272TUM200B00
2026-09-02 21:32:54 [INFO] [3792] '16 1/2 İÇ DİŞLİ REKOR KALDE' | 80.40 TL | SKU: KALDE.3411NFF160B01
2026-09-02 21:32:57 [INFO] [4829] '20 1/2 TE  DIŞ DİŞLİ PPRC KALDE' | 93.00 TL | SKU: KALDE.3222TMO200B20
2026-09-02 21:33:00 [INFO] [4840] '20 1/2 REKOR OYNAR BAŞLI İÇ DİŞLİ KALDE' | 111.00 TL | SKU: KALDE.3272TUF200B00
2026-09-02 21:33:04 [INFO] [4804] '20 1/2 İÇ DİŞLİ DİRSEK PPRC KALDE' | 45.00 TL | SKU: KALDE.3222EFO200B00
2026-09-02 21:33:07 [INFO] [4820] '20 1/2 DIŞ DİŞLİ REKOR PPRC KALDE' | 55.00 TL | SKU: KALDE.3222NMO200B00
2026-09-02 21:33:10 [INFO] [11230] '20 3/4 İÇ DİŞ DİRSEK PPRC KALDE' | 102.00 TL | SKU: KALDE.3222EFO200C00
2026-09-02 21:33:15 [INFO] [4798] '20 1/2 BATARYA BAĞLANTISI TEKLİ DİŞİ KAL' | 55.00 TL | SKU: KALDE.3222BAT200B01
2026-09-02 21:33:18 [INFO] [2361] '120*120*5MM  KUTU PROFİL' | 4156.36 TL | SKU: DEM.PRF.184
2026-09-02 21:33:21 [INFO] [4808] '20 3/4 DIŞ DİŞLİ DİRSEK PPRC KALDE' | 140.00 TL | SKU: KALDE.3222EMO200B00
2026-09-02 21:33:24 [INFO] [2377] '20*30*2.0MM KUTU PROFİL(ANTİPASLI)' | 364.51 TL | SKU: DEM.PRF.229
2026-09-02 21:33:28 [INFO] [15776] '20*40*1.4MM KUTU PROFİL(ANTİPASLI)' | 350.00 TL | SKU: DEM.PRF.401
2026-09-02 21:33:31 [INFO] [15614] '20*40*1.90MM KUTU PROFİL(ANTİPASLI)' | 410.00 TL | SKU: DEM.PRF.400
2026-09-02 21:33:34 [INFO] [14388] '20*40*1.90MM KUTU PROFİL' | 395.00 TL | SKU: DEM.PRF.398
2026-09-02 21:33:37 [INFO] [4773] '20/45 DİRSEK PPRC KALDE' | 4.00 TL | SKU: KALDE.3212ELB200045
2026-09-02 21:33:40 [INFO] [2400] '20*30*1.5MM KUTU PROFİL(ANTİPASLI)' | 302.28 TL | SKU: DEM.PRF.269
2026-09-02 21:33:44 [INFO] [4769] '20 C KAVİS PPRC KALDE' | 14.00 TL | SKU: KALDE.3202TWC200001
2026-09-02 21:33:49 [INFO] [4815] '20 3/4 İÇ DİŞLİ REKOR KALDE' | 70.00 TL | SKU: KALDE.3222NFO200C00
2026-09-02 21:33:52 [INFO] [4760] '20/25/20 İNEGAL TE PPRC KALDE' | 39.00 TL | SKU: KALDE.3212TİO202520
2026-09-02 21:33:55 [INFO] [11232] '20 3/4 OYNAR BAŞLI REKOR DIŞ DİŞLİ ERKEK' | 131.00 TL | SKU: KALDE.3252TUM200C00
2026-09-02 21:33:58 [INFO] [4812] '20 FİLTRE DİŞİ PPRC KALDE' | 90.00 TL | SKU: KALDE.3222FLT200001
2026-09-02 21:34:01 [INFO] [4766] '20 KOMPOZİT BORU PPRC 4 M KALDE' | 111.60 TL | SKU: KALDE.3202TFR200020
2026-09-02 21:34:05 [INFO] [4855] '20 KELEPÇE PPRC KALDE' | 3.00 TL | SKU: KALDE.3592BCK202201
2026-09-02 21:34:08 [INFO] [4772] '20/90 DİRSEK KAPALI PPRC KALDE' | 3.00 TL | SKU: KALDE.3212ELB200000
2026-09-02 21:34:11 [INFO] [4854] '20 ÇİFTLİ KELEPÇE PPRC KALDE' | 6.00 TL | SKU: KALDE.3592BCK202200
2026-09-02 21:34:14 [INFO] [4803] '20 1/2 TAHARET BAĞLANTISI ÇİFTLİ KALDE' | 227.00 TL | SKU: KALDE.3222BTT200B00
2026-09-02 21:34:17 [INFO] [4762] '20 PPRC BORU 4 MT KALDE' | 109.00 TL | SKU: KALDE.3202TBE200000
2026-09-02 21:34:22 [INFO] [4802] '25 1/2 BATARYA BAĞLANTISI ÇİFTLİ FEDERLİ' | 129.00 TL | SKU: KALDE.3222BAT250B05
2026-09-02 21:34:24 [INFO] [15421] '20 KÜRESEL VANA MİNİ PPRC KALDE' | 64.00 TL | SKU: KALDE.3242VLM200000
2026-09-02 21:34:27 [INFO] [4789] '20 TE PPRC KALDE' | 5.00 TL | SKU: KALDE.3212TEO200000
2026-09-02 21:34:29 [INFO] [4847] '20 KAPAMA BAŞLIĞI PPRC KALDE' | 4.00 TL | SKU: KALDE.3292STE200000
2026-09-02 21:34:32 [INFO] [4809] '25 1/2 DIŞ DİŞLİ DİRSEK PPRC KALDE' | 123.00 TL | SKU: KALDE.3222EMO250B00
2026-09-02 21:34:35 [INFO] [4821] '25 1/2 DIŞ DİŞLİ REKOR KALDE' | 56.00 TL | SKU: KALDE.3222NMO250B00
2026-09-02 21:34:37 [INFO] [4805] '25 1/2 İÇ DİŞLİ DİRSEK PPRC KALDE' | 46.00 TL | SKU: KALDE.3222EFO250B00
2026-09-02 21:34:40 [INFO] [4816] '25 1/2 İÇ DİŞLİ REKOR KALDE' | 47.00 TL | SKU: KALDE.3222NFO250B00
2026-09-02 21:34:42 [INFO] [4826] '25 1/2 İÇ DİŞLİ TE PPRC KALDE' | 71.00 TL | SKU: KALDE.3222TFO250B25
2026-09-02 21:34:45 [INFO] [4800] '25 1/2 BATARYA BAĞLANTISI TEKLİ DİŞİ KAL' | 85.00 TL | SKU: KALDE.3222BAT250B01
2026-09-02 21:34:47 [INFO] [4836] '25 1/2 OYNAR BAŞLI REKOR DİŞİ KALDE' | 171.00 TL | SKU: KALDE.3252TUF250B00
2026-09-02 21:34:50 [INFO] [4837] '25 1/2 OYNAR BAŞLI REKOR DIŞ DİŞLİ ERKEK' | 192.00 TL | SKU: KALDE.3252TUM250B00
2026-09-02 21:34:52 [INFO] [4832] '20 KÜRESEL VANA PPRC KALDE' | 93.00 TL | SKU: KALDE.3242VLB200003
2026-09-02 21:34:57 [INFO] [4801] '25 1/2 BATARYA BAĞLANTISI ÇİFTLİ KALDE' | 171.00 TL | SKU: KALDE.3222BAT250B04
2026-09-02 21:34:59 [INFO] [2397] '120*120*4MM  KUTU PROFİL (ANTİPASLI)' | 3439.67 TL | SKU: DEM.PRF.259
2026-09-02 21:35:02 [INFO] [4780] '20 MANŞON PPRC KALDE' | 3.00 TL | SKU: KALDE.3212MUF200000
2026-09-02 21:35:04 [INFO] [14606] '25 1 REKOR OYNAR BAŞLI İÇ DİŞLİ KALDE' | 202.00 TL | SKU: KALDE.3272TUF251000
2026-09-02 21:35:07 [INFO] [4810] '25 3/4 DIŞ DİŞLİ DİRSEK PPRC KALDE' | 152.00 TL | SKU: KALDE.3222EMO250C00
2026-09-02 21:35:10 [INFO] [4822] '25 3/4 DIŞ DİŞLİ REKOR PPRC KALDE(ERKEK ' | 80.00 TL | SKU: KALDE.3222NMO250C00
2026-09-02 21:35:12 [INFO] [4806] '25 3/4 İÇ DİŞLİ DİRSEK PPRC KALDE' | 92.00 TL | SKU: KALDE.3222EFO250C00
2026-09-02 21:35:15 [INFO] [4817] '25 3/4 İÇ DİŞLİ REKOR PPRC KALDE' | 71.00 TL | SKU: KALDE.3222NFO250C00
2026-09-02 21:35:17 [INFO] [11233] '25 3/4 OYNAR BAŞLI DIŞ DİŞLİ REKOR ERKEK' | 182.00 TL | SKU: KALDE.3272TUM250C00
2026-09-02 21:35:20 [INFO] [4841] '25 3/4 REKOR OYNAR BAŞLI İÇ DİŞLİ KALDE' | 179.00 TL | SKU: KALDE.3272TUF250C00
2026-09-02 21:35:22 [INFO] [4831] '25 3/4 TE DIŞ DİŞLİ PPRC KALDE' | 120.00 TL | SKU: KALDE.3222TMO250C25
2026-09-02 21:35:25 [INFO] [4827] '25 3/4 TE İÇ DİŞLİ PPRC KALDE' | 92.00 TL | SKU: KALDE.3222TFO250C25
2026-09-02 21:35:27 [INFO] [4774] '25/90 DİRSEK KAPALI PPRC KALDE' | 5.00 TL | SKU: KALDE.3212ELB250000
2026-09-02 21:35:31 [INFO] [2374] '25*25*1.5MM KUTU PROFİL(ANTİPASLI)' | 302.28 TL | SKU: DEM.PRF.222
2026-09-02 21:35:33 [INFO] [4775] '25/45 DİRSEK AÇIK PPRC KALDE' | 5.00 TL | SKU: KALDE.3212ELB250045
2026-09-02 21:35:35 [INFO] [4851] '20 KÖRTAPA DİŞLİ PPRC KALDE' | 2.00 TL | SKU: KALDE.3295STE200B00
2026-09-02 21:35:37 [INFO] [4793] '25/20/25 İNEGAL TE PPRC KALDE' | 6.00 TL | SKU: KALDE.3212TİO252025
2026-09-02 21:35:39 [INFO] [4813] '25 FİLTRE DİŞİ PPRC KALDE' | 183.00 TL | SKU: KALDE.3222FLT250001
2026-09-02 21:35:41 [INFO] [4856] '25 ÇİFTLİ KLİPS PPRC KALDE' | 7.00 TL | SKU: KALDE.3592BCK252200
2026-09-02 21:35:43 [INFO] [4848] '25 KAPAMA BAŞLIĞI PPRC KALDE' | 4.00 TL | SKU: KALDE.3292STE250000
2026-09-02 21:35:45 [INFO] [4852] '25 KÖRTAPA DİŞLİ PPRC KALDE' | 15.00 TL | SKU: KALDE.3295STE250C00
2026-09-02 21:35:47 [INFO] [4833] '25 KÜRESEL VANA PPRC KALDE' | 128.00 TL | SKU: KALDE.3242VLB250003
2026-09-02 21:35:49 [INFO] [4857] '25 KELEPÇE PPRC KALDE' | 4.00 TL | SKU: KALDE.3592BCK252701
2026-09-02 21:35:51 [INFO] [4770] '25 C KAVİS PPRC KALDE' | 20.00 TL | SKU: KALDE.3202TWC250001
2026-09-02 21:35:53 [INFO] [4790] '25 TE PPRC KALDE' | 7.00 TL | SKU: KALDE.3212TEO250000
2026-09-02 21:35:55 [INFO] [15419] '25 UZUN KAVİS PPRC KALDE' | 24.00 TL | SKU: KALDE.3202TWC250000
2026-09-02 21:35:58 [INFO] [4781] '25 MANŞON PPRC KALDE' | 4.00 TL | SKU: KALDE.3212MUF250000
2026-09-02 21:36:00 [INFO] [2354] '30*30*2.0MM KUTU PROFİL(ANTİPASLI)' | 430.19 TL | SKU: DEM.PRF.161
2026-09-02 21:36:03 [INFO] [2271] '30*40*1.2MM KUTU PROFİL' | 363.22 TL | SKU: DEM.PRF.010
2026-09-02 21:36:06 [INFO] [2371] '30*40*2.0MM KUTU PROFİL(ANTİPASLI)' | 500.00 TL | SKU: DEM.PRF.215
2026-09-02 21:36:08 [INFO] [2351] '30*50*1.5MM KUTU PROFİL(ANTİPASLI)' | 471.50 TL | SKU: DEM.PRF.154
2026-09-02 21:36:10 [INFO] [2274] '30*50*1.5MM KUTU PROFİL' | 455.29 TL | SKU: DEM.PRF.013
2026-09-02 21:36:12 [INFO] [4767] '25 KOMPOZİT BORU PPRC 4 M KALDE' | 176.40 TL | SKU: KALDE.3202TFR250020
2026-09-02 21:36:14 [INFO] [4811] '32 1 DİRSEK DIŞ DİŞLİ PPRC KALDE' | 182.00 TL | SKU: KALDE.3222EMO321000
2026-09-02 21:36:16 [INFO] [4830] '25 1/2 TE DIŞ DİŞLİ KALDE' | 82.00 TL | SKU: KALDE.3222TMO250B25
2026-09-02 21:36:18 [INFO] [4807] '32 1 İÇ DİŞLİ DİRSEK PPRC KALDE' | 144.00 TL | SKU: KALDE.3222EFO321000
2026-09-02 21:36:20 [INFO] [14387] '25*25*2.00 MM KUTU PROFİL(ANTİPASLI)' | 360.17 TL | SKU: DEM.PRF.397
2026-09-02 21:36:22 [INFO] [4842] '32 1 REKOR OYNAR BAŞLI İÇ DİŞLİ KALDE' | 215.00 TL | SKU: KALDE.3272TUF321000
2026-09-02 21:36:23 [INFO] [2299] '30*50*2.0MM KUTU PROFİL(ANTİPASLI)' | 579.70 TL | SKU: DEM.PRF.038
2026-09-02 21:36:23 [INFO] ... ilerleme 200/300 (tazelenen 200, basarisiz 0, korunan 0, atlanan 0)
2026-09-02 21:36:25 [INFO] [4828] '32 1 TE İÇ DİŞLİ PPRC KALDE' | 180.00 TL | SKU: KALDE.3222TFO321032
2026-09-02 21:36:26 [INFO] [4794] '32/20/32 İNEGAL TE PPRC KALDE' | 12.00 TL | SKU: KALDE.3212TİO322032
2026-09-02 21:36:28 [INFO] [4785] '32/20 REDÜKSİYON PPRC KALDE' | 10.00 TL | SKU: KALDE.3212RDC322000
2026-09-02 21:36:30 [INFO] [4761] '32/25/32 İNEGAL TE PPRC KALDE' | 12.00 TL | SKU: KALDE.3212TİO322532
2026-09-02 21:36:31 [INFO] [4818] '32 1 İÇ DİŞLİ REKOR PPRC KALDE' | 110.00 TL | SKU: KALDE.3222NFO321000
2026-09-02 21:36:33 [INFO] [2353] '30*30*1.5MM KUTU PROFİL(ANTİPASLI)' | 357.44 TL | SKU: DEM.PRF.160
2026-09-02 21:36:35 [INFO] [4763] '25 PPRC BORU 4 MT KALDE' | 167.00 TL | SKU: KALDE.3202TBE250000
2026-09-02 21:36:38 [INFO] [4823] '32 1 DIŞ DİŞLİ REKOR PPRC KALDE' | 85.00 TL | SKU: KALDE.3222NMO321000
2026-09-02 21:36:40 [INFO] [4858] '32 ÇİFTLİ KLİPS PPRC KALDE' | 17.00 TL | SKU: KALDE.3592BCK323400
2026-09-02 21:36:42 [INFO] [4849] '32 KAPAMA BAŞLIĞI PPRC KALDE' | 7.00 TL | SKU: KALDE.3292STE320000
2026-09-02 21:36:43 [INFO] [4859] '32 KELEPÇE PPRC KALDE' | 6.00 TL | SKU: KALDE.3592BCK323401
2026-09-02 21:36:45 [INFO] [4777] '32/45 DİRSEK AÇIK PPRC KALDE' | 13.00 TL | SKU: KALDE.3212ELB320045
2026-09-02 21:36:46 [INFO] [4786] '32/25 REDÜKSİYON PPRC KALDE' | 11.00 TL | SKU: KALDE.3212RDC322500
2026-09-02 21:36:48 [INFO] [4771] '32 C KAVİS PVC KALDE' | 77.00 TL | SKU: KALDE.3202TWC320001
2026-09-02 21:36:50 [INFO] [4782] '32 MANŞON PPRC KALDE' | 8.00 TL | SKU: KALDE.3212MUF320000
2026-09-02 21:36:51 [INFO] [4764] '32 PPRC BORU 4 MT KALDE' | 274.00 TL | SKU: KALDE.3202TBE320000
2026-09-02 21:36:53 [INFO] [4853] '32 KÖRTAPA PPRC KALDE' | 37.00 TL | SKU: KALDE.3295STE321000
2026-09-02 21:36:55 [INFO] [4845] '32 1 OYNAR BAŞLI DIŞ DİŞLİ KALDE' | 253.00 TL | SKU: KALDE.3272TUM321000
2026-09-02 21:36:56 [INFO] [4819] '40 1 1/4 İÇ DİŞLİ REKOR ALTI KÖŞE PPRC K' | 263.00 TL | SKU: KALDE.3222NFO401A06
2026-09-02 21:36:58 [INFO] [4776] '32/90 DİRSEK KAPALI PPRC KALDE' | 8.00 TL | SKU: KALDE.3212ELB320000
2026-09-02 21:37:00 [INFO] [2305] '40*100*2.0MM KUTU PROFİL (ANTİPASLI)' | 1077.09 TL | SKU: DEM.PRF.045
2026-09-02 21:37:01 [INFO] [4791] '32 TE PPRC KALDE' | 13.00 TL | SKU: KALDE.3212TEO320000
2026-09-02 21:37:03 [INFO] [2290] '40*100*3.0MM KUTU PROFİL (ANTİPASLI)' | 1520.29 TL | SKU: DEM.PRF.029
2026-09-02 21:37:04 [INFO] [4846] '40 11/4 REKOR OYNAR BAŞLI DIŞ DİŞLİ KALD' | 395.00 TL | SKU: KALDE.3272TUM401A00
2026-09-02 21:37:05 [INFO] [2289] '40*100*2.5MM KUTU PROFİL' | 1199.52 TL | SKU: DEM.PRF.028
2026-09-02 21:37:07 [INFO] [4843] '40 11/4 REKOR OYNAR BAŞLI İÇ DİŞLİ KALDE' | 382.00 TL | SKU: KALDE.3272TUF401A00
2026-09-02 21:37:08 [INFO] [12859] '3LÜ GRUP PRİZ 20 MT 3X2,5 MM 01558 TOPAR' | 1080.00 TL | SKU: TOPART.TPRT01558
2026-09-02 21:37:09 [INFO] [4834] '32 KÜRESEL VANA PPRC KALDE' | 190.00 TL | SKU: KALDE.3242VLB320003
2026-09-02 21:37:13 [INFO] [4796] '40/25/40 İNEGAL TE PPRC KALDE' | 25.00 TL | SKU: KALDE.3212TİO402540
2026-09-02 21:37:14 [INFO] [4824] '40 11/4 DIŞ DİŞLİ REKOR PPRC KALDE' | 298.00 TL | SKU: KALDE.3222NMO401A06
2026-09-02 21:37:15 [INFO] [4795] '40/20/40 İNEGAL TE PPRC KALDE' | 25.00 TL | SKU: KALDE.3212TİO402040
2026-09-02 21:37:17 [INFO] [4787] '40/20 REDÜKSİYON PPRC KALDE' | 8.00 TL | SKU: KALDE.3212RDC402000
2026-09-02 21:37:18 [INFO] [2422] '40*100*2,0 MM KUTU PROFİL' | 1038.50 TL | SKU: DEM.PRF.343
2026-09-02 21:37:19 [INFO] [2383] '40*40*2.0MM KUTU PROFİL(ANTİPASLI)' | 579.70 TL | SKU: DEM.PRF.235
2026-09-02 21:37:21 [INFO] [2387] '40*40*3.0MM KUTU PROFİL (ANTİPASLI)' | 814.00 TL | SKU: DEM.PRF.240
2026-09-02 21:37:22 [INFO] [4768] '32 KOMPOZİT BORU PPRC 4 M KALDE' | 312.00 TL | SKU: KALDE.3202TFR320020
2026-09-02 21:37:23 [INFO] [2372] '40*40*1.5MM KUTU PROFİL ANTİPASLI' | 471.50 TL | SKU: DEM.PRF.216
2026-09-02 21:37:25 [INFO] [2382] '40*60*2.5MM KUTU PROFİL (ANTİPASLI)' | 866.86 TL | SKU: DEM.PRF.234
2026-09-02 21:37:26 [INFO] [2378] '40*60*2.0MM KUTU PROFİL (ANTİPASLI)' | 718.14 TL | SKU: DEM.PRF.230
2026-09-02 21:37:27 [INFO] [4778] '40/90 DİRSEK KAPALI PPRC KALDE' | 21.00 TL | SKU: KALDE.3212ELB400000
2026-09-02 21:37:28 [INFO] [4759] '40/32 REDÜKSİYON PPRC KALDE' | 11.00 TL | SKU: KALDE.3212RDC403200
2026-09-02 21:37:30 [INFO] [4784] '25/20 REDÜKSİYON PPRC KALDE' | 4.00 TL | SKU: KALDE.3212RDC252000
2026-09-02 21:37:31 [INFO] [4835] '40 KÜRESEL VANA PPRC KALDE' | 508.00 TL | SKU: KALDE.3242VLB400003
2026-09-02 21:37:32 [INFO] [4797] '40/32/40 İNEGAL TE PPRC KALDE' | 25.00 TL | SKU: KALDE.3212TİO403240
2026-09-02 21:37:34 [INFO] [4779] '40/45 DİRSEK AÇIK PPRC KALDE' | 17.00 TL | SKU: KALDE.3212ELB400045
2026-09-02 21:37:35 [INFO] [4788] '40/25 REDÜKSİYON PPRC KALDE' | 10.00 TL | SKU: KALDE.3212RDF402500
2026-09-02 21:37:36 [INFO] [12242] '404 PLASTİK ÇELİK 16 GR.' | 70.00 TL | SKU: 404.A06001
2026-09-02 21:37:38 [INFO] [13359] '404 PLASTİK ÇELİK 44 GR.' | 80.00 TL | SKU: 404.A06002
2026-09-02 21:37:39 [INFO] [13361] '404 YAPGİT 50 GR PVC YAPIŞTIRICI' | 85.00 TL | SKU: 404.A06009
2026-09-02 21:37:40 [INFO] [4765] '40 PPRC BORU 4 MT KALDE' | 425.00 TL | SKU: KALDE.3202TBE400000
2026-09-02 21:37:41 [INFO] [2386] '40*80*3.0MM KUTU PROFİL (ANTİPASLI)' | 1267.48 TL | SKU: DEM.PRF.239
2026-09-02 21:37:42 [INFO] [4792] '40 TE PPRC KALDE' | 33.00 TL | SKU: KALDE.3212TEO400000
2026-09-02 21:37:43 [INFO] [4865] '50/1000 PİS SU BORU PPRC KALDE' | 86.00 TL | SKU: KALDE.5203TBE0K1000
2026-09-02 21:37:44 [INFO] [4850] '40 KAPAMA BAŞLIĞI PPRC KALDE' | 17.00 TL | SKU: KALDE.3292STE400000
2026-09-02 21:37:47 [INFO] [11012] '50/2000 PİS SU BORU PPRC KALDE' | 147.00 TL | SKU: KALDE.5203TBE0K2000
2026-09-02 21:37:48 [INFO] [4880] '50/250 PİS SU BORU KALDE' | 39.00 TL | SKU: KALDE.5203TBEXK0250
2026-09-02 21:37:49 [INFO] [4872] '50/3000 PİS SU BORU KALDE' | 217.00 TL | SKU: KALDE.5203TBE0K3000
2026-09-02 21:37:50 [INFO] [14607] '50 1 1/2 DIŞ DİŞLİ REKOR KALDE' | 421.00 TL | SKU: KALDE.3222NMO500B01
2026-09-02 21:37:51 [INFO] [4860] '40 KELEPÇE PPRC KALDE' | 21.00 TL | SKU: KALDE.3592BCK404201
2026-09-02 21:37:52 [INFO] [2292] '50*50*2.5MM KUTU PROFİL (ANTİPASLI)' | 866.86 TL | SKU: DEM.PRF.031
2026-09-02 21:37:53 [INFO] [10812] '50/50/50 ÇİFT ÇATAL PİS SU 45 PVC KALDE' | 77.00 TL | SKU: KALDE.5213DBR0K0K45
2026-09-02 21:37:54 [INFO] [13360] '404 POWER MİX 80 GR' | 190.00 TL | SKU: 404.A06006
2026-09-02 21:37:55 [INFO] [2370] '50*50*2.0MM KUTU PROFİL(ANTİPASLI)' | 718.14 TL | SKU: DEM.PRF.214
2026-09-02 21:37:56 [INFO] [4881] '50/500 PİS SU BORU PPRC KALDE' | 70.00 TL | SKU: KALDE.5203TBEXK0500
2026-09-02 21:37:57 [INFO] [4895] '50/90 PİS SU PVC DİRSEK KALDE' | 19.00 TL | SKU: KALDE.5213ELB0K0090
2026-09-02 21:37:58 [INFO] [4920] '50 KAYAR MANŞON PİS SU KALDE' | 19.00 TL | SKU: KALDE.5213SOC0K0000
2026-09-02 21:38:00 [INFO] [4886] '50 KELEPÇE PİS SU PVC KALDE' | 9.00 TL | SKU: KALDE.5213BCC0K0000
2026-09-02 21:38:01 [INFO] [4907] '50 LİK CONTA KALDE' | 4.80 TL | SKU: KALDE.5213RUR0K0000
2026-09-02 21:38:02 [INFO] [4912] '50/50 TE PİS SU PVC KALDE' | 31.00 TL | SKU: KALDE.5213SBR0K0K87
2026-09-02 21:38:03 [INFO] [2319] '60*120*3.0 MM KUTU PROFİL(ANTİPASLI)' | 1962.33 TL | SKU: DEM.PRF.067
2026-09-02 21:38:04 [INFO] [12057] '60*120*4.0 MM KUTU PROFİL(ANTİPASLI)' | 2510.38 TL | SKU: DEM.PRF.393
2026-09-02 21:38:05 [INFO] [2404] '60*60*2.0MM KUTU PROFİL(ANTİPASLI)' | 876.42 TL | SKU: DEM.PRF.289
2026-09-02 21:38:06 [INFO] [2334] '60*60*2.0MM KUTU PROFİL' | 843.70 TL | SKU: DEM.PRF.102
2026-09-02 21:38:07 [INFO] [2332] '60*60*2.50MM KUTU PROFİL' | 1000.43 TL | SKU: DEM.PRF.100
2026-09-02 21:38:08 [INFO] [4926] '50 TAPA PİS SU PVC KALDE' | 9.00 TL | SKU: KALDE.5213STE0K0000
2026-09-02 21:38:08 [INFO] [4879] '50/150 PİS SU BORU KALDE' | 28.00 TL | SKU: KALDE.5203TBEXK0150
2026-09-02 21:38:09 [INFO] [2427] '60*80*2.0MM KUTU PROFİL (ANTİPASLI)' | 1077.09 TL | SKU: DEM.PRF.369
2026-09-02 21:38:10 [INFO] [2428] '60*80*2.0MM KUTU PROFİL' | 1038.50 TL | SKU: DEM.PRF.371
2026-09-02 21:38:11 [INFO] [2429] '60*80*3.0MM KUTU PROFİL' | 1428.89 TL | SKU: DEM.PRF.372
2026-09-02 21:38:12 [INFO] [4866] '70/1000 PİS SU BORU KALDE' | 117.00 TL | SKU: KALDE.5203TBE0L1000
2026-09-02 21:38:13 [INFO] [4882] '70/150 PİS SU BORU KALDE' | 43.00 TL | SKU: KALDE.5203TBEXL0150
2026-09-02 21:38:13 [INFO] [4867] '70/2000 PİS SU BORU KALDE' | 225.00 TL | SKU: KALDE.5203TBE0L2000
2026-09-02 21:38:14 [INFO] [4883] '70/250 PİS SU BORUSU KALDE' | 64.00 TL | SKU: KALDE.5203TBEXL0250
2026-09-02 21:38:15 [INFO] [2408] '60*60*2.50MM KUTU PROFİL(ANTİPASLI)' | 1065.05 TL | SKU: DEM.PRF.303
2026-09-02 21:38:16 [INFO] [4896] '70/45 PİS SU PVC DİRSEK KALDE' | 28.00 TL | SKU: KALDE.5213ELB0L0045
2026-09-02 21:38:17 [INFO] [4898] '70/50 ÇATAL PİS SU PVC KALDE' | 52.00 TL | SKU: KALDE.5213SBR0L0K45
2026-09-02 21:38:18 [WARNING] [4903] 429 Too Many Requests — 101s bekleniyor (deneme 1/3, hiz 0.6/sn)
2026-09-02 21:38:21 [WARNING] [4911] 429 Too Many Requests — 99s bekleniyor (deneme 1/3, hiz 0.3/sn)
2026-09-02 21:38:24 [WARNING] [2396] 429 Too Many Requests — 96s bekleniyor (deneme 1/3, hiz 0.2/sn)
2026-09-02 21:38:29 [WARNING] [14996] 429 Too Many Requests — 90s bekleniyor (deneme 1/3, hiz 0.2/sn)
2026-09-02 21:38:34 [WARNING] [4783] 429 Too Many Requests — 85s bekleniyor (deneme 1/3, hiz 0.2/sn)
2026-09-02 21:38:39 [WARNING] [4864] 429 Too Many Requests — 80s bekleniyor (deneme 1/3, hiz 0.2/sn)
2026-09-02 21:38:44 [WARNING] [4868] 429 Too Many Requests — 74s bekleniyor (deneme 1/3, hiz 0.2/sn)
2026-09-02 21:38:49 [WARNING] [4894] 429 Too Many Requests — 69s bekleniyor (deneme 1/3, hiz 0.2/sn)
2026-09-02 21:39:13 [WARNING] Sinyal alindi, temiz kapatiliyor... (Mevcut istekler bitecek, yenisi baslamayacak)
2026-09-02 21:40:04 [WARNING] [4894] Kapanma sinyali, deneme durduruldu.
2026-09-02 21:40:04 [WARNING] [4868] Kapanma sinyali, deneme durduruldu.
2026-09-02 21:40:05 [WARNING] [4783] Kapanma sinyali, deneme durduruldu.
2026-09-02 21:40:05 [WARNING] [4864] Kapanma sinyali, deneme durduruldu.
2026-09-02 21:40:05 [WARNING] [14996] Kapanma sinyali, deneme durduruldu.
2026-09-02 21:40:06 [WARNING] [4911] Kapanma sinyali, deneme durduruldu.
2026-09-02 21:40:06 [WARNING] [4903] Kapanma sinyali, deneme durduruldu.
2026-09-02 21:40:06 [WARNING] [2396] Kapanma sinyali, deneme durduruldu.
2026-09-02 21:40:06 [INFO] ... ilerleme 300/300 (tazelenen 286, basarisiz 8, korunan 0, atlanan 6)
2026-09-02 21:40:06 [INFO] State yaziliyor: 8398 url -> /tmp/yapimaks_300/last_seen.json
2026-09-02 21:40:06 [INFO] ==================================================
2026-09-02 21:40:06 [INFO] Tamamlandi [TIMEOUT]! Tasinan: 0 | Tazelenen: 286 | Basarisiz: 8 | Korunan eski satir: 0 | Atlanan (sure/limit): 6 | Dusurulen: 0
2026-09-02 21:40:06 [INFO] Dosya: /tmp/yapimaks_300/2026-09-02.csv (toplam 286 urun)
2026-09-02 21:40:06 [INFO] ==================================================
2026-09-02 21:40:54 [INFO] ==================================================
2026-09-02 21:40:54 [INFO] Yapimaks Scraper basliyor (async)
2026-09-02 21:40:54 [INFO] ==================================================
2026-09-02 21:40:54 [INFO] Parametreler: workers=8, rate=1.0/sn, max_duration=300 dk
2026-09-02 21:40:54 [INFO] Ana sayfa ziyaret ediliyor, cookie aliniyor...
2026-09-02 21:40:54 [INFO] Cookie basariyla alindi.
2026-09-02 21:40:54 [INFO] Sitemap indiriliyor: https://yapimaks.com/sitemap/products1.xml
2026-09-02 21:40:54 [INFO] Sitemap'ten toplam 8398 urun URL'si bulundu.
2026-09-02 21:40:54 [INFO] Dunun dosyasinda 0 urun var.
2026-09-02 21:40:54 [WARNING] TEST MODU: --limit 300 — yalnizca ilk 300 urun cekilecek
2026-09-02 21:40:54 [INFO] Tasinacak (degismeyen) urun: 0 | Yeniden cekilecek: 300
2026-09-02 21:40:54 [INFO] [4258] '0.30*875*250 OLUKLU' | 375.00 TL | SKU: GLV.SAC.030.2500
2026-09-02 21:40:54 [INFO] [4257] '0.30*875*200 OLUKLU' | 300.00 TL | SKU: GLV.SAC.030.2000
2026-09-02 21:40:54 [INFO] [4259] '0.30*875*300 OLUKLU' | 450.00 TL | SKU: GLV.SAC.030.3000
2026-09-02 21:40:55 [INFO] [13718] '0.40*86*2000 TRAPEZ (BEYAZ)' | 420.00 TL | SKU: RALL.9002.040.2000
2026-09-02 21:40:56 [INFO] [13724] '0.40*86*2000 TRAPEZ (GRİ)' | 430.00 TL | SKU: RALL.7016.040.2000
2026-09-02 21:40:57 [INFO] [4254] '0.30 TRAPEZ MAHYA' | 125.00 TL | SKU: GLV.SAC.030.TMHY
2026-09-02 21:40:58 [INFO] [13725] '0.40*86*2500 TRAPEZ (GRİ)' | 537.50 TL | SKU: RALL.7016.040.2500
2026-09-02 21:40:59 [INFO] [4262] '0.40*86*300 TRAPEZ' | 555.00 TL | SKU: GLV.SAC.040.3000
2026-09-02 21:41:00 [INFO] [13729] '0.40*86*3000 TRAPEZ (BEYAZ)' | 630.00 TL | SKU: RALL.9002.040.3000
2026-09-02 21:41:01 [INFO] [13722] '0.40*86*3000 TRAPEZ (BORDO)' | 630.00 TL | SKU: RALL.3009.040.3000
2026-09-02 21:41:02 [INFO] [13726] '0.40*86*3000 TRAPEZ (GRİ)' | 645.00 TL | SKU: RALL.7016.040.3000
2026-09-02 21:41:03 [INFO] [15009] '0.40*86*3500 TRAPEZ (BORDO)' | 735.00 TL | SKU: RALL.3009.040.3500
2026-09-02 21:41:04 [INFO] [4263] '0.40*86*400 TRAPEZ' | 740.00 TL | SKU: GLV.SAC.040.4000
2026-09-02 21:41:05 [INFO] [4260] '0.40*86*200 TRAPEZ' | 370.00 TL | SKU: GLV.SAC.040.2000
2026-09-02 21:41:06 [INFO] [4261] '0.40*86*250 TRAPEZ' | 462.50 TL | SKU: GLV.SAC.040.2500
2026-09-02 21:41:07 [INFO] [13727] '0.40*86*4000 TRAPEZ (GRİ)' | 860.00 TL | SKU: RALL.7016.040.4000
2026-09-02 21:41:08 [INFO] [15011] '0.50*100*200(DÜZ SAC)' | 410.00 TL | SKU: GLV.SAC.050.100X200
2026-09-02 21:41:09 [INFO] [13719] '0.40*86*4000 TRAPEZ (BEYAZ)' | 840.00 TL | SKU: RALL.9002.040.4000
2026-09-02 21:41:10 [INFO] [7727] '0.50*105*2000 TRAPEZ (BEYAZ)' | 520.00 TL | SKU: RALL.9002.050.2000
2026-09-02 21:41:11 [INFO] [13728] '0.40*86*2500 TRAPEZ (BEYAZ)' | 525.00 TL | SKU: RALL.9002.040.2500
2026-09-02 21:41:12 [INFO] [14764] '0.50*15*200 KAR TUTUCU AKSESUAR ANTRASİT' | 139.00 TL | SKU: RALL.7016.050.AKS.02
2026-09-02 21:41:13 [INFO] [14768] '0.50*15*200 KAR TUTUCU AKSESUAR BORDO' | 139.00 TL | SKU: RALL.3009.050.AKS.03
2026-09-02 21:41:14 [INFO] [13723] '0.40*86*4000 TRAPEZ (BORDO)' | 840.00 TL | SKU: RALL.3009.040.4000
2026-09-02 21:41:15 [INFO] [14767] '0.50*15*200 L KÖŞE AKSESUAR BORDO' | 139.00 TL | SKU: RALL.3009.050.AKS.04
2026-09-02 21:41:16 [INFO] [14769] '0.50*30*200 ALIN KAPAMA AKSESUAR BORDO' | 175.00 TL | SKU: RALL.3009.050.AKS.01
2026-09-02 21:41:17 [INFO] [7722] '0.50*1000*2000 DÜZ SAÇ (GRİ)' | 450.00 TL | SKU: RALL.7016.1000.02
2026-09-02 21:41:18 [INFO] [7689] '0.50*3009 RULO SAC 30-CM' | 62.50 TL | SKU: RALL.3009.300.01
2026-09-02 21:41:19 [INFO] [13721] '0.40*86*2500 TRAPEZ (BORDO)' | 525.00 TL | SKU: RALL.3009.040.2500
2026-09-02 21:41:20 [INFO] [7728] '0.50*105*2500 TRAPEZ (BEYAZ)' | 650.00 TL | SKU: RALL.9002.050.2500
2026-09-02 21:41:21 [INFO] [7724] '0.50*7016 RULO SAC A.GRİ 30-CM' | 65.00 TL | SKU: RALL.7016.300.01
2026-09-02 21:41:22 [INFO] [7725] '0.50*7016 RULO SAC A.GRİ 50 CM' | 65.00 TL | SKU: RALL.7016.500.01
2026-09-02 21:41:23 [INFO] [13720] '0.40*86*2000 TRAPEZ (BORDO)' | 420.00 TL | SKU: RALL.3009.040.2000
2026-09-02 21:41:26 [INFO] [7691] '0.50*86*2000 TRAPEZ (BORDO)' | 470.00 TL | SKU: RALL.3009.050.2000
2026-09-02 21:41:27 [INFO] [7711] '0.50*3009 RULO SAC 100-CM' | 61.50 TL | SKU: RALL.3009.1000.02
2026-09-02 21:41:28 [INFO] [13405] '0.50*86*250 TRAPEZ' | 512.50 TL | SKU: GLV.SAC.050.2500
2026-09-02 21:41:29 [INFO] [14763] '0.50*15*200 L KÖŞE AKSESUAR ANTRASİT' | 140.00 TL | SKU: RALL.7016.050.AKS.03
2026-09-02 21:41:30 [INFO] [7723] '0.50*86*30*30 TRP MAHYA 7016-(A.GRİ)' | 240.00 TL | SKU: RALL.7016.050.MHY
2026-09-02 21:41:31 [INFO] [7738] '0.50*86*30*30 TRP MAHYA 9002-(BEYAZ)' | 230.00 TL | SKU: RALL.9002.050.MHY
2026-09-02 21:41:32 [INFO] [14765] '0.50*50*200 DERE AKSESUAR BORDO' | 390.00 TL | SKU: RALL.3009.050.AKS.02
2026-09-02 21:41:33 [INFO] [14762] '0.50*50*200 DERE AKSESUAR ANTRASİT' | 400.00 TL | SKU: RALL.7016.050.AKS.01
2026-09-02 21:41:34 [INFO] [7716] '0.50*86*3000 TRAPEZ (GRİ)' | 735.00 TL | SKU: RALL.7016.050.3000
2026-09-02 21:41:35 [INFO] [7694] '0.50*86*3500 TRAPEZ (BORDO)' | 822.50 TL | SKU: RALL.3009.050.3500
2026-09-02 21:41:36 [INFO] [7717] '0.50*86*3500 TRAPEZ (GRİ)' | 857.50 TL | SKU: RALL.7016.050.3500
2026-09-02 21:41:37 [INFO] [7693] '0.50*86*3000 TRAPEZ (BORDO)' | 705.00 TL | SKU: RALL.3009.050.3000
2026-09-02 21:41:38 [INFO] [4268] '0.50*86*400 TRAPEZ' | 820.00 TL | SKU: GLV.SAC.050.4000
2026-09-02 21:41:39 [INFO] [4269] '0.50*86*450 TRAPEZ' | 922.50 TL | SKU: GLV.SAC.050.4500
2026-09-02 21:41:40 [INFO] [7731] '0.50*86*4500 TRAPEZ (BEYAZ)' | 1057.50 TL | SKU: RALL.9002.050.4500
2026-09-02 21:41:41 [INFO] [7696] '0.50*86*4500 TRAPEZ (BORDO)' | 1057.50 TL | SKU: RALL.3009.050.4500
2026-09-02 21:41:42 [INFO] [4270] '0.50*86*500 TRAPEZ' | 1025.00 TL | SKU: GLV.SAC.050.5000
2026-09-02 21:41:43 [INFO] [7732] '0.50*86*5000 TRAPEZ (BEYAZ)' | 1175.00 TL | SKU: RALL.9002.050.5000
2026-09-02 21:41:44 [INFO] [7697] '0.50*86*5000 TRAPEZ (BORDO)' | 1175.00 TL | SKU: RALL.3009.050.5000
2026-09-02 21:41:45 [INFO] [15008] '0.50*86*1250 TRAPEZ (BORDO)' | 295.00 TL | SKU: RALL.3009.050.1250
2026-09-02 21:41:46 [INFO] [4276] '0.50*86*30*30 TRAPEZ MAHYA GLV.' | 205.00 TL | SKU: GLV.SAC.050.MHY
2026-09-02 21:41:47 [INFO] [7733] '0.50*86*5500 TRAPEZ (BEYAZ)' | 1292.50 TL | SKU: RALL.9002.050.5500
2026-09-02 21:41:48 [INFO] [7719] '0.50*86*5000 TRAPEZ (GRİ)' | 1225.00 TL | SKU: RALL.7016.050.5000
2026-09-02 21:41:49 [INFO] [7714] '0.50*86*2000 TRAPEZ (GRİ)' | 490.00 TL | SKU: RALL.7016.050.2000
2026-09-02 21:41:50 [INFO] [4256] '0.30*GLV RULO SAC 100CM' | 60.00 TL | SKU: GLV.SAC.030.1000.0
2026-09-02 21:41:51 [INFO] [4272] '0.50*86*600 TRAPEZ' | 1230.00 TL | SKU: GLV.SAC.050.6000
2026-09-02 21:41:52 [INFO] [7721] '0.50*86*6000 TRAPEZ (GRİ)' | 1470.00 TL | SKU: RALL.7016.050.6000
2026-09-02 21:41:53 [INFO] [7708] '0.50*86*30*30 TRP MAHYA (BORDO)' | 225.00 TL | SKU: RALL.3009.050.MHY
2026-09-02 21:41:54 [INFO] [7735] '0.50*86*6500 TRAPEZ (BEYAZ)' | 1527.50 TL | SKU: RALL.9002.050.6500
2026-09-02 21:41:55 [INFO] [4273] '0.50*86*650 TRAPEZ' | 1332.50 TL | SKU: GLV.SAC.050.6500
2026-09-02 21:41:56 [INFO] [7699] '0.50*86*6000 TRAPEZ (BORDO)' | 1410.00 TL | SKU: RALL.3009.050.6000
2026-09-02 21:41:57 [INFO] [7730] '0.50*86*4000 TRAPEZ (BEYAZ)' | 940.00 TL | SKU: RALL.9002.050.4000
2026-09-02 21:41:58 [INFO] [4271] '0.50*86*550 TRAPEZ' | 1127.50 TL | SKU: GLV.SAC.050.5500
2026-09-02 21:42:01 [INFO] [4893] '100/100/100 ÇİFT ÇATAL PİS SU PVC KALDE' | 271.00 TL | SKU: KALDE.5213DBR0M0M45
2026-09-02 21:42:02 [INFO] [2398] '100*100*4MM  KUTU PROFİL (ANTİPASLI)' | 2830.32 TL | SKU: DEM.PRF.260
2026-09-02 21:42:03 [WARNING] [7701] 429 Too Many Requests — 300s bekleniyor (deneme 1/3, hiz 0.5/sn)
2026-09-02 21:42:05 [WARNING] [7700] 429 Too Many Requests — 300s bekleniyor (deneme 1/3, hiz 0.2/sn)
2026-09-02 21:42:09 [WARNING] [11185] 429 Too Many Requests — 300s bekleniyor (deneme 1/3, hiz 0.2/sn)
2026-09-02 21:42:14 [WARNING] [15777] 429 Too Many Requests — 300s bekleniyor (deneme 1/3, hiz 0.2/sn)
2026-09-02 21:42:19 [WARNING] [4916] 429 Too Many Requests — 300s bekleniyor (deneme 1/3, hiz 0.2/sn)
2026-09-02 21:42:24 [WARNING] [7734] 429 Too Many Requests — 300s bekleniyor (deneme 1/3, hiz 0.2/sn)
2026-09-02 21:42:29 [WARNING] [7736] 429 Too Many Requests — 300s bekleniyor (deneme 1/3, hiz 0.2/sn)
2026-09-02 21:42:36 [WARNING] [7698] 429 Too Many Requests — 300s bekleniyor (deneme 1/3, hiz 0.2/sn)
2026-09-02 21:47:17 [WARNING] [7701] 429 Too Many Requests — 300s bekleniyor (deneme 2/3, hiz 0.2/sn)
2026-09-02 21:47:18 [WARNING] [7700] 429 Too Many Requests — 300s bekleniyor (deneme 2/3, hiz 0.2/sn)
2026-09-02 21:47:22 [WARNING] [11185] 429 Too Many Requests — 300s bekleniyor (deneme 2/3, hiz 0.2/sn)
2026-09-02 21:47:27 [WARNING] [15777] 429 Too Many Requests — 300s bekleniyor (deneme 2/3, hiz 0.2/sn)
2026-09-02 21:47:32 [WARNING] [4916] 429 Too Many Requests — 300s bekleniyor (deneme 2/3, hiz 0.2/sn)
2026-09-02 21:47:39 [WARNING] [7734] 429 Too Many Requests — 300s bekleniyor (deneme 2/3, hiz 0.2/sn)
2026-09-02 21:47:44 [WARNING] [7736] 429 Too Many Requests — 300s bekleniyor (deneme 2/3, hiz 0.2/sn)
2026-09-02 21:47:49 [WARNING] [7698] 429 Too Many Requests — 300s bekleniyor (deneme 2/3, hiz 0.2/sn)
2026-09-02 21:52:31 [WARNING] [7701] 429 Too Many Requests — 300s bekleniyor (deneme 3/3, hiz 0.2/sn)
2026-09-02 21:52:33 [WARNING] [7700] 429 Too Many Requests — 300s bekleniyor (deneme 3/3, hiz 0.2/sn)
2026-09-02 21:52:37 [WARNING] [11185] 429 Too Many Requests — 300s bekleniyor (deneme 3/3, hiz 0.2/sn)
2026-09-02 21:52:43 [WARNING] [15777] 429 Too Many Requests — 300s bekleniyor (deneme 3/3, hiz 0.2/sn)
2026-09-02 21:52:48 [WARNING] [4916] 429 Too Many Requests — 300s bekleniyor (deneme 3/3, hiz 0.2/sn)
2026-09-02 21:52:53 [WARNING] [7734] 429 Too Many Requests — 300s bekleniyor (deneme 3/3, hiz 0.2/sn)
2026-09-02 21:52:58 [WARNING] [7736] 429 Too Many Requests — 300s bekleniyor (deneme 3/3, hiz 0.2/sn)
2026-09-02 21:53:03 [WARNING] [7698] 429 Too Many Requests — 300s bekleniyor (deneme 3/3, hiz 0.2/sn)
2026-09-02 21:56:40 [WARNING] Sinyal alindi, temiz kapatiliyor... (Mevcut istekler bitecek, yenisi baslamayacak)
2026-09-02 21:57:54 [ERROR] [https://yapimaks.com/0-50-86-7000-trapez-bordo-p7701] Tum denemeler basarisiz: None
2026-09-02 21:57:55 [ERROR] [https://yapimaks.com/0-50-86-6500-trapez-bordo-p7700] Tum denemeler basarisiz: None
2026-09-02 21:57:59 [ERROR] [https://yapimaks.com/100-100-5mm-kutu-profil-antipasli-p11185] Tum denemeler basarisiz: None
2026-09-02 21:58:04 [ERROR] [https://yapimaks.com/10-20-1-50mm-kutu-profil-p15777] Tum denemeler basarisiz: None
2026-09-02 21:58:09 [ERROR] [https://yapimaks.com/100-100-catal-pis-su-pvc-kalde-p4916] Tum denemeler basarisiz: None
2026-09-02 21:58:14 [ERROR] [https://yapimaks.com/0-50-86-6000-trapez-beyaz-p7734] Tum denemeler basarisiz: None
2026-09-02 21:58:19 [ERROR] [https://yapimaks.com/0-50-86-7000-trapez-beyaz-p7736] Tum denemeler basarisiz: None
2026-09-02 21:58:24 [ERROR] [https://yapimaks.com/0-50-86-5500-trapez-bordo-p7698] Tum denemeler basarisiz: None
2026-09-02 21:58:24 [INFO] ... ilerleme 300/300 (tazelenen 67, basarisiz 8, korunan 0, atlanan 225)
2026-09-02 21:58:24 [INFO] State yaziliyor: 8398 url -> /tmp/yapimaks_300b/last_seen.json
2026-09-02 21:58:24 [INFO] ==================================================
2026-09-02 21:58:24 [INFO] Tamamlandi [TIMEOUT]! Tasinan: 0 | Tazelenen: 67 | Basarisiz: 8 | Korunan eski satir: 0 | Atlanan (sure/limit): 225 | Dusurulen: 0
2026-09-02 21:58:24 [INFO] Dosya: /tmp/yapimaks_300b/2026-09-02.csv (toplam 67 urun)
2026-09-02 21:58:24 [INFO] ==================================================
2026-09-02 21:59:04 [INFO] ==================================================
2026-09-02 21:59:04 [INFO] Yapimaks Scraper basliyor (async)
2026-09-02 21:59:04 [INFO] ==================================================
2026-09-02 21:59:04 [INFO] Parametreler: workers=8, rate=0.5/sn, max_duration=60 dk
2026-09-02 21:59:04 [INFO] Ana sayfa ziyaret ediliyor, cookie aliniyor...
2026-09-02 22:00:42 [INFO] ==================================================
2026-09-02 22:00:42 [INFO] Yapimaks Scraper basliyor (async)
2026-09-02 22:00:42 [INFO] ==================================================
2026-09-02 22:00:42 [INFO] Parametreler: workers=6, rate=0.5/sn, max_duration=20 dk
2026-09-02 22:00:42 [INFO] Ana sayfa ziyaret ediliyor, cookie aliniyor...
2026-09-02 22:00:42 [INFO] Cookie basariyla alindi.
2026-09-02 22:00:42 [INFO] Sitemap indiriliyor: https://yapimaks.com/sitemap/products1.xml
2026-09-02 22:00:42 [INFO] Sitemap'ten toplam 8398 urun URL'si bulundu.
2026-09-02 22:00:42 [INFO] Dunun dosyasi: 2026-08-18.csv
2026-09-02 22:00:42 [INFO] Dunun dosyasinda 8396 urun var.
2026-09-02 22:00:42 [INFO] State dosyasi yok, dunun satirlariyla baslatildi.
2026-09-02 22:00:42 [WARNING] GUNLUK BUTCE: 7928 urun cekilmeye aday, ilk 2500 tazelenecek; kalan 5428 yarin (en bayatlar önce) devam eder (self-heal).
2026-09-02 22:00:42 [WARNING] TEST MODU: --limit 150 — yalnizca ilk 150 urun cekilecek
2026-09-02 22:00:42 [INFO] Tasinacak (degismeyen) urun: 8396 | Yeniden cekilecek: 150
2026-09-02 22:00:42 [INFO] [15821] 'ACİL ÇIKIŞ ARMATÜR EXIT SOL 3 SAAT AKÜLÜ' | 225.00 TL | SKU: CATA.CT9170
2026-09-02 22:00:42 [INFO] [15820] 'ACİL ÇIKIŞ ARMATÜR EXIT AŞAĞI 3 SAAT AKÜ' | 225.00 TL | SKU: CATA.CT9167
2026-09-02 22:00:42 [INFO] [14029] 'AĞAÇ KESİM MOTORU BENZİNLİ TESTERE 41CC ' | 5500.00 TL | SKU: KAMA.KMR41
2026-09-02 22:00:44 [INFO] [3250] 'AĞAÇ KESİM MOTORU TEST ELEKTRİK EX75043A' | 5250.00 TL | SKU: EUROMAX.EX75043A
2026-09-02 22:00:48 [INFO] [459] 'AGT SÜPÜRGELİK 8cm NATURA PS08000' | 140.00 TL | SKU: AGT.120022744
2026-09-02 22:00:51 [INFO] [478] 'AGT PARKE BELLA AKASYA NEO (2,292m2)' | 992.00 TL | SKU: AGT.120028461
2026-09-02 22:00:52 [INFO] [448] 'AGT SÜPÜRGELİK 6cm ANTALYA ÇAM SPR-5030' | 100.00 TL | SKU: AGT.120020463
2026-09-02 22:00:54 [INFO] [15864] 'ALÇI MALASI PLASTİK AÇIK SAP 35 CM DEKOR' | 369.00 TL | SKU: DEKOR.093
2026-09-02 22:00:56 [INFO] [3011] 'AKÜ TAKVİYE MAŞASI KIRMIZI' | 30.00 TL | SKU: ELEKTRİK.005
2026-09-02 22:00:58 [INFO] [12840] 'AMPUL LEDOLET FLAMENT ST64 4W SARI 2700K' | 80.00 TL | SKU: LEDOLET.ST64
2026-09-02 22:01:00 [INFO] [15845] 'AMPUL SENSÖRLÜ LED 9W BEYAZ 6500K LEDOLE' | 110.00 TL | SKU: LEDOLET.512.002.180
2026-09-02 22:01:02 [INFO] [15865] 'ALÇI MALASI PLASTİK AÇIK SAP 30 CM DEKOR' | 335.00 TL | SKU: DEKOR.091
2026-09-02 22:01:05 [INFO] [10004] 'ANKASTRE STOP VALF 1/2 (VOLANLI)' | 495.00 TL | SKU: VİSAM.890.006
2026-09-02 22:01:07 [INFO] [1546] 'ARDUAZLI POLİROOF PR-4500 HARDAL (-5) 3.' | 1950.00 TL | SKU: BTM.0025
2026-09-02 22:01:08 [INFO] [15858] 'BAĞ MAKASI PROF 23.5 CM MAVİ  DESA' | 350.00 TL | SKU: SD.BMD002
2026-09-02 22:01:10 [INFO] [15106] 'AMPUL LEDOLET FLAMENT 2200K SARI 4W G95' | 95.00 TL | SKU: LEDOLET.G95
2026-09-02 22:01:12 [INFO] [15839] 'BALAT/LARA/DELTA 80 CM ÜST AYNA BEYAZ' | 4300.00 TL | SKU: LINEART.144
2026-09-02 22:01:14 [INFO] [15866] 'ALÇIPAN TÖRPÜ YEDEĞİ 60mm  STANLEY' | 199.00 TL | SKU: STANLEY.5-21-515
2026-09-02 22:01:17 [INFO] [1486] 'BİMS 10*39*18.5 (243) 0,072M2' | 18.75 TL | SKU: BİMS.001
2026-09-02 22:01:18 [INFO] [1487] 'BİMS 15*39*18.5 (159) 0,072M2' | 22.50 TL | SKU: BİMS.003
2026-09-02 22:01:23 [INFO] [15840] 'APLİK DUVAR LED HAİTİ 10W 3200K GÜNIŞIĞI' | 205.00 TL | SKU: CATA.CT8011G
2026-09-02 22:01:25 [INFO] [1488] 'BİMS 20*39*18.5 (120) 0,072M2' | 27.25 TL | SKU: BİMS.005
2026-09-02 22:01:27 [INFO] [15867] 'BUAT PANÇ SETİ AHŞAP SET 8 PARÇA WONDER' | 350.00 TL | SKU: WONDER.STW1230
2026-09-02 22:01:29 [INFO] [14560] 'BORU ANAHTARI MANŞONLU 1" TROY 21000' | 1500.00 TL | SKU: TROY.21000
2026-09-02 22:01:31 [INFO] [2150] 'DELTA TUĞLA 13,5x19*19 (216)' | 20.00 TL | SKU: DELTA.002
2026-09-02 22:01:33 [INFO] [2151] 'DELTA TUĞLA 14,5x24*23,5 GEÇMELİ (122)' | 30.00 TL | SKU: DELTA.004
2026-09-02 22:01:35 [INFO] [544] 'DIŞ CEPHE BOYASI AGUSTOSİLAN RG3 (15-LT)' | 4500.00 TL | SKU: FİLLİ.AGUSTOSİLAN.RG3.15L
2026-09-02 22:01:37 [INFO] [1871] 'COREX FALCON BEYAZ ALÇIPAN 120*250 (3M2)' | 259.00 TL | SKU: DALSAN.201
2026-09-02 22:01:39 [INFO] [15852] 'EL FENERİ 1 W PİLLİ PT-1816' | 75.00 TL | SKU: PANTHER PT-1816
2026-09-02 22:01:41 [INFO] [15564] 'EL FENERİ PT-6893 USB ŞARJLI MİNİ ANAHTA' | 125.00 TL | SKU: PANTHER.PT-6893
2026-09-02 22:01:43 [INFO] [13687] 'BAHÇE AYDINLATMASI APLİK PRİZMA-2 40W Sİ' | 520.00 TL | SKU: HOROZ.400-010-144
2026-09-02 22:01:45 [INFO] [11244] 'AĞAÇ KESİM MOTORU TESTERE 46CC KAMA' | 5750.00 TL | SKU: KAMA.KMR46
2026-09-02 22:01:47 [INFO] [15853] 'EL FENERİ PT-979 USB ŞARJLI' | 230.00 TL | SKU: PANTHER.PT-979
2026-09-02 22:01:49 [INFO] [12511] 'ELEKTRİK BORUSU SPİRAL PLASTİK 14Q 1 M' | 9.00 TL | SKU: MUTLUSAN.0010204000140011
2026-09-02 22:01:51 [INFO] [12512] 'ELEKTRİK BORUSU SPİRAL PLASTİK 18Q 1 M' | 15.00 TL | SKU: MUTLUSAN.0010204000180011
2026-09-02 22:01:53 [INFO] [15841] 'ELEKTRİK BORUSU SPİRAL PLASTİK 26Q 1 M' | 20.00 TL | SKU: MUTLUSAN.0010204000260011
2026-09-02 22:01:55 [INFO] [3632] 'DIŞ CEPHE GRENLİ MİX-1 25 KG FAWORİ' | 3750.00 TL | SKU: FAWORİ.060
2026-09-02 22:01:57 [INFO] [14859] 'ELEKTRİK BORUSU SPİRAL PVC KAPLI GLV 18Q' | 39.00 TL | SKU: ORTAÇ.OPCS18
2026-09-02 22:01:59 [INFO] [15843] 'EŞYA KALDIRMA TAŞIMA SETİ 5 PARÇA TROY' | 990.00 TL | SKU: TROY.90006
2026-09-02 22:02:01 [INFO] [15856] 'EL FENERİ PT-924 USB ŞARJLI' | 290.00 TL | SKU: PANTHER.PT-924
2026-09-02 22:02:03 [INFO] [15854] 'EL FENERİ PT-920 USB ŞARJLI' | 100.00 TL | SKU: PANTHER.PT-920
2026-09-02 22:02:05 [INFO] [9345] 'GAZ BETON 15-CM (60x25x15) 1AD 0.15 M2' | 90.00 TL | SKU: STT.018
2026-09-02 22:02:07 [INFO] [13246] 'HESAP MAKİNESİ RENKLİ AVEC H106' | 190.00 TL | SKU: AVEC.AV-H106
2026-09-02 22:02:11 [INFO] [13950] 'HOFMANN HGN-C 25 MM GRİ ÇİVİ (SİYAH PLS ' | 1150.00 TL | SKU: HOFMANN.HGNC25
2026-09-02 22:02:13 [INFO] [12915] 'HOFMANN HGN-C 26 MM GRİ ÇİVİ (SİYAH PLS ' | 1150.00 TL | SKU: HOFMANN.HGNC26
2026-09-02 22:02:15 [INFO] [14860] 'ELEKTRİK BORUSU SPİRAL PVC KAPLI GLV 26Q' | 49.00 TL | SKU: ORTAÇ.OPCS26
2026-09-02 22:02:17 [INFO] [15868] 'İÇ KÖŞE MALA 0.5mm DEKOR' | 375.00 TL | SKU: DEKOR.1212
2026-09-02 22:02:19 [INFO] [102] 'İŞ AYAKKABISI YAZLIK SÜET NO:41' | 599.00 TL | SKU: BMES.1453.01.041
2026-09-02 22:02:21 [INFO] [14549] 'İŞKENCE C TİPİ 51 MM TROY 25062' | 140.00 TL | SKU: TROY.25062
2026-09-02 22:02:23 [INFO] [11502] 'KABLO BAĞI CIRT KELEPÇE 150X2.5 SİYAH 10' | 28.00 TL | SKU: WONDER.STW016021
2026-09-02 22:02:25 [INFO] [12544] 'BETOFAST 6.3*60 1 ADET' | 2.75 TL | SKU: STD.YHB4833
2026-09-02 22:02:27 [INFO] [15875] 'İÇ CEPHE KOZMİK İPEK MİX-1 2.5LT FAWORİ' | 1050.00 TL | SKU: FAWORİ.2501-2483-08
2026-09-02 22:02:29 [INFO] [14507] 'KADEMELİ MATKAP UCU 3LÜ SET 4-12, 4-20, ' | 745.00 TL | SKU: WONDER.STW01376-1
2026-09-02 22:02:31 [INFO] [11398] 'KAFA LAMBASI PT-5100 PİLLİ 500LM' | 150.00 TL | SKU: PANTHER PT-5100
2026-09-02 22:02:33 [INFO] [15844] 'FREZE BIÇAĞI SETİ 12 PARÇA WERT 2504' | 1140.00 TL | SKU: WERT.2504
2026-09-02 22:02:35 [INFO] [12645] 'KAFA LAMBASI PT-5805 USB ŞARJLI 3W+2 SMD' | 140.00 TL | SKU: PANTHER PT-5805
2026-09-02 22:02:37 [INFO] [15849] 'KAFA LAMBASI PT-5977 USB ŞARJLI' | 165.00 TL | SKU: PANTHER PT-5977
2026-09-02 22:02:39 [INFO] [614] 'KABLO BAĞI CIRT KELEPÇE 300X4.8 SİYAH 10' | 120.00 TL | SKU: WONDER.STW01629
2026-09-02 22:02:41 [INFO] [15874] 'KAMP LAMBASI T648-3 12V 15W PANTHER' | 220.00 TL | SKU: PANTHER.T-648-3
2026-09-02 22:02:43 [INFO] [15847] 'KAFA LAMBASI USB ŞARJLI PT-5528 PANTHER' | 205.00 TL | SKU: PANTHER PT-5528
2026-09-02 22:02:47 [INFO] [15846] 'KARAOKE BLUETOOTH HOPARLÖR/MİKROFON TRAX' | 1200.00 TL | SKU: TRAX.MB-M818
2026-09-02 22:02:49 [INFO] [13598] 'KESKİ GENİŞ 14X250X40 MM WONDER SDS PLUS' | 110.00 TL | SKU: WONDER.STW013780
2026-09-02 22:02:51 [INFO] [15258] 'KLOZET KAPAK MİMOZA YAVAŞ KAPANIR ÇOCUK ' | 425.00 TL | SKU: VİSAM.532.005
2026-09-02 22:02:53 [INFO] [13156] 'KAFA LAMBASI PT-5227 USB ŞARJLI XPE LED ' | 415.00 TL | SKU: PANTHER PT-5227
2026-09-02 22:02:55 [INFO] [15763] 'KORNİŞ MONTAJ YAPIŞTIRICI BEYAZ 290 ML U' | 209.00 TL | SKU: SELSİL.3753
2026-09-02 22:02:57 [INFO] [14548] 'KÜREK TELESKOPİK ÇELİK 4190' | 525.00 TL | SKU: WERT.4190
2026-09-02 22:02:59 [INFO] [14552] 'MANDAL YAYLI KISKAÇ 3" İŞKENCE TROY 2505' | 70.00 TL | SKU: TROY.25053
2026-09-02 22:03:01 [INFO] [15870] 'MANTOLAMA DÜBELİ TABANCALI 60 MM (1000AD' | 4350.00 TL | SKU: ALFOR.T01-060NT-52
2026-09-02 22:03:03 [INFO] [15860] 'KABLO BAĞI CIRT KELEPÇE 200X4.8 SİYAH 10' | 90.00 TL | SKU: WONDER.STW01627
2026-09-02 22:03:05 [INFO] [11586] 'MASTİK PU SOSİS 600 ML-SİYAH' | 270.00 TL | SKU: SELENA.10049867
2026-09-02 22:03:07 [INFO] [5328] 'MENTEŞE YAPRAK 1840x2,5 NO:2.5' | 11.00 TL | SKU: ERSA.291
2026-09-02 22:03:09 [INFO] [15861] 'MENTEŞE YAPRAK 1840x2 NO:2' | 10.00 TL | SKU: ERSA.290
2026-09-02 22:03:11 [INFO] [2869] 'KODİAK BEYAZ 30X60 2K TAM PARLAK REK (1 ' | 429.00 TL | SKU: EGESER.300X600KDK01PAR
2026-09-02 22:03:13 [INFO] [14072] 'METAL KESİCİ İNOX 180X1.9X22 KARBOSAN' | 75.00 TL | SKU: KARBOSAN.K064081
2026-09-02 22:03:15 [INFO] [15862] 'METRE ŞERİT 10M X 25MM GRİ AYZ' | 230.00 TL | SKU: AYZ.PR1025A
2026-09-02 22:03:17 [INFO] [14321] 'METRE ŞERİT 8M x 25MM DEKOR' | 499.00 TL | SKU: DEKOR.DK02297
2026-09-02 22:03:21 [INFO] [15871] 'MANTOLAMA DÜBELİ TABANCALI 80 MM (1000AD' | 5120.00 TL | SKU: ALFOR.T01-080NT-52
2026-09-02 22:03:23 [INFO] [6468] 'MENTEŞE YAPRAK 1840X3.5 NO:3.5' | 17.00 TL | SKU: ERSA.293
2026-09-02 22:03:24 [INFO] [7657] 'OLUKLU 875*2000*ŞEFFAF 0.7MM' | 400.00 TL | SKU: PVC.OND.01.2000
2026-09-02 22:03:26 [INFO] [5407] 'OSB 2 122X244 CM 11 MM KRONOSPAN (76)' | 699.00 TL | SKU: KRONOSPAN.01
2026-09-02 22:03:29 [INFO] [12934] 'PANEL KAPI BOYASI SU BAZLI 3/1 BEYAZ KAR' | 925.00 TL | SKU: KARDELEN.2109245
2026-09-02 22:03:30 [INFO] [6158] 'OLUK İÇİ KELEPÇE SACI (33 CM GERGİLİ) (2' | 7.50 TL | SKU: NALBUR.023
2026-09-02 22:03:33 [INFO] [15877] 'POLİKARBON TRP 900*1000*3MM-FÜME' | 287.50 TL | SKU: POL.KRB.3000.03
2026-09-02 22:03:35 [INFO] [1610] 'POLİROOF SA MB 33 CM*10M GRİ-SİYAH' | 1325.00 TL | SKU: BTM.0243
2026-09-02 22:03:36 [INFO] [8253] 'RAPİD END MAT BOYA 6010 (YEŞİL SON KAT 1' | 3750.00 TL | SKU: SARTAŞ.0016
2026-09-02 22:03:38 [INFO] [15863] 'RULO DEKOR EXPORT YEDEK 15CM 1101' | 70.00 TL | SKU: DEKOR.1101
2026-09-02 22:03:40 [INFO] [658] 'SAC DEKORATİF 1000*2000*1,5MM' | 750.00 TL | SKU: ALBA.3554000
2026-09-02 22:03:43 [INFO] [3881] 'KAPATAN 0.75 LT' | 800.00 TL | SKU: FİLLİ.122
2026-09-02 22:03:44 [INFO] [15855] 'FAN MİNİ USB ŞARJLI AVEC AV-F139' | 210.00 TL | SKU: AVEC.AV-F139
2026-09-02 22:03:46 [INFO] [3695] 'SENTETİK BOYA SİYAH 0.75 LT PREM. FAWORİ' | 350.00 TL | SKU: FAWORİ.123
2026-09-02 22:03:48 [INFO] [14814] 'SERAMİK ÇITA DIŞ KÖŞE 10 MM KARE PASLANM' | 85.00 TL | SKU: ALFOR.C12-10-24A1-10MM
2026-09-02 22:03:50 [INFO] [7537] 'POLİKARBON 10MM 210*6000 FÜME (12,6M2)' | 4150.00 TL | SKU: POL.KRB.LV10.02
2026-09-02 22:03:54 [INFO] [13135] 'SAC KESME MAKASI SOL 245 MM TROY 21102' | 820.00 TL | SKU: TROY.21102
2026-09-02 22:03:56 [INFO] [14813] 'SERAMİK ÇITA DIŞ KÖŞE 8 MM OVAL PASLANMA' | 79.00 TL | SKU: ALFOR.C12-01-24A1-8MM
2026-09-02 22:03:58 [INFO] [1968] 'SERAMİK YAPIŞTIRICI GRİ QF121 C1T-25 KG.' | 185.00 TL | SKU: DARKSS.YK.QF121G
2026-09-02 22:04:00 [INFO] [6147] 'OLUK İÇİ KELEPÇE SACI (30 CM GERGİLİ) (2' | 7.50 TL | SKU: NALBUR.011
2026-09-02 22:04:02 [INFO] [14907] 'SDS PLUS MURÇ 14X250 MM' | 75.00 TL | SKU: WONDER.STW01377
2026-09-02 22:04:04 [INFO] [8440] 'SÖKÜ DEMİRİ MANİVELA 120CM (4125-GR)' | 690.00 TL | SKU: SD.SK7001
2026-09-02 22:04:06 [INFO] [8442] 'SÖKÜ DEMİRİ MANİVELA 150CM (7295-GR)' | 775.00 TL | SKU: SD.SK7003
2026-09-02 22:04:08 [INFO] [14815] 'SERAMİK ÇITA DIŞ KÖŞE 8 MM EKO PARLAK KR' | 90.00 TL | SKU: ALFOR.4600
2026-09-02 22:04:08 [INFO] ... ilerleme 100/150 (tazelenen 100, basarisiz 0, korunan 0, atlanan 0)
2026-09-02 22:04:10 [INFO] [15851] 'SOLAR LED BAHÇE LAMBASI PT-B117' | 245.00 TL | SKU: PANTHER.PT-B117
2026-09-02 22:04:12 [INFO] [8437] 'SÖKÜ DEMİRİ MANİVELA 80 CM (2895-GR)' | 558.00 TL | SKU: SD.SK8000
2026-09-02 22:04:14 [INFO] [13871] 'SPREY BOYA GÜMÜŞ GRİ 400 ML (7001) SELSİ' | 149.00 TL | SKU: SELSİL.423
2026-09-02 22:04:16 [INFO] [14304] 'SU DEPOSU 2000 LT 3 KAT MAVİ YATAY (107X' | 12750.00 TL | SKU: SU DEPOSU.2000.005
2026-09-02 22:04:18 [INFO] [15750] 'SİNEK ÖLDÜRÜCÜ IŞIK USB ŞARJLI PT-Z615' | 440.00 TL | SKU: PANTHER.PT-Z615
2026-09-02 22:04:20 [INFO] [15842] 'TAVAN ARMATÜRÜ ARTOS-20 LED 20W 6400K BE' | 245.00 TL | SKU: HOROZ.400.002.128
2026-09-02 22:04:22 [INFO] [12106] 'TAVAN BOYASI (ÖZEL) DARKSS 3 KG' | 249.00 TL | SKU: DARKSS.B.TB3
2026-09-02 22:04:24 [INFO] [15848] 'TOSHİBA PİL KALEM AA LR6 10 LU TOSHİBA' | 199.00 TL | SKU: TOSHİBA.002.001.087
2026-09-02 22:04:28 [INFO] [7666] 'TRAPEZ 875*2000*ŞEFFAF 0.9MM' | 550.00 TL | SKU: PVC.OND.TRP.2000
2026-09-02 22:04:30 [INFO] [7665] 'TRAPEZ 875*2500*ŞEFFAF 0.9MM' | 687.50 TL | SKU: PVC.OND.TRP.2500
2026-09-02 22:04:32 [INFO] [9072] 'TRP.VİDA 5,5*25-12MM 1 AD' | 2.70 TL | SKU: STD.5525.12
2026-09-02 22:04:34 [INFO] [15696] 'ZEBO ZB-444 ZEMİN BOYASI KIRMIZI RAL 302' | 6900.00 TL | SKU: ZEBO.3028-20KG
2026-09-02 22:04:36 [INFO] [4893] '100/100/100 ÇİFT ÇATAL PİS SU PVC KALDE' | 271.00 TL | SKU: KALDE.5213DBR0M0M45
2026-09-02 22:04:38 [INFO] [8441] 'SÖKÜ DEMİRİ MANİVELA 100CM (3610-GR)' | 525.00 TL | SKU: SD.SK7002
2026-09-02 22:04:40 [INFO] [4917] '100/100 TE PİS SU PVC KALDE' | 117.00 TL | SKU: KALDE.5213SBR0M0M87
2026-09-02 22:04:42 [INFO] [4916] '100/100 ÇATAL PİS SU PVC KALDE' | 118.00 TL | SKU: KALDE.5213SBR0M0M45
2026-09-02 22:04:44 [INFO] [4935] '100/150 PİS SU BORU KALDE' | 74.00 TL | SKU: KALDE.5203TBEXM0150
2026-09-02 22:04:46 [INFO] [4870] '100/2000 PİS SU BORU KALDE' | 346.00 TL | SKU: KALDE.5203TBE0M2000
2026-09-02 22:04:48 [INFO] [4884] '100/250 PİS SU BORUSU KALDE' | 102.00 TL | SKU: KALDE.5203TBEXM0250
2026-09-02 22:04:50 [INFO] [4874] '100/3000 PİS SU BORU KALDE' | 511.00 TL | SKU: KALDE.5203TBE0M3000
2026-09-02 22:04:52 [INFO] [13870] 'SPREY BOYA ANTRASİT GRi 400 ML (7016) SE' | 149.00 TL | SKU: SELSİL.451
2026-09-02 22:04:54 [INFO] [15869] 'SERAMİK ÇITA DIŞ KÖŞE 8 MM KARE PASLANMA' | 100.00 TL | SKU: ALFOR.C12-10-24A1-08-244
2026-09-02 22:04:56 [INFO] [12648] '100/50 TE PİS SU PVC KALDE' | 84.00 TL | SKU: KALDE.5213SBR0M0K87
2026-09-02 22:04:58 [INFO] [4869] '100/500 PİS SU BORU PPRC KALDE' | 127.00 TL | SKU: KALDE.5203TBE0M0500
2026-09-02 22:05:02 [INFO] [4915] '100/70 ÇATAL PİS SU PVC KALDE' | 109.00 TL | SKU: KALDE.5213SBR0M0L45
2026-09-02 22:05:04 [INFO] [4905] '100/70 REDÜKSİYON PİS SU PVC KALDE' | 53.00 TL | SKU: KALDE.5213RDC0M0L00
2026-09-02 22:05:06 [INFO] [4900] '100/90 PİS SU PVC DİRSEK KALDE' | 74.00 TL | SKU: KALDE.5213ELB0M0090
2026-09-02 22:05:08 [INFO] [4924] '100 ES PİS SU PVC KALDE 110X87' | 214.00 TL | SKU: KALDE.5213SPİ0M0087
2026-09-02 22:05:10 [INFO] [4892] '100/50/100 ÇİFT ÇATAL PİS SU PVC KALDE' | 180.00 TL | SKU: KALDE.5213DBR0M0K45
2026-09-02 22:05:12 [INFO] [15838] 'TAVAN ARMATÜRÜ 360 DERECE HAREKET SENSÖR' | 375.00 TL | SKU: HOROZ.400.020.143
2026-09-02 22:05:14 [INFO] [4873] '100/1000 PİS SU BORU KALDE' | 181.00 TL | SKU: KALDE.5203TBE0M1000
2026-09-02 22:05:16 [INFO] [4928] '100 TAPA PİS SU KALDE' | 25.00 TL | SKU: KALDE.5213STE0M0000
2026-09-02 22:05:18 [INFO] [4891] '100 TEMİZLEME PİS SU KALDE' | 166.00 TL | SKU: KALDE.5213CLP0M0000
2026-09-02 22:05:20 [INFO] [4919] '125/100 ÇATAL PİS SU PVC KALDE' | 184.00 TL | SKU: KALDE.5213SBR0N0M45
2026-09-02 22:05:22 [INFO] [4906] '125/100 REDÜKSİYON PİS SU PVC KALDE' | 67.00 TL | SKU: KALDE.5213RDC0N0M00
2026-09-02 22:05:24 [INFO] [4876] '125/1000 PİS SU BORU KALDE' | 222.00 TL | SKU: KALDE.5203TBE0N1000
2026-09-02 22:05:26 [INFO] [4918] '125/125 ÇATAL PİS SU PVC KALDE' | 230.00 TL | SKU: KALDE.5213SBR0N0N45
2026-09-02 22:05:28 [INFO] [4910] '125/125 TE PİS SU ÇATAL KALDE' | 173.00 TL | SKU: KALDE.5213SBR0N0N87
2026-09-02 22:05:30 [INFO] [4877] '125/2000 PİS SU BORU KALDE' | 423.00 TL | SKU: KALDE.5203TBE0N2000
2026-09-02 22:05:32 [INFO] [4909] '100 LİK CONTA KALDE' | 4.80 TL | SKU: KALDE.5213RUR0M0000
2026-09-02 22:05:36 [INFO] [4885] '125/250 PİS SU BORU KALDE' | 116.00 TL | SKU: KALDE.5203TBEXN0250
2026-09-02 22:05:38 [INFO] [4901] '125/45 PİS SU PVC DİRSEK KALDE' | 96.00 TL | SKU: KALDE.5213ELB0N0045
2026-09-02 22:05:40 [INFO] [4875] '125/500 PİS SU BORU PPRC KALDE' | 116.00 TL | SKU: KALDE.5203TBE0N0500
2026-09-02 22:05:42 [INFO] [4914] '100/50 ÇATAL PİS SU PVC KALDE' | 85.00 TL | SKU: KALDE.5213SBR0M0K45
2026-09-02 22:05:44 [INFO] [4923] '125 KAYAR MANŞON PİS SU PVC KALDE' | 88.00 TL | SKU: KALDE.5213SOC0N0000
2026-09-02 22:05:46 [INFO] [4889] '125 KELEPÇE PİS SU PVC KALDE' | 34.00 TL | SKU: KALDE.5213BCCON0000
2026-09-02 22:05:48 [INFO] [4922] '100 KAYAR MANŞON PİS SU PVC KALDE' | 64.00 TL | SKU: KALDE.5213SOCXM0000
2026-09-02 22:05:50 [INFO] [14223] '125/90 PİS SU PVC DİRSEK KALDE' | 124.00 TL | SKU: KALDE.5213ELB0N0087
2026-09-02 22:05:52 [INFO] [4888] '100 KELEPÇE PİS SU PVC KALDE' | 31.00 TL | SKU: KALDE.5213BCC0M0000
2026-09-02 22:05:54 [INFO] [4878] '125/3000 PİS SU BORU KALDE' | 585.00 TL | SKU: KALDE.5203TBE0N3000
2026-09-02 22:05:54 [INFO] State yaziliyor: 8512 url -> /tmp/yapimaks_rehearsal/last_seen.json
2026-09-02 22:05:54 [INFO] ==================================================
2026-09-02 22:05:54 [INFO] Tamamlandi [OK]! Tasinan: 8362 | Tazelenen: 150 | Basarisiz: 0 | Korunan eski satir: 0 | Atlanan (sure/limit): 0 | Dusurulen: 0
2026-09-02 22:05:54 [INFO] Dosya: /tmp/yapimaks_rehearsal/2026-09-02.csv (toplam 8512 urun)
2026-09-02 22:05:54 [INFO] ==================================================
