2026-10-09 02:25:08 [INFO] ==================================================
2026-10-09 02:25:08 [INFO] Yapimaks Scraper basliyor (async)
2026-10-09 02:25:08 [INFO] ==================================================
2026-10-09 02:25:08 [INFO] Parametreler: workers=8, rate=0.8/sn, max_duration=300 dk
2026-10-09 02:25:08 [INFO] Ana sayfa ziyaret ediliyor, cookie aliniyor...
2026-10-09 02:25:08 [INFO] Cookie basariyla alindi.
2026-10-09 02:25:08 [INFO] Sitemap indiriliyor: https://yapimaks.com/sitemap/products1.xml
2026-10-09 02:25:10 [INFO] Sitemap'ten toplam 8311 urun URL'si bulundu.
2026-10-09 02:25:10 [INFO] Dunun dosyasi: 2026-10-08.csv
2026-10-09 02:25:10 [INFO] Dunun dosyasinda 8383 urun var.
2026-10-09 02:25:10 [WARNING] 10 urun 7+ gun sitemap'te gorunmuyor, dosyadan dusuruldu: ['https://yapimaks.com/avuc-taslama-rtm-102-115-125-mm-750w-rtrmax-p7979', 'https://yapimaks.com/kaydirmaz-bant-50-mmx15-mt-siyah-p13873', 'https://yapimaks.com/koli-tasima-araci-buyuk-katlanir-85x50x30-std-p15386', 'https://yapimaks.com/metre-serit-7-5mt-25mm-bts-12360-p12228', 'https://yapimaks.com/kivircik-rulo-paspas-100cm-14-mm-gri-p7606']...
2026-10-09 02:25:10 [INFO] GUNLUK BUTCE: 308 urun aday — hepsi bu koşuda tazelenir.
2026-10-09 02:25:10 [INFO] Tasinacak (degismeyen) urun: 8373 | Yeniden cekilecek: 308
2026-10-09 02:25:10 [INFO] [7714] '0.50*86*2000 TRAPEZ (GRİ)' | 530.00 TL | SKU: RALL.7016.050.2000
2026-10-09 02:25:10 [INFO] [7718] '0.50*86*4000 TRAPEZ (GRİ)' | 1060.00 TL | SKU: RALL.7016.050.4000
2026-10-09 02:25:10 [INFO] [13630] 'ÇERÇEVE TEKLİ BEYAZ KARELL 83X83X10MM' | 14.00 TL | SKU: EXEN.200-010000-101
2026-10-09 02:25:11 [INFO] [12175] 'FIRÇA ROBOT NO:4 KARDELEN' | 125.00 TL | SKU: KARDELEN.0051
2026-10-09 02:25:12 [INFO] [2524] 'KALEM FIRÇA NO-04-DOĞUŞ' | 30.00 TL | SKU: DOĞUŞ.09.004
2026-10-09 02:25:14 [INFO] [2525] 'KALEM FIRÇA NO-06-DOĞUŞ' | 30.00 TL | SKU: DOĞUŞ.09.006
2026-10-09 02:25:15 [INFO] [7657] 'OLUKLU 875*2000*ŞEFFAF 0.7MM' | 400.00 TL | SKU: PVC.OND.01.2000
2026-10-09 02:25:16 [INFO] [7523] 'POLİKARBON 8MM 210*6000 ŞEFFAF (12,6M2)' | 3650.00 TL | SKU: POL.KRB.LV08.01
2026-10-09 02:25:17 [INFO] [4739] 'İZOCAM İZOPAN RADYATÖR ARKASI FOLYOLU 90' | 315.00 TL | SKU: İZOCAM.0003
2026-10-09 02:25:19 [INFO] [1991] 'DERZ DOLGU BEJ (SİLİKONLU) 1 KG' | 35.00 TL | SKU: DARKSS.YK.0004
2026-10-09 02:25:20 [INFO] [15020] 'POLİKARBON TRP 900X2000 3 MM FÜME' | 575.00 TL | SKU: POL.KRB.2000.02
2026-10-09 02:25:21 [WARNING] [https://yapimaks.com/ray-spot-40w-4000k-9005-siyah-kasa-masialux-p13935] Urun parse hatasi (deneme 1/3): API yanitinda fiyat bulunamadi
2026-10-09 02:25:22 [INFO] [1998] 'GRANİT MERMER YAPIŞ (GRİ) DARKSS QF 125 ' | 25.00 TL | SKU: DARKSS.YK.0011
2026-10-09 02:25:24 [INFO] [15877] 'POLİKARBON TRP 900*1000*3MM-FÜME' | 287.50 TL | SKU: POL.KRB.3000.03
2026-10-09 02:25:25 [INFO] [13671] 'LED SOLAR SOKAK ARMATÜRÜ GRAND XL-600 60' | 3933.00 TL | SKU: HOROZ.074-009-0600
2026-10-09 02:25:26 [INFO] [5136] 'ÇEK VALF 1" DİK' | 325.00 TL | SKU: KARPA.112
2026-10-09 02:25:28 [INFO] [15920] 'POLİKARBON TRP 900*1000*3MM-ŞEFFAF' | 295.00 TL | SKU: POL.KRB.1000.01
2026-10-09 02:25:29 [INFO] [1934] 'DERZ ALÇISI (1-KG)' | 25.00 TL | SKU: DALSAN.110
2026-10-09 02:25:30 [INFO] [768] 'METAL TAŞLAMA  180*8(ASKAYNAK)' | 125.00 TL | SKU: ASKAYNAK.005
2026-10-09 02:25:31 [INFO] [7652] 'OLUKLU 114*3000*SARI 0.9MM' | 660.00 TL | SKU: PVC.OND.0003
2026-10-09 02:25:33 [INFO] [15113] 'AMPUL LED KRİSTAL 4W 3000K SARI LEDOLET' | 210.00 TL | SKU: LEDOLET.LEDO018
2026-10-09 02:25:34 [WARNING] [https://yapimaks.com/insaat-demiri-nervullu-kalin-12-14-16-20-p4683] Urun parse hatasi (deneme 1/3): API yanitinda fiyat bulunamadi
2026-10-09 02:25:35 [INFO] [15836] 'LED SMD ARMATÜR FORTIS-50 50W 3000K 118 ' | 675.00 TL | SKU: HOROZ.019-068-0050
2026-10-09 02:25:36 [INFO] [1990] 'DERZ DOLGU BEYAZ (SİLİKONLU) 1 KG' | 30.00 TL | SKU: DARKSS.YK.0003
2026-10-09 02:25:37 [INFO] [7660] 'OLUKLU 875*3000*SARI 0.7MM' | 600.00 TL | SKU: PVC.OND.02.3000
2026-10-09 02:25:39 [INFO] [11509] 'EL ARABASI FIRAT PLUS + DOLGU TEKER' | 2200.00 TL | SKU: KESKİN.150.079
2026-10-09 02:25:40 [INFO] [15838] 'TAVAN ARMATÜRÜ 360 DERECE HAREKET SENSÖR' | 338.00 TL | SKU: HOROZ.400.020.143
2026-10-09 02:25:41 [INFO] [15842] 'TAVAN ARMATÜRÜ ARTOS-20 LED 20W 6400K BE' | 221.00 TL | SKU: HOROZ.400.002.128
2026-10-09 02:25:42 [INFO] [4926] '50 TAPA PİS SU PVC KALDE' | 9.00 TL | SKU: KALDE.5213STE0K0000
2026-10-09 02:25:44 [INFO] [4913] '70/70 ÇATAL PİS SU PVC KALDE' | 68.00 TL | SKU: KALDE.5213SBR0L0L45
2026-10-09 02:25:45 [WARNING] [https://yapimaks.com/insaat-demiri-nervullu-kalin-12-14-16-20-p4683] Urun parse hatasi (deneme 2/3): API yanitinda fiyat bulunamadi
2026-10-09 02:25:46 [INFO] [13819] 'ANAHTAR KAPI OTOMATİĞİ MODÜL+KAPAK BEYAZ' | 45.00 TL | SKU: EXEN.290-000102-204
2026-10-09 02:25:47 [INFO] [13687] 'BAHÇE AYDINLATMASI APLİK PRİZMA-2 40W Sİ' | 468.00 TL | SKU: HOROZ.400-010-144
2026-10-09 02:25:49 [INFO] [13820] 'ANAHTAR LİGHT MODÜL+KAPAK BEYAZ KARELL 8' | 45.00 TL | SKU: EXEN.290-000102-205
2026-10-09 02:25:50 [INFO] [13674] 'AMPUL RUSTİK VINTAGE-6 6W E27 2200K' | 114.00 TL | SKU: HOROZ.001-029-0006
2026-10-09 02:25:51 [WARNING] [https://yapimaks.com/insaat-demiri-nervullu-kalin-12-14-16-20-p4683] Urun parse hatasi (deneme 3/3): API yanitinda fiyat bulunamadi
2026-10-09 02:25:51 [ERROR] [https://yapimaks.com/insaat-demiri-nervullu-kalin-12-14-16-20-p4683] Tum denemeler basarisiz: API yanitinda fiyat bulunamadi
2026-10-09 02:25:51 [WARNING] [https://yapimaks.com/insaat-demiri-nervullu-kalin-12-14-16-20-p4683] Eski satir korundu, yarin tekrar denenir.
2026-10-09 02:25:52 [INFO] [1849] 'ÇİMENTO DÖKME 1 KG' | 12.00 TL | SKU: ÇİMENTO.007
2026-10-09 02:25:54 [INFO] [4541] 'ARMATÜR ASKI AVİZE BEGONYA-3 40W SİYAH H' | 315.00 TL | SKU: HOROZ.400-010-118
2026-10-09 02:25:55 [INFO] [13636] 'ANAHTAR TEKLİ MODÜL+KAPAK BEYAZ KAREL 83' | 45.00 TL | SKU: EXEN.290-000102-200
2026-10-09 02:25:56 [INFO] [13823] 'ANAHTAR ÜÇLÜ MODÜL+KAPAK BEYAZ KARELL (Ç' | 52.00 TL | SKU: EXEN.290-000102-213
2026-10-09 02:25:58 [WARNING] [https://yapimaks.com/ray-spot-40w-4000k-9005-siyah-kasa-masialux-p13935] Urun parse hatasi (deneme 2/3): API yanitinda fiyat bulunamadi
2026-10-09 02:25:59 [INFO] [1844] 'AYNA DEKORATİF BOYALI BOŞ' | 815.00 TL | SKU: ÇELİKAYNA.879
2026-10-09 02:26:00 [INFO] [13591] 'AYDINLATMA KUMANDASI 4X1000 W CATA' | 228.00 TL | SKU: CATA.9154
2026-10-09 02:26:01 [INFO] [13665] 'BAHÇE ARMATÜRÜ APLİK BEGONYA-2 40W SİYAH' | 288.00 TL | SKU: HOROZ.400-010-117
2026-10-09 02:26:02 [INFO] [13657] 'BAHÇE ARMATÜRÜ APLİK ÇINAR-3 60W SİYAH H' | 184.00 TL | SKU: HOROZ.400-010-136
2026-10-09 02:26:04 [INFO] [14739] 'ARMATÜR LEDBANT BEYAZ 80W 120CM 8000K GA' | 270.00 TL | SKU: HOROZ.056-003-0007
2026-10-09 02:26:05 [INFO] [13686] 'BAHÇE ARMATÜRÜ APLİK SERVİ 12W 4200K SMD' | 1610.00 TL | SKU: HOROZ.076-009-0012
2026-10-09 02:26:06 [INFO] [1846] 'AYNA DEKORATİF OVAL KÜÇÜK BOYALI' | 465.00 TL | SKU: ÇELİKAYNA.977
2026-10-09 02:26:08 [INFO] [3369] 'AUTOKIT BUZ ÇÖZÜCÜ 220 ML FA1-125' | 183.00 TL | SKU: AUTOKİT.FA1-125
2026-10-09 02:26:09 [INFO] [13822] 'ANAHTAR VAVİEN MODÜL+KAPAK BEYAZ 83X83X1' | 48.00 TL | SKU: EXEN.290-000102-209
2026-10-09 02:26:10 [WARNING] [https://yapimaks.com/ray-spot-40w-4000k-9005-siyah-kasa-masialux-p13935] Urun parse hatasi (deneme 3/3): API yanitinda fiyat bulunamadi
2026-10-09 02:26:10 [ERROR] [https://yapimaks.com/ray-spot-40w-4000k-9005-siyah-kasa-masialux-p13935] Tum denemeler basarisiz: API yanitinda fiyat bulunamadi
2026-10-09 02:26:10 [WARNING] [https://yapimaks.com/ray-spot-40w-4000k-9005-siyah-kasa-masialux-p13935] Eski satir korundu, yarin tekrar denenir.
2026-10-09 02:26:11 [INFO] [13650] 'BAHÇE ARMATÜRÜ ÇINAR-2 60W SİYAH HOROZ' | 249.00 TL | SKU: HOROZ.400-010-135
2026-10-09 02:26:12 [INFO] [13667] 'BAHÇE ARMATÜRÜ ORKİDE-1 40W KISA SiYAH H' | 184.00 TL | SKU: HOROZ.400-000-121
2026-10-09 02:26:14 [INFO] [13663] 'BAHÇE ARMATÜRÜ YONCA-1 40W SiYAH HOROZ' | 184.00 TL | SKU: HOROZ.400-010-132
2026-10-09 02:26:16 [INFO] [13656] 'BAHÇE ARMATÜRÜ PALMERA-3 60W SİYAH METAL' | 1561.00 TL | SKU: HOROZ.075-018-0003
2026-10-09 02:26:16 [INFO] [13673] 'BAHÇE ARMATÜRÜ BEGONYA-1 SİYAH E27 HOROZ' | 288.00 TL | SKU: HOROZ.400-010-116
2026-10-09 02:26:17 [INFO] [13664] 'BAHÇE ARMATÜRÜ ÇINAR-1 60W HOROZ' | 225.00 TL | SKU: HOROZ.400-010-134
2026-10-09 02:26:19 [INFO] [13629] 'ÇERÇEVE İKİLİ GÜMÜŞ KARELL 154X83X10MM' | 41.00 TL | SKU: EXEN.200-100000-102
2026-10-09 02:26:20 [INFO] [13632] 'ÇERÇEVE İKİLİ METALİK SİYAH  KARELL 154X' | 43.00 TL | SKU: EXEN.200-140000-102
2026-10-09 02:26:21 [INFO] [13631] 'ÇERÇEVE ÜÇLÜ BEYAZ KARELL 224x83x10' | 45.00 TL | SKU: EXEN.200-010000-103
2026-10-09 02:26:22 [INFO] [13625] 'ÇERÇEVE DÖRTLÜ BEYAZ KARELL 224x83x10MM' | 50.00 TL | SKU: EXEN.200-010000-104
2026-10-09 02:26:24 [INFO] [13627] 'ÇERÇEVE ÜÇLÜ GÜMÜŞ KARELL 224X83X10MM' | 54.00 TL | SKU: EXEN.200-100000-103
2026-10-09 02:26:25 [INFO] [5120] 'DELİKLİ UZATMA 1/2' | 180.00 TL | SKU: GMS.KU210
2026-10-09 02:26:26 [INFO] [7537] 'POLİKARBON 10MM 210*6000 FÜME (12,6M2)' | 4150.00 TL | SKU: POL.KRB.LV10.02
2026-10-09 02:26:27 [INFO] [13659] 'BAHÇE ARMATÜRÜ APLİK PALMERA-1 60W SiYAH' | 1037.00 TL | SKU: HOROZ.075-018-0001
2026-10-09 02:26:29 [INFO] [11514] 'EL ARABASI TEKNESİ BOYALI FEZA-1405' | 750.00 TL | SKU: KESKİN.150.1405
2026-10-09 02:26:30 [INFO] [4307] 'BATARYA AKDENİZ MİX LAVABO' | 2690.00 TL | SKU: GMS.AKD100
2026-10-09 02:26:31 [INFO] [11379] 'GECE LAMBASI KALP PT-890 IŞIK SENSÖRLÜ 4' | 90.00 TL | SKU: PANTHER PT-890
2026-10-09 02:26:32 [INFO] [13624] 'ÇERÇEVE İKİLİ BEYAZ KARELL 154x83x10MM' | 36.00 TL | SKU: EXEN.200-010000-102
2026-10-09 02:26:34 [INFO] [11896] 'İÇ CEPHE PLASTİK BOYA ÖZEL BAZ-1 10 KG' | 1000.00 TL | SKU: TEMPO.0054
2026-10-09 02:26:35 [INFO] [13626] 'ÇERÇEVE ÜÇLÜ METALİK SİYAH KARELL 224X83' | 54.00 TL | SKU: EXEN.200-140000-103
2026-10-09 02:26:36 [INFO] [1976] 'DERZ DOLGU KAHVE (SİLİKONLU) QF 333 20 K' | 530.00 TL | SKU: DARKSS.YK.QF333K
2026-10-09 02:26:38 [INFO] [4700] 'İSKOTA İP HALAT (İPEK) 6 MM' | 239.00 TL | SKU: İP.İPK.02.06
2026-10-09 02:26:39 [INFO] [3789] 'KANGAL BORU 20 MM 10 ATÜ AÇIK MAVİ 1M (1' | 35.00 TL | SKU: FIRAT.7501100025O
2026-10-09 02:26:40 [INFO] [13655] 'BAHÇE ARMATÜRÜ PALMERA-2 60W SiYAH METAL' | 1129.00 TL | SKU: HOROZ.075-018-0002
2026-10-09 02:26:41 [INFO] [2122] 'DERZ MALASI KISA 11.5X28 DEKOR 02190' | 275.00 TL | SKU: DEKOR.02190
2026-10-09 02:26:42 [INFO] [12085] 'EVYE BORUSU 40 LIK MİX PASLANMAZ' | 345.00 TL | SKU: GMS.YD099
2026-10-09 02:26:44 [INFO] [13119] 'KAYNAK PENSESİ 800 AMPER CMC1595' | 275.00 TL | SKU: CMC.1595
2026-10-09 02:26:45 [INFO] [3037] 'İKİ AĞIZ ANAHTAR YILDIZ 16x17 - ELTA' | 300.00 TL | SKU: ELTA.0450.03.1617
2026-10-09 02:26:46 [INFO] [13668] 'LED BAHÇE ARMATÜRÜ APLİK KİNG-10/S 10W 4' | 265.00 TL | SKU: HOROZ.076-082-0004
2026-10-09 02:26:47 [INFO] [13651] 'LED RESİM ARMATÜRÜ KANARYA-8 8W 4200K KR' | 800.00 TL | SKU: HOROZ.040-012-0008
2026-10-09 02:26:49 [INFO] [9264] 'KARABİNA M12 VİDALI 1 AD' | 65.00 TL | SKU: STD.964445800
2026-10-09 02:26:50 [INFO] [6179] 'KESER STEEL (VAKUMLU)' | 300.00 TL | SKU: NALBUR.068
2026-10-09 02:26:51 [INFO] [13680] 'LED SOLAR PROJEKTÖR TURBO-400 400W 3CCT ' | 1125.00 TL | SKU: HOROZ.068-027-0400
2026-10-09 02:26:52 [INFO] [13633] 'KOMÜTATÖR ANAHTAR MODÜL+KAPAK BEYAZ 83X8' | 41.00 TL | SKU: EXEN.290-000102-202
2026-10-09 02:26:54 [INFO] [13672] 'LED SOLAR SOKAK ARMATÜRÜ GRAND-50 50W 64' | 1170.00 TL | SKU: HOROZ.074-009-0050
2026-10-09 02:26:55 [INFO] [13681] 'LED AMPUL FILAMENT CANDLE-6 6W E14 6400K' | 50.00 TL | SKU: HOROZ.001-013-0006
2026-10-09 02:26:56 [INFO] [13564] 'HOFMANN DK 68 ÇİVİ ÇAKMA TABANCASI 165 M' | 22900.00 TL | SKU: HOFMANN.DK68
2026-10-09 02:26:57 [INFO] [13448] 'MAKET BIÇAĞI YEDEĞİ SUSTALI KISA 18X60MM' | 94.80 TL | SKU: JEWEL.0502100050A
2026-10-09 02:26:59 [INFO] [4976] 'ODA KİLİDİ GÖMME 50 MM NİKEL KALE 221' | 275.00 TL | SKU: KALE.KL22100000001
2026-10-09 02:27:00 [INFO] [13677] 'LED SMD PROJEKTÖR PARS-50 50W 6400K BEYA' | 265.00 TL | SKU: HOROZ.068-008-0050
2026-10-09 02:27:01 [INFO] [3040] 'İKİ AĞIZ ANAHTAR YILDIZ 10x11 - ELTA' | 210.00 TL | SKU: ELTA.0450.03.1011
2026-10-09 02:27:02 [INFO] [13825] 'PRİZ UYDU F KONNEKTÖR MODÜL+KAPAK BEYAZ ' | 54.00 TL | SKU: EXEN.290-000103-261
2026-10-09 02:27:04 [INFO] [4392] 'REDÜKSİYON 1/2-3/8' | 55.00 TL | SKU: GMS.SM712
2026-10-09 02:27:05 [INFO] [1810] 'ŞAMPUANLIK KÖŞELİK PLASTİK ÜÇLÜ DEMONTE' | 425.00 TL | SKU: ÇELİKAYNA.133
2026-10-09 02:27:06 [INFO] [13652] 'LED SOLAR SOKAK ARMATÜRÜ COMPACT-20 20W ' | 773.00 TL | SKU: HOROZ.074-010-0020
2026-10-09 02:27:07 [INFO] [7033] 'RAF ÖRTÜSÜ 30X200 ŞEFFAF DECOBELLA 83112' | 105.00 TL | SKU: OMAK.83112
2026-10-09 02:27:09 [INFO] [6302] 'KAPI KOLU ÇANKAYA D.ROZETLİ YALE İNOX TE' | 345.00 TL | SKU: NOBEL.10330740
2026-10-09 02:27:10 [INFO] [13660] 'SEYYAR LED PROJEKTÖR PROPORT-45 45W 6400' | 1539.00 TL | SKU: HOROZ.068-015-0045
2026-10-09 02:27:11 [INFO] [12167] 'METAL KESİCİ NK 230X3X22 KARBOSAN' | 115.00 TL | SKU: KARBOSAN.910050
2026-10-09 02:27:12 [INFO] [13654] 'SİGORTA KUTUSU SIVAALTI 24LÜ BEYAZ HOROZ' | 227.00 TL | SKU: HOROZ.600-000-241
2026-10-09 02:27:14 [INFO] [13670] 'SİGORTA KUTUSU SIVAALTI 12Lİ BEYAZ HOROZ' | 162.00 TL | SKU: HOROZ.600-000-121
2026-10-09 02:27:15 [INFO] [13949] 'METAL FLAP DİSK TAŞLAMA 180 NK-80 KUM (K' | 199.00 TL | SKU: KARBOSAN.983225
2026-10-09 02:27:16 [INFO] [11877] 'PANJUR PVC BEYAZ 49X52 AİRVENT' | 530.00 TL | SKU: UBM.U02007
2026-10-09 02:27:16 [INFO] ... ilerleme 100/308 (tazelenen 98, basarisiz 2, korunan 2, atlanan 0)
2026-10-09 02:27:17 [INFO] [936] 'ZIMPARA SU NO : 180' | 45.00 TL | SKU: ATLAS.180
2026-10-09 02:27:19 [INFO] [3289] 'STREÇ FİLM 15 MT ECE' | 50.00 TL | SKU: ECE.EMT101
2026-10-09 02:27:20 [INFO] [6004] 'SUNTA VİDASI 3,5x18 MERİDYEN (1000)' | 275.00 TL | SKU: MERİDYEN.SV3518
2026-10-09 02:27:21 [INFO] [13824] 'PRİZ TELEFON MÜMERİS MODÜL+KAPAK BEYAZ 8' | 45.00 TL | SKU: EXEN.290-000103-250
2026-10-09 02:27:22 [INFO] [11140] 'PANEL SIVAÜSTÜ 18W 6500K YUVARLAK BEYAZ ' | 350.00 TL | SKU: YVZ.2318.6500
2026-10-09 02:27:24 [INFO] [13662] 'LED SOLAR SOKAK ARMATÜRÜ GRAND-200 SİYAH' | 2493.00 TL | SKU: HOROZ.074-009-0200
2026-10-09 02:27:25 [INFO] [13326] 'TAŞLAMA TAŞI METAL FLEX BOMBELİ 180X8X22' | 100.00 TL | SKU: NIKON.38009
2026-10-09 02:27:26 [INFO] [15023] 'SDS BİTS UÇ ARA ADAPTÖRÜ 60 MM' | 45.00 TL | SKU: WONDER.STW013763
2026-10-09 02:27:27 [INFO] [3349] 'DEKORATİF KAPLAMA İNCE TANE DOKU (EXPERT' | 475.00 TL | SKU: EXPERT.007
2026-10-09 02:27:29 [INFO] [15521] 'TORNAVİDA YILDIZ 4X150 MEGA' | 50.00 TL | SKU: MEGA.MG1124150
2026-10-09 02:27:30 [INFO] [12716] 'KENDİNDEN YAYILAN ŞAP SL250(25 KG.)' | 670.00 TL | SKU: DARKSS.YK.SL250
2026-10-09 02:27:31 [INFO] [3945] 'AGRAF 12 1 ADET (500)' | 6.00 TL | SKU: FOUR.HNK0003
2026-10-09 02:27:33 [INFO] [7518] 'POLİKARBON 6MM 210*6000 FÜME (12,6M2)' | 3200.00 TL | SKU: POL.KRB.LV06.02
2026-10-09 02:27:34 [INFO] [11266] 'SU DEPOSU 500 LT BEYAZ YATAY 75x80x110 c' | 3300.00 TL | SKU: SU DEPOSU.500.001
2026-10-09 02:27:35 [INFO] [11886] 'TRP.VİDA 4.8X19 4MM 1 AD' | 1.60 TL | SKU: AKDENİZ.VTRKTU48019GAL
2026-10-09 02:27:36 [INFO] [13685] 'LED SMD PROJEKTÖR PARS-30 30W 6400K BEYA' | 243.00 TL | SKU: HOROZ.068-008-0030
2026-10-09 02:27:37 [INFO] [10047] 'WALLBOARD T-1500 4 CM (10-AD 7.2M2)' | 1300.00 TL | SKU: XPS.004
2026-10-09 02:27:39 [INFO] [15834] 'KAPI ZİLİ KABLOSUZ 4,5VDC FULL SİYAH NER' | 297.00 TL | SKU: HOROZ.086-003-00001
2026-10-09 02:27:40 [INFO] [1707] '16DNS DALMAÇYALI 5CM 50X100CM (10AD-5M2)' | 1250.00 TL | SKU: CAPATECT.001
2026-10-09 02:27:41 [INFO] [15716] "MERDİVEN HARDY PRATİK 4'LÜ SİYAH METAL S" | 1795.00 TL | SKU: SARAYLI.1634-H
2026-10-09 02:27:42 [INFO] [9748] 'SDS PLUS ELMASLI UÇ 20X260 50615-TODRİLL' | 300.00 TL | SKU: TODRİLL.TD50615
2026-10-09 02:27:44 [INFO] [13821] 'ANAHTAR KAPI ZİLİ MODÜL+KAPAK BEYAZ KARE' | 45.00 TL | SKU: EXEN.290-000102-207
2026-10-09 02:27:45 [INFO] [13634] 'ÇERÇEVE TEKLİ GÜMÜŞ KARELL 83X83X10MM' | 25.00 TL | SKU: EXEN.200-100000-101
2026-10-09 02:27:46 [INFO] [10049] 'WALLBOARD 1 CM ADET' | 75.00 TL | SKU: XPS.008
2026-10-09 02:27:48 [INFO] [15837] 'TAVAN ARMATÜRÜ BELİNDA-48 LED 48W 6400K ' | 648.00 TL | SKU: HOROZ.016-094-0048
2026-10-09 02:27:49 [INFO] [13675] 'SMD PANEL LED BEYAZ 3W SLİM 6400K BEYAZ ' | 65.00 TL | SKU: HOROZ.056-003-0003
2026-10-09 02:27:50 [INFO] [9892] 'FOLYO BANT 72X25 M TAKVİYELİ UNİVERSAL' | 175.00 TL | SKU: UNIVERSAL.STS0420091
2026-10-09 02:27:51 [INFO] [14999] 'DERZ ARTISI 2 MM OLUKLU (500 AD.)' | 90.00 TL | SKU: ALFOR.A24-20NT-500-200
2026-10-09 02:27:52 [INFO] [3346] 'ISI YALITIM LEVHA  SIVASI 25/1' | 360.00 TL | SKU: EXPERT.002
2026-10-09 02:27:54 [INFO] [14633] 'SIVA MALASI AHŞAP SAPLI NO:18 DUYAR 152' | 219.00 TL | SKU: DUYAR.152
2026-10-09 02:27:55 [INFO] [694] 'KAPLİN TE GEÇME 20/20/20 A8150' | 83.00 TL | SKU: ARANGÜL.A8150
2026-10-09 02:27:56 [INFO] [14226] 'HOFMANN SDR 78 MANTOLAMA DÜBEL ÇAKMA TAB' | 24000.00 TL | SKU: HOFMANN.SDR78
2026-10-09 02:27:57 [INFO] [2408] '60*60*2.50MM KUTU PROFİL(ANTİPASLI)' | 1234.09 TL | SKU: DEM.PRF.303
2026-10-09 02:27:59 [INFO] [1992] 'DERZ DOLGU KOYU GRİ (SİLİKONLU) 1 KG' | 35.00 TL | SKU: DARKSS.YK.0005
2026-10-09 02:28:00 [INFO] [13676] 'SMD PANEL LED BEYAZ 6W SLİM 6400K BEYAZ ' | 95.00 TL | SKU: HOROZ.056-003-0006
2026-10-09 02:28:01 [INFO] [4919] '125/100 ÇATAL PİS SU PVC KALDE' | 184.00 TL | SKU: KALDE.5213SBR0N0M45
2026-10-09 02:28:02 [INFO] [15430] 'METAL KESİCİ İNOX 180x1.6x22 RTRMAX' | 45.00 TL | SKU: RTRMAX.RDM18016
2026-10-09 02:28:04 [INFO] [15431] 'METAL KESİCİ İNOX 230x1.8x22 RTRMAX' | 70.00 TL | SKU: RTRMAX.RDM23018
2026-10-09 02:28:05 [INFO] [14763] '0.50*15*200 L KÖŞE AKSESUAR ANTRASİT' | 155.00 TL | SKU: RALL.7016.050.AKS.03
2026-10-09 02:28:06 [INFO] [14579] 'TORNAVİDA YILDIZ KIRMIZI 3X100' | 40.00 TL | SKU: PROSCR.02649.3X100
2026-10-09 02:28:08 [INFO] [5080] 'BATARYA AY TAKIMI' | 35.00 TL | SKU: KARPA.056
2026-10-09 02:28:09 [INFO] [9355] 'KANGAL BORU EKO 32 MM 10 ATÜ MAVİ SÜRMEN' | 59.40 TL | SKU: SÜRMENE.1032032
2026-10-09 02:28:10 [INFO] [7086] 'OPTİMİX DEKORATİF KAPLAMA İNCE DOKU 25 K' | 340.00 TL | SKU: OPTİMİX.05
2026-10-09 02:28:11 [INFO] [13649] 'ŞERİT LED FAİRY-10 AMBER 2W 10M DIŞ MEKA' | 238.00 TL | SKU: HOROZ.080-002-0010
2026-10-09 02:28:12 [INFO] [1720] 'TAŞYÜNÜ LEVHA CAPATECT SW035-05CM (3,60M' | 1475.00 TL | SKU: CAPATECT.016
2026-10-09 02:28:14 [INFO] [15416] 'DUŞ SPİRAL HORTUMU NARİN ÖRGÜLÜ GMS 175 ' | 220.00 TL | SKU: GMS.YD052
2026-10-09 02:28:15 [INFO] [15721] 'SİFON KÖRÜKLÜ SABİT KAFALI 65X32 1100' | 50.00 TL | SKU: GÜÇLÜ.1100
2026-10-09 02:28:16 [INFO] [15009] '0.40*86*3500 TRAPEZ (BORDO)' | 787.50 TL | SKU: RALL.3009.040.3500
2026-10-09 02:28:17 [INFO] [9128] 'ALÇ.VİDA MATKAP 25 (1000 AD) STD' | 425.00 TL | SKU: STD.900198700
2026-10-09 02:28:19 [INFO] [13679] 'LED SMD PROJEKTÖR PARS-200 200W 6400K BE' | 913.00 TL | SKU: HOROZ.068-008-0200
2026-10-09 02:28:20 [INFO] [3196] 'EPS-30 KARBONLU 2CM 50*100-DARKSS (25AD-' | 630.00 TL | SKU: EPS.12.0001
2026-10-09 02:28:21 [INFO] [11974] 'EPS-30 KARBONLU 10CM 50*100-DARKSS (5AD ' | 630.00 TL | SKU: EPS.12.0006
2026-10-09 02:28:22 [INFO] [937] 'ZIMPARA SU NO : 220' | 45.00 TL | SKU: ATLAS.181
2026-10-09 02:28:24 [INFO] [7723] '0.50*86*30*30 TRP MAHYA 7016-(A.GRİ)' | 265.00 TL | SKU: RALL.7016.050.MHY
2026-10-09 02:28:25 [INFO] [14146] 'SPREY BOYA KIRMIZI 400ML (3020) SELSİL' | 149.00 TL | SKU: SELSİL.419
2026-10-09 02:28:26 [INFO] [2021] 'MANTOLAMA DÜBELİ ÇELİK ÇİVİ 11.5-CM (SPE' | 3.25 TL | SKU: SPECO.MDÇ.11.5
2026-10-09 02:28:27 [INFO] [15658] 'METRE ŞERİT 5M X 25MM ÇİFT YÖNLÜ AYZ' | 229.00 TL | SKU: AYZ.PR0525D
2026-10-09 02:28:29 [INFO] [7300] 'CEPHE PANELİ PU 40*EKO*7000(9002)' | 3745.00 TL | SKU: PANEL.0041
2026-10-09 02:28:30 [INFO] [9658] 'SERAMİK ÇITA KOT FARKI EŞİK PROFİL 10 MM' | 264.00 TL | SKU: TESAY.FKFA10
2026-10-09 02:28:31 [INFO] [15879] 'PRİZ 3 LÜ 3 M ANAHTARLI TOPRAKLI' | 405.00 TL | SKU: HOROZ.210.003.302
2026-10-09 02:28:32 [INFO] [13669] 'LED SOLAR SOKAK ARMATÜRÜ GRAND-100 100W ' | 1440.00 TL | SKU: HOROZ.074-009-0100
2026-10-09 02:28:34 [INFO] [10024] 'VIPTEC T SAPLI ALLEN ANAHTARI 2,0' | 38.00 TL | SKU: VT.825-2.0L
2026-10-09 02:28:35 [INFO] [15835] 'PRİZ 4 LÜ 3 M ANAHTARLI DECO HOROZ' | 432.00 TL | SKU: HOROZ.210-003-402
2026-10-09 02:28:36 [WARNING] [13678] 429 Too Many Requests — 84s bekleniyor (deneme 1/3, hiz 0.4/sn)
2026-10-09 02:28:39 [WARNING] [14493] 429 Too Many Requests — 81s bekleniyor (deneme 1/3, hiz 0.2/sn)
2026-10-09 02:28:44 [WARNING] [7316] 429 Too Many Requests — 76s bekleniyor (deneme 1/3, hiz 0.2/sn)
2026-10-09 02:28:49 [WARNING] [1481] 429 Too Many Requests — 71s bekleniyor (deneme 1/3, hiz 0.2/sn)
2026-10-09 02:28:54 [WARNING] [6717] 429 Too Many Requests — 66s bekleniyor (deneme 1/3, hiz 0.2/sn)
2026-10-09 02:28:59 [WARNING] [5630] 429 Too Many Requests — 61s bekleniyor (deneme 1/3, hiz 0.2/sn)
2026-10-09 02:29:04 [WARNING] [15828] 429 Too Many Requests — 56s bekleniyor (deneme 1/3, hiz 0.2/sn)
2026-10-09 02:29:09 [WARNING] [14783] 429 Too Many Requests — 51s bekleniyor (deneme 1/3, hiz 0.2/sn)
2026-10-09 02:30:00 [INFO] [6717] 'KULP KEMER EKO KROM 160 MM' | 39.00 TL | SKU: NOBEL.648516029
2026-10-09 02:30:00 [INFO] [14783] 'ÇİFT TARAFLI KÖPÜK BANT 24MMX2M KAVİ' | 15.00 TL | SKU: KAVİ.STK08002
2026-10-09 02:30:00 [INFO] [7316] 'PANEL ÇİT 200CM YEŞİL (2500*5*15) 4-MM' | 1050.00 TL | SKU: PANELÇİT.0006
2026-10-09 02:30:05 [INFO] [15828] 'LED BAHÇE ARMATÜRÜ PALACE 20W 3000K SİYA' | 450.00 TL | SKU: HOROZ.076-081-0020.030
2026-10-09 02:30:10 [INFO] [9307] 'ALÇ.VİDASI MUHTELİF KG' | 500.00 TL | SKU: STD.ALÇ.VİD.MUH.001
2026-10-09 02:30:15 [INFO] [1481] 'KİREMİT ALTI ÇUVALLI-SURTEKS KLC-1000 15' | 575.00 TL | SKU: BİKAMAX.KJ1000
2026-10-09 02:30:20 [INFO] [4864] '70/500 PİS SU BORU PPRC KALDE' | 78.00 TL | SKU: KALDE.5203TBE0L0500
2026-10-09 02:30:25 [INFO] [6185] 'EL ARABASI FEZA + DOLGU TEKER' | 1500.00 TL | SKU: KESKİN.150.062
2026-10-09 02:30:30 [INFO] [15831] 'LED AMPUL CRYSTAL 40W 6400K BEYAZ 175-26' | 117.00 TL | SKU: HOROZ.001-016-1040
2026-10-09 02:30:35 [INFO] [5630] 'ELEKTROT 2.50 MM-MAGMAWELD' | 350.00 TL | SKU: MAGMAWELD.11101HQAM1
2026-10-09 02:30:40 [INFO] [9720] 'TODRİLL MATKAP AHŞAP UÇ SET 8Lİ 50191' | 149.00 TL | SKU: TODRİLL.50191
2026-10-09 02:30:45 [INFO] [13678] 'LED SMD PROJEKTÖR PARS-100 100W 6400K BE' | 449.00 TL | SKU: HOROZ.068-008-0100
2026-10-09 02:30:50 [INFO] [14493] 'RULO DEKOR PARMAK KADİFE YEDEK 10CM' | 60.00 TL | SKU: DEKOR.1079
2026-10-09 02:30:55 [INFO] [7519] 'POLİKARBON 8MM 210*6000 FÜME (12,6M2)' | 3650.00 TL | SKU: POL.KRB.LV08.02
2026-10-09 02:31:00 [INFO] [15832] 'SMD PANEL LED BEYAZ 18W SLİM 6400K BEYAZ' | 180.00 TL | SKU: HOROZ.056-003-0018
2026-10-09 02:31:05 [INFO] [7666] 'TRAPEZ 875*2000*ŞEFFAF 0.9MM' | 550.00 TL | SKU: PVC.OND.TRP.2000
2026-10-09 02:31:10 [INFO] [6164] 'SEMER 42*45 7016 ANTRASİT GRİ SEMER' | 5.00 TL | SKU: NALBUR.040
2026-10-09 02:31:15 [INFO] [15830] 'ARMATÜR LEDBANT BEYAZ 100W 120CM 7000K G' | 396.00 TL | SKU: HOROZ.052-006-0100-0005
2026-10-09 02:31:20 [INFO] [5334] 'PVC MENTEŞE BEYAZ 100MM (95MM) KAPI' | 77.00 TL | SKU: NOBEL.3841732100
2026-10-09 02:31:25 [INFO] [2827] 'WOODEN KAHVE 43,5X50,3 2K ALTIGEN (1,31M' | 562.00 TL | SKU: EGESER.435X503WDN06.END
2026-10-09 02:31:30 [INFO] [15829] 'LED AMPUL EKOLA-9 9W E27 4200K HOROZ' | 27.00 TL | SKU: HOROZ.001-006-2009-030
2026-10-09 02:31:35 [INFO] [4915] '100/70 ÇATAL PİS SU PVC KALDE' | 109.00 TL | SKU: KALDE.5213SBR0M0L45
2026-10-09 02:31:40 [INFO] [15753] 'EL FENERİ PT-6892 USB ŞARJLI' | 150.00 TL | SKU: PANTHER.PT-6892
2026-10-09 02:31:45 [INFO] [13373] 'METAL KESİCİ İNOX 230X1.9X22 KARBOSAN' | 119.00 TL | SKU: KARBOSAN.06425
2026-10-09 02:31:50 [INFO] [4896] '70/45 PİS SU PVC DİRSEK KALDE' | 28.00 TL | SKU: KALDE.5213ELB0L0045
2026-10-09 02:31:54 [INFO] [5912] 'ÇELİK DÜBEL GÖMLEKLİ 12x90 MM 1 AD' | 17.00 TL | SKU: MERİDYEN.ÇDG12090
2026-10-09 02:31:58 [INFO] [1986] 'DARKSS QF-5050 WP205 TOZ A 20KG (6 10 KG' | 375.00 TL | SKU: DARKSS.YK.QF.5050.A
2026-10-09 02:32:02 [INFO] [14919] 'MAKARALI KABLO AÇIK TİP 3X2.5 MM 50 M' | 1690.00 TL | SKU: SD.DMK 0320
2026-10-09 02:32:06 [INFO] [4880] '50/250 PİS SU BORU KALDE' | 39.00 TL | SKU: KALDE.5203TBEXK0250
2026-10-09 02:32:10 [INFO] [15885] 'RULO RTRMAX İÇ VE DIŞ CEPHE 25CM' | 150.00 TL | SKU: RTRMAX.RFR425
2026-10-09 02:32:14 [INFO] [13060] 'SUNTA KESME TESTERESİ 115X22,2X40 YESTE ' | 120.00 TL | SKU: YESTE.Z06189
2026-10-09 02:32:18 [INFO] [15493] 'FIRÇA KESTİRME LÜX NO:3 125 YILDIRIM FIR' | 55.00 TL | SKU: YILDIRIMFIRÇA.125
2026-10-09 02:32:22 [INFO] [15058] 'GRANİT TUĞLA KESİCİ DİSK 115 MM ELMASLI ' | 115.00 TL | SKU: RODEX.RRT115
2026-10-09 02:32:26 [INFO] [12102] 'DARKSS QF-5050 TAM ELASTİK SÜT B WP205 1' | 1600.00 TL | SKU: DARKSS.YK.QF.5050.B.10KG
2026-10-09 02:32:30 [INFO] [7085] 'EPS OPTİMİX KARBONLU 50*100*5CM (10 AD, ' | 1050.00 TL | SKU: OPTİMİX.04
2026-10-09 02:32:34 [INFO] [4774] '25/90 DİRSEK KAPALI PPRC KALDE' | 5.00 TL | SKU: KALDE.3212ELB250000
2026-10-09 02:32:38 [INFO] [1981] 'DEKORATİF KAPLAMA KALIN DOKU QF-555 25 K' | 250.00 TL | SKU: DARKSS.YK.QF555K
2026-10-09 02:32:38 [INFO] ... ilerleme 200/308 (tazelenen 198, basarisiz 2, korunan 2, atlanan 0)
2026-10-09 02:32:42 [INFO] [13720] '0.40*86*2000 TRAPEZ (BORDO)' | 450.00 TL | SKU: RALL.3009.040.2000
2026-10-09 02:32:46 [INFO] [10989] 'ALÜMİNYUM FOLYO YAPIŞKANLI 120 CM (50) 1' | 210.00 TL | SKU: NOBEL.3690160259
2026-10-09 02:32:50 [INFO] [13721] '0.40*86*2500 TRAPEZ (BORDO)' | 562.50 TL | SKU: RALL.3009.040.2500
2026-10-09 02:32:54 [INFO] [10048] 'WALLBOARD T-1500 5 CM (8-AD 5,76M2)' | 1300.00 TL | SKU: XPS.005
2026-10-09 02:32:58 [INFO] [7661] 'OLUKLU 875*3000*ŞEFFAF 0.7MM' | 600.00 TL | SKU: PVC.OND.01.3000
2026-10-09 02:33:02 [INFO] [14393] 'ZEMİN/KORUMA ÖRTÜSÜ PRATİK 32 M2 KARDELE' | 72.50 TL | SKU: KARDELEN.0066
2026-10-09 02:33:06 [INFO] [15591] 'ZIMPARA SÜNGER KALIN 120 KUM -ATLAS 1 AD' | 50.00 TL | SKU: ATLAS.00672753577
2026-10-09 02:33:10 [INFO] [14235] 'MONTAJ YAPIŞTIRICI 1000 FIX, 310 ML' | 100.00 TL | SKU: SELENA.10052107
2026-10-09 02:33:14 [INFO] [7698] '0.50*86*5500 TRAPEZ (BORDO)' | 1347.50 TL | SKU: RALL.3009.050.5500
2026-10-09 02:33:18 [INFO] [8520] 'MASTİK BRONZ 500GR POLYFİX (24AD)' | 59.00 TL | SKU: SELENA.149
2026-10-09 02:33:22 [INFO] [2108] 'RULO DEKOR EKSPORT SATEN YAĞLI BOYA 25CM' | 285.00 TL | SKU: DEKOR.1081
2026-10-09 02:33:26 [INFO] [15833] 'LED SMD ARMATÜR YUVARLAK DORALIN-24 24W ' | 284.00 TL | SKU: HOROZ.400-002-146
2026-10-09 02:33:30 [INFO] [3926] 'TU 040 MM GOLD 23X28X23 3 M 1 AD (24)' | 52.50 TL | SKU: FOUR.040.TU-28.23.3000
2026-10-09 02:33:33 [INFO] [11051] 'ŞİLTE 10MM YAPIŞKANLI 100 CM PROCO (25)' | 187.50 TL | SKU: PROCO.10MM.Y
2026-10-09 02:33:36 [INFO] [14982] 'TAŞYÜNÜ LEVHA FAWORİ TR7,5-10CM(60*100*3' | 1250.00 TL | SKU: FAWORİ.5082-6553-47
2026-10-09 02:33:40 [INFO] [4868] '70/3000 PİS SU BORU KALDE' | 332.00 TL | SKU: KALDE.5203TBE0L3000
2026-10-09 02:33:43 [INFO] [13885] 'PAS SÖKÜCÜ YAĞLAYICI 400 ML SELSİL' | 130.00 TL | SKU: SELSİL.058
2026-10-09 02:33:46 [INFO] [7955] 'MAKET BIÇAĞI RAK119 SARI PVC GENİŞ RTRMA' | 50.00 TL | SKU: RTRMAX.RAK119
2026-10-09 02:33:49 [INFO] [4911] '50/50 ÇATAL PİS SU PVC KALDE' | 35.00 TL | SKU: KALDE.5213SBR0K0K45
2026-10-09 02:33:52 [INFO] [4897] '70/90 PİS SU PVC DİRSEK KALDE' | 33.00 TL | SKU: KALDE.5213ELB0L0090
2026-10-09 02:33:56 [INFO] [2045] 'TAVAN BOYASI (ÖZEL) DARKSS 17,5 KG' | 649.00 TL | SKU: DARKSS.B.TB175
2026-10-09 02:33:59 [INFO] [6783] 'ASPİRATÖR BORUSU ALÜMİNYUM 2 METRE 127 M' | 77.00 TL | SKU: NOBEL.706131272
2026-10-09 02:34:02 [INFO] [12072] 'DRENAJ LEVHASI 200*2000(40 M2)(320 gr/m2' | 1000.00 TL | SKU: DARKSS.DR320
2026-10-09 02:34:05 [INFO] [15600] 'FIRÇA ROBOT LÜX NO:3 306 YILDIRIM FIRÇA' | 80.00 TL | SKU: YILDIRIMFIRÇA.306
2026-10-09 02:34:08 [INFO] [9888] 'MEMBRAN 4MM WİNROOF WP4000 -10C (10M2) (' | 1500.00 TL | SKU: WİNROOF.UKS102
2026-10-09 02:34:12 [INFO] [2115] 'RULO DEKOR PARMAK YEDEK 10CM (ADET)2100' | 40.00 TL | SKU: DEKOR.2100
2026-10-09 02:34:15 [INFO] [4867] '70/2000 PİS SU BORU KALDE' | 225.00 TL | SKU: KALDE.5203TBE0L2000
2026-10-09 02:34:18 [INFO] [6263] 'METAL KESİCİ 230x3 MM 38012 - NİKON' | 100.00 TL | SKU: NIKON.38012
2026-10-09 02:34:21 [INFO] [1983] 'TAMİR HARCI QF 666 İNCE 25 KG' | 350.00 TL | SKU: DARKSS.YK.QF666İ
2026-10-09 02:34:24 [INFO] [1943] 'ALÇ.VİDA BOARDEX SİVRİ BB30 (1000AD)' | 1250.00 TL | SKU: DALSAN.308
2026-10-09 02:34:28 [INFO] [7312] 'PANEL ÇİT 075CM YEŞİL (2500*5*15) 4-MM' | 445.00 TL | SKU: PANELÇİT.0002
2026-10-09 02:34:31 [INFO] [5242] 'KNAUF EARTHWOOL 043M-10CM FOLYOLU(9,6m2)' | 1300.00 TL | SKU: KNAUF.IP044
2026-10-09 02:34:34 [INFO] [5910] 'ÇELİK DÜBEL GÖMLEKLİ 10x85 MM 1 AD' | 10.00 TL | SKU: STD.911771800
2026-10-09 02:34:37 [INFO] [4513] 'HİLTİ ÇİVİ ÇELİK X-S14 G3MX+GC 42 GAZ (1' | 3500.00 TL | SKU: HİLTİ.3569549
2026-10-09 02:34:40 [INFO] [1963] 'DEKORATİF KAPLAMA İNCE DOKU QF-555 25 KG' | 250.00 TL | SKU: DARKSS.YK.QF555İ
2026-10-09 02:34:44 [INFO] [12089] 'L BORUSU TAKIM' | 365.00 TL | SKU: GMS.YD045
2026-10-09 02:34:47 [INFO] [4917] '100/100 TE PİS SU PVC KALDE' | 117.00 TL | SKU: KALDE.5213SBR0M0M87
2026-10-09 02:34:50 [INFO] [1703] 'CAM SUYU 5 LT -25' | 99.00 TL | SKU: LEMONEN.CS.5LT
2026-10-09 02:34:53 [INFO] [7679] 'PVC KİREMİT LEVHA 89X306 CM 2,5 MM KIRMI' | 1150.00 TL | SKU: PVC.KRMT.KRM.3060
2026-10-09 02:34:55 [INFO] [10817] 'CAM SUYU 2.5 LT -25' | 79.00 TL | SKU: LEMONEN.CS.2,5LT
2026-10-09 02:34:58 [INFO] [5190] 'GEOTEKSTİL KEÇE 250GR GRİ 1 M2 (200M2)' | 15.00 TL | SKU: DARKSS.K250
2026-10-09 02:35:00 [INFO] [5373] 'BALLY BÜYÜK TÜP 150 gr' | 115.00 TL | SKU: BALLY.B04002
2026-10-09 02:35:03 [INFO] [1907] 'ALÇ.VİDA SİVRİ 38 BV38 (1000-AD) DALSAN' | 675.00 TL | SKU: DALSAN.302
2026-10-09 02:35:05 [INFO] [7083] 'OPTİMİX ISI YALITIM LEVHA YAPIŞTIRICI 25' | 227.50 TL | SKU: OPTİMİX.02
2026-10-09 02:35:08 [INFO] [15878] 'HOFMANN HGN-C 26 MM GREY (GRİ PLS ) + GA' | 900.00 TL | SKU: HOFMANN.HGN-C26/2
2026-10-09 02:35:10 [INFO] [8515] 'TYTAN HIZLI YAPIŞTIRICI KİTİ MDF 400ML+1' | 175.00 TL | SKU: SELENA.10049290
2026-10-09 02:35:13 [INFO] [2290] '40*100*3.0MM KUTU PROFİL (ANTİPASLI)' | 1707.43 TL | SKU: DEM.PRF.029
2026-10-09 02:35:16 [INFO] [12491] 'SIVA FİLESİ 160 GR A+ SARI 1 M2 (50)' | 20.00 TL | SKU: DARKSS.SF160.04
2026-10-09 02:35:18 [INFO] [10046] 'WALLBOARD T-1500 3 CM (14-AD 10,08M2)' | 1375.00 TL | SKU: XPS.003
2026-10-09 02:35:21 [INFO] [15748] 'ADAPTÖR TAKOZ CONTA GÜÇLÜ 1 ADET' | 12.50 TL | SKU: GÜÇLÜ.4105
2026-10-09 02:35:23 [INFO] [7522] 'POLİKARBON 6MM 210*6000 ŞEFFAF (12,6)' | 3200.00 TL | SKU: POL.KRB.LV06.01
2026-10-09 02:35:26 [INFO] [9639] 'SENTETİK BOYA KAHVE 0.75 KG LÜKS TEMPO' | 300.00 TL | SKU: TEMPO.0052
2026-10-09 02:35:28 [INFO] [8499] 'PU KÖPÜK PİPETLİ 600 GR (1KT-12AD)' | 149.00 TL | SKU: SELENA.10049313
2026-10-09 02:35:31 [INFO] [13950] 'HOFMANN HGN-C 25 MM BLACK (SİYAH PLS ) +' | 1150.00 TL | SKU: HOFMANN.HGNC25
2026-10-09 02:35:33 [INFO] [7052] 'ONDULİN OLUKLU LEVHA YEŞİL 2-MT' | 575.00 TL | SKU: ONDULİN. 002
2026-10-09 02:35:36 [INFO] [1964] 'GAZBETON YAPIŞTIRICI QF-130 25 KG' | 200.00 TL | SKU: DARKSS.YK.QF130
2026-10-09 02:35:39 [INFO] [7680] 'PVC KİREMİT LEVHA 89X196 CM 2,5 MM ANTRA' | 750.00 TL | SKU: PVC.KRMT.ANT.1960
2026-10-09 02:35:41 [INFO] [2032] 'PRİMAST 200 ASTAR SERAMİK ÜSTÜ 3 KG' | 275.00 TL | SKU: DARKSS.B.P200.03
2026-10-09 02:35:44 [INFO] [6493] 'SİNEKLİK TUTAMAK PLASTİK BEYAZ' | 10.00 TL | SKU: NOBEL.32966
2026-10-09 02:35:46 [INFO] [13031] 'MASTİK PU SOSİS 600 ML-KIRMIZI' | 295.00 TL | SKU: SELENA.10051108
2026-10-09 02:35:49 [INFO] [10903] 'FIRÇA KESTİRME LÜX NO:4 KARDELEN' | 75.00 TL | SKU: KARDELEN.0049
2026-10-09 02:35:51 [INFO] [12198] 'DEKUPAJ AĞZI METAL T318A BOSCH' | 250.00 TL | SKU: BOSCH.2608631808
2026-10-09 02:35:54 [INFO] [12353] 'KÖŞE ÇITASI FİLELİ PVC BEYAZ 10X10 (45x1' | 50.00 TL | SKU: DARKSS.FK.10.01
2026-10-09 02:35:56 [INFO] [14768] '0.50*15*200 KAR TUTUCU AKSESUAR BORDO' | 153.00 TL | SKU: RALL.3009.050.AKS.03
2026-10-09 02:35:58 [INFO] [8491] 'SİLİKON ŞEFFAF 280 GR POLYFİX ÜNV(1KT 24' | 80.00 TL | SKU: SELENA.10051119
2026-10-09 02:36:00 [INFO] [13653] 'BAHÇE ARMATÜRÜ APLİK YONCA-2 40W SiYAH H' | 184.00 TL | SKU: HOROZ.400-010-133
2026-10-09 02:36:02 [INFO] [4882] '70/150 PİS SU BORU KALDE' | 43.00 TL | SKU: KALDE.5203TBEXL0150
2026-10-09 02:36:04 [INFO] [8502] 'PU KÖPÜK POLYFİX COMBO STD 750 ML (1KT-1' | 199.00 TL | SKU: SELENA.10053673
2026-10-09 02:36:06 [INFO] [9094] 'TRP.VİDA 5,5*38-5MM 1 AD' | 2.15 TL | SKU: STD.900038700
2026-10-09 02:36:08 [INFO] [13637] 'PRİZ TOPRAKLI KAPAKLI ÇOCUK KORUMALI MOD' | 63.00 TL | SKU: EXEN.290-000103-240
2026-10-09 02:36:10 [INFO] [9129] 'ALÇ.VİDA MATKAP 35 (1000 AD) STD' | 525.00 TL | SKU: STD.900199700
2026-10-09 02:36:12 [INFO] [4883] '70/250 PİS SU BORUSU KALDE' | 64.00 TL | SKU: KALDE.5203TBEXL0250
2026-10-09 02:36:14 [INFO] [9463] 'ISI İLE DARALAN MAKARON 1/18-3.2M' | 45.00 TL | SKU: TEK-İŞ.523285
2026-10-09 02:36:17 [INFO] [6080] 'STROPİYER PERDELİK 10x10 - 2MT' | 37.50 TL | SKU: STROPİYER.EPTK
2026-10-09 02:36:19 [INFO] [3294] 'BULAŞIK SÜNGERİ OLUKLU 5 Lİ ECE' | 40.00 TL | SKU: ECE.ETZ405
2026-10-09 02:36:21 [INFO] [15768] 'AMPUL LEDBULB TORCH 30W 6500 K BEYAZ IŞI' | 110.00 TL | SKU: VOLTEK.VLB03065
2026-10-09 02:36:23 [INFO] [6152] 'ONDULİN ÇİVİSİ PVC BAŞLI KIRMIZI 10 CM (' | 1.75 TL | SKU: NALBUR.016
2026-10-09 02:36:25 [INFO] [13628] 'ÇERÇEVE TEKLİ METALİK SİYAH KARELL 83X83' | 27.00 TL | SKU: EXEN.200-140000-101
2026-10-09 02:36:27 [INFO] [13743] 'LED AMPUL EKOLA-9 9W E27 6400K HOROZ' | 27.00 TL | SKU: HOROZ.001-006-2009
2026-10-09 02:36:29 [INFO] [9384] 'ŞİLTE PARKE ALTI 1 M2 (50)' | 8.50 TL | SKU: ŞİLTE.002
2026-10-09 02:36:31 [INFO] [14907] 'SDS PLUS MURÇ 14X250 MM' | 75.00 TL | SKU: WONDER.STW01377
2026-10-09 02:36:33 [INFO] [13565] 'ARDUAZLI UKS WİNROOF WP40Y -10C YEŞİL (1' | 1450.00 TL | SKU: WİNROOF.UKS104
2026-10-09 02:36:35 [INFO] [2061] 'SIVA MAKİNA ÇİMENTO ESASLI MK 250 25 KG ' | 169.00 TL | SKU: DARKSS.YK.MK250.MK
2026-10-09 02:36:37 [INFO] [7681] 'PVC KİREMİT LEVHA 89X262 CM 2,5 MM ANTRA' | 1000.00 TL | SKU: PVC.KRMT.ANT.2620
2026-10-09 02:36:39 [INFO] [13149] 'EL FENERİ PT-8867 USB ŞARJLI 2W+COB LED ' | 150.00 TL | SKU: PANTHER PT-8867
2026-10-09 02:36:41 [INFO] [13738] 'EL FENERİ IŞILDAK PT-6219 SOLAR+USB ŞARJ' | 425.00 TL | SKU: PANTHER PT-6219
2026-10-09 02:36:43 [INFO] [14593] 'MANTOLAMA DÜBELİ GAZ BETON ÇELİK ÇİVİLİ ' | 4.00 TL | SKU: DARKSS.MDGÇ.14
2026-10-09 02:36:45 [INFO] [13425] 'KLOZET KAPAK KAMELYA YAVAŞ KAPANIR METAL' | 1250.00 TL | SKU: VİSAM.515.001
2026-10-09 02:36:47 [INFO] [4866] '70/1000 PİS SU BORU KALDE' | 117.00 TL | SKU: KALDE.5203TBE0L1000
2026-10-09 02:36:48 [INFO] [4784] '25/20 REDÜKSİYON PPRC KALDE' | 4.00 TL | SKU: KALDE.3212RDC252000
2026-10-09 02:36:50 [INFO] [3775] 'İÇ CEPHE SİLİKONLU MAT MİX-1 3.5-KG FAWO' | 600.00 TL | SKU: FAWORİ.2501.0908
2026-10-09 02:36:52 [INFO] [9093] 'TRP.VİDA 5,5*25-5MM 1 AD' | 1.75 TL | SKU: STD.900037700
2026-10-09 02:36:53 [INFO] [6217] 'NAYLON BALONLU 100cm x 50MT (25GR)' | 425.00 TL | SKU: NAYLON.001
2026-10-09 02:36:55 [INFO] [1972] 'DERZ DOLGU BEYAZ (SİLİKONLU) QF 333 20 K' | 375.00 TL | SKU: DARKSS.YK.QF333B
2026-10-09 02:36:57 [INFO] [1480] 'ARDUAZLI SHINGLE RULO YEŞİL YONCA (10M2)' | 1390.00 TL | SKU: BİKAMAX.FLEX03
2026-10-09 02:36:58 [INFO] [14259] 'MIKNATISLI BİLEKLİ PT09971 PARTNER' | 125.00 TL | SKU: PARTNER.09971
2026-10-09 02:37:00 [INFO] [12135] 'AGT PARKE CORVİNA ALBANA (2,292m2)' | 924.00 TL | SKU: AGT.120047299
2026-10-09 02:37:02 [INFO] [12025] 'ÇEKİÇ 200 GR RH09802 RTRMAX' | 180.00 TL | SKU: RTRMAX.RH09802
2026-10-09 02:37:03 [INFO] [15077] 'MAKET BIÇAĞI YEDEĞİ 10 LU GENİŞ 18MM ORI' | 60.00 TL | SKU: ORIENT.MAKB2T
2026-10-09 02:37:05 [INFO] [14546] 'TAŞYÜNÜ LEVHA FAWORİ TR7,5-05CM (60*100*' | 1250.00 TL | SKU: FAWORİ.258
2026-10-09 02:37:05 [INFO] ... ilerleme 300/308 (tazelenen 298, basarisiz 2, korunan 2, atlanan 0)
2026-10-09 02:37:06 [INFO] [7520] 'POLİKARBON 4MM 210*6000 ŞEFFAF(12,6)' | 2300.00 TL | SKU: POL.KRB.LV04.01
2026-10-09 02:37:08 [INFO] [13598] 'KESKİ GENİŞ 14X250X40 MM WONDER SDS PLUS' | 110.00 TL | SKU: WONDER.STW013780
2026-10-09 02:37:10 [INFO] [5322] 'İKAZ BANDI EMNİYET 250 MT' | 239.00 TL | SKU: ARY.6CM250M
2026-10-09 02:37:11 [INFO] [12361] 'SIVA FİLESİ 160 GR A+ BEYAZ 1 M2 (50)' | 20.00 TL | SKU: DARKSS.SF160.05
2026-10-09 02:37:13 [INFO] [5358] 'HORTUM KELEPÇESİ 10 MM 20X32' | 15.00 TL | SKU: P02029
2026-10-09 02:37:15 [INFO] [14625] 'MAKET BIÇAĞI PLASTİK SİYAH FRS 151' | 45.00 TL | SKU: FRS.151
2026-10-09 02:37:16 [INFO] [15763] 'KORNİŞ MONTAJ YAPIŞTIRICI BEYAZ 290 ML U' | 209.00 TL | SKU: SELSİL.3753
2026-10-09 02:37:18 [INFO] [9136] 'BETOFAST 6.3*105 1 AD' | 4.25 TL | SKU: STD.900242700
2026-10-09 02:37:18 [INFO] State yaziliyor: 8680 url -> /home/runner/work/inflationstudymirror/inflationstudymirror/InflationItems/Datas/ConstructionSuppliesMarkets/yapimaks/last_seen.json
2026-10-09 02:37:18 [INFO] ==================================================
2026-10-09 02:37:18 [INFO] Tamamlandi [OK]! Tasinan: 8082 | Tazelenen: 306 | Basarisiz: 2 | Korunan eski satir: 2 | Atlanan (sure/limit): 0 | Dusurulen: 10
2026-10-09 02:37:18 [INFO] Dosya: /home/runner/work/inflationstudymirror/inflationstudymirror/InflationItems/Datas/ConstructionSuppliesMarkets/yapimaks/2026-10-09.csv (toplam 8390 urun)
2026-10-09 02:37:18 [INFO] ==================================================
