2026-08-02 05:26:29 [INFO] ==================================================
2026-08-02 05:26:29 [INFO] Yapimaks Scraper basliyor
2026-08-02 05:26:29 [INFO] ==================================================
2026-08-02 05:26:29 [INFO] Ana sayfa ziyaret ediliyor, cookie aliniyor...
2026-08-02 05:26:30 [INFO] Cookie basariyla alindi.
2026-08-02 05:26:30 [INFO] Sitemap indiriliyor: https://yapimaks.com/sitemap/products1.xml
2026-08-02 05:26:30 [INFO] Sitemap'ten toplam 8213 urun URL'si bulundu.
2026-08-02 05:26:30 [INFO] Bugune ait veri yok. Eski veri (2026-08-01.csv) süzülerek bugune aktariliyor...
2026-08-02 05:26:30 [INFO] Basarili! 8206 urun dunden bugune aktarildi.
2026-08-02 05:26:30 [INFO] Guncel dosyada hazir olan urun: 8206 | Sifirdan cekilecek (yeni) urun: 7
2026-08-02 05:26:30 [INFO] 7 yeni urun scrapelanacak -> /home/runner/work/inflationstudymirror/inflationstudymirror/Datas/yapimaks/2026-08-02.csv
2026-08-02 05:26:30 [INFO] [1/7] https://yapimaks.com/bahce-teli-glv-100cm-20mt-2-2m-5-5-5-5-helezon-p1256
2026-08-02 05:26:30 [INFO] [1256] 'BAHÇE TELİ  GLV 100CM*20MT*2.2M*5,5*5,5 ' | 2100.00 TL | SKU: BAHÇE.TEL.006
2026-08-02 05:26:32 [INFO] [2/7] https://yapimaks.com/bahce-teli-glv-120cm-20mt-2-2m-5-5-5-5-helezon-p1255
2026-08-02 05:26:33 [INFO] [1255] 'BAHÇE TELİ  GLV 120CM*20MT*2.2M*5,5*5,5 ' | 2500.00 TL | SKU: BAHÇE.TEL.007
2026-08-02 05:26:35 [INFO] [3/7] https://yapimaks.com/bahce-teli-glv-150cm-20mt-2-2m-5-5-5-5-helezon-p1254
2026-08-02 05:26:35 [INFO] [1254] 'BAHÇE TELİ  GLV 150CM*20MT*2.2M*5,5*5,5 ' | 3100.00 TL | SKU: BAHÇE.TEL.008
2026-08-02 05:26:37 [INFO] [4/7] https://yapimaks.com/bahce-teli-glv-200cm-20mt-2-2m-5-5-5-5-helezon-p13511
2026-08-02 05:26:37 [INFO] [13511] 'BAHÇE TELİ  GLV 200CM*20MT*2.2M*5,5*5,5 ' | 4000.00 TL | SKU: BAHÇE.TEL.009
2026-08-02 05:26:39 [INFO] [5/7] https://yapimaks.com/dora-80-cm-ust-ayna-beyaz-p14398
2026-08-02 05:26:39 [INFO] [14398] 'DORA 80 CM ÜST AYNA BEYAZ' | 1550.00 TL | SKU: LINEART.136
2026-08-02 05:26:41 [INFO] [6/7] https://yapimaks.com/matkap-uclu-vida-rysb-3-9x13-2500-ad-p9118
2026-08-02 05:26:41 [INFO] [9118] 'MATKAP UÇLU VİDA RYSB 3.9x13 (2500 AD.)' | 1255.00 TL | SKU: STD.900158700
2026-08-02 05:26:43 [INFO] [7/7] https://yapimaks.com/trend-65-cm-ust-ayna-koyu-gri-p15799
2026-08-02 05:26:44 [INFO] [15799] 'TREND 65 CM ÜST AYNA KOYU GRİ' | 3450.00 TL | SKU: LINEART.143
2026-08-02 05:26:46 [INFO] Tamamlandi! Toplam 7 yeni urun eklendi -> /home/runner/work/inflationstudymirror/inflationstudymirror/Datas/yapimaks/2026-08-02.csv
