2026-10-05 02:27:13 [INFO] ==================================================
2026-10-05 02:27:13 [INFO] Yapimaks Scraper basliyor (async)
2026-10-05 02:27:13 [INFO] ==================================================
2026-10-05 02:27:13 [INFO] Parametreler: workers=8, rate=0.8/sn, max_duration=300 dk
2026-10-05 02:27:13 [INFO] Ana sayfa ziyaret ediliyor, cookie aliniyor...
2026-10-05 02:27:14 [INFO] Cookie basariyla alindi.
2026-10-05 02:27:14 [INFO] Sitemap indiriliyor: https://yapimaks.com/sitemap/products1.xml
2026-10-05 02:27:15 [INFO] Sitemap'ten toplam 8336 urun URL'si bulundu.
2026-10-05 02:27:15 [INFO] Dunun dosyasi: 2026-10-04.csv
2026-10-05 02:27:15 [INFO] Dunun dosyasinda 8399 urun var.
2026-10-05 02:27:15 [INFO] GUNLUK BUTCE: 137 urun aday — hepsi bu koşuda tazelenir.
2026-10-05 02:27:15 [INFO] Tasinacak (degismeyen) urun: 8399 | Yeniden cekilecek: 137
2026-10-05 02:27:16 [INFO] [10650] 'BORU ŞÖMİNE SOBA 50 LİK 0,40-13 MAT KORD' | 225.00 TL | SKU: HOSSEVEN.P3.506.40
2026-10-05 02:27:16 [INFO] [9174] 'MENTEŞE 45 DERECE' | 45.00 TL | SKU: STD.936930800
2026-10-05 02:27:16 [WARNING] [https://yapimaks.com/ray-spot-40w-4000k-9005-siyah-kasa-masialux-p13935] Urun parse hatasi (deneme 1/3): API yanitinda fiyat bulunamadi
2026-10-05 02:27:17 [INFO] [15030] 'AUTOKIT JEL KOKU OCEAN OKYANUS AHŞAP KAP' | 288.00 TL | SKU: AUTOKİT.FA2.1166
2026-10-05 02:27:18 [INFO] [7418] 'PERDE VE KOLON 20MM (2500AD)' | 1.25 TL | SKU: PASPAYI.01020
2026-10-05 02:27:19 [INFO] [3394] 'AUTOKIT JANT TEMİZLEYİCİ 500ML FA1-211' | 229.00 TL | SKU: AUTOKİT.FA1-211
2026-10-05 02:27:20 [WARNING] [https://yapimaks.com/insaat-demiri-nervullu-kalin-12-14-16-20-p4683] Urun parse hatasi (deneme 1/3): API yanitinda fiyat bulunamadi
2026-10-05 02:27:22 [INFO] [13028] 'DUVAR PANELİ EPS LAMBRİ LBX010 60X270X2 ' | 1250.00 TL | SKU: DARKSS.DP.LBX010
2026-10-05 02:27:23 [INFO] [3326] 'ÇIRA DEMET FLEXİ' | 25.00 TL | SKU: FLEXI.1513041
2026-10-05 02:27:24 [INFO] [3694] 'İÇ CEPHE SİLİKONLU MAT BEYAZ 3.5-KG FAWO' | 600.00 TL | SKU: FAWORİ.122
2026-10-05 02:27:25 [INFO] [9990] 'KLOZET KAPAK BEGONYA SLİM YAVAŞ KAPANIR ' | 1250.00 TL | SKU: VİSAM.513.001
2026-10-05 02:27:27 [INFO] [9987] 'KLOZET KAPAK KLASİK PLASTİK MENTEŞE ALTT' | 645.00 TL | SKU: VİSAM.508.001
2026-10-05 02:27:28 [INFO] [2631] "DURACELL PİL İNCE 4'LÜ AAA LR03/MN2400" | 259.00 TL | SKU: DURACELL.LR03/MN2400-4
2026-10-05 02:27:29 [INFO] [6854] 'KULP NUBİRA 64 MM MATSİYAH' | 40.00 TL | SKU: NOBEL.75806473
2026-10-05 02:27:30 [INFO] [6930] 'KULP SARAYLI 128 MM 32 ANTİK SARI KL1691' | 86.00 TL | SKU: NOBEL.KL169128223214
2026-10-05 02:27:32 [INFO] [6929] 'KULP SARAYLI DÜĞME ANTİK SARI 32 14 KL16' | 41.00 TL | SKU: NOBEL.KL16900223214
2026-10-05 02:27:33 [INFO] [6932] 'KULP SARAYLI DÜĞME MAT SİYAH 32 KL169128' | 41.00 TL | SKU: NOBEL.KL1691287333
2026-10-05 02:27:34 [INFO] [14625] 'MAKET BIÇAĞI PLASTİK SİYAH FRS 151' | 45.00 TL | SKU: FRS.151
2026-10-05 02:27:35 [INFO] [14009] 'MANGAL KÖMÜRÜ 1 KG PİKNİK' | 100.00 TL | SKU: PİKNİK.1303165
2026-10-05 02:27:37 [INFO] [14158] 'MASKELEME BANDI 18MM x 25 MT' | 15.00 TL | SKU: KAVİ.STK08049
2026-10-05 02:27:38 [INFO] [5606] 'MD 55 REDÜKSİYON 1-3/4' | 15.00 TL | SKU: MEDALYAN.MD55
2026-10-05 02:27:39 [INFO] [8116] 'MENTEŞE SÜPER DEVE SAMET (TAM DEVE)' | 30.00 TL | SKU: SAMET.003
2026-10-05 02:27:40 [INFO] [4839] 'KOMBİ SETİ DİRSEKLİ 8 Lİ MİNİ KOLLU KALD' | 922.80 TL | SKU: KALDE.3262KME000008
2026-10-05 02:27:42 [INFO] [10651] 'BORU ŞÖMİNE SOBA 33 LÜK 0,40-13 MAT KORD' | 225.00 TL | SKU: HOSSEVEN.P3.333.40
2026-10-05 02:27:43 [INFO] [3721] 'DIŞ CEPHE BOYASI FAWORİ PREMİUM SİL BEYA' | 900.00 TL | SKU: FAWORİ.150
2026-10-05 02:27:44 [INFO] [7432] 'TAYROT BORU  22X25mm (3Mt)' | 50.00 TL | SKU: PASPAYI.6522.PE
2026-10-05 02:27:45 [INFO] [7430] 'TAYROT BORU BAŞLIGI-16 MM 1 AD' | 2.25 TL | SKU: PASPAYI.06016
2026-10-05 02:27:47 [WARNING] [https://yapimaks.com/insaat-demiri-nervullu-kalin-12-14-16-20-p4683] Urun parse hatasi (deneme 2/3): API yanitinda fiyat bulunamadi
2026-10-05 02:27:48 [INFO] [12645] 'KAFA LAMBASI PT-5805 USB ŞARJLI 3W+2 SMD' | 140.00 TL | SKU: PANTHER PT-5805
2026-10-05 02:27:49 [INFO] [15167] 'HAVA TABANCASI PROFESYONEL UZUN 102' | 190.00 TL | SKU: FRS.102
2026-10-05 02:27:50 [INFO] [12423] 'SOKAK DUVAR LAMBASI PT-2980 SOLAR HAREKE' | 315.00 TL | SKU: PANTHER PT-2980
2026-10-05 02:27:52 [INFO] [12628] 'KALIP YAĞI 30 LT (DARKSS-KY222)' | 2250.00 TL | SKU: DARKSS.KY.222
2026-10-05 02:27:53 [WARNING] [https://yapimaks.com/insaat-demiri-nervullu-kalin-12-14-16-20-p4683] Urun parse hatasi (deneme 3/3): API yanitinda fiyat bulunamadi
2026-10-05 02:27:53 [ERROR] [https://yapimaks.com/insaat-demiri-nervullu-kalin-12-14-16-20-p4683] Tum denemeler basarisiz: API yanitinda fiyat bulunamadi
2026-10-05 02:27:53 [WARNING] [https://yapimaks.com/insaat-demiri-nervullu-kalin-12-14-16-20-p4683] Eski satir korundu, yarin tekrar denenir.
2026-10-05 02:27:54 [INFO] [7424] 'MANDAL TİPİ 40MM (1000 AD)' | 2.00 TL | SKU: PASPAYI.02540
2026-10-05 02:27:55 [INFO] [15305] 'HORTUM ARACI 30 MT HORTUM+MAKARA DY61430' | 2950.00 TL | SKU: DAYE.61430XP
2026-10-05 02:27:57 [INFO] [10294] 'PANEL SIVAALTI 9W 6500K YUVARLAK BEYAZ 1' | 139.00 TL | SKU: YVZ.2109.6500
2026-10-05 02:27:58 [INFO] [7419] 'PERDE VE KOLON 25MM' | 1.35 TL | SKU: PASPAYI.01025
2026-10-05 02:27:59 [INFO] [9916] 'SES YALITIM-YERDEN ISITMA  BANDI 25 MT.-' | 450.00 TL | SKU: DALSAN.SYB100
2026-10-05 02:28:00 [INFO] [15892] 'KAPAKLI TOPRAKLI PRİZ GRİ SIVA ÜSTÜ PALM' | 159.00 TL | SKU: VİKO.90555508
2026-10-05 02:28:02 [INFO] [11833] 'ASKI SEÇİL PORTMANTO MAT SİYAH 32' | 36.00 TL | SKU: NOBEL.123087332
2026-10-05 02:28:03 [INFO] [7431] 'TAYROT BORU BAŞLIGI-22 MM' | 2.25 TL | SKU: PASPAYI.06022
2026-10-05 02:28:04 [INFO] [3372] 'AUTOKIT TORPİDO PARLATICI- ULTRA SÜNGER ' | 45.00 TL | SKU: AUTOKİT.FA1-137
2026-10-05 02:28:05 [INFO] [6551] 'DERZMATİK BEYAZ 380 GR 3478702' | 110.00 TL | SKU: DERZMATİK.01
2026-10-05 02:28:07 [INFO] [15600] 'FIRÇA ROBOT LÜX NO:3 306 YILDIRIM FIRÇA' | 80.00 TL | SKU: YILDIRIMFIRÇA.306
2026-10-05 02:28:08 [INFO] [3521] 'MAKARA KEPLİ 40 LIK' | 118.80 TL | SKU: FALO.40KM
2026-10-05 02:28:09 [INFO] [14822] 'ÇERÇEVE TEKLİ BEYAZ KARRE VİKO' | 15.00 TL | SKU: VİKO.90960200
2026-10-05 02:28:10 [INFO] [5104] 'CONTA MUHTELİF 10 ADET' | 25.00 TL | SKU: KARPA.080
2026-10-05 02:28:12 [INFO] [5388] 'MASA BAĞLANTI GÖNYESİ 20X75' | 12.50 TL | SKU: BEŞEL.BA2075
2026-10-05 02:28:13 [INFO] [7420] 'PERDE VE KOLON 30MM (1000AD' | 1.50 TL | SKU: PASPAYI.01030
2026-10-05 02:28:14 [INFO] [7422] 'MANDAL TİPİ 25MM (2500AD)' | 1.35 TL | SKU: PASPAYI.02525
2026-10-05 02:28:15 [INFO] [14433] 'KAPI KOLU KUMRUCAN AYNALI ODA İNOX ALBRİ' | 165.00 TL | SKU: NOBEL.2500155
2026-10-05 02:28:17 [INFO] [9888] 'MEMBRAN 4MM WİNROOF WP4000 -10C (10M2) (' | 1500.00 TL | SKU: WİNROOF.UKS102
2026-10-05 02:28:18 [INFO] [7804] 'GÖNYE ALÜMİNYUM 400MM BTS-12277' | 200.00 TL | SKU: BTS.12277
2026-10-05 02:28:19 [INFO] [12982] 'İŞ AYAKKABISI SAFETY OUTFİX S1 NO:43' | 1250.00 TL | SKU: BMES.S400.043
2026-10-05 02:28:20 [INFO] [1836] 'ŞAMPUANLIK İKİLİ KÖŞE KROM EKO' | 420.00 TL | SKU: ÇELİKAYNA.735
2026-10-05 02:28:22 [INFO] [3224] 'TAVAN KAPLAMA ÇİZGİ 50X50CM 10 MM (LİLLE' | 40.00 TL | SKU: EPS.TK005
2026-10-05 02:28:23 [INFO] [12728] 'MEKANİZMA+DÜĞME/KAPAK VAVİEN ANAHTAR KAR' | 96.00 TL | SKU: VİKO.90967004
2026-10-05 02:28:24 [INFO] [14707] 'FIRÇA TEMİZLİK BADANA BURSA 223' | 120.00 TL | SKU: İZMİRFIRÇA.C05094
2026-10-05 02:28:25 [INFO] [12381] 'MUSLUK MİX UZUN GMS SR235' | 785.00 TL | SKU: GMS.SR235
2026-10-05 02:28:27 [INFO] [7315] 'PANEL ÇİT 150CM YEŞİL (2500*5*15) 4-MM' | 785.00 TL | SKU: PANELÇİT.0005
2026-10-05 02:28:28 [INFO] [1907] 'ALÇ.VİDA SİVRİ 38 BV38 (1000-AD) DALSAN' | 675.00 TL | SKU: DALSAN.302
2026-10-05 02:28:29 [INFO] [1983] 'TAMİR HARCI QF 666 İNCE 25 KG' | 350.00 TL | SKU: DARKSS.YK.QF666İ
2026-10-05 02:28:30 [INFO] [7602] 'KABLO NYM 3x2.5 MM2 ANTİGRON PRYSMIAN 1M' | 95.00 TL | SKU: PRYSMIAN.20028082
2026-10-05 02:28:32 [INFO] [1480] 'ARDUAZLI SHINGLE RULO YEŞİL YONCA (10M2)' | 1390.00 TL | SKU: BİKAMAX.FLEX03
2026-10-05 02:28:33 [INFO] [12900] 'ELDİVEN SARI PAMUK ASTARLI LİKRALI NO:9' | 69.00 TL | SKU: BEYBİ.İ040189
2026-10-05 02:28:34 [INFO] [15932] 'ŞERİT LED 10 ÇİPLİ İÇ MEKAN 3200K GÜNIŞI' | 125.00 TL | SKU: CATA.CT4481
2026-10-05 02:28:35 [INFO] [13736] 'EL FENERİ PT-4515 USB ŞARJLI  3W LED 800' | 225.00 TL | SKU: PANTHER PT-4515
2026-10-05 02:28:37 [INFO] [12867] 'METRE ŞERİT 5MT 19MM BTS12355' | 129.00 TL | SKU: BTS.12355
2026-10-05 02:28:38 [INFO] [2699] 'SAKLAMA KABI 1900 ML MASTER DERİN  KARE' | 100.00 TL | SKU: DÜNYA.30833
2026-10-05 02:28:39 [INFO] [11207] 'TİLKİ KUYRUĞU TESTERE METAL-AHŞAP 225MM ' | 110.00 TL | SKU: WONDER.S1122HF
2026-10-05 02:28:40 [INFO] [12025] 'ÇEKİÇ 200 GR RH09802 RTRMAX' | 180.00 TL | SKU: RTRMAX.RH09802
2026-10-05 02:28:42 [INFO] [7405] 'LAMBA KELEBEK MİNİ PT-KLBK PANTHER' | 25.00 TL | SKU: PANTHER PT-KLBK
2026-10-05 02:28:43 [INFO] [3972] 'MÜDAHALE KAPAĞI FOUR 30x30' | 420.00 TL | SKU: FOUR.MDK3030
2026-10-05 02:28:44 [INFO] [3937] 'DC-50 040 MM EKO 35X49X35 3 M 1 AD (12)' | 100.00 TL | SKU: FOUR.040.DC-50.3000
2026-10-05 02:28:45 [WARNING] [https://yapimaks.com/ray-spot-40w-4000k-9005-siyah-kasa-masialux-p13935] Urun parse hatasi (deneme 2/3): API yanitinda fiyat bulunamadi
2026-10-05 02:28:47 [INFO] [7319] 'PANEL ÇİT DİREK 120CM YEŞİL (50*50*1,50)' | 250.00 TL | SKU: PANELÇİT.0010
2026-10-05 02:28:48 [INFO] [13163] 'MASTİK PU 280 ML PU-45 KIRMIZI' | 185.00 TL | SKU: SELENA.10051342
2026-10-05 02:28:49 [INFO] [14910] 'ELDİVEN NİTRİL MİCRO 3/4 NO:8 BEYBİ' | 95.00 TL | SKU: BEYBİ.İ04NMF13408
2026-10-05 02:28:50 [INFO] [9583] 'TEL ÇİVİ SARI BAŞSIZ 10X30' | 139.00 TL | SKU: TELÇİVİ.003
2026-10-05 02:28:52 [INFO] [1969] 'SERAMİK YAPIŞTIRICI BEYAZ QF121 C1T-25 K' | 235.00 TL | SKU: DARKSS.YK.QF121B
2026-10-05 02:28:53 [INFO] [8517] 'SİLİKON BEYAZ DUŞAKABİN 280 ML TYTAN' | 150.00 TL | SKU: SELENA.144
2026-10-05 02:28:54 [INFO] [4931] 'ÇATI OLUĞU DERE İNİŞİ YUVARLAK 150/75' | 132.00 TL | SKU: KALDE.7213DDR1500750
2026-10-05 02:28:55 [INFO] [1933] 'SATEN ALÇISI (1 KG)' | 22.50 TL | SKU: DALSAN.109
2026-10-05 02:28:57 [INFO] [14961] 'ONDULİN ÇİVİSİ METAL BAŞLI GLV BEYAZ 10 ' | 200.00 TL | SKU: NALBUR.010.04
2026-10-05 02:28:58 [INFO] [7428] 'NORM TİPİ 50MM 1 AD (500)' | 3.75 TL | SKU: PASPAYI.03050
2026-10-05 02:28:59 [INFO] [1703] 'CAM SUYU 5 LT -25' | 99.00 TL | SKU: LEMONEN.CS.5LT
2026-10-05 02:29:00 [INFO] [4851] '20 KÖRTAPA DİŞLİ PPRC KALDE' | 2.00 TL | SKU: KALDE.3295STE200B00
2026-10-05 02:29:02 [INFO] [2492] 'MAKLUX MAKİNE ALÇISI  35 KG RİGİPS' | 180.00 TL | SKU: DALSAN.102
2026-10-05 02:29:03 [INFO] [15884] 'RULO RTRMAX İÇ VE DIŞ CEPHE 20CM' | 140.00 TL | SKU: RTRMAX.RFR420
2026-10-05 02:29:04 [INFO] [14552] 'MANDAL YAYLI KISKAÇ 3" İŞKENCE TROY 2505' | 70.00 TL | SKU: TROY.25053
2026-10-05 02:29:05 [INFO] [4309] 'BATARYA AKDENİZ MİX KUĞU EVYE BATARYASI ' | 2710.00 TL | SKU: GMS.AKD102
2026-10-05 02:29:07 [INFO] [6161] 'SEMER 42*45 3009 BORDO SEMER' | 4.00 TL | SKU: NALBUR.037
2026-10-05 02:29:08 [INFO] [13487] 'PLASTİK TOKMAK PVC SAPLI NO:40 ELTOS' | 200.00 TL | SKU: ELTOS.ELT844
2026-10-05 02:29:09 [INFO] [7426] 'NORM TİPİ 30MM 1 AD (1000)' | 2.50 TL | SKU: PASPAYI.03030
2026-10-05 02:29:10 [INFO] [12135] 'AGT PARKE CORVİNA ALBANA (2,292m2)' | 924.00 TL | SKU: AGT.120047299
2026-10-05 02:29:12 [INFO] [13109] 'TOREX ÇOK AMAÇLI DÜBEL T-X 8' | 249.00 TL | SKU: 8680613960537
2026-10-05 02:29:13 [INFO] [4780] '20 MANŞON PPRC KALDE' | 3.00 TL | SKU: KALDE.3212MUF200000
2026-10-05 02:29:14 [INFO] [14406] 'DUŞ KANALI LİNEER 33 CM SABİT SATEN YAND' | 336.00 TL | SKU: LİNEER.DK150.71005451
2026-10-05 02:29:15 [INFO] [2013] 'MANTOLAMA DÜBELİ PVC ÇİVİLİ 16-CM SPECO ' | 2.50 TL | SKU: SPECO.MD.16
2026-10-05 02:29:17 [INFO] [14400] 'SERAMİK ÇITA DIŞ KÖŞE 10 MM EKO PARLAK K' | 100.00 TL | SKU: ALFOR.E12-12A1-10-270
2026-10-05 02:29:18 [INFO] [10817] 'CAM SUYU 2.5 LT -25' | 79.00 TL | SKU: LEMONEN.CS.2,5LT
2026-10-05 02:29:19 [INFO] [12335] 'ELDİVEN SİYAH-MAVİ ORJİNAL 1/2 10' | 60.00 TL | SKU: CMC.1736
2026-10-05 02:29:20 [INFO] [1532] 'PİTON 18X50 (5 ADET)' | 5.00 TL | SKU: BEŞEL.965
2026-10-05 02:29:22 [INFO] [9317] 'SUNTA VİDASI MUHTELİF' | 425.00 TL | SKU: STD.SUNTA
2026-10-05 02:29:22 [INFO] ... ilerleme 100/137 (tazelenen 99, basarisiz 1, korunan 1, atlanan 0)
2026-10-05 02:29:23 [INFO] [12361] 'SIVA FİLESİ 160 GR A+ BEYAZ 1 M2 (50)' | 20.00 TL | SKU: DARKSS.SF160.05
2026-10-05 02:29:24 [INFO] [15077] 'MAKET BIÇAĞI YEDEĞİ 10 LU GENİŞ 18MM ORI' | 60.00 TL | SKU: ORIENT.MAKB2T
2026-10-05 02:29:25 [INFO] [4404] 'SAAT REKORU KISA 3/4' | 130.00 TL | SKU: GMS.SR507
2026-10-05 02:29:27 [INFO] [14962] 'LAMİNANT EŞİK PRF GRİ MAT 35 MM ( BANTLI' | 185.00 TL | SKU: TESAY.GPRE35
2026-10-05 02:29:28 [INFO] [10902] 'FIRÇA KESTİRME LÜX NO:3 KARDELEN' | 60.00 TL | SKU: KARDELEN.0048
2026-10-05 02:29:29 [INFO] [11233] '25 3/4 OYNAR BAŞLI DIŞ DİŞLİ REKOR ERKEK' | 182.00 TL | SKU: KALDE.3272TUM250C00
2026-10-05 02:29:30 [INFO] [8777] 'BİTS UÇ S2 PH3x50MM' | 25.00 TL | SKU: SGS.1803
2026-10-05 02:29:32 [INFO] [1962] 'ISI YALITIM SIVASI LEVHA QF-494 25KG' | 195.00 TL | SKU: DARKSS.YK.QF494
2026-10-05 02:29:33 [INFO] [4781] '25 MANŞON PPRC KALDE' | 4.00 TL | SKU: KALDE.3212MUF250000
2026-10-05 02:29:34 [INFO] [8501] 'PU KÖPÜK TİTAN PRO 753 STR 750ML (35 M) ' | 280.00 TL | SKU: SELENA.10049284
2026-10-05 02:29:35 [INFO] [1943] 'ALÇ.VİDA BOARDEX SİVRİ BB30 (1000AD)' | 1250.00 TL | SKU: DALSAN.308
2026-10-05 02:29:37 [INFO] [11559] 'SARI NİPEL 3/4' | 85.00 TL | SKU: GMS.SM706
2026-10-05 02:29:38 [INFO] [9912] 'UNIVERSAL ELEKTRİK İZO. BANDI 19*10-KIRM' | 20.00 TL | SKU: UNIVERSAL.023
2026-10-05 02:29:39 [INFO] [14903] 'METRE ŞERİT ŞEF 5X25 ERA 12548' | 200.00 TL | SKU: ERA.12548
2026-10-05 02:29:40 [INFO] [4822] '25 3/4 DIŞ DİŞLİ REKOR PPRC KALDE(ERKEK ' | 80.00 TL | SKU: KALDE.3222NMO250C00
2026-10-05 02:29:42 [INFO] [9945] 'FİŞ ERKEK TOPRAKLI BEYAZ VİKO' | 70.00 TL | SKU: VİKO.90304100
2026-10-05 02:29:43 [INFO] [2544] 'FIRÇA OTO LONGO 23CM İZMİR FIRÇA' | 115.00 TL | SKU: İZMİRFIRÇA.000742
2026-10-05 02:29:44 [INFO] [14550] 'İŞKENCE C TİPİ 76 MM TROY 25063' | 269.00 TL | SKU: TROY.25063
2026-10-05 02:29:45 [INFO] [9844] 'TOSHİBA PİL 6F22KGG 9V OYUNCAK' | 50.00 TL | SKU: TOSHİBA.6F22KGG
2026-10-05 02:29:47 [INFO] [7312] 'PANEL ÇİT 075CM YEŞİL (2500*5*15) 4-MM' | 445.00 TL | SKU: PANELÇİT.0002
2026-10-05 02:29:48 [INFO] [5242] 'KNAUF EARTHWOOL 043M-10CM FOLYOLU(9,6m2)' | 1300.00 TL | SKU: KNAUF.IP044
2026-10-05 02:29:49 [INFO] [15324] 'KLOZET KAPAK LİLYUM SLİM YAVAŞ KAPANIR M' | 1250.00 TL | SKU: VİSAM.517.001
2026-10-05 02:29:50 [INFO] [4513] 'HİLTİ ÇİVİ ÇELİK X-S14 G3MX+GC 42 GAZ (1' | 3500.00 TL | SKU: HİLTİ.3569549
2026-10-05 02:29:52 [INFO] [5896] 'MANYETİK SOMUN ADAPTÖRÜ 8x45 MM' | 28.00 TL | SKU: WONDER.STW01272
2026-10-05 02:29:53 [WARNING] [https://yapimaks.com/ray-spot-40w-4000k-9005-siyah-kasa-masialux-p13935] Urun parse hatasi (deneme 3/3): API yanitinda fiyat bulunamadi
2026-10-05 02:29:53 [ERROR] [https://yapimaks.com/ray-spot-40w-4000k-9005-siyah-kasa-masialux-p13935] Tum denemeler basarisiz: API yanitinda fiyat bulunamadi
2026-10-05 02:29:53 [WARNING] [https://yapimaks.com/ray-spot-40w-4000k-9005-siyah-kasa-masialux-p13935] Eski satir korundu, yarin tekrar denenir.
2026-10-05 02:29:54 [INFO] [14737] 'KAZMA SAPI 90CM' | 165.00 TL | SKU: SD.KS0080
2026-10-05 02:29:55 [INFO] [5322] 'İKAZ BANDI EMNİYET 250 MT' | 199.00 TL | SKU: ARY.6CM250M
2026-10-05 02:29:57 [INFO] [12409] 'SUNTA VİDASI 6x120 AKDENİZ (100)' | 175.00 TL | SKU: AKDENİZ.VSUN60120GAL
2026-10-05 02:29:58 [INFO] [2076] 'MASTİK PU DAYSON-280ML(SİYAH)' | 250.00 TL | SKU: DAYSON.630708
2026-10-05 02:29:59 [INFO] [12089] 'L BORUSU TAKIM' | 365.00 TL | SKU: GMS.YD045
2026-10-05 02:30:00 [INFO] [9136] 'BETOFAST 6.3*105 1 AD' | 4.25 TL | SKU: STD.900242700
2026-10-05 02:30:02 [INFO] [2109] 'RULO DEKOR EKSPORT SATEN YAGLI BOYA 20CM' | 265.00 TL | SKU: DEKOR.1080
2026-10-05 02:30:03 [INFO] [1963] 'DEKORATİF KAPLAMA İNCE DOKU QF-555 25 KG' | 250.00 TL | SKU: DARKSS.YK.QF555İ
2026-10-05 02:30:04 [INFO] [14546] 'TAŞYÜNÜ LEVHA FAWORİ TR7,5-05CM (60*100*' | 1250.00 TL | SKU: FAWORİ.258
2026-10-05 02:30:05 [INFO] [5190] 'GEOTEKSTİL KEÇE 250GR GRİ 1 M2 (200M2)' | 15.00 TL | SKU: DARKSS.K250
2026-10-05 02:30:07 [INFO] [5003] 'RAPİD END ASTAR SİYAH RİN BOYA SELÜLOZİK' | 1200.00 TL | SKU: KARDELEN.002
2026-10-05 02:30:08 [INFO] [7329] 'PANEL ÇİT KLİPS YEŞİL PVC 1 AD' | 10.00 TL | SKU: PANELÇİT.0027
2026-10-05 02:30:08 [INFO] State yaziliyor: 8660 url -> /home/runner/work/inflationstudymirror/inflationstudymirror/InflationItems/Datas/ConstructionSuppliesMarkets/yapimaks/last_seen.json
2026-10-05 02:30:08 [INFO] ==================================================
2026-10-05 02:30:08 [INFO] Tamamlandi [OK]! Tasinan: 8263 | Tazelenen: 135 | Basarisiz: 2 | Korunan eski satir: 2 | Atlanan (sure/limit): 0 | Dusurulen: 0
2026-10-05 02:30:08 [INFO] Dosya: /home/runner/work/inflationstudymirror/inflationstudymirror/InflationItems/Datas/ConstructionSuppliesMarkets/yapimaks/2026-10-05.csv (toplam 8400 urun)
2026-10-05 02:30:08 [INFO] ==================================================
