2026-10-03 02:17:34 [INFO] ==================================================
2026-10-03 02:17:34 [INFO] Yapimaks Scraper basliyor (async)
2026-10-03 02:17:34 [INFO] ==================================================
2026-10-03 02:17:34 [INFO] Parametreler: workers=8, rate=0.8/sn, max_duration=300 dk
2026-10-03 02:17:34 [INFO] Ana sayfa ziyaret ediliyor, cookie aliniyor...
2026-10-03 02:17:34 [INFO] Cookie basariyla alindi.
2026-10-03 02:17:34 [INFO] Sitemap indiriliyor: https://yapimaks.com/sitemap/products1.xml
2026-10-03 02:17:35 [INFO] Sitemap'ten toplam 8349 urun URL'si bulundu.
2026-10-03 02:17:35 [INFO] Dunun dosyasi: 2026-10-02.csv
2026-10-03 02:17:36 [INFO] Dunun dosyasinda 8431 urun var.
2026-10-03 02:17:36 [WARNING] 38 urun 7+ gun sitemap'te gorunmuyor, dosyadan dusuruldu: ['https://yapimaks.com/astar-dekoratif-mineral-kaplama-pr-300-20-kg-p13444', 'https://yapimaks.com/eps-10-5-cm-adet-beyaz-p3189', 'https://yapimaks.com/eldiven-beybi-pl17-lateks-yesil-gri-no-10-p14325', 'https://yapimaks.com/gonye-su-terazili-500mm-aluminyum-etval-p13966', 'https://yapimaks.com/is-pantolon-yazlik-klasik-hk-lacivert-xl-p14203']...
2026-10-03 02:17:36 [INFO] GUNLUK BUTCE: 233 urun aday — hepsi bu koşuda tazelenir.
2026-10-03 02:17:36 [INFO] Tasinacak (degismeyen) urun: 8393 | Yeniden cekilecek: 233
2026-10-03 02:17:36 [INFO] [13066] 'DİZLİK 14 cm POLİÜRETAN DEKOR 02318 1 AD' | 480.00 TL | SKU: DEKOR.02318
2026-10-03 02:17:36 [INFO] [1671] 'DUŞ TEKNESİ 90X90 KARE PANAMA H:15 CM' | 2000.00 TL | SKU: CABINART.005
2026-10-03 02:17:36 [INFO] [2124] 'DİZLİK 16 cm POLİÜRETAN 1 ADET TEK DUYAR' | 420.00 TL | SKU: DUYAR.341
2026-10-03 02:17:37 [WARNING] [https://yapimaks.com/ray-spot-40w-4000k-9005-siyah-kasa-masialux-p13935] Urun parse hatasi (deneme 1/3): API yanitinda fiyat bulunamadi
2026-10-03 02:17:38 [WARNING] [https://yapimaks.com/insaat-demiri-nervullu-kalin-12-14-16-20-p4683] Urun parse hatasi (deneme 1/3): API yanitinda fiyat bulunamadi
2026-10-03 02:17:40 [INFO] [13478] 'NEM BARİYERİ 100GR-3KAT-MAVİ DARKSS (150' | 23.00 TL | SKU: DARKSS.NBM.100
2026-10-03 02:17:41 [INFO] [14321] 'METRE ŞERİT 8M x 25MM DEKOR 297' | 499.00 TL | SKU: DEKOR.DK02297
2026-10-03 02:17:42 [INFO] [4800] '25 1/2 BATARYA BAĞLANTISI TEKLİ DİŞİ KAL' | 85.00 TL | SKU: KALDE.3222BAT250B01
2026-10-03 02:17:43 [INFO] [13998] 'TEKERLEK TERMOPLASTİK AĞIR YÜK FRENLİ 55' | 200.00 TL | SKU: OSF.02TP055.H0402011
2026-10-03 02:17:45 [INFO] [4770] '25 C KAVİS PPRC KALDE' | 20.00 TL | SKU: KALDE.3202TWC250001
2026-10-03 02:17:46 [INFO] [3100] 'ALYAN 11 MM KTA 011 - ELTOS' | 85.00 TL | SKU: ELTOS.KTA011
2026-10-03 02:17:47 [INFO] [4805] '25 1/2 İÇ DİŞLİ DİRSEK PPRC KALDE' | 46.00 TL | SKU: KALDE.3222EFO250B00
2026-10-03 02:17:48 [INFO] [8796] 'ELMAS TESTERE TURBO KANALLI  230MM SGS' | 450.00 TL | SKU: SGS.2230
2026-10-03 02:17:50 [INFO] [5908] 'ÇELİK DÜBEL GÖMLEKLİ 8x75 MM 1 AD' | 7.50 TL | SKU: STD.912504800
2026-10-03 02:17:51 [INFO] [9799] 'CAM VANTUZU TEKLİ 15001 TOPSHOP' | 269.00 TL | SKU: TOPSHOP.TH15001
2026-10-03 02:17:52 [INFO] [8361] 'BALTA SAPI BÜYÜK 95 CM' | 179.00 TL | SKU: SD.BS0095
2026-10-03 02:17:53 [INFO] [2629] "DURACELL PİL C ORTA BOY 2'Lİ 1.5V ALKALİ" | 349.00 TL | SKU: DURACELL.LR14/MN1400
2026-10-03 02:17:55 [INFO] [13016] 'ÇELİK SİSTRE 15X6 DEKOR' | 84.00 TL | SKU: DEKOR.274
2026-10-03 02:17:56 [WARNING] [https://yapimaks.com/insaat-demiri-nervullu-kalin-12-14-16-20-p4683] Urun parse hatasi (deneme 2/3): API yanitinda fiyat bulunamadi
2026-10-03 02:17:57 [INFO] [2544] 'FIRÇA OTO LONGO 23CM İZMİR FIRÇA' | 115.00 TL | SKU: İZMİRFIRÇA.000742
2026-10-03 02:17:58 [INFO] [1672] 'DUŞ TEKNESİ 100x100 OVAL LONDRA H:15 CM' | 2820.00 TL | SKU: CABINART.006
2026-10-03 02:18:00 [INFO] [14851] '16X16 SABİT REKOR PE-X KALDE' | 210.00 TL | SKU: KALDE.3411NPF161600
2026-10-03 02:18:01 [INFO] [1514] 'İŞ BOTU ÇELİK BURUN NO:41' | 649.00 TL | SKU: BMES.571.041
2026-10-03 02:18:02 [INFO] [12187] 'METRE ŞERİT 5M x 25MM DEKOR 296' | 349.00 TL | SKU: DEKOR.DK02296
2026-10-03 02:18:03 [WARNING] [https://yapimaks.com/ray-spot-40w-4000k-9005-siyah-kasa-masialux-p13935] Urun parse hatasi (deneme 2/3): API yanitinda fiyat bulunamadi
2026-10-03 02:18:05 [INFO] [700] 'KAPLİN MANŞON 32/32 A8203' | 61.00 TL | SKU: ARANGÜL.A8203
2026-10-03 02:18:06 [INFO] [613] 'KABLO BAĞI CIRT KELEPÇE 250X4.8 SİYAH 10' | 95.00 TL | SKU: WONDER.STW01628
2026-10-03 02:18:07 [INFO] [10728] 'KAYDIRMAZ BANT 50mmX25 m SARI SİYAH' | 525.00 TL | SKU: GLOBUS.GLO10293
2026-10-03 02:18:08 [INFO] [10777] 'KLOZET KAPAK NİLÜFER PLASTİK MENTEŞE ALT' | 495.00 TL | SKU: VİSAM.527.001
2026-10-03 02:18:10 [INFO] [11237] 'KOLLEKTÖR 6 AĞIZLI KIRMIZI 1" KALDE' | 2460.00 TL | SKU: KALDE.3313VHF100616
2026-10-03 02:18:11 [INFO] [8172] 'KABLO BAĞI CIRT KELEPÇE 150X3.6 BEYAZ 10' | 50.00 TL | SKU: WONDER.STW01710
2026-10-03 02:18:12 [INFO] [3599] 'İÇ CEPHE SİLİKONLU MAT MİX-1 20-KG FAWOR' | 2950.00 TL | SKU: FAWORİ.020
2026-10-03 02:18:13 [INFO] [8520] 'MASTİK BRONZ 500GR POLYFİX (24AD)' | 59.00 TL | SKU: SELENA.149
2026-10-03 02:18:15 [INFO] [8290] 'MERDİVEN BASAMAK PRF 11 MM ALM. SİYAH 2.' | 345.00 TL | SKU: TESAY.BAPV11-01
2026-10-03 02:18:16 [INFO] [5303] 'METRE ŞERİT FİSCO 5 MT 16 MM' | 350.00 TL | SKU: FİSCO.5000
2026-10-03 02:18:17 [INFO] [10415] 'MİNİ FOTOĞRAF ÇERÇEVESİ 2 Lİ' | 35.00 TL | SKU: Z.Q.SA-214
2026-10-03 02:18:18 [INFO] [4419] 'MUSLUK AYNASI ROZETİ' | 20.00 TL | SKU: GMS.YD020
2026-10-03 02:18:20 [INFO] [12435] 'ODESSA BEJ 45X45 2K (1,62M2)' | 525.00 TL | SKU: EGESER.450X450ODS02
2026-10-03 02:18:21 [INFO] [12924] 'PARKE BİTİM U PROFİLİ LÜX SERİSİ 8 MM MA' | 199.00 TL | SKU: SAY.370.08.MKR.2
2026-10-03 02:18:22 [INFO] [1643] 'KUMPAS 150 mm U 12001 - BTS' | 335.00 TL | SKU: BTS.12001
2026-10-03 02:18:23 [INFO] [5279] 'DUVARCI MALASI NO:16 DEKOR' | 335.00 TL | SKU: DEKOR.066
2026-10-03 02:18:25 [WARNING] [https://yapimaks.com/ray-spot-40w-4000k-9005-siyah-kasa-masialux-p13935] Urun parse hatasi (deneme 3/3): API yanitinda fiyat bulunamadi
2026-10-03 02:18:25 [ERROR] [https://yapimaks.com/ray-spot-40w-4000k-9005-siyah-kasa-masialux-p13935] Tum denemeler basarisiz: API yanitinda fiyat bulunamadi
2026-10-03 02:18:25 [WARNING] [https://yapimaks.com/ray-spot-40w-4000k-9005-siyah-kasa-masialux-p13935] Eski satir korundu, yarin tekrar denenir.
2026-10-03 02:18:26 [INFO] [8174] 'KABLO BAĞI CIRT KELEPÇE 250X3.6 BEYAZ 10' | 80.00 TL | SKU: WONDER.STW01712
2026-10-03 02:18:27 [WARNING] [https://yapimaks.com/insaat-demiri-nervullu-kalin-12-14-16-20-p4683] Urun parse hatasi (deneme 3/3): API yanitinda fiyat bulunamadi
2026-10-03 02:18:27 [ERROR] [https://yapimaks.com/insaat-demiri-nervullu-kalin-12-14-16-20-p4683] Tum denemeler basarisiz: API yanitinda fiyat bulunamadi
2026-10-03 02:18:27 [WARNING] [https://yapimaks.com/insaat-demiri-nervullu-kalin-12-14-16-20-p4683] Eski satir korundu, yarin tekrar denenir.
2026-10-03 02:18:28 [INFO] [14807] 'SDS PLUS MATKAP UCU 7x210 MM' | 80.00 TL | SKU: WONDER.STW01391
2026-10-03 02:18:30 [INFO] [9132] 'SUNTA VİDASI 6x100 STD (100)' | 275.00 TL | SKU: STD.900204701
2026-10-03 02:18:31 [INFO] [553] 'DIŞ CEPHE BOYASI AGUSTOSİLAN RG4(7.5-LT)' | 2500.00 TL | SKU: FİLLİ.AGUSTOSİLAN.RG4.7,5L
2026-10-03 02:18:32 [INFO] [2903] 'TAM AYAK LAVABO PATARA KOLON AYAK' | 1040.00 TL | SKU: EGEVİT.604020010
2026-10-03 02:18:33 [INFO] [4404] 'SAAT REKORU KISA 3/4' | 130.00 TL | SKU: GMS.SR507
2026-10-03 02:18:35 [INFO] [11892] 'TAHARET MUSLUK AÇ KAPA SIRMA SR239' | 425.00 TL | SKU: GMS.SR239
2026-10-03 02:18:36 [INFO] [13111] 'TOREX ÇOK AMAÇLI DÜBEL T-REX 8X40' | 529.00 TL | SKU: 8680613960551
2026-10-03 02:18:37 [INFO] [12777] 'TOSHİBA PİL İNCE 4-LÜ AAA R03KG BLS' | 75.00 TL | SKU: TOSHİBA.R03KG.BP-4C
2026-10-03 02:18:38 [INFO] [4382] 'PİSLİK TUTUCU 3/4' | 465.00 TL | SKU: GMS.SF509
2026-10-03 02:18:40 [INFO] [13623] 'SDS PLUS MATKAP UCU 6x160 MM' | 50.00 TL | SKU: WONDER.STW01380
2026-10-03 02:18:41 [INFO] [12094] 'UZATMA 1/2  1.5 CM' | 80.00 TL | SKU: GMS.KU202
2026-10-03 02:18:42 [INFO] [10931] 'TANGİT SERT PVC YAPIŞTIRICI 125 GR' | 225.00 TL | SKU: TANGİT.HT2121340
2026-10-03 02:18:43 [INFO] [10496] 'ZİNCİR 8MM MAKARALI GLV' | 108.00 TL | SKU: ZİNCİR.0074
2026-10-03 02:18:45 [INFO] [933] 'ZIMPARA SU NO:120' | 45.00 TL | SKU: ATLAS.120
2026-10-03 02:18:46 [INFO] [9836] 'TOSHİBA PİL KALEM AA LR6 1ADET' | 29.00 TL | SKU: TOSHİBA.002.001.127
2026-10-03 02:18:47 [INFO] [9905] 'YER İŞARETLEME BANDI 50X30 YEŞİL' | 149.00 TL | SKU: UNIVERSAL.016
2026-10-03 02:18:48 [INFO] [15139] 'MACUN KÜREK PLASTİK SAPLI 20CM DYR' | 170.00 TL | SKU: DUYAR.DYR222
2026-10-03 02:18:50 [INFO] [10299] 'KAŞIKLIK ÇEKMECE KÜÇÜK BEYAZ PVC' | 90.00 TL | SKU: SÖNMEZ.781-0
2026-10-03 02:18:51 [INFO] [15130] 'OTO KONTROL KALEMİ SPİRALLİ SDN-8601' | 180.00 TL | SKU: WONDER.STW01039
2026-10-03 02:18:52 [INFO] [6857] 'TEKERLEK DÖNER TABLALI ÇİFTLİ 50 MM25 KG' | 36.00 TL | SKU: NOBEL.802-PUUZ
2026-10-03 02:18:53 [INFO] [15413] 'DUŞ SPİRAL HORTUMU ÖRGÜLÜ SİYAH GMS 150 ' | 375.00 TL | SKU: GMS.YD029.S
2026-10-03 02:18:55 [INFO] [11234] 'KOLLEKTÖR 6 AĞIZLI MAVİ 1" KALDE' | 2460.00 TL | SKU: KALDE.3312VHF100616
2026-10-03 02:18:56 [INFO] [15635] 'GEZER ÇİZME 262 ÇELİK BURUNLU YEŞİL NO:4' | 600.00 TL | SKU: GEZER.0262.44
2026-10-03 02:18:57 [INFO] [8205] 'MERDİVEN 4+4 KOD:1204 ÇİFT ÇIKIŞLI METAL' | 1520.00 TL | SKU: SARAYLI.1204
2026-10-03 02:18:58 [INFO] [15120] 'SPATULA 50 MM PT14105' | 65.00 TL | SKU: PARTNER.PT14105
2026-10-03 02:19:00 [INFO] [8173] 'KABLO BAĞI CIRT KELEPÇE 200X3.6 BEYAZ 10' | 60.00 TL | SKU: WONDER.STW01711
2026-10-03 02:19:01 [INFO] [15082] 'DEMİR TESTERESİ 30CM BORU PROFİL' | 249.00 TL | SKU: WERT.2533
2026-10-03 02:19:02 [INFO] [15531] 'AKÜ TAKVİYE KABLOSU 1200 AMP 5MT BYLİON' | 825.00 TL | SKU: BYLİON.P04198-BBC-1205
2026-10-03 02:19:03 [INFO] [15138] 'MACUN KÜREK PLASTİK SAPLI 20CM DUYAR' | 225.00 TL | SKU: DUYAR.DY056
2026-10-03 02:19:05 [INFO] [12138] 'ASKI ÇUBUĞU /TELİ 200 1 AD (100)' | 17.00 TL | SKU: FOUR.HNK0020
2026-10-03 02:19:06 [INFO] [15633] 'GEZER ÇİZME 262 ÇELİK BURUNLU YEŞİL NO:4' | 600.00 TL | SKU: GEZER.0262.42
2026-10-03 02:19:07 [INFO] [14171] 'SU TUTUCU AK-20 I TİPİ SARI DİLATASYON B' | 1750.00 TL | SKU: ALFOR.22-AK-2003-14
2026-10-03 02:19:08 [INFO] [6842] 'ASKI RİKO KROM' | 44.00 TL | SKU: NOBEL.73029
2026-10-03 02:19:10 [INFO] [545] 'DIŞ CEPHE BOYASI AGUSTOSİLAN RG1 (15-LT)' | 4500.00 TL | SKU: FİLLİ.AGUSTOSİLAN.RG1.15L
2026-10-03 02:19:11 [INFO] [9347] 'GAZ BETON 20-CM (60x25x20) 1AD 0.15 M2' | 125.00 TL | SKU: STT.021
2026-10-03 02:19:12 [INFO] [8496] 'MASTİK PU SOSİS 600 ML-GRİ' | 270.00 TL | SKU: SELENA.10049866
2026-10-03 02:19:13 [INFO] [4775] '25/45 DİRSEK AÇIK PPRC KALDE' | 5.00 TL | SKU: KALDE.3212ELB250045
2026-10-03 02:19:15 [INFO] [13053] 'TEKERLEK TERMOPLASTİK AĞIR YÜK 55MM OS 0' | 180.00 TL | SKU: OS.02TP055.H0402010
2026-10-03 02:19:16 [INFO] [6595] 'DÜBEL 7 MM BEYAZ (500-AD)' | 143.00 TL | SKU: NOBEL.36105732
2026-10-03 02:19:17 [INFO] [14962] 'LAMİNANT EŞİK PRF GRİ MAT 35 MM ( BANTLI' | 185.00 TL | SKU: TESAY.GPRE35
2026-10-03 02:19:18 [INFO] [2044] 'TAVAN BOYASI (ÖZEL) DARKSS 10 KG' | 399.00 TL | SKU: DARKSS.B.TB10
2026-10-03 02:19:20 [INFO] [14982] 'TAŞYÜNÜ LEVHA FAWORİ TR7,5-10CM(60*100*3' | 1250.00 TL | SKU: FAWORİ.5082-6553-47
2026-10-03 02:19:21 [INFO] [444] 'SÜPÜRGELİK PARKE 4CM MUHTELİF' | 84.00 TL | SKU: AGT.120020459
2026-10-03 02:19:22 [INFO] [8431] 'PERGULE AYAĞI TABLALI' | 175.00 TL | SKU: ÇETİNLER.004
2026-10-03 02:19:23 [INFO] [2426] '80*80*2.0MM KUTU PROFİL(ANTİPASLI)' | 1439.00 TL | SKU: DEM.PRF.367
2026-10-03 02:19:25 [INFO] [15408] 'MANTOLAMA DÜBELİ EURO PVC ÇİVİLİ 11.5 CM' | 3.25 TL | SKU: DARKSS.MDÇ.11.6
2026-10-03 02:19:26 [INFO] [11550] 'TAHARET MUSLUK KUMLU FİLTRELİ 1/2-3/8' | 280.00 TL | SKU: GMS.MK104
2026-10-03 02:19:27 [INFO] [7526] 'POLİKARBON 10MM ŞEFFAF 210*6000 (12,6M2)' | 4150.00 TL | SKU: POL.KRB.LV10.01
2026-10-03 02:19:28 [INFO] [9318] 'MATKAP UÇLU YHB/YSB/RYSB  KG' | 600.00 TL | SKU: STD.YHB
2026-10-03 02:19:30 [INFO] [8178] 'KABLO BAĞI CIRT KELEPÇE 300X4.8 BEYAZ 10' | 125.00 TL | SKU: WONDER.STW01724
2026-10-03 02:19:31 [INFO] [6219] 'NEM BARİYERİ 90GR BEYAZ 1 M2 (160)' | 17.50 TL | SKU: DARKSS.NB.90
2026-10-03 02:19:32 [INFO] [9100] 'SUNTA VİDASI 4x70 STD (200)' | 200.00 TL | SKU: STD.900053700
2026-10-03 02:19:33 [INFO] [4763] '25 PPRC BORU 4 MT KALDE' | 167.00 TL | SKU: KALDE.3202TBE250000
2026-10-03 02:19:35 [INFO] [1518] 'İŞ BOTU ÇELİK BURUN NO:43' | 649.00 TL | SKU: BMES.571.043
2026-10-03 02:19:36 [INFO] [2465] 'DUŞ SETİ CORAL MAFSALLI ANTRASİT KROM' | 479.00 TL | SKU: DIAMOND.MSCR3007
2026-10-03 02:19:37 [INFO] [5358] 'HORTUM KELEPÇESİ 10 MM 20X32' | 15.00 TL | SKU: P02029
2026-10-03 02:19:38 [INFO] [15732] 'WC MATİK PVC BEYAZ' | 50.00 TL | SKU: GÜÇLÜ.4125
2026-10-03 02:19:40 [INFO] [8777] 'BİTS UÇ S2 PH3x50MM' | 25.00 TL | SKU: SGS.1803
2026-10-03 02:19:41 [INFO] [5357] 'HORTUM KELEPÇESİ 13 MM 28X48' | 18.00 TL | SKU: P02010
2026-10-03 02:19:42 [INFO] [729] 'KAPLİN 32 TAPA A8602' | 49.00 TL | SKU: ARANGÜL.A8602
2026-10-03 02:19:42 [INFO] ... ilerleme 100/233 (tazelenen 98, basarisiz 2, korunan 2, atlanan 0)
2026-10-03 02:19:43 [INFO] [8423] 'KESER SAPI 45 CM' | 45.00 TL | SKU: SD.KS0043
2026-10-03 02:19:45 [INFO] [4437] 'HORTUM LAVABO SPİRAL ŞEFFAF 1P' | 37.50 TL | SKU: GÜNEŞ.0017.1
2026-10-03 02:19:46 [INFO] [13406] 'KOLLEKTÖR KELEPÇE' | 60.00 TL | SKU: KALDE.3391.VHF.100716
2026-10-03 02:19:47 [INFO] [11233] '25 3/4 OYNAR BAŞLI DIŞ DİŞLİ REKOR ERKEK' | 182.00 TL | SKU: KALDE.3272TUM250C00
2026-10-03 02:19:48 [INFO] [10902] 'FIRÇA KESTİRME LÜX NO:3 KARDELEN' | 60.00 TL | SKU: KARDELEN.0048
2026-10-03 02:19:50 [INFO] [3576] 'SİLİKON MUM KALIN ÇUBUK ŞEF-10235-(1KG-3' | 10.00 TL | SKU: FASTBOND.10235
2026-10-03 02:19:51 [INFO] [5562] 'PANJUR PVC BEYAZ 40x50 MADE' | 375.00 TL | SKU: MADE.MP07
2026-10-03 02:19:52 [INFO] [11282] 'TİNER SENTETİK FLORA 1/2 (256ML)' | 80.00 TL | SKU: KARDELEN.039
2026-10-03 02:19:53 [INFO] [2091] 'SPATULA EĞRİ SAPLI 50 CM AHŞAP DEKOR 049' | 575.00 TL | SKU: DEKOR.049
2026-10-03 02:19:55 [INFO] [15584] 'FAN MİNİ USB ŞARJLI AVEC AV-F130' | 150.00 TL | SKU: AVEC.AV-F130
2026-10-03 02:19:56 [INFO] [5601] 'MD 32 HORTUM EKİ 2" NORMAL' | 35.00 TL | SKU: MEDALYAN.MD32
2026-10-03 02:19:57 [INFO] [11559] 'SARI NİPEL 3/4' | 85.00 TL | SKU: GMS.SM706
2026-10-03 02:19:58 [INFO] [10048] 'WALLBOARD T-1500 5 CM (8-AD 5,76M2)' | 1300.00 TL | SKU: XPS.005
2026-10-03 02:20:00 [INFO] [15114] 'AMPUL LEDOLET 15W SARI 3000K' | 47.50 TL | SKU: LEDOLET.15WS
2026-10-03 02:20:01 [INFO] [13721] '0.40*86*2500 TRAPEZ (BORDO)' | 562.50 TL | SKU: RALL.3009.040.2500
2026-10-03 02:20:02 [INFO] [4822] '25 3/4 DIŞ DİŞLİ REKOR PPRC KALDE(ERKEK ' | 80.00 TL | SKU: KALDE.3222NMO250C00
2026-10-03 02:20:03 [INFO] [3795] 'KÖŞE RADYATÖR VANASI 1/2 16X2 Pe-X' | 330.00 TL | SKU: KALDE.3391REL0B0011
2026-10-03 02:20:05 [INFO] [13722] '0.40*86*3000 TRAPEZ (BORDO)' | 675.00 TL | SKU: RALL.3009.040.3000
2026-10-03 02:20:06 [INFO] [7661] 'OLUKLU 875*3000*ŞEFFAF 0.7MM' | 600.00 TL | SKU: PVC.OND.01.3000
2026-10-03 02:20:07 [INFO] [11633] 'HSS MATKAP UCU 3 MM 2 Lİ BİLİSTER WONDER' | 62.50 TL | SKU: WONDER.STW013760-8
2026-10-03 02:20:08 [INFO] [15240] 'TİNER SELÜLOZİK FLORA 1/2 (400 ML)' | 200.00 TL | SKU: KARDELEN.21092500
2026-10-03 02:20:10 [INFO] [1534] 'MEMBRAN 3MM POLİBİT P 3000 (-5) 10 M2' | 1850.00 TL | SKU: BTM.0001
2026-10-03 02:20:11 [INFO] [2713] 'KULAK TIKACI İPLİ EAR ULTRAFIT SNR=32 dB' | 25.00 TL | SKU: EAR.ULTRALİFT
2026-10-03 02:20:12 [INFO] [8501] 'PU KÖPÜK TİTAN PRO 753 STR 750ML (35 M) ' | 229.00 TL | SKU: SELENA.10049284
2026-10-03 02:20:13 [INFO] [10519] 'NAKLİYE BEDELİ-ALIM' | 1000.00 TL | SKU: ZZW.0047
2026-10-03 02:20:15 [INFO] [12750] 'MD 04 4 KOLLU SPRİNK ÇİM FISKİYE MD 140-' | 55.00 TL | SKU: MEDALYAN.MD04.U03022
2026-10-03 02:20:16 [INFO] [14689] 'DERZ ARTISI 3MM OLUKLU(500 AD)' | 90.00 TL | SKU: IŞIK.SFXDB012
2026-10-03 02:20:17 [INFO] [2883] 'HELA TAŞI ERA BEYAZ' | 2150.00 TL | SKU: EGEVİT.1410700
2026-10-03 02:20:18 [INFO] [8498] 'PU KÖPÜK TEMİZLEYİCİ 500 ML TYTAN' | 209.00 TL | SKU: SELENA.10051580
2026-10-03 02:20:20 [INFO] [1627] 'LİKİT MEMBRAN BTL 200 KAUÇUK KATKILI 17K' | 1900.00 TL | SKU: BTM.0305
2026-10-03 02:20:21 [INFO] [3475] 'AUTOKIT MİKROFİBER HAVLU TEMİZLİK BEZ 5 ' | 111.00 TL | SKU: AUTOKİT.FA1-882
2026-10-03 02:20:22 [INFO] [1943] 'ALÇ.VİDA BOARDEX SİVRİ BB30 (1000AD)' | 1250.00 TL | SKU: DALSAN.308
2026-10-03 02:20:23 [INFO] [2378] '40*60*2.0MM KUTU PROFİL (ANTİPASLI)' | 840.58 TL | SKU: DEM.PRF.230
2026-10-03 02:20:25 [INFO] [2009] 'MANTOLAMA DÜBELİ PVC ÇİVİLİ 12-CM SPECO ' | 2.00 TL | SKU: SPECO.MD.12
2026-10-03 02:20:26 [INFO] [15075] 'MAKET BIÇAĞI METAL MAK117' | 120.00 TL | SKU: ORIENT.MAK117
2026-10-03 02:20:27 [INFO] [14737] 'KAZMA SAPI 90CM' | 165.00 TL | SKU: SD.KS0080
2026-10-03 02:20:28 [INFO] [8497] 'PU KÖPÜK TYTAN 750 ML(TABANCALI) (1KT-12' | 209.00 TL | SKU: SELENA.10049279
2026-10-03 02:20:30 [INFO] [5977] 'KABLO BAĞI CIRT KELEPÇE 350X4.8 BEYAZ 10' | 150.00 TL | SKU: WONDER.STW01725
2026-10-03 02:20:31 [INFO] [14393] 'ZEMİN/KORUMA ÖRTÜSÜ PRATİK 32 M2 KARDELE' | 72.50 TL | SKU: KARDELEN.0066
2026-10-03 02:20:32 [INFO] [7530] 'POLİKARBON TRP 900*4000*3MM-ŞEFFAF' | 1150.00 TL | SKU: POL.KRB.4000.01
2026-10-03 02:20:33 [INFO] [11644] 'MOP PASPAS İPİ 400 GR JUMBO İZMİR FIRÇA' | 60.00 TL | SKU: İZMİRFIRÇA.551121
2026-10-03 02:20:35 [INFO] [15349] 'STREÇ 17 MİCRON 50X300 MT (2640 GR)' | 550.00 TL | SKU: ELİTT.17MC50X300
2026-10-03 02:20:36 [INFO] [11503] 'KABLO BAĞI CIRT KELEPÇE 200X2.5 SİYAH 10' | 44.00 TL | SKU: WONDER.STW016022
2026-10-03 02:20:37 [INFO] [13945] 'RULO DEKOR EKSPORT SATEN YAGLI BOYA 15CM' | 219.00 TL | SKU: DEKOR.1082
2026-10-03 02:20:38 [INFO] [2076] 'MASTİK PU DAYSON-280ML(SİYAH)' | 250.00 TL | SKU: DAYSON.630708
2026-10-03 02:20:40 [INFO] [13511] 'BAHÇE TELİ  GLV 200CM*20MT*2.2M*5,5*5,5 ' | 4000.00 TL | SKU: BAHÇE.TEL.009
2026-10-03 02:20:41 [INFO] [7708] '0.50*86*30*30 TRP MAHYA (BORDO)' | 230.00 TL | SKU: RALL.3009.050.MHY
2026-10-03 02:20:42 [INFO] [12035] 'SIVA FİLESİ 55 GR A++ BEYAZ 1 M2 (100)' | 16.00 TL | SKU: DARKSS.SF055.01
2026-10-03 02:20:43 [INFO] [6312] 'KULP AMASRA 192-224 MM İNOX' | 93.00 TL | SKU: NOBEL.11311922400
2026-10-03 02:20:45 [INFO] [9945] 'FİŞ ERKEK TOPRAKLI BEYAZ VİKO' | 70.00 TL | SKU: VİKO.90304100
2026-10-03 02:20:46 [INFO] [13767] 'MASTİK PU 280 ML PU-45 GRİ' | 199.00 TL | SKU: SELENA.10049347
2026-10-03 02:20:47 [INFO] [9944] 'FİŞ DİŞİ TOPRAKLI VİKO' | 47.00 TL | SKU: VİKO.90301800
2026-10-03 02:20:48 [INFO] [3982] 'MÜDAHALE KAPAĞI FOUR 50X50' | 600.00 TL | SKU: FOUR.MDK5050
2026-10-03 02:20:50 [INFO] [15150] 'İŞARETLEME KALEMİ MİNİ 3 CM RENKLİ CEP B' | 69.00 TL | SKU: STANLEY.1.47.329
2026-10-03 02:20:51 [INFO] [4661] 'İNŞAAT ÇİVİSİ 15 LİK 21X65' | 59.00 TL | SKU: İNŞ.ÇİV.0011
2026-10-03 02:20:52 [INFO] [14721] 'BİTS UÇ TORX PRF T30 50 MM BLİSTERLİ' | 25.00 TL | SKU: WONDER.STW1918-4
2026-10-03 02:20:53 [INFO] [1842] 'WC FIRÇA İNCİ MİKRO 1' | 260.00 TL | SKU: ÇELİKAYNA.728
2026-10-03 02:20:55 [INFO] [15758] 'DERZ SEVİYE TESPİT KLİPS 2MM ŞEF 1.KALİT' | 100.00 TL | SKU: ALFOR.A11.20SR.100.51
2026-10-03 02:20:56 [INFO] [5332] 'PVC MENTEŞE BEYAZ 75MM PENCERE' | 75.00 TL | SKU: ESRA.0036
2026-10-03 02:20:57 [INFO] [2109] 'RULO DEKOR EKSPORT SATEN YAGLI BOYA 20CM' | 265.00 TL | SKU: DEKOR.1080
2026-10-03 02:20:58 [INFO] [7527] 'POLİKARBON TRP 900*6000*3MM-ŞEFFAF' | 1750.00 TL | SKU: POL.KRB.6000.01
2026-10-03 02:21:00 [INFO] [3971] 'MÜDAHALE KAPAĞI FOUR 40x40' | 510.00 TL | SKU: FOUR.MDK4040
2026-10-03 02:21:01 [INFO] [15324] 'KLOZET KAPAK LİLYUM SLİM YAVAŞ KAPANIR M' | 1250.00 TL | SKU: VİSAM.517.001
2026-10-03 02:21:02 [INFO] [1478] 'ARDUAZLI SHINGLE RULO KIRMIZI YONCA (10M' | 1390.00 TL | SKU: BİKAMAX.FLEX01
2026-10-03 02:21:03 [INFO] [14903] 'METRE ŞERİT ŞEF 5X25 ERA 12548' | 200.00 TL | SKU: ERA.12548
2026-10-03 02:21:05 [INFO] [13149] 'EL FENERİ PT-8867 USB ŞARJLI 2W+COB LED ' | 150.00 TL | SKU: PANTHER PT-8867
2026-10-03 02:21:06 [INFO] [8515] 'TYTAN HIZLI YAPIŞTIRICI KİTİ MDF 400ML+1' | 175.00 TL | SKU: SELENA.10049290
2026-10-03 02:21:07 [INFO] [2107] 'RULO DEKOR PLASDEK İÇ CEPHE 20CM 1015' | 260.00 TL | SKU: DEKOR.1015
2026-10-03 02:21:08 [INFO] [14550] 'İŞKENCE C TİPİ 76 MM TROY 25063' | 269.00 TL | SKU: TROY.25063
2026-10-03 02:21:10 [INFO] [9988] 'KLOZET KAPAK KLASİK METAL MENTEŞE ALTTAN' | 920.00 TL | SKU: VİSAM.509.001
2026-10-03 02:21:11 [INFO] [6196] 'KAZMA SAPI' | 100.00 TL | SKU: NALBUR.097
2026-10-03 02:21:12 [INFO] [14943] 'KAZMA ÇELİK SİVRİ UÇLU KZ 2000 SD' | 770.00 TL | SKU: SD.KZ2000
2026-10-03 02:21:13 [INFO] [4513] 'HİLTİ ÇİVİ ÇELİK X-S14 G3MX+GC 42 GAZ (1' | 3500.00 TL | SKU: HİLTİ.3569549
2026-10-03 02:21:15 [INFO] [4660] 'İNŞAAT ÇİVİSİ 12 LİK 20X55' | 59.00 TL | SKU: İNŞ.ÇİV.0010
2026-10-03 02:21:16 [INFO] [12710] 'ONDULİN ÇİVİSİ METAL BAŞLI KIRMIZI 8 CM ' | 200.00 TL | SKU: NALBUR.008.02
2026-10-03 02:21:17 [INFO] [9138] 'BETOFAST 6.3*135 1 AD' | 5.25 TL | SKU: STD.900244700
2026-10-03 02:21:18 [INFO] [2070] 'YALDIZ BAKIR SİLVESTER 200 GR' | 225.00 TL | SKU: DARSA.021
2026-10-03 02:21:20 [INFO] [14546] 'TAŞYÜNÜ LEVHA FAWORİ TR7,5-05CM (60*100*' | 1250.00 TL | SKU: FAWORİ.258
2026-10-03 02:21:21 [INFO] [7695] '0.50*86*4000 TRAPEZ (BORDO)' | 980.00 TL | SKU: RALL.3009.050.4000
2026-10-03 02:21:22 [INFO] [7329] 'PANEL ÇİT KLİPS YEŞİL PVC 1 AD' | 10.00 TL | SKU: PANELÇİT.0027
2026-10-03 02:21:23 [INFO] [4651] 'İNŞAAT ÇİVİSİ 5 LİK' | 59.00 TL | SKU: İNŞ.ÇİV.0001
2026-10-03 02:21:25 [INFO] [1681] 'DUŞ TEKNESİ 100X100 KARE PANAMA H:15 CM' | 2820.00 TL | SKU: CABINART.015
2026-10-03 02:21:26 [INFO] [14259] 'MIKNATISLI BİLEKLİ PT09971 PARTNER' | 125.00 TL | SKU: PARTNER.09971
2026-10-03 02:21:27 [INFO] [5896] 'MANYETİK SOMUN ADAPTÖRÜ 8x45 MM' | 28.00 TL | SKU: WONDER.STW01272
2026-10-03 02:21:28 [INFO] [12089] 'L BORUSU TAKIM' | 365.00 TL | SKU: GMS.YD045
2026-10-03 02:21:30 [INFO] [14709] 'BİTS UÇ PH1 50 MM YILDIZ' | 17.50 TL | SKU: WONDER.STW1914-3
2026-10-03 02:21:31 [INFO] [7312] 'PANEL ÇİT 075CM YEŞİL (2500*5*15) 4-MM' | 445.00 TL | SKU: PANELÇİT.0002
2026-10-03 02:21:32 [INFO] [12243] 'KOLİ BANDI ŞEFFAF 45MMX40METRE' | 40.00 TL | SKU: ASTEL.A070011
2026-10-03 02:21:33 [INFO] [5242] 'KNAUF EARTHWOOL 043M-10CM FOLYOLU(9,6m2)' | 1300.00 TL | SKU: KNAUF.IP044
2026-10-03 02:21:35 [INFO] [14235] 'MONTAJ YAPIŞTIRICI 1000 FIX, 310 ML' | 100.00 TL | SKU: SELENA.10052107
2026-10-03 02:21:36 [INFO] [3922] 'KÖŞE ÇITASI LED PROFİLİ GLV 030 12X21 2.' | 23.00 TL | SKU: FOUR.030.KÇLD.12X21.2700
2026-10-03 02:21:37 [INFO] [10043] 'WALLBOARD T-2500 1 CM (40-AD 28.8M2)' | 1800.00 TL | SKU: XPS.001
2026-10-03 02:21:38 [INFO] [7522] 'POLİKARBON 6MM 210*6000 ŞEFFAF (12,6)' | 3200.00 TL | SKU: POL.KRB.LV06.01
2026-10-03 02:21:40 [INFO] [1477] 'MEMBRAN 2 MM C 200 (15M2) (48)' | 1000.00 TL | SKU: BİKAMAX.C200
2026-10-03 02:21:41 [INFO] [14593] 'MANTOLAMA DÜBELİ GAZ BETON ÇELİK ÇİVİLİ ' | 4.00 TL | SKU: DARKSS.MDGÇ.14
2026-10-03 02:21:42 [INFO] [1482] 'MEMBRAN 3 MM P 300 (10M2) (48)' | 1000.00 TL | SKU: BİKAMAX.P300
2026-10-03 02:21:43 [INFO] [5322] 'İKAZ BANDI EMNİYET 250 MT' | 199.00 TL | SKU: ARY.6CM250M
2026-10-03 02:21:45 [INFO] [11182] 'NAYLON SİYAH 0.18 MC 2X2MT' | 115.00 TL | SKU: NAYLON.05
2026-10-03 02:21:46 [INFO] [13562] 'MASTİK PU 280 ML PU-45 SiYAH' | 185.00 TL | SKU: SELENA.180
2026-10-03 02:21:47 [INFO] [5003] 'RAPİD END ASTAR SİYAH RİN BOYA SELÜLOZİK' | 1200.00 TL | SKU: KARDELEN.002
2026-10-03 02:21:47 [INFO] ... ilerleme 200/233 (tazelenen 198, basarisiz 2, korunan 2, atlanan 0)
2026-10-03 02:21:48 [INFO] [7789] 'BAŞLI ÇİVİ TABANCA F30 1P=5000 AD' | 280.00 TL | SKU: RAYTEL.F30
2026-10-03 02:21:50 [INFO] [4895] '50/90 PİS SU PVC DİRSEK KALDE' | 19.00 TL | SKU: KALDE.5213ELB0K0090
2026-10-03 02:21:51 [INFO] [9088] 'SUNTA VİDASI 5x70 STD (200)' | 240.00 TL | SKU: STD.900023700
2026-10-03 02:21:52 [INFO] [9119] 'MATKAP UÇLU VİDA RYSB 3.9x16 (2000 AD.)' | 990.00 TL | SKU: STD.900159700
2026-10-03 02:21:53 [INFO] [12409] 'SUNTA VİDASI 6x120 AKDENİZ (100)' | 175.00 TL | SKU: AKDENİZ.VSUN60120GAL
2026-10-03 02:21:55 [INFO] [784] 'ASMA TAVAN METAL CLİP-İN 60*60 BORDURLÜ ' | 225.00 TL | SKU: ASMAT.026
2026-10-03 02:21:56 [INFO] [4879] '50/150 PİS SU BORU KALDE' | 28.00 TL | SKU: KALDE.5203TBEXK0150
2026-10-03 02:21:57 [INFO] [789] 'ASMA TAVAN KAROPAN T24 L KÖŞE 3M 1 1AD (' | 67.50 TL | SKU: ASMAT.041
2026-10-03 02:21:58 [INFO] [1970] 'GRANİT MERMER YAP.FLEX GRİ QF-125 25 KG ' | 300.00 TL | SKU: DARKSS.YK.QF125G
2026-10-03 02:22:00 [INFO] [10903] 'FIRÇA KESTİRME LÜX NO:4 KARDELEN' | 75.00 TL | SKU: KARDELEN.0049
2026-10-03 02:22:01 [INFO] [1009] 'PİL İNCE 2 Lİ ŞARJ EDİLEBİLİR 1.2V AAA 6' | 99.00 TL | SKU: AVEC.AAA600
2026-10-03 02:22:02 [INFO] [7697] '0.50*86*5000 TRAPEZ (BORDO)' | 1225.00 TL | SKU: RALL.3009.050.5000
2026-10-03 02:22:03 [INFO] [4784] '25/20 REDÜKSİYON PPRC KALDE' | 4.00 TL | SKU: KALDE.3212RDC252000
2026-10-03 02:22:05 [INFO] [8919] 'MUHAFAZALI TİJ TAKIMI SİSELAYD' | 50.00 TL | SKU: SİSELAYD.Y001
2026-10-03 02:22:06 [INFO] [9833] 'TOSHİBA PİL KALEM 4-LÜ AA LR6 BLİSTER' | 99.00 TL | SKU: TOSHİBA.LR6
2026-10-03 02:22:07 [INFO] [15439] 'MASKELEME BANDI 48MM x 25 MT RTRMAX 1 AD' | 45.00 TL | SKU: RTRMAX.RNM4825
2026-10-03 02:22:08 [INFO] [1963] 'DEKORATİF KAPLAMA İNCE DOKU QF-555 25 KG' | 250.00 TL | SKU: DARKSS.YK.QF555İ
2026-10-03 02:22:10 [INFO] [15621] 'KOLİ BANDI HOTMELT ŞEFFAF 45MMX100 METRE' | 99.00 TL | SKU: GLOBUS.GLO10339
2026-10-03 02:22:11 [INFO] [8490] 'SIVI ÇİVİ YAPIŞTIRICI 390GR ŞEFFAF' | 220.00 TL | SKU: SELENA.10040913
2026-10-03 02:22:12 [INFO] [7698] '0.50*86*5500 TRAPEZ (BORDO)' | 1347.50 TL | SKU: RALL.3009.050.5500
2026-10-03 02:22:13 [INFO] [1971] 'GRANİT MERMER YAP.FLEX BEYAZ QF-125 25KG' | 350.00 TL | SKU: DARKSS.YK.QF125B
2026-10-03 02:22:15 [INFO] [9096] 'TRP.VİDA 5,5*50-5MM 1 AD' | 2.50 TL | SKU: STD.900040700
2026-10-03 02:22:16 [INFO] [2008] 'MANTOLAMA DÜBELİ PVC ÇİVİLİ  10-CM SPECO' | 1.75 TL | SKU: SPECO.MD.10
2026-10-03 02:22:17 [INFO] [12946] 'KARTON OLUKLU ZEMİN KORUMA 120CM (30 M2)' | 600.00 TL | SKU: NALBUR.127
2026-10-03 02:22:18 [INFO] [2045] 'TAVAN BOYASI (ÖZEL) DARKSS 17,5 KG' | 649.00 TL | SKU: DARKSS.B.TB175
2026-10-03 02:22:20 [INFO] [2032] 'PRİMAST 200 ASTAR SERAMİK ÜSTÜ 3 KG' | 275.00 TL | SKU: DARKSS.B.P200.03
2026-10-03 02:22:21 [INFO] [7052] 'ONDULİN OLUKLU LEVHA YEŞİL 2-MT' | 575.00 TL | SKU: ONDULİN. 002
2026-10-03 02:22:22 [INFO] [1964] 'GAZBETON YAPIŞTIRICI QF-130 25 KG' | 200.00 TL | SKU: DARKSS.YK.QF130
2026-10-03 02:22:23 [INFO] [9136] 'BETOFAST 6.3*105 1 AD' | 4.25 TL | SKU: STD.900242700
2026-10-03 02:22:25 [INFO] [5190] 'GEOTEKSTİL KEÇE 250GR GRİ 1 M2 (200M2)' | 15.00 TL | SKU: DARKSS.K250
2026-10-03 02:22:26 [INFO] [4930] 'ÇATI OLUĞU DERE KELEPÇE 150 MM KALDE' | 48.00 TL | SKU: KALDE.7213BCC150000
2026-10-03 02:22:27 [INFO] [11186] 'İŞ BOTU ÇELİK BURUN NO:42' | 649.00 TL | SKU: BMES.571.042
2026-10-03 02:22:28 [INFO] [2108] 'RULO DEKOR EKSPORT SATEN YAĞLI BOYA 25CM' | 285.00 TL | SKU: DEKOR.1081
2026-10-03 02:22:28 [INFO] State yaziliyor: 8659 url -> /home/runner/work/inflationstudymirror/inflationstudymirror/InflationItems/Datas/ConstructionSuppliesMarkets/yapimaks/last_seen.json
2026-10-03 02:22:28 [INFO] ==================================================
2026-10-03 02:22:28 [INFO] Tamamlandi [OK]! Tasinan: 8166 | Tazelenen: 231 | Basarisiz: 2 | Korunan eski satir: 2 | Atlanan (sure/limit): 0 | Dusurulen: 38
2026-10-03 02:22:28 [INFO] Dosya: /home/runner/work/inflationstudymirror/inflationstudymirror/InflationItems/Datas/ConstructionSuppliesMarkets/yapimaks/2026-10-03.csv (toplam 8399 urun)
2026-10-03 02:22:28 [INFO] ==================================================
