2026-09-23 07:22:13 [INFO] ==================================================
2026-09-23 07:22:13 [INFO] Yapimaks Scraper basliyor (async)
2026-09-23 07:22:13 [INFO] ==================================================
2026-09-23 07:22:13 [INFO] Parametreler: workers=8, rate=0.8/sn, max_duration=300 dk
2026-09-23 07:22:13 [INFO] Ana sayfa ziyaret ediliyor, cookie aliniyor...
2026-09-23 07:22:13 [INFO] Cookie basariyla alindi.
2026-09-23 07:22:13 [INFO] Sitemap indiriliyor: https://yapimaks.com/sitemap/products1.xml
2026-09-23 07:22:14 [INFO] Sitemap'ten toplam 8378 urun URL'si bulundu.
2026-09-23 07:22:14 [INFO] Dunun dosyasi: 2026-09-22.csv
2026-09-23 07:22:14 [INFO] Dunun dosyasinda 8599 urun var.
2026-09-23 07:22:14 [INFO] GUNLUK BUTCE: 395 urun aday — hepsi bu koşuda tazelenir.
2026-09-23 07:22:14 [INFO] Tasinacak (degismeyen) urun: 8599 | Yeniden cekilecek: 395
2026-09-23 07:22:14 [INFO] [5821] 'DELİNATÖR DUBA 30CM ESNEK TRAFİK ŞERİT A' | 200.00 TL | SKU: MAXSAFETY.MS1-2518
2026-09-23 07:22:14 [INFO] [14968] 'KABLO 2X0.75 MM KODLU KORDON REÇBER 1 M' | 25.00 TL | SKU: REÇBER.901067
2026-09-23 07:22:14 [WARNING] [https://yapimaks.com/ray-spot-40w-4000k-9005-siyah-kasa-masialux-p13935] Urun parse hatasi (deneme 1/3): API yanitinda fiyat bulunamadi
2026-09-23 07:22:15 [INFO] [356] 'AMPUL LEDBULB 9W 6500 K A60 ACK BEYAZ' | 37.50 TL | SKU: ACK.AA13.00923
2026-09-23 07:22:16 [WARNING] [https://yapimaks.com/insaat-demiri-nervullu-kalin-12-14-16-20-p4683] Urun parse hatasi (deneme 1/3): API yanitinda fiyat bulunamadi
2026-09-23 07:22:18 [INFO] [7420] 'PERDE VE KOLON 30MM (1000AD' | 1.25 TL | SKU: PASPAYI.01030
2026-09-23 07:22:19 [INFO] [3949] 'AGRAF 30 1 ADET (500)' | 15.00 TL | SKU: FOUR.HNK0007
2026-09-23 07:22:20 [WARNING] [https://yapimaks.com/insaat-demiri-nervullu-kalin-12-14-16-20-p4683] Urun parse hatasi (deneme 2/3): API yanitinda fiyat bulunamadi
2026-09-23 07:22:21 [INFO] [789] 'ASMA TAVAN KAROPAN T24 L KÖŞE 3M 1 1AD (' | 67.50 TL | SKU: ASMAT.041
2026-09-23 07:22:23 [INFO] [1652] 'PVC LAMBİRİ AKSESUAR ÇAVUŞ BEYAZ KÖŞEBEN' | 225.00 TL | SKU: DARKSS.PVC.ACK1
2026-09-23 07:22:24 [INFO] [14042] 'ELDİVEN LATEKS GRİ CAMCI NO:10 1/2 CMC17' | 65.00 TL | SKU: CMC.1729
2026-09-23 07:22:25 [INFO] [7139] 'KABLO NYA 1.5 MM2 KIRMIZI ÖZNUR 1M (100)' | 13.00 TL | SKU: ÖZNUR.KAB048
2026-09-23 07:22:26 [WARNING] [https://yapimaks.com/insaat-demiri-nervullu-kalin-12-14-16-20-p4683] Urun parse hatasi (deneme 3/3): API yanitinda fiyat bulunamadi
2026-09-23 07:22:26 [ERROR] [https://yapimaks.com/insaat-demiri-nervullu-kalin-12-14-16-20-p4683] Tum denemeler basarisiz: API yanitinda fiyat bulunamadi
2026-09-23 07:22:26 [WARNING] [https://yapimaks.com/insaat-demiri-nervullu-kalin-12-14-16-20-p4683] Eski satir korundu, yarin tekrar denenir.
2026-09-23 07:22:28 [INFO] [5328] 'MENTEŞE YAPRAK 1840x2,5 NO:2.5' | 11.00 TL | SKU: ERSA.291
2026-09-23 07:22:29 [INFO] [15861] 'MENTEŞE YAPRAK 1840x2 NO:2' | 10.00 TL | SKU: ERSA.290
2026-09-23 07:22:30 [INFO] [12643] 'AMPUL LEDBULB 9W 4000K A60 ACK' | 35.00 TL | SKU: ACK.AA13.00921
2026-09-23 07:22:31 [INFO] [4475] 'KABLO NYA 2.5 MM2 KIRMIZI HASÇELİK 1M (1' | 30.00 TL | SKU: HASÇELİK.KAB.080
2026-09-23 07:22:33 [INFO] [4884] '100/250 PİS SU BORUSU KALDE' | 102.00 TL | SKU: KALDE.5203TBEXM0250
2026-09-23 07:22:34 [INFO] [8390] 'PLASTİK TOKMAK PVC SAPLI NO:50 DESA' | 255.00 TL | SKU: SD.DLT0050
2026-09-23 07:22:35 [INFO] [4888] '100 KELEPÇE PİS SU PVC KALDE' | 31.00 TL | SKU: KALDE.5213BCC0M0000
2026-09-23 07:22:36 [INFO] [14969] 'ETANJ LED DİZGİ 36W 6500K 120 CM KİTLİ A' | 1360.00 TL | SKU: ACK.AT03.31230
2026-09-23 07:22:38 [INFO] [6468] 'MENTEŞE YAPRAK 1840X3.5 NO:3.5' | 17.00 TL | SKU: ERSA.293
2026-09-23 07:22:39 [INFO] [13359] '404 PLASTİK ÇELİK 44 GR.' | 80.00 TL | SKU: 404.A06002
2026-09-23 07:22:40 [INFO] [4826] '25 1/2 İÇ DİŞLİ TE PPRC KALDE' | 71.00 TL | SKU: KALDE.3222TFO250B25
2026-09-23 07:22:41 [INFO] [9072] 'TRP.VİDA 5,5*25-12MM 1 AD' | 2.70 TL | SKU: STD.5525.12
2026-09-23 07:22:43 [INFO] [4806] '25 3/4 İÇ DİŞLİ DİRSEK PPRC KALDE' | 92.00 TL | SKU: KALDE.3222EFO250C00
2026-09-23 07:22:44 [INFO] [521] 'AGT PARKE BELLA LİLYUM NEO (2,292m2)' | 992.00 TL | SKU: AGT.120043605
2026-09-23 07:22:45 [INFO] [15808] 'TABANCA BASINÇLI ARAÇ YIKAMA  FA2-1365' | 599.00 TL | SKU: AUTOKİT.FA2-1365
2026-09-23 07:22:46 [INFO] [3654] 'AHŞAP VERNİĞİ 2,5L ORMAN YEŞİLİ STAİN WO' | 950.00 TL | SKU: FAWORİ.082
2026-09-23 07:22:48 [INFO] [11371] 'AGT SÜPÜRGELİK 6cm LİLYUM SPR-5030' | 100.00 TL | SKU: AGT.120030080
2026-09-23 07:22:49 [INFO] [9492] 'ARAPUAR EKSTRA BEYAZ' | 65.00 TL | SKU: TEK-İŞ.527711
2026-09-23 07:22:50 [INFO] [3098] 'ALYAN 5 MM KTA 005 - ELTOS' | 22.50 TL | SKU: ELTOS.KTA005
2026-09-23 07:22:51 [INFO] [3370] 'AUTOKIT BUZ KAZIYICI RENKLİ FA1-132' | 115.00 TL | SKU: AUTOKİT.FA1-132
2026-09-23 07:22:53 [INFO] [1479] 'ARDUAZLI SHINGLE RULO GRİ YONCA (10M2)' | 1200.00 TL | SKU: BİKAMAX.FLEX02
2026-09-23 07:22:54 [WARNING] [https://yapimaks.com/ray-spot-40w-4000k-9005-siyah-kasa-masialux-p13935] Urun parse hatasi (deneme 2/3): API yanitinda fiyat bulunamadi
2026-09-23 07:22:55 [INFO] [7404] 'BAHÇE LAMBASI PT-B028S SOLAR GLOBE' | 75.00 TL | SKU: PANTHER PT-B028S
2026-09-23 07:22:56 [INFO] [11552] 'BAHÇE MUSLUĞU REKORLU 1/2' | 625.00 TL | SKU: GMS.MS119
2026-09-23 07:22:58 [INFO] [14738] 'BALTA SAPI KÜÇÜK 60CM' | 129.00 TL | SKU: SD.BS0060
2026-09-23 07:22:59 [INFO] [13361] '404 YAPGİT 50 GR PVC YAPIŞTIRICI' | 85.00 TL | SKU: 404.A06009
2026-09-23 07:23:00 [WARNING] [https://yapimaks.com/ray-spot-40w-4000k-9005-siyah-kasa-masialux-p13935] Urun parse hatasi (deneme 3/3): API yanitinda fiyat bulunamadi
2026-09-23 07:23:00 [ERROR] [https://yapimaks.com/ray-spot-40w-4000k-9005-siyah-kasa-masialux-p13935] Tum denemeler basarisiz: API yanitinda fiyat bulunamadi
2026-09-23 07:23:00 [WARNING] [https://yapimaks.com/ray-spot-40w-4000k-9005-siyah-kasa-masialux-p13935] Eski satir korundu, yarin tekrar denenir.
2026-09-23 07:23:01 [INFO] [4866] '70/1000 PİS SU BORU KALDE' | 117.00 TL | SKU: KALDE.5203TBE0L1000
2026-09-23 07:23:03 [INFO] [13360] '404 POWER MİX 80 GR' | 190.00 TL | SKU: 404.A06006
2026-09-23 07:23:04 [INFO] [4863] 'BARİYERLİ/ MOBİL BORU 16X2 S+O PE-RT MAV' | 2933.00 TL | SKU: KALDE.3858POS162010
2026-09-23 07:23:05 [INFO] [7010] 'BANYO LİFİ HAVLULU TOMBUL SÜNGER DECOBEL' | 100.00 TL | SKU: OMAK.70165
2026-09-23 07:23:06 [INFO] [14743] 'BATARYA BORUSU METAL KUBAR GMS' | 480.00 TL | SKU: GMS.YD113
2026-09-23 07:23:08 [INFO] [7591] 'BİTS UÇ T30 50 MM PROSCR-03225' | 25.00 TL | SKU: PROSCR.03225
2026-09-23 07:23:09 [INFO] [14222] 'BARİYERLİ /MOBİL  BORU 16X2 S+O PE-RT KI' | 2933.00 TL | SKU: KALDE.3857POS162010
2026-09-23 07:23:10 [INFO] [6976] 'ÇAMAŞIR İPİ POLYESTER 10 M DECOBELLA 506' | 35.00 TL | SKU: OMAK.50622
2026-09-23 07:23:11 [INFO] [88] 'ÇATI MERDİVENİ 70x130 AHŞAP KATLANIR' | 9900.00 TL | SKU: 2MM.006
2026-09-23 07:23:13 [INFO] [4900] '100/90 PİS SU PVC DİRSEK KALDE' | 74.00 TL | SKU: KALDE.5213ELB0M0090
2026-09-23 07:23:14 [INFO] [12117] 'BAYONA SİYAH 20X20 2K (0,72M2)' | 391.00 TL | SKU: EGESER.200X200BYN93
2026-09-23 07:23:15 [INFO] [14822] 'ÇERÇEVE TEKLİ BEYAZ KARRE VİKO' | 15.00 TL | SKU: VİKO.90960200
2026-09-23 07:23:16 [INFO] [2785] 'CHİCAGO BEYAZ 30X60 2K PARLAK (1,08M2)' | 429.00 TL | SKU: EGESER.300X600CHG11.END
2026-09-23 07:23:18 [INFO] [4931] 'ÇATI OLUĞU DERE İNİŞİ YUVARLAK 150/75' | 132.00 TL | SKU: KALDE.7213DDR1500750
2026-09-23 07:23:19 [INFO] [5104] 'CONTA MUHTELİF 10 ADET' | 25.00 TL | SKU: KARPA.080
2026-09-23 07:23:20 [INFO] [4934] 'ÇATI OLUĞU KÖR TAPA 150 MM' | 36.00 TL | SKU: KALDE.7213STE150000
2026-09-23 07:23:21 [INFO] [83] 'ÇATI MERDİVENİ 70x80 AKORDİYON' | 15750.00 TL | SKU: 2MM.001
2026-09-23 07:23:23 [INFO] [12811] 'DUVAR PANELİ AGT MDF LB-3771 MAT AÇIK CE' | 465.00 TL | SKU: AGT.120012938
2026-09-23 07:23:24 [INFO] [12132] 'DUVAR PANELİ AGT MDF LB-3771 MAT BUTE BE' | 690.00 TL | SKU: AGT.120023696
2026-09-23 07:23:25 [INFO] [4929] 'ÇATI OLUĞU 4 METRE 150 MM DEKORATİF KALD' | 738.00 TL | SKU: KALDE.7203DRE150000
2026-09-23 07:23:26 [INFO] [14368] 'DUVAR PANELİ AGT MDF LB-3771 MAT ORLANDO' | 465.00 TL | SKU: AGT.120039397
2026-09-23 07:23:28 [INFO] [13716] 'DUVAR PANELİ AGT MDF LB-3771 MAT TEAK 12' | 465.00 TL | SKU: AGT.120012940
2026-09-23 07:23:29 [INFO] [11367] 'DUVAR PANELİ AGT MDF LB-3771 SOFT TOUCH ' | 590.00 TL | SKU: AGT.120027558
2026-09-23 07:23:30 [INFO] [401] 'DUVAR PANELİ AGT MDF LB-3771 MAT ARİZONA' | 465.00 TL | SKU: AGT.120016060
2026-09-23 07:23:31 [INFO] [14369] 'DUVAR PANELİ AGT MDF LB-3786 BİANCO 19,5' | 450.00 TL | SKU: AGT.120037535
2026-09-23 07:23:33 [INFO] [11369] 'DUVAR PANELİ AGT MDF LB-3786 MAT TEAK 19' | 450.00 TL | SKU: AGT.120038202
2026-09-23 07:23:34 [INFO] [11370] 'DUVAR PANELİ AGT MDF LB-3786 SOFT TOUCH ' | 595.00 TL | SKU: AGT.120039197
2026-09-23 07:23:35 [INFO] [9402] 'DENEY SETİ KRK+PİL+PİLYE+ANH+DUY+A' | 105.00 TL | SKU: TEK-İŞ.520007
2026-09-23 07:23:36 [INFO] [12963] 'ETANJ LED DİZGİ 36W 6500K L1200 ACK' | 1000.00 TL | SKU: ACK.AT03.01230
2026-09-23 07:23:38 [INFO] [11368] 'DUVAR PANELİ AGT MDF LB-3771 SUPRAMAT LO' | 705.00 TL | SKU: AGT.120038257
2026-09-23 07:23:39 [INFO] [14367] 'DUVAR PANELİ AGT MDF LB-3771 MAT BUTE Vİ' | 410.00 TL | SKU: AGT.120050558
2026-09-23 07:23:40 [INFO] [9893] 'FOLYO BANT 48X25 MT TAKVİYELİ UNİVERSAL' | 99.00 TL | SKU: UNIVERSAL.STS0420090
2026-09-23 07:23:41 [INFO] [4335] 'FLEX NİPELLİ 30CM 1/2- 1/2' | 180.00 TL | SKU: GMS.FB851
2026-09-23 07:23:43 [INFO] [2540] 'FIRÇA PLS SU ATMA EXTRA' | 75.00 TL | SKU: DOĞUŞ.12.006
2026-09-23 07:23:44 [INFO] [12745] 'BİTS UÇ TEK YÖNLÜ  MIKNATISLI  PZ2-65MM ' | 60.00 TL | SKU: TYSON.KUPTYS.9684
2026-09-23 07:23:45 [INFO] [14790] 'EPOKSİ TABANCA PLASTİK FRS 301 (345ML)' | 250.00 TL | SKU: FRS.301
2026-09-23 07:23:46 [INFO] [4150] 'GEZER ÇİZME 256 SARI UZUN KONÇ NO:40' | 400.00 TL | SKU: GEZER.00256.40
2026-09-23 07:23:48 [INFO] [11633] 'HSS MATKAP UCU 3 MM 2 Lİ BİLİSTER WONDER' | 62.50 TL | SKU: WONDER.STW013760-8
2026-09-23 07:23:49 [INFO] [14613] 'FREN BALATA TEMİZLEYİCİ F1 500ML 404' | 135.00 TL | SKU: 404.A06063
2026-09-23 07:23:50 [INFO] [12034] 'DIŞ CEPHE BOYASI NUCLEUS RG-3 (7.5-LT)' | 3000.00 TL | SKU: FİLLİ.NUCLEUS.2503-2489-04-00000.RG3.7,5L
2026-09-23 07:23:51 [INFO] [8458] 'İSKELE KELEPÇE BAĞLANTI TAKIMI' | 175.00 TL | SKU: ÇETİNLER.003
2026-09-23 07:23:53 [INFO] [12447] 'KABLO 2X0.75 MM YASSI KORDON SİYAH 1M' | 25.00 TL | SKU: REÇBER.901068
2026-09-23 07:23:54 [INFO] [7605] 'KABLO CAT6 U/UTP DATA PVC UC400 1M (305)' | 35.00 TL | SKU: PRYSMIAN.60011705
2026-09-23 07:23:55 [INFO] [13642] 'KABLO DİAFON DT-8 8X0,22 REÇBER 1 M' | 30.00 TL | SKU: REÇBER.901059-5
2026-09-23 07:23:56 [INFO] [13810] 'KABLO MİNİ ANTEN UYDU U/4 0,65 PHY-PVC C' | 12.00 TL | SKU: MEKAS.50.800
2026-09-23 07:23:58 [INFO] [1280] 'BALLY BALCO C8 400-GR' | 400.00 TL | SKU: BALLY.B04008
2026-09-23 07:23:59 [INFO] [12602] 'HAZAR BEYAZ 30X60 2K (1,26-M2)' | 377.00 TL | SKU: EGESER.300X600HZR01.2K
2026-09-23 07:24:00 [INFO] [7138] 'KABLO NYA 1.5 MM2 KAHVE ÖZNUR 1M (100)' | 20.00 TL | SKU: ÖZNUR.KAB047
2026-09-23 07:24:02 [INFO] [1522] 'İŞ BOTU ÇELİK BURUN NO:45' | 649.00 TL | SKU: BMES.571.045
2026-09-23 07:24:03 [INFO] [12607] 'KABLO NYA 1.5 MM2 SİYAH ÖZNUR 1M (100)' | 20.00 TL | SKU: ÖZNUR.KAB042
2026-09-23 07:24:04 [INFO] [4408] 'HORTUM REKORU 1/2' | 75.00 TL | SKU: GMS.SR550
2026-09-23 07:24:05 [INFO] [11432] 'KABLO NYA 2.5 MM2 KIRMIZI ÖZNUR 1M (100)' | 30.00 TL | SKU: ÖZNUR.KAB054
2026-09-23 07:24:07 [INFO] [4477] 'KABLO NYA 2.5 MM2 SİYAH HASÇELİK 1M (100' | 30.00 TL | SKU: HASÇELİK.KAB111
2026-09-23 07:24:08 [INFO] [7142] 'KABLO NYA 2.5 MM2 KAHVE ÖZNUR 1M (100)' | 30.00 TL | SKU: ÖZNUR.KAB053
2026-09-23 07:24:09 [INFO] [5017] 'İS LEKE ÖRTÜCÜ BEYAZ ASTAR 0.4 KG KARDEL' | 200.00 TL | SKU: KARDELEN.016
2026-09-23 07:24:10 [INFO] [7141] 'KABLO NYA 2.5 MM2 SARI/YEŞİL ÖZNUR 1M (1' | 26.00 TL | SKU: ÖZNUR.KAB052
2026-09-23 07:24:11 [INFO] [7603] 'KABLO NYM 3x1,5 MM2 ANTİGRON PRYSMIAN 1M' | 67.00 TL | SKU: PRYSMIAN.20028089
2026-09-23 07:24:13 [INFO] [7602] 'KABLO NYM 3x2.5 MM2 ANTİGRON PRYSMIAN 1M' | 95.00 TL | SKU: PRYSMIAN.20028082
2026-09-23 07:24:14 [INFO] [12638] 'KABLO NYM 4X4 MM2 ANTİGRON ÖZNUR 1M (100' | 107.00 TL | SKU: ÖZNUR.KAB172
2026-09-23 07:24:15 [INFO] [9892] 'FOLYO BANT 72X25 M TAKVİYELİ UNİVERSAL' | 175.00 TL | SKU: UNIVERSAL.STS0420091
2026-09-23 07:24:16 [INFO] [12606] 'KABLO TTR 2x1.5 MM2 BEYAZ ÖZNUR 1M (100)' | 60.00 TL | SKU: ÖZNUR.KAB078
2026-09-23 07:24:18 [INFO] [13643] 'KABLO NYM 5X6 MM ÖZNUR 1M (100)' | 310.00 TL | SKU: ÖZNUR.NYM5*6ÖZ
2026-09-23 07:24:19 [INFO] [7143] 'KABLO TTR 3x1.5 MM2 BEYAZ ÖZNUR 1M (100)' | 67.00 TL | SKU: ÖZNUR.KAB083
2026-09-23 07:24:20 [INFO] [7144] 'KABLO TTR 3x2.5 MM2 BEYAZ ÖZNUR 1M (100)' | 105.00 TL | SKU: ÖZNUR.KAB084
2026-09-23 07:24:20 [INFO] ... ilerleme 100/395 (tazelenen 98, basarisiz 2, korunan 2, atlanan 0)
2026-09-23 07:24:21 [INFO] [13985] 'KABLO TTR 4x2.5 MM BEYAZ ÜNAL 1M (100)' | 90.00 TL | SKU: ÜNAL.425
2026-09-23 07:24:23 [INFO] [7140] 'KABLO NYA 2.5 MM2 MAVİ ÖZNUR 1M (100)' | 26.00 TL | SKU: ÖZNUR.KAB051
2026-09-23 07:24:24 [INFO] [11148] 'KABLO NYAF 10 MM SARI/YEŞİL PRYSMIAN 1M ' | 110.00 TL | SKU: PRYSMIAN.20027445
2026-09-23 07:24:25 [INFO] [3788] 'KANGAL BORU 25 MM 10 ATÜ AÇIK MAVİ 1M (1' | 55.00 TL | SKU: FIRAT.7501100025N
2026-09-23 07:24:26 [INFO] [11150] 'KABLO NYM 2X1,5 MM2 ANTİGRON ÖZNUR 1M (1' | 50.00 TL | SKU: ÖZNUR.KAB068
2026-09-23 07:24:28 [INFO] [701] 'KAPLİN MANŞON 40/40 A8204' | 127.00 TL | SKU: ARANGÜL.A8204
2026-09-23 07:24:29 [INFO] [5304] 'KALEM MARANGOZ SİYAH ELTOS' | 30.00 TL | SKU: ELTOS.EMK004
2026-09-23 07:24:30 [INFO] [7792] 'KABLO TV ANTEN RG 6 U/4 PHY-PVC CU/AL RE' | 35.00 TL | SKU: REÇBER.307057G
2026-09-23 07:24:31 [INFO] [746] 'KAPLİN PRİZ KOLYE CİVATALI 25 3/4 C000-1' | 55.00 TL | SKU: ARANGÜL.C000-1
2026-09-23 07:24:33 [INFO] [747] 'KAPLİN PRİZ KOLYE CİVATALI 32 1/2 C001' | 64.00 TL | SKU: ARANGÜL.C001
2026-09-23 07:24:34 [INFO] [684] 'KAPLİN 25 3/4 İÇ DİŞLİ ADAPTÖR A8004' | 38.00 TL | SKU: ARANGÜL.A8004
2026-09-23 07:24:35 [INFO] [748] 'KAPLİN PRİZ KOLYE CİVATALI 32 3/4 C002' | 64.00 TL | SKU: ARANGÜL.C002
2026-09-23 07:24:36 [INFO] [7604] 'KABLO TTR 2x1.5 MM2 BEYAZ PRYSMIAN 1M (1' | 60.00 TL | SKU: PRYSMIAN.20028160
2026-09-23 07:24:38 [INFO] [706] 'KAPLİN REDÜKSİYON 25/20 A8300' | 39.00 TL | SKU: ARANGÜL.A8300
2026-09-23 07:24:39 [INFO] [707] 'KAPLİN REDÜKSİYON 32/20 A8301' | 45.00 TL | SKU: ARANGÜL.A8301
2026-09-23 07:24:40 [INFO] [745] 'KAPLİN PRİZ KOLYE CİVATALI 25 1/2 C000' | 55.00 TL | SKU: ARANGÜL.C000
2026-09-23 07:24:41 [INFO] [11149] 'KABLO NYM 2X2,5 MM2 ANTİGRON PYRSMIAN 1M' | 67.00 TL | SKU: PRYSMIAN.20028115
2026-09-23 07:24:43 [INFO] [749] 'KAPLİN PRİZ KOLYE CİVATALI 32 1 C003' | 64.00 TL | SKU: ARANGÜL.C003
2026-09-23 07:24:44 [INFO] [711] 'KAPLİN REDÜKSİYON 40/32 A8305' | 97.00 TL | SKU: ARANGÜL.A8305
2026-09-23 07:24:45 [INFO] [14989] 'KABLO NYA 1.5 MM2 SARI/YEŞİL ÖZNUR 1M (1' | 15.00 TL | SKU: ÖZNUR.KAB174
2026-09-23 07:24:46 [INFO] [12392] 'KAPLİN REDÜKSİYON 63/50 A8312' | 290.00 TL | SKU: ARANGÜL.A8312
2026-09-23 07:24:48 [INFO] [694] 'KAPLİN TE GEÇME 20/20/20 A8150' | 83.00 TL | SKU: ARANGÜL.A8150
2026-09-23 07:24:49 [INFO] [709] 'KAPLİN REDÜKSİYON 40/20 A8303' | 97.00 TL | SKU: ARANGÜL.A8303
2026-09-23 07:24:50 [INFO] [712] 'KAPLİN REDÜKSİYON 63/40 A8311' | 290.00 TL | SKU: ARANGÜL.A8311
2026-09-23 07:24:51 [INFO] [697] 'KAPLİN TE GEÇME 40/40/40 A8153' | 224.00 TL | SKU: ARANGÜL.A8153
2026-09-23 07:24:53 [INFO] [696] 'KAPLİN TE GEÇME 32/32/32 A8152' | 140.00 TL | SKU: ARANGÜL.A8152
2026-09-23 07:24:54 [INFO] [750] 'KAPLİN PRİZ KOLYE CİVATALI 40 1/2 C004' | 72.00 TL | SKU: ARANGÜL.C004
2026-09-23 07:24:55 [INFO] [713] 'KAPLİN TE REDÜKSİYONLU 25/20/25 A8350' | 103.00 TL | SKU: ARANGÜL.A8350
2026-09-23 07:24:56 [INFO] [714] 'KAPLİN TE REDÜKSİYONLU 32/20/32 A8351' | 126.00 TL | SKU: ARANGÜL.A8351
2026-09-23 07:24:58 [INFO] [717] 'KAPLİN TE REDÜKSİYONLU 40/25/40 A8353' | 199.00 TL | SKU: ARANGÜL.A8353
2026-09-23 07:24:59 [INFO] [718] 'KAPLİN TE REDÜKSİYONLU 40/32/40 A8354' | 199.00 TL | SKU: ARANGÜL.A8354
2026-09-23 07:25:00 [INFO] [734] 'KAPLİN VANA 20X20 Ç(0) K(220) PETEK DESE' | 176.00 TL | SKU: ARANGÜL.B0030
2026-09-23 07:25:01 [INFO] [736] 'KAPLİN VANA 32X32 Ç(0) K(150) PETEK DESE' | 263.00 TL | SKU: ARANGÜL.B0032
2026-09-23 07:25:03 [INFO] [710] 'KAPLİN REDÜKSİYON 40/25 A8304' | 97.00 TL | SKU: ARANGÜL.A8304
2026-09-23 07:25:04 [INFO] [695] 'KAPLİN TE GEÇME 25/25/25 A8151' | 101.00 TL | SKU: ARANGÜL.A8151
2026-09-23 07:25:05 [INFO] [12574] 'KEPÇELİK KAŞIKLIK 37X49 ECO LUX ANTRASİT' | 265.00 TL | SKU: ACERO.20107
2026-09-23 07:25:06 [INFO] [715] 'KAPLİN TE REDÜKSİYONLU 32/25/32 A8352' | 126.00 TL | SKU: ARANGÜL.A8352
2026-09-23 07:25:08 [INFO] [708] 'KAPLİN REDÜKSİYON 32/25 A8302' | 45.00 TL | SKU: ARANGÜL.A8302
2026-09-23 07:25:09 [INFO] [12576] 'KAŞIKLIK 30X36 TİNY 5 GÖZLÜ ANTRASİT' | 215.00 TL | SKU: ACERO.20376
2026-09-23 07:25:10 [INFO] [5132] 'KÜRESEL VANA 1P' | 780.00 TL | SKU: KALDE.3391BBV100002
2026-09-23 07:25:11 [INFO] [716] 'KAPLİN TE REDÜKSİYONLU 40/20/40 A8352-1' | 199.00 TL | SKU: ARANGÜL.A8352-1
2026-09-23 07:25:13 [INFO] [2093] 'MALA SÜNGERLİ 14x28 CM KISA DEKOR' | 336.00 TL | SKU: DEKOR.182
2026-09-23 07:25:14 [INFO] [11563] 'KAPLİN MANŞON 63/63 A8206' | 244.00 TL | SKU: ARANGÜL.A8206
2026-09-23 07:25:15 [INFO] [6467] 'MENTEŞE YAPRAK 1840x3 NO:3' | 12.50 TL | SKU: ERSA.292
2026-09-23 07:25:16 [INFO] [6190] 'KÜREK SAPI' | 150.00 TL | SKU: NALBUR.091
2026-09-23 07:25:18 [INFO] [93] 'MERDİVEN EV TİPİ 4x2 KAYIN' | 2750.00 TL | SKU: 2MM.011
2026-09-23 07:25:19 [INFO] [7661] 'OLUKLU 875*3000*ŞEFFAF 0.7MM' | 600.00 TL | SKU: PVC.OND.01.3000
2026-09-23 07:25:20 [INFO] [13835] 'OSLO AÇIK GRİ 60X120 2K TAM PARLAK (1,44' | 792.00 TL | SKU: EGESER.600X1200OSL47PAR
2026-09-23 07:25:22 [INFO] [14614] 'PAS SÖKÜCÜ 200 ML 404' | 95.00 TL | SKU: 404.A06061
2026-09-23 07:25:23 [INFO] [4598] 'PERDE RAYI KORNİŞ İKİLİ 6 M SÜPER' | 237.50 TL | SKU: IŞIK.0105
2026-09-23 07:25:24 [INFO] [8431] 'PERGULE AYAĞI TABLALI' | 175.00 TL | SKU: ÇETİNLER.004
2026-09-23 07:25:25 [INFO] [12575] 'KEPÇELİK KAŞIKLIK 55X49 ECO LUX ANTRASİT' | 359.00 TL | SKU: ACERO.20110
2026-09-23 07:25:26 [INFO] [5005] 'PROMAX RAPİD END SELÜLOZİK BOYA RALL 704' | 3250.00 TL | SKU: KARDELEN.004
2026-09-23 07:25:28 [INFO] [6057] 'PRİZ UZATMA 1x16A KAUÇUK DÜZ METE' | 140.00 TL | SKU: METE.404010
2026-09-23 07:25:29 [INFO] [5901] 'MANYETİK SOMUN ADAPTÖRÜ 17x65 MM' | 72.00 TL | SKU: WONDER.STW01284
2026-09-23 07:25:30 [INFO] [12945] 'PU KÖPÜK THERMOSPRAY TABANCALI 870 ML 2M' | 315.00 TL | SKU: SELENA.10049906
2026-09-23 07:25:31 [INFO] [4395] 'REDÜKSİYON 1/2-3/4' | 75.00 TL | SKU: GMS.SM715
2026-09-23 07:25:33 [INFO] [2698] 'SAKLAMA KABI 3750 ML MASTER KARE' | 125.00 TL | SKU: DÜNYA.30806
2026-09-23 07:25:34 [INFO] [8670] 'SAKSI YALI 10.8 LT NO:2 BEYAZ BALKON PLA' | 255.00 TL | SKU: SERİNOVA.YB02.BEYAZ
2026-09-23 07:25:35 [INFO] [11617] 'SALOME KOYU GRİ 60X120 2K TAM PARLAK REK' | 719.25 TL | SKU: EGESER.600X1200SLM50PAR
2026-09-23 07:25:36 [INFO] [97] 'SANDALYE KATLANIR KAYIN' | 1750.00 TL | SKU: 2MM.016
2026-09-23 07:25:38 [INFO] [5386] 'MASA BAĞLANTI GÖNYESİ 20X55' | 10.00 TL | SKU: BEŞEL.BA2055
2026-09-23 07:25:39 [INFO] [100] 'KATLANIR PİKNİK MASASI 60x90 DOĞAL' | 2450.00 TL | SKU: 2MM.020
2026-09-23 07:25:40 [INFO] [99] 'KATLANIR PİKNİK MASASI 64x73 CEVİZ' | 2450.00 TL | SKU: 2MM.019
2026-09-23 07:25:41 [INFO] [11035] 'MERDİVEN 2X15 SÜRGÜLÜ ENDÜSTRİYEL ALÜMİN' | 11750.00 TL | SKU: SARAYLI.7215S
2026-09-23 07:25:43 [INFO] [1017] 'ŞARJ ALETİ ARABA ÇAKMAKLIK TYPE-C AV-QC7' | 99.00 TL | SKU: AVEC.AVQC7203
2026-09-23 07:25:44 [INFO] [6505] 'RAF PİMİ BEYAZ ÇİVİLİ Q 11 MM (100 ADET)' | 46.00 TL | SKU: NOBEL.333081132.100
2026-09-23 07:25:45 [INFO] [12519] 'MASTİK ELASTOMAST ELM 300 21KG' | 1850.00 TL | SKU: BTM.0403
2026-09-23 07:25:46 [INFO] [14670] 'KÖPÜK TABANCASI 1407 RODEX' | 329.00 TL | SKU: RODEX.RHT1407130004
2026-09-23 07:25:48 [INFO] [8512] 'SİLİKON ŞEFFAF AKVARYUM VE CAM SİLİKONU ' | 175.00 TL | SKU: SELENA.138
2026-09-23 07:25:49 [INFO] [13613] 'SDS PLUS MATKAP UCU 14X160 MM' | 105.00 TL | SKU: WONDER.STW01386
2026-09-23 07:25:50 [INFO] [11607] 'RAF ÜNİTESİ ÜÇGEN PLASTİK ÇOK AMAÇLI' | 380.00 TL | SKU: ACERO.20397
2026-09-23 07:25:51 [INFO] [14616] 'SIVI CONTA GASKET SİLİKON BEYAZ 80 GR -5' | 115.00 TL | SKU: 404.A06033
2026-09-23 07:25:53 [INFO] [12925] 'SİLİKON TABANCA PRF PVC FRS 203' | 129.00 TL | SKU: FRS.203
2026-09-23 07:25:54 [INFO] [11657] 'SPATULA NO:7 DKR 01704' | 125.00 TL | SKU: DEKOR.01704
2026-09-23 07:25:55 [INFO] [5332] 'PVC MENTEŞE BEYAZ 75MM PENCERE' | 75.00 TL | SKU: ESRA.0036
2026-09-23 07:25:56 [INFO] [368] 'SÜSLEME AKAR LED PERDE 2X2 MT 6500 K 220' | 1900.00 TL | SKU: ACK.AS90.00603
2026-09-23 07:25:58 [INFO] [2727] 'SÜZGEÇ TELİ 100CM 16X18 (50) 1 M' | 100.00 TL | SKU: EBAX.016
2026-09-23 07:25:59 [INFO] [91] 'TABURE HASIR CEVİZ 35 CM' | 1250.00 TL | SKU: 2MM.009
2026-09-23 07:26:00 [INFO] [92] 'TABURE HASIR DOĞAL 50 CM' | 1390.00 TL | SKU: 2MM.010
2026-09-23 07:26:01 [INFO] [9658] 'SERAMİK ÇITA KOT FARKI EŞİK PROFİL 10 MM' | 264.00 TL | SKU: TESAY.FKFA10
2026-09-23 07:26:03 [INFO] [13869] 'SPREY BOYA PARLAK SİYAH 400ML SELSİL' | 149.00 TL | SKU: SELSİL.429
2026-09-23 07:26:04 [INFO] [12301] 'TAKIM ÇANTASI 13" PLASTİK KİLİTLİ' | 225.00 TL | SKU: SÖNMEZ.943-13
2026-09-23 07:26:05 [INFO] [11660] 'SPATULA NO:10 DKR 01707' | 137.50 TL | SKU: DEKOR.01707
2026-09-23 07:26:06 [INFO] [13804] 'ŞERİT LED 3000K IP65 ACK' | 125.00 TL | SKU: ACK.AS01.01500
2026-09-23 07:26:08 [INFO] [9840] 'TOSHİBA PİL CR 2032 LITHIUM PARA PİL (1A' | 35.00 TL | SKU: TOSHİBA.2032
2026-09-23 07:26:09 [INFO] [14306] 'TİNER SELÜLOZİK FLORA 12-LT' | 1890.00 TL | SKU: KARDELEN.2109263
2026-09-23 07:26:10 [INFO] [9912] 'UNIVERSAL ELEKTRİK İZO. BANDI 19*10-KIRM' | 20.00 TL | SKU: UNIVERSAL.023
2026-09-23 07:26:11 [INFO] [738] 'VANA KUTUSU 10" Ç(0) K(276) YUVARLAK B00' | 602.00 TL | SKU: ARANGÜL.B0051
2026-09-23 07:26:13 [INFO] [737] 'VANA KUTUSU 6" Ç(0) K(750) YUVARLAK B005' | 348.00 TL | SKU: ARANGÜL.B0050
2026-09-23 07:26:14 [INFO] [8515] 'TYTAN HIZLI YAPIŞTIRICI KİTİ MDF 400ML+1' | 175.00 TL | SKU: SELENA.10049290
2026-09-23 07:26:15 [INFO] [14157] 'ZEMİN/KORUMA HIŞIR ÖRTÜ 30 M2' | 65.00 TL | SKU: GUARD.STG03003
2026-09-23 07:26:16 [INFO] [15100] 'GECE LAMBASI 1 W PANTHER PT-287 PEMBE/MA' | 129.00 TL | SKU: PANTHER.PT-287
2026-09-23 07:26:18 [INFO] [8967] 'SİLİKON ŞEFFAF AYNA 280 ML TYTAN' | 179.00 TL | SKU: SELENA.174
2026-09-23 07:26:19 [INFO] [15144] 'SIRIK TELESKOPİK 6 MT ASLANLAR' | 500.00 TL | SKU: ASLANLAR.H05064
2026-09-23 07:26:20 [INFO] [8309] 'LED PROFİLİ SİMGE 10 MM BİTİM PROFİLİ 2.' | 325.00 TL | SKU: SAY.808.10.MK
2026-09-23 07:26:21 [INFO] [13945] 'RULO DEKOR EKSPORT SATEN YAGLI BOYA 15CM' | 219.00 TL | SKU: DEKOR.1082
2026-09-23 07:26:23 [WARNING] [2109] 429 Too Many Requests — 217s bekleniyor (deneme 1/3, hiz 0.4/sn)
2026-09-23 07:26:25 [WARNING] [12611] 429 Too Many Requests — 215s bekleniyor (deneme 1/3, hiz 0.2/sn)
2026-09-23 07:26:30 [WARNING] [14637] 429 Too Many Requests — 210s bekleniyor (deneme 1/3, hiz 0.2/sn)
2026-09-23 07:26:35 [WARNING] [15141] 429 Too Many Requests — 205s bekleniyor (deneme 1/3, hiz 0.2/sn)
2026-09-23 07:26:40 [WARNING] [14588] 429 Too Many Requests — 200s bekleniyor (deneme 1/3, hiz 0.2/sn)
2026-09-23 07:26:45 [WARNING] [12242] 429 Too Many Requests — 195s bekleniyor (deneme 1/3, hiz 0.2/sn)
2026-09-23 07:26:50 [WARNING] [96] 429 Too Many Requests — 190s bekleniyor (deneme 1/3, hiz 0.2/sn)
2026-09-23 07:26:55 [WARNING] [4373] 429 Too Many Requests — 185s bekleniyor (deneme 1/3, hiz 0.2/sn)
2026-09-23 07:30:00 [INFO] [2109] 'RULO DEKOR EKSPORT SATEN YAGLI BOYA 20CM' | 265.00 TL | SKU: DEKOR.1080
2026-09-23 07:30:01 [INFO] [14588] 'TAVAN ARMATÜRÜ SENSÖRLÜ LEDLİ ACİL KİTLİ' | 799.00 TL | SKU: ACK.AC18.00130
2026-09-23 07:30:01 [INFO] [4373] 'TAHARET MUSLUK KROM 1/2-3/8 MK108' | 255.00 TL | SKU: GMS.MK108
2026-09-23 07:30:01 [INFO] ... ilerleme 200/395 (tazelenen 198, basarisiz 2, korunan 2, atlanan 0)
2026-09-23 07:30:05 [INFO] [15141] 'SIRIK TELESKOPİK 2 MT ASLANLAR' | 175.00 TL | SKU: ASLANLAR.H05061
2026-09-23 07:30:10 [INFO] [15195] 'PRİZ TOPRAKLI TEKLİ BEYAZ KARRE/MERIDIAN' | 120.00 TL | SKU: VİKO.90967008
2026-09-23 07:30:15 [INFO] [15160] 'BİTS UÇ PZ1 75MM YILDIZ PROFESYONEL WOND' | 30.00 TL | SKU: WONDER.STW01917-6
2026-09-23 07:30:20 [INFO] [15260] 'ELDİVEN PU TOUCH SİYAH MONTAJ ELDİVENİ N' | 45.00 TL | SKU: BEYBİ.i040204
2026-09-23 07:30:25 [INFO] [12573] 'TABAKLIK TEK KATLI NİKEL KROM METAL' | 650.00 TL | SKU: ACERO.20411
2026-09-23 07:30:30 [INFO] [2107] 'RULO DEKOR PLASDEK İÇ CEPHE 20CM 1015' | 260.00 TL | SKU: DEKOR.1015
2026-09-23 07:30:35 [INFO] [15348] 'STREÇ 17 MİCRON 50X150 MT (1400 GR)' | 250.00 TL | SKU: ELİTT.17MC50X150
2026-09-23 07:30:40 [INFO] [14550] 'İŞKENCE C TİPİ 76 MM TROY 25063' | 269.00 TL | SKU: TROY.25063
2026-09-23 07:30:45 [INFO] [2115] 'RULO DEKOR PARMAK YEDEK 10CM (ADET)2100' | 40.00 TL | SKU: DEKOR.2100
2026-09-23 07:30:50 [INFO] [9397] 'TAYROT SOMUNU 17*75' | 47.50 TL | SKU: TAYROT.004
2026-09-23 07:30:55 [INFO] [14637] 'RULO DEKOR ELEK IZGARA 25LİK PREMİUM 34C' | 50.00 TL | SKU: DEKOR.1481
2026-09-23 07:31:00 [INFO] [4868] '70/3000 PİS SU BORU KALDE' | 332.00 TL | SKU: KALDE.5203TBE0L3000
2026-09-23 07:31:05 [INFO] [96] 'TABURE KATLANIR DOĞAL 52X32X7 CM' | 1100.00 TL | SKU: 2MM.015
2026-09-23 07:31:10 [INFO] [12242] '404 PLASTİK ÇELİK 16 GR.' | 70.00 TL | SKU: 404.A06001
2026-09-23 07:31:15 [INFO] [15520] 'BİTS UÇ PH2 100MM YILDIZ WONDER BİLSTERL' | 115.00 TL | SKU: WONDER.STW020109
2026-09-23 07:31:20 [INFO] [15486] 'LAMİNANT EŞİK PRF ALM. SARI  35 MM (BANT' | 185.00 TL | SKU: TESAY.GPRA35.02
2026-09-23 07:31:25 [INFO] [3622] 'DIŞ CEPHE BOYASI FAWORİ PREMİUM SİL.MİX-' | 4250.00 TL | SKU: FAWORİ.050
2026-09-23 07:31:30 [INFO] [6056] 'PRİZ 1x16A KAUÇUK DÜZ MONOFAZ METE' | 95.00 TL | SKU: METE.404001
2026-09-23 07:31:35 [INFO] [13885] 'PAS SÖKÜCÜ YAĞLAYICI 400 ML SELSİL' | 130.00 TL | SKU: SELSİL.058
2026-09-23 07:31:40 [INFO] [15505] 'FIRÇA KESTİRME AHŞAP SÜPER NO:4 202 YILD' | 100.00 TL | SKU: YILDIRIMFIRÇA.202
2026-09-23 07:31:45 [INFO] [3207] 'EPS-30 5CM ADET BEYAZ' | 70.00 TL | SKU: EPS.12.0014
2026-09-23 07:31:50 [INFO] [13683] 'KAYNAK MAKİNASI MİKRO 200 STD' | 10900.00 TL | SKU: STD.975879800
2026-09-23 07:31:54 [INFO] [15794] 'TESPİT DÜBELİ ÇİFTLİ KILÇIK (250-AD)' | 375.00 TL | SKU: GÜÇLÜ.7102
2026-09-23 07:31:58 [INFO] [14433] 'KAPI KOLU KUMRUCAN AYNALI ODA İNOX ALBRİ' | 165.00 TL | SKU: NOBEL.2500155
2026-09-23 07:32:02 [INFO] [15736] 'TROBLEN KÖRÜĞÜ BALKON 60 CM' | 120.00 TL | SKU: GÜÇLÜ.GP2108
2026-09-23 07:32:06 [INFO] [15796] 'MANYETİK SOMUN ADAPTÖRÜ 8x45' | 90.00 TL | SKU: FİVESTAR.BSA0845
2026-09-23 07:32:10 [INFO] [8908] 'SGS ŞAP MALASI ÜÇGEN' | 179.00 TL | SKU: SGS.994
2026-09-23 07:32:14 [INFO] [15430] 'METAL KESİCİ İNOX 180x1.6x22 RTRMAX' | 45.00 TL | SKU: RTRMAX.RDM18016
2026-09-23 07:32:18 [INFO] [15729] 'SİFON KÖRÜKLÜ S TEKLİ ÇÖPMAK TAŞMALI Q32' | 330.00 TL | SKU: GÜÇLÜ.1502
2026-09-23 07:32:22 [INFO] [12611] 'WALL WASHER 48 CM 18W YEŞİL' | 1500.00 TL | SKU: ACK.AT20.01853
2026-09-23 07:32:26 [INFO] [12572] 'TABAKLIK TEK KATLI SİYAH METAL' | 650.00 TL | SKU: ACERO.20362
2026-09-23 07:32:30 [INFO] [9317] 'SUNTA VİDASI MUHTELİF' | 425.00 TL | SKU: STD.SUNTA
2026-09-23 07:32:34 [INFO] [9173] 'GAZLI PİSTON 100N-STD' | 59.00 TL | SKU: STD.936161800
2026-09-23 07:32:38 [INFO] [15470] 'METRE ŞERİT 5MT 19MM ÇİFT STOPLU RODEX' | 115.00 TL | SKU: RODEX.RHT0901191519
2026-09-23 07:32:42 [INFO] [9374] 'SÜZGEÇ 15X15 METAL KAPAK YANDAN 50MM' | 139.00 TL | SKU: SÜZGEÇ.158542Y201515
2026-09-23 07:32:46 [INFO] [15816] 'AÇILI ÇEKTİRME ŞEFFAF T BAĞLANTI 100 ADE' | 10.00 TL | SKU: NOBEL.3333195
2026-09-23 07:32:50 [INFO] [9118] 'MATKAP UÇLU VİDA RYSB 3.9x13 (2500 AD.)' | 1255.00 TL | SKU: STD.900158700
2026-09-23 07:32:54 [INFO] [1480] 'ARDUAZLI SHINGLE RULO YEŞİL YONCA (10M2)' | 1200.00 TL | SKU: BİKAMAX.FLEX03
2026-09-23 07:32:58 [INFO] [13725] '0.40*86*2500 TRAPEZ (GRİ)' | 537.50 TL | SKU: RALL.7016.040.2500
2026-09-23 07:33:02 [INFO] [14768] '0.50*15*200 KAR TUTUCU AKSESUAR BORDO' | 139.00 TL | SKU: RALL.3009.050.AKS.03
2026-09-23 07:33:06 [INFO] [7691] '0.50*86*2000 TRAPEZ (BORDO)' | 470.00 TL | SKU: RALL.3009.050.2000
2026-09-23 07:33:10 [INFO] [7708] '0.50*86*30*30 TRP MAHYA (BORDO)' | 225.00 TL | SKU: RALL.3009.050.MHY
2026-09-23 07:33:14 [INFO] [7693] '0.50*86*3000 TRAPEZ (BORDO)' | 705.00 TL | SKU: RALL.3009.050.3000
2026-09-23 07:33:18 [INFO] [7694] '0.50*86*3500 TRAPEZ (BORDO)' | 822.50 TL | SKU: RALL.3009.050.3500
2026-09-23 07:33:22 [INFO] [2353] '30*30*1.5MM KUTU PROFİL(ANTİPASLI)' | 357.44 TL | SKU: DEM.PRF.160
2026-09-23 07:33:26 [INFO] [2383] '40*40*2.0MM KUTU PROFİL(ANTİPASLI)' | 579.70 TL | SKU: DEM.PRF.235
2026-09-23 07:33:30 [INFO] [3944] 'AGRAF 7 1 ADET (500)' | 5.00 TL | SKU: FOUR.HNK0001
2026-09-23 07:33:33 [INFO] [1943] 'ALÇ.VİDA BOARDEX SİVRİ BB30 (1000AD)' | 1250.00 TL | SKU: DALSAN.308
2026-09-23 07:33:36 [INFO] [11950] 'KİMYASAL DÜBEL 345 ML EMS F1311' | 190.00 TL | SKU: EMS.F03500
2026-09-23 07:33:40 [INFO] [9125] 'ALÇ.VİDA SİVRİ 25 (1000 AD) STD' | 375.00 TL | SKU: STD.900195700
2026-09-23 07:33:43 [INFO] [1907] 'ALÇ.VİDA SİVRİ 38 BV38 (1000-AD) DALSAN' | 675.00 TL | SKU: DALSAN.302
2026-09-23 07:33:46 [INFO] [3961] 'ASKI ÇUBUĞU /TELİ 150 1 AD (100)' | 11.00 TL | SKU: FOUR.HNK0019
2026-09-23 07:33:51 [INFO] [13511] 'BAHÇE TELİ  GLV 200CM*20MT*2.2M*5,5*5,5 ' | 4000.00 TL | SKU: BAHÇE.TEL.009
2026-09-23 07:33:52 [INFO] [5092] "TRİFONLU KELEPÇE UZUN (2') 70 LİK" | 32.50 TL | SKU: TRF.KELEPÇE.U07
2026-09-23 07:33:56 [INFO] [1478] 'ARDUAZLI SHINGLE RULO KIRMIZI YONCA (10M' | 1200.00 TL | SKU: BİKAMAX.FLEX01
2026-09-23 07:33:59 [INFO] [3967] 'ASMA TAVAN KAROPAN ÇİFTLİ YAY (1000)' | 7.00 TL | SKU: FOUR.HNK0025
2026-09-23 07:34:02 [INFO] [772] 'ASMA TAVAN KAROPAN BEYAZ DÜZ 60*60*8MM 1' | 62.50 TL | SKU: ASMAT.002
2026-09-23 07:34:05 [INFO] [3966] 'ASKI MAŞASI T 1 AD (500)' | 9.00 TL | SKU: FOUR.HNK0024
2026-09-23 07:34:08 [INFO] [791] 'ASMA TAVAN KAROPAN T24 TALİ 60 LIK (60)' | 20.00 TL | SKU: ASMAT.044
2026-09-23 07:34:12 [INFO] [776] 'ASMA TAVAN METAL CLİP-İN 30*30 FULL PERF' | 55.00 TL | SKU: ASMAT.017
2026-09-23 07:34:15 [INFO] [3970] 'ALÇ.DÜBEL+VİDA RİGİPS (100 AD)' | 135.00 TL | SKU: FOUR.HNK0036
2026-09-23 07:34:18 [INFO] [788] 'ASMA TAVAN KAROPAN T24 ANA TAŞIYICI (3.6' | 137.50 TL | SKU: ASMAT.040
2026-09-23 07:34:21 [INFO] [781] 'ASMA TAVAN METAL CLİP-İN BASKI TAKOZU 1 ' | 3.00 TL | SKU: ASMAT.023
2026-09-23 07:34:24 [INFO] [778] 'ASMA TAVAN METAL CLİP-İN EKLEME PARÇASI ' | 3.75 TL | SKU: ASMAT.020
2026-09-23 07:34:28 [INFO] [780] 'ASMA TAVAN METAL CLİP-İN KLİPS 1 AD (250' | 5.00 TL | SKU: ASMAT.022
2026-09-23 07:34:31 [INFO] [777] 'ASMA TAVAN METAL CLİP-İN U PROFİLİ (3 MT' | 105.00 TL | SKU: ASMAT.019
2026-09-23 07:34:34 [INFO] [12936] 'BETOFAST 6.3*145 1 AD' | 5.50 TL | SKU: STD.YHB4835
2026-09-23 07:34:37 [INFO] [779] 'ASMA TAVAN METAL CLİP-İN ASKI MAŞASI 1 A' | 10.00 TL | SKU: ASMAT.021
2026-09-23 07:34:40 [INFO] [5910] 'ÇELİK DÜBEL GÖMLEKLİ 10x85 MM 1 AD' | 10.00 TL | SKU: STD.911771800
2026-09-23 07:34:44 [INFO] [1848] 'ÇİMENTO 25 KG' | 125.00 TL | SKU: ÇİMENTO.005
2026-09-23 07:34:47 [INFO] [15778] 'DUVAR PANELİ AGT MDF LB-3771 BİANCO KREM' | 465.00 TL | SKU: AGT.120028431
2026-09-23 07:34:50 [INFO] [1963] 'DEKORATİF KAPLAMA İNCE DOKU QF-555 25 KG' | 250.00 TL | SKU: DARKSS.YK.QF555İ
2026-09-23 07:34:53 [INFO] [1972] 'DERZ DOLGU BEYAZ (SİLİKONLU) QF 333 20 K' | 375.00 TL | SKU: DARKSS.YK.QF333B
2026-09-23 07:34:55 [INFO] [3955] 'ASKI ÇUBUĞU /TELİ 40 1 AD (100)' | 5.00 TL | SKU: FOUR.HNK0013
2026-09-23 07:34:58 [INFO] [4628] 'DERZ SEVİYE TESPİT KLİPS 1MM (100 ADET)' | 85.00 TL | SKU: IŞIK.423.01
2026-09-23 07:35:00 [INFO] [790] 'ASMA TAVAN KAROPAN T24 TALİ 120 (60)' | 40.00 TL | SKU: ASMAT.042
2026-09-23 07:35:03 [INFO] [12072] 'DRENAJ LEVHASI 200*2000(40 M2)(320 gr/m2' | 950.00 TL | SKU: DARKSS.DR320
2026-09-23 07:35:05 [INFO] [1872] 'COREX FALCON ALÇIPAN YEŞİL 120*250 (3M2)' | 385.00 TL | SKU: DALSAN.202
2026-09-23 07:35:08 [INFO] [14323] 'ELDİVEN ASTARLI KIRMIZI-SİYAH PN2 NO:10' | 40.00 TL | SKU: BEYBİ.İ0401755
2026-09-23 07:35:11 [INFO] [3229] 'DERZ BANDI 50mm x 90m' | 99.00 TL | SKU: DARKSS.DB5090
2026-09-23 07:35:13 [INFO] [787] 'ASMA TAVAN METAL CLİP-İN ANA TAŞIYICI 3 ' | 92.50 TL | SKU: ASMAT.038
2026-09-23 07:35:16 [INFO] [5630] 'ELEKTROT 2.50 MM-MAGMAWELD' | 350.00 TL | SKU: MAGMAWELD.11101HQAM1
2026-09-23 07:35:18 [INFO] [5631] 'ELEKTROT 3,25 MM-MAGMAWELD' | 450.00 TL | SKU: MAGMAWELD.11101NRAM1
2026-09-23 07:35:21 [INFO] [1927] 'DERZTEK ALÇI LEVHA DERZ DOLGU ALÇI (25 K' | 220.00 TL | SKU: DALSAN.107
2026-09-23 07:35:23 [INFO] [1970] 'GRANİT MERMER YAP.FLEX GRİ QF-125 25 KG ' | 300.00 TL | SKU: DARKSS.YK.QF125G
2026-09-23 07:35:26 [INFO] [4505] 'HİLTİ ÇİVİ GX3-C 27MX+GC 42 GAZ (1200AD)' | 2650.00 TL | SKU: HİLTİ.2045541
2026-09-23 07:35:28 [INFO] [5905] 'ÇELİK DÜBEL ASMA TAVAN 6X45 (100) 1 AD' | 7.50 TL | SKU: MERİDYEN.ÇATD06045
2026-09-23 07:35:31 [INFO] [4673] 'İNŞAAT DEMİRİ NERVÜLLÜ 12-MM (12MT)' | 1.00 TL | SKU: İNŞ.DEMİRİ.003
2026-09-23 07:35:33 [INFO] [4674] 'İNŞAAT DEMİRİ NERVÜLLÜ 14-MM(12MT)' | 1.00 TL | SKU: İNŞ.DEMİRİ.004
2026-09-23 07:35:36 [INFO] [3965] 'EKLEME PARÇASI 1 AD (500)' | 6.00 TL | SKU: FOUR.HNK0023
2026-09-23 07:35:39 [INFO] [9172] 'GAZLI PİSTON 080N-STD' | 59.00 TL | SKU: STD.936160800
2026-09-23 07:35:41 [INFO] [5242] 'KNAUF EARTHWOOL 043M-10CM FOLYOLU(9,6m2)' | 1300.00 TL | SKU: KNAUF.IP044
2026-09-23 07:35:44 [INFO] [4675] 'İNŞAAT DEMİRİ NERVÜLLÜ 16-MM (12MT)' | 1.00 TL | SKU: İNŞ.DEMİRİ.005
2026-09-23 07:35:46 [INFO] [3923] 'KÖŞE ÇITASI DELİKLİ GLV 035 22X22 3.00 M' | 37.50 TL | SKU: FOUR.035.KÇYD.22X22.3000
2026-09-23 07:35:49 [INFO] [5244] 'KNAUF MİNERAL PLUS IPB039 10 CM (7,2 M2)' | 925.00 TL | SKU: KNAUF.IP049
2026-09-23 07:35:52 [INFO] [4671] 'İNŞAAT DEMİRİ NERVÜLLÜ 08-MM (12MT)' | 1.00 TL | SKU: İNŞ.DEMİRİ.001
2026-09-23 07:35:54 [INFO] [3197] 'EPS-30 KARBONLU 3CM 50*100-DARKSS (16AD ' | 615.00 TL | SKU: EPS.12.0002
2026-09-23 07:35:56 [INFO] [6260] 'METAL KESİCİ 115x2.5 MM 38002 - NİKON' | 27.50 TL | SKU: NIKON.38002
2026-09-23 07:35:58 [INFO] [5896] 'MANYETİK SOMUN ADAPTÖRÜ 8x45 MM' | 28.00 TL | SKU: WONDER.STW01272
2026-09-23 07:36:00 [INFO] [7969] 'METRE ŞERİT RTH12103 PROF. 5X25 MM RTRMA' | 225.00 TL | SKU: RTRMAX.RTH12103
2026-09-23 07:36:00 [INFO] ... ilerleme 300/395 (tazelenen 298, basarisiz 2, korunan 2, atlanan 0)
2026-09-23 07:36:02 [INFO] [3514] 'MİL MENTEŞE 20 LİK BİLYALI' | 72.50 TL | SKU: FALO.20BM
2026-09-23 07:36:04 [INFO] [3196] 'EPS-30 KARBONLU 2CM 50*100-DARKSS (25AD-' | 630.00 TL | SKU: EPS.12.0001
2026-09-23 07:36:06 [INFO] [3192] 'EPS-10 25*40*100-ASMOLEN 1 AD 0.4 M2' | 225.00 TL | SKU: EPS.10.0012
2026-09-23 07:36:08 [INFO] [6218] 'NAYLON BALONLU 150cm x 50MT (35GR)' | 750.00 TL | SKU: NAYLON.002
2026-09-23 07:36:10 [INFO] [7051] 'ONDULİN OLUKLU LEVHA KIRMIZI 2-MT' | 475.00 TL | SKU: ONDULİN. 001
2026-09-23 07:36:12 [INFO] [7052] 'ONDULİN OLUKLU LEVHA YEŞİL 2-MT' | 575.00 TL | SKU: ONDULİN. 002
2026-09-23 07:36:15 [INFO] [7521] 'POLİKARBON 4MM 210*6000  FÜME(12,6)' | 2250.00 TL | SKU: POL.KRB.LV04.02
2026-09-23 07:36:17 [INFO] [7520] 'POLİKARBON 4MM 210*6000 ŞEFFAF(12,6)' | 2250.00 TL | SKU: POL.KRB.LV04.01
2026-09-23 07:36:19 [INFO] [8498] 'PU KÖPÜK TEMİZLEYİCİ 500 ML TYTAN' | 209.00 TL | SKU: SELENA.10051580
2026-09-23 07:36:21 [INFO] [8501] 'PU KÖPÜK TİTAN PRO 753 STR 750ML (35 M) ' | 229.00 TL | SKU: SELENA.10049284
2026-09-23 07:36:23 [INFO] [8494] 'PU KÖPÜK TİTAN PRO 753 STR YAP 750 ML TA' | 250.00 TL | SKU: SELENA.10049326
2026-09-23 07:36:25 [INFO] [8497] 'PU KÖPÜK TYTAN 750 ML(TABANCALI) (1KT-12' | 209.00 TL | SKU: SELENA.10049279
2026-09-23 07:36:27 [INFO] [4686] 'İNŞAAT TELİ (TAVLI TEL) 1 KG' | 60.00 TL | SKU: İNŞ.TELİ.001
2026-09-23 07:36:29 [INFO] [7422] 'MANDAL TİPİ 25MM (2500AD)' | 1.10 TL | SKU: PASPAYI.02525
2026-09-23 07:36:31 [INFO] [1926] 'SATENTEK ALÇI-25 KG.' | 185.00 TL | SKU: DALSAN.104
2026-09-23 07:36:33 [INFO] [7427] 'NORM TİPİ 40MM (600 AD)' | 2.00 TL | SKU: PASPAYI.03040
2026-09-23 07:36:35 [INFO] [6145] 'ONDULİN ÇİVİSİ METAL BAŞLI GLV 8 CM (2,5' | 185.00 TL | SKU: NALBUR.008.01
2026-09-23 07:36:37 [INFO] [9384] 'ŞİLTE PARKE ALTI 1 M2 (50)' | 8.50 TL | SKU: ŞİLTE.002
2026-09-23 07:36:39 [INFO] [10936] 'MASTİK BEYAZ 500 GR TYTAN (KAPI-PENCERE)' | 55.00 TL | SKU: SELENA.10049327
2026-09-23 07:36:41 [INFO] [4613] 'PVC LAMBİRİ BEYAZ FUGA 20 CM 6MT (AD 1.2' | 275.00 TL | SKU: DARKSS.PL01
2026-09-23 07:36:43 [INFO] [2002] 'SIVA FİLESİ 75 GR A++ BEYAZ 1 M2 (50)' | 16.00 TL | SKU: DARKSS.SF075.01
2026-09-23 07:36:45 [INFO] [1859] 'SIVATEK SIVA ALÇISI 35 KG' | 200.00 TL | SKU: DALSAN.103
2026-09-23 07:36:47 [INFO] [14546] 'TAŞYÜNÜ LEVHA FAWORİ TR7,5-05CM (60*100*' | 1250.00 TL | SKU: FAWORİ.258
2026-09-23 07:36:49 [INFO] [12565] 'SIVA FİLESİ 160 GR A++ BEYAZ 1 M2 (50)' | 24.00 TL | SKU: DARKSS.SF160.07
2026-09-23 07:36:50 [INFO] [12491] 'SIVA FİLESİ 160 GR A+ SARI 1 M2 (50)' | 20.00 TL | SKU: DARKSS.SF160.04
2026-09-23 07:36:52 [INFO] [9833] 'TOSHİBA PİL KALEM 4-LÜ AA LR6 BLİSTER' | 99.00 TL | SKU: TOSHİBA.LR6
2026-09-23 07:36:53 [INFO] [7662] 'TRAPEZ 875*3000*ŞEFFAF 0.9MM' | 825.00 TL | SKU: PVC.OND.TRP.3000
2026-09-23 07:36:55 [INFO] [9093] 'TRP.VİDA 5,5*25-5MM 1 AD' | 1.75 TL | SKU: STD.900037700
2026-09-23 07:36:57 [INFO] [10043] 'WALLBOARD T-2500 1 CM (40-AD 28.8M2)' | 1800.00 TL | SKU: XPS.001
2026-09-23 07:36:58 [INFO] [2008] 'MANTOLAMA DÜBELİ PVC ÇİVİLİ  10-CM SPECO' | 1.75 TL | SKU: SPECO.MD.10
2026-09-23 07:37:00 [INFO] [11830] 'SİLİKON TABANCA PVC FRS 201' | 85.00 TL | SKU: FRS.201
2026-09-23 07:37:02 [INFO] [7681] 'PVC KİREMİT LEVHA 89X262 CM 2,5 MM ANTRA' | 1000.00 TL | SKU: PVC.KRMT.ANT.2620
2026-09-23 07:37:03 [INFO] [8490] 'SIVI ÇİVİ YAPIŞTIRICI 390GR ŞEFFAF' | 220.00 TL | SKU: SELENA.10040913
2026-09-23 07:37:05 [INFO] [15763] 'KORNİŞ MONTAJ YAPIŞTIRICI BEYAZ 290 ML U' | 209.00 TL | SKU: SELSİL.3753
2026-09-23 07:37:07 [INFO] [1482] 'MEMBRAN 3 MM P 300 (10M2) (48)' | 790.00 TL | SKU: BİKAMAX.P300
2026-09-23 07:37:08 [INFO] [15882] 'RULO RTRMAX PARMAK 10 CM ETİLEN KALORİFE' | 45.00 TL | SKU: RTRMAX.RFR010
2026-09-23 07:37:10 [INFO] [15883] 'RULO RTRMAX PARMAK 10 CM ETİLEN KALORİFE' | 20.00 TL | SKU: RTRMAX.RFR010Y
2026-09-23 07:37:11 [INFO] [4899] '100/45 PİS SU PVC DİRSEK KALDE' | 62.00 TL | SKU: KALDE.5213ELB0M0045
2026-09-23 07:37:13 [INFO] [1968] 'SERAMİK YAPIŞTIRICI GRİ QF121 C1T-25 KG.' | 185.00 TL | SKU: DARKSS.YK.QF121G
2026-09-23 07:37:15 [INFO] [13870] 'SPREY BOYA ANTRASİT GRi 400 ML (7016) SE' | 149.00 TL | SKU: SELSİL.451
2026-09-23 07:37:16 [INFO] [7666] 'TRAPEZ 875*2000*ŞEFFAF 0.9MM' | 550.00 TL | SKU: PVC.OND.TRP.2000
2026-09-23 07:37:18 [INFO] [4790] '25 TE PPRC KALDE' | 7.00 TL | SKU: KALDE.3212TEO250000
2026-09-23 07:37:20 [INFO] [4867] '70/2000 PİS SU BORU KALDE' | 225.00 TL | SKU: KALDE.5203TBE0L2000
2026-09-23 07:37:21 [INFO] [4864] '70/500 PİS SU BORU PPRC KALDE' | 78.00 TL | SKU: KALDE.5203TBE0L0500
2026-09-23 07:37:23 [INFO] [4897] '70/90 PİS SU PVC DİRSEK KALDE' | 33.00 TL | SKU: KALDE.5213ELB0L0090
2026-09-23 07:37:25 [INFO] [14072] 'METAL KESİCİ İNOX 180X1.9X22 KARBOSAN' | 75.00 TL | SKU: KARBOSAN.K064081
2026-09-23 07:37:26 [INFO] [6343] 'ASKI KRİSTAL MATSİYAH' | 36.00 TL | SKU: NOBEL.165630
2026-09-23 07:37:27 [INFO] [6562] 'AYAK BAZA M8 SAPLAMALI' | 21.00 TL | SKU: NOBEL.35106833
2026-09-23 07:37:29 [INFO] [7406] 'KAMP LAMBASI T612-1 12V SMALL 16,5 CM PA' | 100.00 TL | SKU: PANTHER.XINYIN.T-612-1
2026-09-23 07:37:30 [INFO] [13577] 'BİTS UÇ SETİ 25-50-75-100-150-200 MM 10 ' | 320.00 TL | SKU: WONDER.STW01958
2026-09-23 07:37:31 [INFO] [3294] 'BULAŞIK SÜNGERİ OLUKLU 5 Lİ ECE' | 40.00 TL | SKU: ECE.ETZ405
2026-09-23 07:37:33 [INFO] [1933] 'SATEN ALÇISI (1 KG)' | 22.50 TL | SKU: DALSAN.109
2026-09-23 07:37:34 [INFO] [14921] 'CAM KAZIMA BIÇAĞI PLASTİK 4 YED. BIÇAKLI' | 139.00 TL | SKU: TROY.21607
2026-09-23 07:37:35 [INFO] [14946] 'ÇAPA YARIM AY SD' | 380.00 TL | SKU: SD.YÇ 0200
2026-09-23 07:37:37 [INFO] [4930] 'ÇATI OLUĞU DERE KELEPÇE 150 MM KALDE' | 48.00 TL | SKU: KALDE.7213BCC150000
2026-09-23 07:37:38 [INFO] [6507] 'ASKI FLANŞI VİDALI ŞEFFAF' | 16.00 TL | SKU: NOBEL.3332794
2026-09-23 07:37:39 [INFO] [9988] 'KLOZET KAPAK KLASİK METAL MENTEŞE ALTTAN' | 920.00 TL | SKU: VİSAM.509.001
2026-09-23 07:37:41 [INFO] [1974] 'DERZ DOLGU KOYU GRİ (SİLİKONLU) QF 333 2' | 430.00 TL | SKU: DARKSS.YK.QF333KG
2026-09-23 07:37:42 [INFO] [9395] 'TAYROT 17-MM*100-CM' | 115.00 TL | SKU: TAYROT.002
2026-09-23 07:37:43 [INFO] [2572] 'ÇALI FIRÇASI MEGA PLASTİK-40 CM' | 130.00 TL | SKU: DOĞUŞ.21.041
2026-09-23 07:37:45 [INFO] [13738] 'EL FENERİ IŞILDAK PT-6219 SOLAR+USB ŞARJ' | 425.00 TL | SKU: PANTHER PT-6219
2026-09-23 07:37:46 [INFO] [14752] 'ELDİVEN PU KAPLI SLİM NO:10 BEYBİ' | 40.00 TL | SKU: BEYBİ.İ040217
2026-09-23 07:37:47 [INFO] [6197] 'ÇEKİÇ SAPI-2000 GR' | 75.00 TL | SKU: NALBUR.099
2026-09-23 07:37:48 [INFO] [10902] 'FIRÇA KESTİRME LÜX NO:3 KARDELEN' | 60.00 TL | SKU: KARDELEN.0048
2026-09-23 07:37:50 [INFO] [1992] 'DERZ DOLGU KOYU GRİ (SİLİKONLU) 1 KG' | 35.00 TL | SKU: DARKSS.YK.0005
2026-09-23 07:37:51 [INFO] [11923] 'DIŞ CEPHE BOYASI NUCLEUS RG-1 (15-LT)' | 5500.00 TL | SKU: FİLLİ.NUCLEUS.2501-2489-02-00000.RG1.15L
2026-09-23 07:37:52 [INFO] [4441] 'HORTUM TERAZİ ŞEFFAF 10 MM 1 M' | 13.20 TL | SKU: GÜNEŞ.0016.10
2026-09-23 07:37:54 [INFO] [5322] 'İKAZ BANDI EMNİYET 250 MT' | 199.00 TL | SKU: ARY.6CM250M
2026-09-23 07:37:55 [INFO] [11094] 'İSKOTA İP HALAT (İPEK) 5 MM' | 239.00 TL | SKU: İP.İPK.02.18
2026-09-23 07:37:56 [INFO] [11503] 'KABLO BAĞI CIRT KELEPÇE 200X2.5 SİYAH 10' | 44.00 TL | SKU: WONDER.STW016022
2026-09-23 07:37:58 [INFO] [14319] 'GRES YAĞI KIRMIZI 1 KG.' | 125.00 TL | SKU: SUPERCLASS.SC0010
2026-09-23 07:37:59 [INFO] [10006] 'KADA TELLİ KÖRÜKLÜ VİSAM ÇAP 100 MM' | 250.00 TL | SKU: VİSAM.892.001
2026-09-23 07:38:00 [INFO] [6414] 'KAPI STOPERİ AHŞAP' | 64.00 TL | SKU: NOBEL.30712
2026-09-23 07:38:01 [INFO] [4665] 'SHINGLE ÇİVİSİ 30MM' | 135.00 TL | SKU: İNŞ.ÇİV.03.30
2026-09-23 07:38:03 [INFO] [8356] 'KARADENİZ BALTA KÜÇÜK SAPLI B0405 SD' | 710.00 TL | SKU: SD.DSB0405
2026-09-23 07:38:04 [INFO] [3558] 'DUY FİŞ E27 GECE LAMBASI RENKLİ (BEYAZ-Y' | 25.00 TL | SKU: FAR.23000031
2026-09-23 07:38:05 [INFO] [6196] 'KAZMA SAPI' | 100.00 TL | SKU: NALBUR.097
2026-09-23 07:38:07 [INFO] [6213] 'KESER SAPLI-USTA KESERİ' | 325.00 TL | SKU: NALBUR.122
2026-09-23 07:38:08 [INFO] [2713] 'KULAK TIKACI İPLİ EAR ULTRAFIT SNR=32 dB' | 25.00 TL | SKU: EAR.ULTRALİFT
2026-09-23 07:38:09 [INFO] [6309] 'KULP AMASRA 128-160 MM İNOX' | 79.00 TL | SKU: NOBEL.113112816000
2026-09-23 07:38:10 [INFO] [6926] 'KULP OVACIK MATSİYAH 160 MM' | 32.00 TL | SKU: NOBEL.KL16773160
2026-09-23 07:38:11 [INFO] [13123] 'KARIŞTIRICI SDS PLUS 60x400' | 140.00 TL | SKU: TROY.27905
2026-09-23 07:38:13 [INFO] [5898] 'MANYETİK SOMUN ADAPTÖRÜ 13x45 MM' | 41.00 TL | SKU: WONDER.STW01276
2026-09-23 07:38:14 [INFO] [1921] 'KAĞIT BANT ALLEV (1AD.150MT)' | 249.00 TL | SKU: DALSAN.314
2026-09-23 07:38:15 [WARNING] [https://yapimaks.com/nem-bariyeri-100gr-3kat-beyaz-darkss-1-m2-160-p12141] Urun parse hatasi (deneme 1/3): API yanitinda fiyat bulunamadi
2026-09-23 07:38:17 [INFO] [4609] 'PERDE RAYI KORNİŞ ÜÇLÜ RAY FİNALİ' | 50.00 TL | SKU: IŞIK.0124
2026-09-23 07:38:18 [INFO] [11699] 'ASKI LALE KROM' | 37.00 TL | SKU: NOBEL.PA39829
2026-09-23 07:38:19 [WARNING] [https://yapimaks.com/nem-bariyeri-100gr-3kat-beyaz-darkss-1-m2-160-p12141] Urun parse hatasi (deneme 2/3): API yanitinda fiyat bulunamadi
2026-09-23 07:38:20 [INFO] [9000] 'HORTUM ADAPTÖRÜ STOPLU 1/2 SPRİNG GARDEN' | 15.00 TL | SKU: SPR.14
2026-09-23 07:38:21 [INFO] [1009] 'PİL İNCE 2 Lİ ŞARJ EDİLEBİLİR 1.2V AAA 6' | 99.00 TL | SKU: AVEC.AAA600
2026-09-23 07:38:23 [INFO] [4417] "SALMASTRA 17'LİK" | 130.00 TL | SKU: GMS.YD015
2026-09-23 07:38:24 [INFO] [15077] 'MAKET BIÇAĞI YEDEĞİ 10 LU GENİŞ 18MM ORI' | 60.00 TL | SKU: ORIENT.MAKB2T
2026-09-23 07:38:25 [INFO] [2032] 'PRİMAST 200 ASTAR SERAMİK ÜSTÜ 3 KG' | 275.00 TL | SKU: DARKSS.B.P200.03
2026-09-23 07:38:26 [INFO] [14324] 'ELDİVEN SARI BEYAZ PN2 NO:9' | 39.00 TL | SKU: BEYBİ.İ0401752
2026-09-23 07:38:28 [INFO] [6808] 'KAĞITLIK AÇIK WC KROM ECO FIESTA 721318' | 71.00 TL | SKU: NOBEL.721318
2026-09-23 07:38:29 [INFO] [5618] 'MD 110 ABS HORTUM REKORU 3/4' | 20.00 TL | SKU: MEDALYAN.MD110
2026-09-23 07:38:30 [WARNING] [https://yapimaks.com/nem-bariyeri-100gr-3kat-beyaz-darkss-1-m2-160-p12141] Urun parse hatasi (deneme 3/3): API yanitinda fiyat bulunamadi
2026-09-23 07:38:30 [ERROR] [https://yapimaks.com/nem-bariyeri-100gr-3kat-beyaz-darkss-1-m2-160-p12141] Tum denemeler basarisiz: API yanitinda fiyat bulunamadi
2026-09-23 07:38:30 [WARNING] [https://yapimaks.com/nem-bariyeri-100gr-3kat-beyaz-darkss-1-m2-160-p12141] Eski satir korundu, yarin tekrar denenir.
2026-09-23 07:38:30 [INFO] State yaziliyor: 8599 url -> /home/runner/work/inflationstudymirror/inflationstudymirror/InflationItems/Datas/ConstructionSuppliesMarkets/yapimaks/last_seen.json
2026-09-23 07:38:30 [INFO] ==================================================
2026-09-23 07:38:30 [INFO] Tamamlandi [OK]! Tasinan: 8204 | Tazelenen: 392 | Basarisiz: 3 | Korunan eski satir: 3 | Atlanan (sure/limit): 0 | Dusurulen: 0
2026-09-23 07:38:30 [INFO] Dosya: /home/runner/work/inflationstudymirror/inflationstudymirror/InflationItems/Datas/ConstructionSuppliesMarkets/yapimaks/2026-09-23.csv (toplam 8599 urun)
2026-09-23 07:38:30 [INFO] ==================================================
