2026-10-10 02:23:43 [INFO] ==================================================
2026-10-10 02:23:43 [INFO] Yapimaks Scraper basliyor (async)
2026-10-10 02:23:43 [INFO] ==================================================
2026-10-10 02:23:43 [INFO] Parametreler: workers=8, rate=0.8/sn, max_duration=300 dk
2026-10-10 02:23:43 [INFO] Ana sayfa ziyaret ediliyor, cookie aliniyor...
2026-10-10 02:23:43 [INFO] Cookie basariyla alindi.
2026-10-10 02:23:43 [INFO] Sitemap indiriliyor: https://yapimaks.com/sitemap/products1.xml
2026-10-10 02:23:44 [INFO] Sitemap'ten toplam 8311 urun URL'si bulundu.
2026-10-10 02:23:44 [INFO] Dunun dosyasi: 2026-10-09.csv
2026-10-10 02:23:44 [INFO] Dunun dosyasinda 8390 urun var.
2026-10-10 02:23:44 [WARNING] 9 urun 7+ gun sitemap'te gorunmuyor, dosyadan dusuruldu: ['https://yapimaks.com/metre-serit-8m-x-25mm-dekor-p14321', 'https://yapimaks.com/cekvalf-3-4-p4385', 'https://yapimaks.com/dizlik-14-cm-poliuretan-dekor-02318-p13066', 'https://yapimaks.com/dizlik-16-cm-poliuretan-1-adet-duyar-341-p2124', 'https://yapimaks.com/metre-serit-5m-x-25mm-dekor-dk02296-p12187']...
2026-10-10 02:23:44 [INFO] GUNLUK BUTCE: 293 urun aday — hepsi bu koşuda tazelenir.
2026-10-10 02:23:44 [INFO] Tasinacak (degismeyen) urun: 8381 | Yeniden cekilecek: 293
2026-10-10 02:23:45 [INFO] [15946] '404 METALİZE ÇELİK REÇİNE YAPIŞTIRICI 10' | 150.00 TL | SKU: 404.A06003
2026-10-10 02:23:45 [INFO] [2862] 'CALCUTTA BEYAZ 60X120 1K BEYAZ PARLAK RE' | 1645.00 TL | SKU: EGESER.600X1200CUT01PAR.1K
2026-10-10 02:23:45 [INFO] [1879] 'KARTONPİYER ALÇISI (1 KG)' | 20.00 TL | SKU: DALSAN.111
2026-10-10 02:23:46 [WARNING] [https://yapimaks.com/insaat-demiri-nervullu-kalin-12-14-16-20-p4683] Urun parse hatasi (deneme 1/3): API yanitinda fiyat bulunamadi
2026-10-10 02:23:47 [INFO] [15945] 'YER ALTI KAZI İKAZ ŞERİT BANT 15 CM 1 ME' | 4.00 TL | SKU: ELPİM.X-8889
2026-10-10 02:23:48 [INFO] [3511] 'MİL MENTEŞE 18 LİK FERFORJE' | 95.00 TL | SKU: FALO.18FM
2026-10-10 02:23:50 [WARNING] [https://yapimaks.com/insaat-demiri-nervullu-kalin-12-14-16-20-p4683] Urun parse hatasi (deneme 2/3): API yanitinda fiyat bulunamadi
2026-10-10 02:23:51 [INFO] [9305] 'ELDİVEN PRO PAMUKLU SARI NO:10 STD' | 50.00 TL | SKU: STD.972490800
2026-10-10 02:23:52 [INFO] [3664] 'AHŞAP VERNİĞİ 0,75L KESTANE DEK. STAİN W' | 350.00 TL | SKU: FAWORİ.092
2026-10-10 02:23:53 [INFO] [9519] 'ALET SETİ 3 PARÇA MAKAS+MAKETBIÇAĞI+BANT' | 185.00 TL | SKU: TEK-İŞ.529474
2026-10-10 02:23:55 [WARNING] [https://yapimaks.com/ray-spot-40w-4000k-9005-siyah-kasa-masialux-p13935] Urun parse hatasi (deneme 1/3): API yanitinda fiyat bulunamadi
2026-10-10 02:23:56 [WARNING] [https://yapimaks.com/insaat-demiri-nervullu-kalin-12-14-16-20-p4683] Urun parse hatasi (deneme 3/3): API yanitinda fiyat bulunamadi
2026-10-10 02:23:56 [ERROR] [https://yapimaks.com/insaat-demiri-nervullu-kalin-12-14-16-20-p4683] Tum denemeler basarisiz: API yanitinda fiyat bulunamadi
2026-10-10 02:23:56 [WARNING] [https://yapimaks.com/insaat-demiri-nervullu-kalin-12-14-16-20-p4683] Eski satir korundu, yarin tekrar denenir.
2026-10-10 02:23:57 [INFO] [7791] 'BAŞLI ÇİVİ TABANCA F50 1P=5000 AD' | 525.00 TL | SKU: RAYTEL.F50
2026-10-10 02:23:58 [INFO] [5808] 'BUDAMA MAKASI 8" 281421 MAXGARDEN' | 390.00 TL | SKU: MAXGARDEN.281421
2026-10-10 02:24:00 [INFO] [4803] '20 1/2 TAHARET BAĞLANTISI ÇİFTLİ KALDE' | 227.00 TL | SKU: KALDE.3222BTT200B00
2026-10-10 02:24:01 [INFO] [14328] 'CERMAN BAREL KİLİT 68 MM BİLYALI MANDALL' | 480.00 TL | SKU: YUMA.YM-B68BTM
2026-10-10 02:24:02 [INFO] [8298] 'DUŞ KANALI ALMİRA ABS KASALI 40 CM 1MM' | 900.00 TL | SKU: SAY.602.40.P
2026-10-10 02:24:03 [INFO] [14805] 'Bİ -METAL PANÇ ADAPTÖR HEX 14/30 MM' | 130.00 TL | SKU: WONDER.WPBMA01003
2026-10-10 02:24:05 [INFO] [9309] 'BULDEKS VİDA 7.5x200 1 AD' | 9.25 TL | SKU: STD.BULV75200
2026-10-10 02:24:06 [INFO] [8299] 'DUŞ KANALI ALMİRA ABS KASALI 60 CM 1MM' | 1050.00 TL | SKU: SAY.602.60.P
2026-10-10 02:24:07 [INFO] [14405] 'DUŞ KANALI LİNEER 60 CM HAREKETLİ S SİFO' | 468.00 TL | SKU: LİNEER.B21HK-1060-KB1-SS50
2026-10-10 02:24:09 [INFO] [7788] 'BAŞLI ÇİVİ TABANCA F15 1P=5000 AD' | 199.00 TL | SKU: RAYTEL.F15
2026-10-10 02:24:10 [INFO] [8296] 'DUŞ KANALI OPTİMA ABS DÖNER KASALI 40 CM' | 1750.00 TL | SKU: SAY.601.40.P
2026-10-10 02:24:11 [INFO] [8297] 'DUŞ KANALI OPTİMA ABS DÖNER KASALI 60 CM' | 2100.00 TL | SKU: SAY.601.60.P
2026-10-10 02:24:12 [INFO] [2475] 'DUŞ SETİ CORAL SÜRGÜLÜ ANTRASİT KROM DIA' | 725.00 TL | SKU: DIAMOND.SLCR2007
2026-10-10 02:24:14 [INFO] [8526] 'GASKET SİLİKON SIVI CONTA ISI DAYANIM 65' | 175.00 TL | SKU: SELENA.172
2026-10-10 02:24:15 [INFO] [7946] 'REXON SIVI GRES ZİNCİR YAĞLAYICI 400ML' | 150.00 TL | SKU: REX.4515
2026-10-10 02:24:16 [INFO] [6275] 'CIRT ZIMPARA 225 MM 220 KUM DELİKLİ' | 20.00 TL | SKU: NIKON.N52024
2026-10-10 02:24:17 [INFO] [5628] 'GAZ ALTI TELİ-1.0 MM' | 1550.00 TL | SKU: MAGMAWELD.004
2026-10-10 02:24:19 [WARNING] [https://yapimaks.com/ray-spot-40w-4000k-9005-siyah-kasa-masialux-p13935] Urun parse hatasi (deneme 2/3): API yanitinda fiyat bulunamadi
2026-10-10 02:24:20 [INFO] [9356] 'KANGAL BORU EKO 40 MM 10 ATÜ MAVİ SÜRMEN' | 90.00 TL | SKU: SÜRMENE.1032040
2026-10-10 02:24:21 [INFO] [14407] 'DUŞ KANALI LİNEER 40 CM SABİT SATEN YAND' | 359.00 TL | SKU: LİNEER.B21SK-1040-Y50-KB1
2026-10-10 02:24:22 [INFO] [2092] 'MALA SÜNGERLİ 16x30 CM UZUN DEKOR' | 346.80 TL | SKU: DEKOR.180
2026-10-10 02:24:24 [INFO] [8226] 'MERDİVEN 4X4 ÇOK AMAÇLI AKROBAT ALÜMİNYU' | 9800.00 TL | SKU: SARAYLI.7616
2026-10-10 02:24:25 [WARNING] [https://yapimaks.com/ray-spot-40w-4000k-9005-siyah-kasa-masialux-p13935] Urun parse hatasi (deneme 3/3): API yanitinda fiyat bulunamadi
2026-10-10 02:24:25 [ERROR] [https://yapimaks.com/ray-spot-40w-4000k-9005-siyah-kasa-masialux-p13935] Tum denemeler basarisiz: API yanitinda fiyat bulunamadi
2026-10-10 02:24:25 [WARNING] [https://yapimaks.com/ray-spot-40w-4000k-9005-siyah-kasa-masialux-p13935] Eski satir korundu, yarin tekrar denenir.
2026-10-10 02:24:26 [INFO] [4422] 'MİX KARTUŞU 40 LİK AYAKSIZ' | 195.00 TL | SKU: GMS.YD035
2026-10-10 02:24:27 [INFO] [12230] 'METRE ŞERİT 30MT 12.5MM' | 525.00 TL | SKU: BTS.12363
2026-10-10 02:24:29 [INFO] [3218] 'EPS-50 4 CM ADET KARBONLU' | 73.00 TL | SKU: EPS.14.0020
2026-10-10 02:24:30 [INFO] [7923] 'REXON SPREY BOYA TAKSİ SARISI 400ML (RAL' | 138.00 TL | SKU: REX.4314
2026-10-10 02:24:31 [INFO] [9729] 'SDS MAX KESKİ GENİŞ 18x50x300 50305-TODR' | 300.00 TL | SKU: TODRİLL.TD50305
2026-10-10 02:24:32 [INFO] [13617] 'SDS PLUS MATKAP UCU 16X450 MM' | 250.00 TL | SKU: WONDER.STW013945
2026-10-10 02:24:34 [INFO] [10709] 'KESKİ GENİŞ 18X600X75 MM WONDER SDS MAX' | 475.00 TL | SKU: WONDER.STW013782-6
2026-10-10 02:24:35 [INFO] [6094] 'İÇ CEPHE BOYASI RG3 (2.5 LT) MOMENTOMAX' | 1000.00 TL | SKU: FİLLİ.MOMENTOMAX.RG3.2,5L
2026-10-10 02:24:36 [INFO] [12816] 'DUŞ KANALI LİNEER 20 CM SERAMİK UYUMLU S' | 216.00 TL | SKU: LİNEER.DK120.71005451
2026-10-10 02:24:37 [INFO] [8295] 'DUŞ KANALI MİRA ABS DÖNER KASALI 60 CM 1' | 1300.00 TL | SKU: SAY.600.60.P
2026-10-10 02:24:38 [INFO] [9082] 'SUNTA VİDASI 4x20 STD (1000)' | 305.00 TL | SKU: STD.900010700
2026-10-10 02:24:40 [INFO] [5930] 'SDS MATKAP UCU 5x160 MM' | 70.00 TL | SKU: FİVESTAR.5160
2026-10-10 02:24:41 [INFO] [9076] 'SUNTA VİDASI 3,5x16 STD (1000)' | 255.00 TL | SKU: STD.900003700
2026-10-10 02:24:42 [INFO] [15169] 'HAVA TABANCASI YENİ NESİL UZUN 104' | 350.00 TL | SKU: FRS.104
2026-10-10 02:24:44 [INFO] [14481] 'RULO DEKOR PLASDEK SATEN 15CM 1018' | 225.00 TL | SKU: DEKOR.1018
2026-10-10 02:24:45 [INFO] [9078] 'SUNTA VİDASI 3,5x18 STD (1000)' | 235.00 TL | SKU: STD.900004700
2026-10-10 02:24:46 [INFO] [12671] 'YAPIŞTIRICI HIZLI 56,7 G MAVİ ALTECO' | 229.00 TL | SKU: ALTECO3T-64G
2026-10-10 02:24:47 [INFO] [9079] 'SUNTA VİDASI 3x20 STD (1000)' | 260.00 TL | SKU: STD.9000048700
2026-10-10 02:24:48 [INFO] [13915] 'VERANO VİŞNE 10X30 2K (0,6M2)' | 336.00 TL | SKU: EGESER.100X300VRO14
2026-10-10 02:24:50 [INFO] [2153] 'ZIMBA TELİ 13/6 (300/6)DELTA' | 110.00 TL | SKU: DELTA.13/6
2026-10-10 02:24:51 [INFO] [4349] 'BATARYA BAĞLANTISI 50 CM' | 55.00 TL | SKU: GMS.FB874
2026-10-10 02:24:52 [INFO] [15777] '10*20*1.50MM KUTU PROFİL' | 210.00 TL | SKU: DEM.PRF.402
2026-10-10 02:24:54 [INFO] [1965] 'BİMS TUĞLA BRİKET YAPIŞTIR.QF-135 25 KG' | 180.00 TL | SKU: DARKSS.YK.QF135
2026-10-10 02:24:55 [INFO] [7790] 'BAŞLI ÇİVİ TABANCA F40 1P=5000 AD' | 365.00 TL | SKU: RAYTEL.F40
2026-10-10 02:24:56 [INFO] [4672] 'İNŞAAT DEMİRİ NERVÜLLÜ 10-MM (12MT)' | 1.00 TL | SKU: İNŞ.DEMİRİ.002
2026-10-10 02:24:57 [INFO] [4677] 'İNŞAAT DEMİRİ NERVÜLLÜ 20-MM (12MT)' | 1.00 TL | SKU: İNŞ.DEMİRİ.007
2026-10-10 02:24:59 [INFO] [8913] 'GÖLGELİK-GÖLGEFİL %85 SIKLIK EN:150 CM, ' | 38.00 TL | SKU: GÖLGELİK.85.150CM
2026-10-10 02:25:00 [INFO] [15593] 'BAĞ MAKASI 200 MM WERT 4123' | 450.00 TL | SKU: WERT.4123
2026-10-10 02:25:01 [INFO] [3506] 'MİL MENTEŞE KENARDAN TEK SAÇLI 66 MM' | 32.50 TL | SKU: FALO.14TKM
2026-10-10 02:25:02 [INFO] [5409] 'OSB 2 122X244 CM 18 MM KRONOSPAN (46)' | 1150.00 TL | SKU: KRONOSPAN.04
2026-10-10 02:25:04 [INFO] [3348] 'SIVA FİLESİ 160 GR F 160 EXPERT (55)' | 38.00 TL | SKU: EXPERT.006
2026-10-10 02:25:05 [INFO] [4764] '32 PPRC BORU 4 MT KALDE' | 274.00 TL | SKU: KALDE.3202TBE320000
2026-10-10 02:25:06 [INFO] [15522] 'ÇIRPI İPİ 55 GR. 30 MT' | 45.00 TL | SKU: WONDER.W01501
2026-10-10 02:25:07 [INFO] [8294] 'DUŞ KANALI MİRA ABS DÖNER KASALI 40 CM 1' | 1000.00 TL | SKU: SAY.600.40.P
2026-10-10 02:25:08 [INFO] [7665] 'TRAPEZ 875*2500*ŞEFFAF 0.9MM' | 750.00 TL | SKU: PVC.OND.TRP.2500
2026-10-10 02:25:10 [INFO] [6243] 'CIRT ZIMPARA 115 MM 150 KUM' | 10.00 TL | SKU: NIKON.33511
2026-10-10 02:25:11 [INFO] [626] 'CIRT ZIMPARA TABANI 115 MM' | 55.00 TL | SKU: AKTEK.RZP115
2026-10-10 02:25:12 [INFO] [15723] 'SİFON KÖRÜKLÜ SABİT KAFALI 85X32 (PASLAN' | 70.00 TL | SKU: GÜÇLÜ.1107
2026-10-10 02:25:14 [INFO] [14818] 'DUŞ KANALI LİNEER 40 CM HAREKETLİ SATEN ' | 330.00 TL | SKU: LİNEER.B21HK-2040-KB1-SS50
2026-10-10 02:25:15 [INFO] [9208] 'ASMA KİLİT SARI 63mm' | 141.00 TL | SKU: STD.959909800
2026-10-10 02:25:16 [INFO] [6507] 'ASKI FLANŞI VİDALI ŞEFFAF' | 16.00 TL | SKU: NOBEL.3332794
2026-10-10 02:25:17 [INFO] [9081] 'SUNTA VİDASI 3,5x50 STD (500)' | 240.00 TL | SKU: STD.900009700
2026-10-10 02:25:19 [INFO] [4869] '100/500 PİS SU BORU PPRC KALDE' | 127.00 TL | SKU: KALDE.5203TBE0M0500
2026-10-10 02:25:20 [INFO] [4898] '70/50 ÇATAL PİS SU PVC KALDE' | 52.00 TL | SKU: KALDE.5213SBR0L0K45
2026-10-10 02:25:21 [INFO] [9074] 'BULDEKS VİDA 7.5x120 1 AD' | 3.75 TL | SKU: STD.900046700
2026-10-10 02:25:22 [INFO] [1551] 'SHINGLE GALAKSİ MODERN  KIRMIZI (2,52)' | 900.00 TL | SKU: BTM.0100
2026-10-10 02:25:24 [INFO] [15803] 'SUNTA VİDASI 4x30 STD (500)' | 200.00 TL | SKU: STD.900012700
2026-10-10 02:25:25 [INFO] [15862] 'METRE ŞERİT 10M X 25MM GRİ AYZ' | 230.00 TL | SKU: AYZ.PR1025A
2026-10-10 02:25:26 [INFO] [4799] '20 1/2 BATARYA BAĞLANTISI ÇİFTLİ KALDE' | 170.00 TL | SKU: KALDE.3222BAT200B04
2026-10-10 02:25:27 [INFO] [14501] 'KABLO BAĞI CIRT KELEPÇE 450X4.8 SİYAH 10' | 209.00 TL | SKU: WONDER.STW01636-1
2026-10-10 02:25:29 [INFO] [9080] 'SUNTA VİDASI 3,5x30 STD (1000)' | 310.00 TL | SKU: STD.900007700
2026-10-10 02:25:30 [INFO] [9180] 'DOLAP ASKI ELEMANI 1,20-BEYAZ' | 10.00 TL | SKU: STD.941718800
2026-10-10 02:25:31 [INFO] [9629] 'ANTİPAS GRİ 3 KG TEMPO' | 550.00 TL | SKU: TEMPO.0041
2026-10-10 02:25:32 [INFO] [4855] '20 KELEPÇE PPRC KALDE' | 3.00 TL | SKU: KALDE.3592BCK202201
2026-10-10 02:25:33 [INFO] [14902] 'SU TERAZİSİ 100 CM MIKNATISLI ETVAL' | 350.00 TL | SKU: ETVAL.ESTO03010
2026-10-10 02:25:35 [INFO] [4259] '0.30*875*300 OLUKLU' | 525.00 TL | SKU: GLV.SAC.030.3000
2026-10-10 02:25:36 [INFO] [5206] 'AKGÜN KİREMİT MARSİLYA SİLİKONLU KIRMIZI' | 30.00 TL | SKU: KİREMİT.007
2026-10-10 02:25:37 [INFO] [3920] 'KÖŞE ÇITASI DELİKLİ EKO 030 17X21 2.70 M' | 25.00 TL | SKU: FOUR.030.KÇYD.17X21.2700
2026-10-10 02:25:39 [INFO] [4438] 'HORTUM SARI EMİCİ 1 P, 1M' | 50.00 TL | SKU: GÜNEŞ.0019.1
2026-10-10 02:25:40 [INFO] [4366] 'KÜRESEL VANA 1/2' | 390.00 TL | SKU: GMS.KV303
2026-10-10 02:25:41 [INFO] [15144] 'SIRIK TELESKOPİK 6 MT ASLANLAR' | 500.00 TL | SKU: ASLANLAR.H05064
2026-10-10 02:25:42 [INFO] [4505] 'HİLTİ ÇİVİ GX3-C 27MX+GC 42 GAZ (1200AD)' | 2650.00 TL | SKU: HİLTİ.2045541
2026-10-10 02:25:44 [INFO] [6468] 'MENTEŞE YAPRAK 1840X3.5 NO:3.5' | 17.00 TL | SKU: ERSA.293
2026-10-10 02:25:45 [INFO] [3192] 'EPS-10 25*40*100-ASMOLEN 1 AD 0.4 M2' | 225.00 TL | SKU: EPS.10.0012
2026-10-10 02:25:46 [INFO] [12480] 'SDS 4 ELMASLI MATKAP UCU 8X210 WONDER' | 100.00 TL | SKU: WONDER.STW013962
2026-10-10 02:25:47 [INFO] [4875] '125/500 PİS SU BORU PPRC KALDE' | 116.00 TL | SKU: KALDE.5203TBE0N0500
2026-10-10 02:25:49 [INFO] [4325] 'FLEX BAĞLANTI 70CM 1/2- 1/2' | 190.00 TL | SKU: GMS.FB825
2026-10-10 02:25:50 [INFO] [8475] 'SDS MATKAP UCU 9x210 MM' | 108.00 TL | SKU: FİVESTAR.9210
2026-10-10 02:25:51 [INFO] [9951] 'PRİZ TOPRAKLI TEKLİ BEYAZ LİNNERA/ROLLİN' | 92.00 TL | SKU: VİKO.90440008
2026-10-10 02:25:51 [INFO] ... ilerleme 100/293 (tazelenen 98, basarisiz 2, korunan 2, atlanan 0)
2026-10-10 02:25:52 [INFO] [8145] 'TEFLON BANT DOĞALGAZ SARI 12MM X 8M' | 30.00 TL | SKU: ORIENT.BNT10G
2026-10-10 02:25:53 [INFO] [7280] 'ÇATI PANELİ PU 40*EKO*7500(9002)' | 4015.00 TL | SKU: PANEL.0021
2026-10-10 02:25:55 [INFO] [9320] 'STROPİYER ÇITA 40X18 MM (2M)' | 40.00 TL | SKU: STROPİYER.010
2026-10-10 02:25:56 [INFO] [7294] 'CEPHE PANELİ PU 40*EKO*4500(9002)' | 2407.50 TL | SKU: PANEL.0035
2026-10-10 02:25:57 [INFO] [10760] 'SUNTA VİDASI 4x45 STD (500)' | 270.00 TL | SKU: STD.900014700
2026-10-10 02:25:59 [INFO] [6146] 'ONDULİN ÇİVİSİ METAL BAŞLI KIRMIZI 10 CM' | 200.00 TL | SKU: NALBUR.010.02
2026-10-10 02:26:00 [INFO] [12754] 'SHINGLE ÇİVİSİ 25MM' | 150.00 TL | SKU: İNŞ.ÇİV.025.25
2026-10-10 02:26:01 [INFO] [4768] '32 KOMPOZİT BORU PPRC 4 M KALDE' | 312.00 TL | SKU: KALDE.3202TFR320020
2026-10-10 02:26:02 [INFO] [14960] 'ONDULİN ÇİVİSİ METAL BAŞLI GLV BEYAZ 8 C' | 200.00 TL | SKU: NALBUR.008.04
2026-10-10 02:26:03 [INFO] [7786] 'BAŞLI ÇİVİ TABANCA F20 1P=5000 AD' | 229.00 TL | SKU: RAYTEL.F20
2026-10-10 02:26:05 [INFO] [5131] 'EMNİYET VENTİLİ SİBOP BANYO KAZAN' | 175.00 TL | SKU: KARPA.107
2026-10-10 02:26:06 [INFO] [7676] 'PVC KİREMİT MAHYA 60X104 CM 2,5 MM KIRMI' | 450.00 TL | SKU: PVC.KRMT.KRM.MHY
2026-10-10 02:26:07 [INFO] [9336] 'STROPİYER K4 10X10CM 10MM (2M)' | 45.00 TL | SKU: STROPİYER.030
2026-10-10 02:26:08 [INFO] [5933] 'SDS PLUS MATKAP UCU 6x210 MM' | 70.00 TL | SKU: WONDER.STW01390
2026-10-10 02:26:10 [INFO] [13959] 'KOLİ KALEMİ SİYAH' | 50.00 TL | SKU: EDDİNG.GHED10301
2026-10-10 02:26:11 [INFO] [3947] 'AGRAF 20 1 ADET (500)' | 10.00 TL | SKU: FOUR.HNK0005
2026-10-10 02:26:12 [INFO] [3201] 'EPS-30 3CM 50*100 (16AD-8M2) DARKSS' | 590.00 TL | SKU: EPS.12.0008
2026-10-10 02:26:14 [INFO] [5207] 'AKGÜN KİREMİT MAHYA MARSİLYA KIRMIZI' | 55.00 TL | SKU: KİREMİT.008
2026-10-10 02:26:15 [INFO] [4900] '100/90 PİS SU PVC DİRSEK KALDE' | 74.00 TL | SKU: KALDE.5213ELB0M0090
2026-10-10 02:26:16 [INFO] [9135] 'BETOFAST 6.3*50 1 AD' | 2.50 TL | SKU: STD.900240700
2026-10-10 02:26:17 [INFO] [4914] '100/50 ÇATAL PİS SU PVC KALDE' | 85.00 TL | SKU: KALDE.5213SBR0M0K45
2026-10-10 02:26:18 [INFO] [4894] '50/45 PİS SU PVC DİRSEK KALDE' | 17.00 TL | SKU: KALDE.5213ELB0K0045
2026-10-10 02:26:20 [INFO] [4884] '100/250 PİS SU BORUSU KALDE' | 102.00 TL | SKU: KALDE.5203TBEXM0250
2026-10-10 02:26:21 [INFO] [4873] '100/1000 PİS SU BORU KALDE' | 181.00 TL | SKU: KALDE.5203TBE0M1000
2026-10-10 02:26:22 [INFO] [4899] '100/45 PİS SU PVC DİRSEK KALDE' | 62.00 TL | SKU: KALDE.5213ELB0M0045
2026-10-10 02:26:24 [INFO] [15437] 'MASKELEME BANDI 24MM x 25 MT RTRMAX 1 AD' | 25.00 TL | SKU: RTRMAX.RNM2425
2026-10-10 02:26:25 [INFO] [9084] 'SUNTA VİDASI 5x40 STD(200)' | 135.00 TL | SKU: STD.900015700
2026-10-10 02:26:26 [INFO] [3202] 'EPS-30 4CM 50*100(12AD-6M2)' | 590.00 TL | SKU: EPS.12.0009
2026-10-10 02:26:27 [INFO] [14611] 'ZEMİN/KORUMA ÖRTÜSÜ PRATİK 10 M2 KARDELE' | 49.00 TL | SKU: KARDELEN.0064
2026-10-10 02:26:29 [INFO] [13762] 'TAŞYÜNÜ LEVHA FAWORİ TR7,5-08CM (60*100*' | 1000.00 TL | SKU: FAWORİ.5082-6553-A4
2026-10-10 02:26:30 [INFO] [9083] 'SUNTA VİDASI 4x25 STD (500)' | 175.00 TL | SKU: STD.900011700
2026-10-10 02:26:31 [INFO] [3930] 'TC 045 MM GOLD 27X60X27 3 M 1 AD (12)' | 95.00 TL | SKU: FOUR.045.TC-60.27.3000
2026-10-10 02:26:32 [INFO] [9126] 'ALÇ.VİDA SİVRİ 35 (1000 AD) STD' | 525.00 TL | SKU: STD.900196700
2026-10-10 02:26:33 [INFO] [4881] '50/500 PİS SU BORU PPRC KALDE' | 70.00 TL | SKU: KALDE.5203TBEXK0500
2026-10-10 02:26:35 [INFO] [14844] 'EL FENERİ PT-8872 USB ŞARJLI SOLAR' | 175.00 TL | SKU: PANTHER PT-8872
2026-10-10 02:26:36 [INFO] [15505] 'FIRÇA KESTİRME AHŞAP SÜPER NO:4 202 YILD' | 100.00 TL | SKU: YILDIRIMFIRÇA.202
2026-10-10 02:26:37 [INFO] [11546] 'MUSLUK UZUN MK101' | 595.00 TL | SKU: GMS.MK101
2026-10-10 02:26:39 [INFO] [14613] 'FREN BALATA TEMİZLEYİCİ F1 500ML 404' | 135.00 TL | SKU: 404.A06063
2026-10-10 02:26:40 [INFO] [6804] 'HAVLULUK UZUN KROM ECO FIESTA 721311' | 130.00 TL | SKU: NOBEL.721311
2026-10-10 02:26:41 [INFO] [11503] 'KABLO BAĞI CIRT KELEPÇE 200X2.5 SİYAH 10' | 44.00 TL | SKU: WONDER.STW016022
2026-10-10 02:26:42 [INFO] [1478] 'ARDUAZLI SHINGLE RULO KIRMIZI YONCA (10M' | 1390.00 TL | SKU: BİKAMAX.FLEX01
2026-10-10 02:26:43 [INFO] [8521] 'PU KÖPÜK THERMOSPRAY PİPETLİ 800 ML (1.5' | 309.00 TL | SKU: SELENA.152
2026-10-10 02:26:45 [INFO] [14709] 'BİTS UÇ PH1 50 MM YILDIZ' | 17.50 TL | SKU: WONDER.STW1914-3
2026-10-10 02:26:46 [INFO] [1477] 'MEMBRAN 2 MM C 200 (15M2) (48)' | 1000.00 TL | SKU: BİKAMAX.C200
2026-10-10 02:26:47 [INFO] [9347] 'GAZ BETON 20-CM (60x25x20) 1AD 0.15 M2' | 125.00 TL | SKU: STT.021
2026-10-10 02:26:49 [INFO] [12565] 'SIVA FİLESİ 160 GR A++ BEYAZ 1 M2 (50)' | 24.00 TL | SKU: DARKSS.SF160.07
2026-10-10 02:26:50 [INFO] [4930] 'ÇATI OLUĞU DERE KELEPÇE 150 MM KALDE' | 48.00 TL | SKU: KALDE.7213BCC150000
2026-10-10 02:26:51 [INFO] [6196] 'KAZMA SAPI' | 100.00 TL | SKU: NALBUR.097
2026-10-10 02:26:52 [INFO] [10415] 'MİNİ FOTOĞRAF ÇERÇEVESİ 2 Lİ' | 35.00 TL | SKU: Z.Q.SA-214
2026-10-10 02:26:54 [INFO] [4958] 'KALE ODA KİLİDİ 45 mm İNCE AYNA OVAL 23 ' | 375.00 TL | SKU: KALE.KL141R4500005
2026-10-10 02:26:55 [INFO] [2009] 'MANTOLAMA DÜBELİ PVC ÇİVİLİ 12-CM SPECO ' | 2.00 TL | SKU: SPECO.MD.12
2026-10-10 02:26:56 [INFO] [9088] 'SUNTA VİDASI 5x70 STD (200)' | 240.00 TL | SKU: STD.900023700
2026-10-10 02:26:57 [INFO] [9168] 'BİTS UÇ PH2-25MM STANDART' | 25.00 TL | SKU: STD.933521800
2026-10-10 02:26:59 [INFO] [6218] 'NAYLON BALONLU 150cm x 50MT (35GR)' | 750.00 TL | SKU: NAYLON.002
2026-10-10 02:27:00 [INFO] [781] 'ASMA TAVAN METAL CLİP-İN BASKI TAKOZU 1 ' | 3.00 TL | SKU: ASMAT.023
2026-10-10 02:27:01 [INFO] [777] 'ASMA TAVAN METAL CLİP-İN U PROFİLİ (3 MT' | 105.00 TL | SKU: ASMAT.019
2026-10-10 02:27:02 [INFO] [8494] 'PU KÖPÜK TİTAN PRO 753 STR YAP 750 ML TA' | 299.00 TL | SKU: SELENA.10049326
2026-10-10 02:27:04 [INFO] [9166] 'BİTS UÇ PZ2-50MM STANDART' | 25.00 TL | SKU: STD.933513800
2026-10-10 02:27:05 [INFO] [4654] 'İNŞAAT ÇİVİSİ 7 LİK 16X30' | 59.00 TL | SKU: İNŞ.ÇİV.0004
2026-10-10 02:27:06 [INFO] [3937] 'DC-50 040 MM EKO 35X49X35 3 M 1 AD (12)' | 100.00 TL | SKU: FOUR.040.DC-50.3000
2026-10-10 02:27:07 [INFO] [3923] 'KÖŞE ÇITASI DELİKLİ GLV 035 22X22 3.00 M' | 35.00 TL | SKU: FOUR.035.KÇYD.22X22.3000
2026-10-10 02:27:09 [INFO] [5775] 'MAKET BIÇAĞI METAL GÖVDELİ' | 80.00 TL | SKU: SD.MB075
2026-10-10 02:27:10 [INFO] [10902] 'FIRÇA KESTİRME LÜX NO:3 KARDELEN' | 60.00 TL | SKU: KARDELEN.0048
2026-10-10 02:27:11 [INFO] [8777] 'BİTS UÇ S2 PH3x50MM' | 25.00 TL | SKU: SGS.1803
2026-10-10 02:27:12 [INFO] [9945] 'FİŞ ERKEK TOPRAKLI BEYAZ VİKO' | 70.00 TL | SKU: VİKO.90304100
2026-10-10 02:27:14 [INFO] [13945] 'RULO DEKOR EKSPORT SATEN YAGLI BOYA 15CM' | 219.00 TL | SKU: DEKOR.1082
2026-10-10 02:27:15 [INFO] [4623] 'MASTAR KUTU ALÜMİNYUM 075 70X30 MM 3 M 1' | 850.00 TL | SKU: FOUR.SM.075.70X30.3000
2026-10-10 02:27:16 [INFO] [14903] 'METRE ŞERİT ŞEF 5X25 ERA 12548' | 200.00 TL | SKU: ERA.12548
2026-10-10 02:27:17 [INFO] [9357] 'HORTUM SARI EMİCİ 1 1/2, 1M' | 99.00 TL | SKU: SÜRMENE.2011112
2026-10-10 02:27:19 [INFO] [11528] 'BATARYA ZİRVE MİX BANYO' | 3105.00 TL | SKU: GMS.ZRV103
2026-10-10 02:27:20 [INFO] [2492] 'MAKLUX MAKİNE ALÇISI  35 KG RİGİPS' | 180.00 TL | SKU: DALSAN.102
2026-10-10 02:27:21 [INFO] [1628] 'LİKİT MEMBRAN ELASTO DRYROOF BEYAZ 20KG' | 2500.00 TL | SKU: BTM.0306
2026-10-10 02:27:22 [INFO] [12335] 'ELDİVEN SİYAH-MAVİ ORJİNAL 1/2 10' | 60.00 TL | SKU: CMC.1736
2026-10-10 02:27:24 [INFO] [13220] 'KARGABURUN DÜZ 160 MM BOSS' | 239.00 TL | SKU: BOSS.052211025
2026-10-10 02:27:25 [INFO] [4772] '20/90 DİRSEK KAPALI PPRC KALDE' | 3.00 TL | SKU: KALDE.3212ELB200000
2026-10-10 02:27:26 [INFO] [4895] '50/90 PİS SU PVC DİRSEK KALDE' | 19.00 TL | SKU: KALDE.5213ELB0K0090
2026-10-10 02:27:27 [INFO] [3934] 'DU-75 040 MM EKO 30X75X30 3 M 1 AD (12)' | 92.50 TL | SKU: FOUR.040.DU-75.3000
2026-10-10 02:27:28 [INFO] [2008] 'MANTOLAMA DÜBELİ PVC ÇİVİLİ  10-CM SPECO' | 1.75 TL | SKU: SPECO.MD.10
2026-10-10 02:27:30 [INFO] [15439] 'MASKELEME BANDI 48MM x 25 MT RTRMAX 1 AD' | 45.00 TL | SKU: RTRMAX.RNM4825
2026-10-10 02:27:31 [INFO] [3558] 'DUY FİŞ E27 GECE LAMBASI RENKLİ (BEYAZ-Y' | 25.00 TL | SKU: FAR.23000031
2026-10-10 02:27:32 [INFO] [1856] 'ÇUVAL MOLOZ (50*80)' | 10.00 TL | SKU: ÇUVAL.001
2026-10-10 02:27:33 [INFO] [5246] 'KNAUF MİNERAL PLUS IPB039 5 CM (14,4m2)' | 925.00 TL | SKU: KNAUF.IPB039
2026-10-10 02:27:35 [INFO] [7789] 'BAŞLI ÇİVİ TABANCA F30 1P=5000 AD' | 279.00 TL | SKU: RAYTEL.F30
2026-10-10 02:27:36 [INFO] [3967] 'ASMA TAVAN KAROPAN ÇİFTLİ YAY (1000)' | 7.00 TL | SKU: FOUR.HNK0025
2026-10-10 02:27:37 [INFO] [6339] 'SÜZGEÇ 10X10 METAL KAPAK ALTTAN 50MM' | 77.00 TL | SKU: SÜZGEÇ.158544A501010
2026-10-10 02:27:39 [INFO] [3970] 'ALÇ.DÜBEL+VİDA RİGİPS (100 AD)' | 135.00 TL | SKU: FOUR.HNK0036
2026-10-10 02:27:40 [INFO] [12936] 'BETOFAST 6.3*145 1 AD' | 5.50 TL | SKU: STD.YHB4835
2026-10-10 02:27:41 [INFO] [5905] 'ÇELİK DÜBEL ASMA TAVAN 6X45 (100) 1 AD' | 7.50 TL | SKU: MERİDYEN.ÇATD06045
2026-10-10 02:27:42 [INFO] [7330] 'PANEL ÇİT KAPAK PVC YEŞİL 1 AD' | 10.00 TL | SKU: PANELÇİT.0028
2026-10-10 02:27:43 [INFO] [1280] 'BALLY BALCO C8 400-GR' | 400.00 TL | SKU: BALLY.B04008
2026-10-10 02:27:45 [INFO] [15463] 'VERANO KIRMIZI 10X30 2K (0,6M2)' | 336.00 TL | SKU: EGESER.100X300VRO20.2K
2026-10-10 02:27:46 [INFO] [3142] 'ALAN PERDESİ KOPMAZ 80GR/M2 (50 MT.)' | 600.00 TL | SKU: EMNİYET.PERDESİ.02
2026-10-10 02:27:47 [INFO] [11674] 'SUNTA VİDASI 5x100 STD (100)' | 215.00 TL | SKU: STD.50100
2026-10-10 02:27:48 [INFO] [14223] '125/90 PİS SU PVC DİRSEK KALDE' | 124.00 TL | SKU: KALDE.5213ELB0N0087
2026-10-10 02:27:50 [INFO] [5201] 'KİREÇ 25 KG.' | 169.00 TL | SKU: KİREÇ.003
2026-10-10 02:27:51 [INFO] [1922] 'BOARDEX 120*240*12.5 MM (50)' | 750.00 TL | SKU: DALSAN.204
2026-10-10 02:27:52 [INFO] [4651] 'İNŞAAT ÇİVİSİ 5 LİK' | 59.00 TL | SKU: İNŞ.ÇİV.0001
2026-10-10 02:27:53 [WARNING] [4686] 429 Too Many Requests — 127s bekleniyor (deneme 1/3, hiz 0.4/sn)
2026-10-10 02:27:56 [WARNING] [4839] 429 Too Many Requests — 124s bekleniyor (deneme 1/3, hiz 0.2/sn)
2026-10-10 02:28:01 [WARNING] [12946] 429 Too Many Requests — 119s bekleniyor (deneme 1/3, hiz 0.2/sn)
2026-10-10 02:28:06 [WARNING] [14324] 429 Too Many Requests — 114s bekleniyor (deneme 1/3, hiz 0.2/sn)
2026-10-10 02:28:11 [WARNING] [776] 429 Too Many Requests — 109s bekleniyor (deneme 1/3, hiz 0.2/sn)
2026-10-10 02:28:16 [WARNING] [11044] 429 Too Many Requests — 104s bekleniyor (deneme 1/3, hiz 0.2/sn)
2026-10-10 02:28:21 [WARNING] [2076] 429 Too Many Requests — 99s bekleniyor (deneme 1/3, hiz 0.2/sn)
2026-10-10 02:28:26 [WARNING] [4887] 429 Too Many Requests — 94s bekleniyor (deneme 1/3, hiz 0.2/sn)
2026-10-10 02:30:01 [INFO] [12946] 'KARTON OLUKLU ZEMİN KORUMA 120CM (30 M2)' | 600.00 TL | SKU: NALBUR.127
2026-10-10 02:30:01 [INFO] [11044] 'BORU KILIFI 48/10 2 MT PROCO' | 30.00 TL | SKU: PROCO.005
2026-10-10 02:30:01 [INFO] [4839] 'KOMBİ SETİ DİRSEKLİ 8 Lİ MİNİ KOLLU KALD' | 922.80 TL | SKU: KALDE.3262KME000008
2026-10-10 02:30:01 [INFO] ... ilerleme 200/293 (tazelenen 198, basarisiz 2, korunan 2, atlanan 0)
2026-10-10 02:30:05 [INFO] [776] 'ASMA TAVAN METAL CLİP-İN 30*30 FULL PERF' | 55.00 TL | SKU: ASMAT.017
2026-10-10 02:30:10 [INFO] [787] 'ASMA TAVAN METAL CLİP-İN ANA TAŞIYICI 3 ' | 92.50 TL | SKU: ASMAT.038
2026-10-10 02:30:15 [INFO] [6160] 'FIRÇA SAPI 120CM' | 100.00 TL | SKU: NALBUR.035
2026-10-10 02:30:20 [INFO] [4652] 'İNŞAAT ÇİVİSİ 6 LIK 15X27' | 59.00 TL | SKU: İNŞ.ÇİV.0002
2026-10-10 02:30:25 [INFO] [8501] 'PU KÖPÜK TİTAN PRO 753 STR 750ML (35 M) ' | 280.00 TL | SKU: SELENA.10049284
2026-10-10 02:30:30 [INFO] [5896] 'MANYETİK SOMUN ADAPTÖRÜ 8x45 MM' | 28.00 TL | SKU: WONDER.STW01272
2026-10-10 02:30:35 [INFO] [12409] 'SUNTA VİDASI 6x120 AKDENİZ (100)' | 175.00 TL | SKU: AKDENİZ.VSUN60120GAL
2026-10-10 02:30:40 [INFO] [2076] 'MASTİK PU DAYSON-280ML(SİYAH)' | 250.00 TL | SKU: DAYSON.630708
2026-10-10 02:30:45 [INFO] [14324] 'ELDİVEN SARI BEYAZ PN2 NO:9' | 47.00 TL | SKU: BEYBİ.İ0401752
2026-10-10 02:30:50 [INFO] [4766] '20 KOMPOZİT BORU PPRC 4 M KALDE' | 111.60 TL | SKU: KALDE.3202TFR200020
2026-10-10 02:30:55 [INFO] [13109] 'TOREX ÇOK AMAÇLI DÜBEL T-X 8' | 249.00 TL | SKU: 8680613960537
2026-10-10 02:31:00 [INFO] [10944] 'SUNTA KESME TESTERE 185X40X30 WONDER' | 430.00 TL | SKU: WONDER.STW018642
2026-10-10 02:31:05 [INFO] [12347] 'TUTKAL AHŞAP BEYAZ 1/2 SU BAZLI 350 GR P' | 145.00 TL | SKU: PASS.PT01
2026-10-10 02:31:10 [INFO] [4686] 'İNŞAAT TELİ (TAVLI TEL) 1.2 MM 1 KG' | 62.50 TL | SKU: İNŞ.TELİ.001
2026-10-10 02:31:15 [INFO] [6314] 'KAPI KOLU AVANTİ K.ROZETLİ WC KROM' | 395.00 TL | SKU: NOBEL.113206230
2026-10-10 02:31:20 [INFO] [4887] '70 KELEPÇE PİS SU PVC KALDE' | 16.00 TL | SKU: KALDE.5213BCC0L0000
2026-10-10 02:31:25 [INFO] [7787] 'BAŞLI ÇİVİ TABANCA F25 1P=5000 AD' | 229.00 TL | SKU: RAYTEL.F25
2026-10-10 02:31:30 [INFO] [3954] 'ASKI ÇUBUĞU /TELİ 30 1 AD (100)' | 4.00 TL | SKU: FOUR.HNK0012
2026-10-10 02:31:35 [INFO] [2024] 'MANTOLAMA DÜBELİ ÇELİK ÇİVİ 17.5-CM (SPE' | 4.75 TL | SKU: SPECO.MDÇ.17.5
2026-10-10 02:31:40 [INFO] [3208] 'EPS-50 KARBONLU 2CM 50*100 (25AD 12,5m2)' | 709.00 TL | SKU: EPS.14.0010
2026-10-10 02:31:45 [INFO] [9077] 'SUNTA VİDASI 6x70 STD (100)' | 170.00 TL | SKU: STD.9000043700
2026-10-10 02:31:50 [INFO] [3632] 'DIŞ CEPHE GRENLİ MİX-1 25 KG FAWORİ' | 3750.00 TL | SKU: FAWORİ.060
2026-10-10 02:31:54 [INFO] [9116] 'TRP.VİDA 5,5*105-5MM 1 AD' | 4.50 TL | SKU: STD.900147700
2026-10-10 02:31:58 [INFO] [15171] 'METAL KESİCİ PRO 230X3,0X22,23 EGESAN' | 79.00 TL | SKU: EGESAN.272027
2026-10-10 02:32:02 [INFO] [14749] 'İKAZ BANDI EMNİYET 110 MT PASS' | 108.00 TL | SKU: PASS.İ040941
2026-10-10 02:32:06 [INFO] [2386] '40*80*3.0MM KUTU PROFİL (ANTİPASLI)' | 1434.35 TL | SKU: DEM.PRF.239
2026-10-10 02:32:10 [INFO] [3231] 'DERZ BANDI 100mm x 90m (18)' | 199.00 TL | SKU: DARKSS.DB10090
2026-10-10 02:32:14 [INFO] [9957] 'ÇERÇEVE TEKLİ BEYAZ LİNNERA VİKO' | 25.00 TL | SKU: VİKO.90480001
2026-10-10 02:32:18 [INFO] [3964] 'KLİPS 1 AD (1000)' | 2.00 TL | SKU: FOUR.HNK0022
2026-10-10 02:32:22 [INFO] [3599] 'İÇ CEPHE SİLİKONLU MAT MİX-1 20-KG FAWOR' | 2950.00 TL | SKU: FAWORİ.020
2026-10-10 02:32:26 [INFO] [9318] 'MATKAP UÇLU YHB/YSB/RYSB  KG' | 600.00 TL | SKU: STD.YHB
2026-10-10 02:32:30 [INFO] [15240] 'TİNER SELÜLOZİK FLORA 1/2 (400 ML)' | 200.00 TL | SKU: KARDELEN.21092500
2026-10-10 02:32:34 [INFO] [3605] 'ASTAR DÖNÜŞÜM 10-KG İÇ CEPHE FAWORİ' | 1300.00 TL | SKU: FAWORİ.028
2026-10-10 02:32:38 [INFO] [2713] 'KULAK TIKACI İPLİ EAR ULTRAFIT SNR=32 dB' | 30.00 TL | SKU: EAR.ULTRALİFT
2026-10-10 02:32:42 [INFO] [14751] 'ELDİVEN PU KAPLI SLİM NO:9 BEYBİ' | 48.00 TL | SKU: BEYBİ.İ040216
2026-10-10 02:32:46 [INFO] [14721] 'BİTS UÇ TORX PRF T30 50 MM BLİSTERLİ' | 25.00 TL | SKU: WONDER.STW1918-4
2026-10-10 02:32:50 [INFO] [2107] 'RULO DEKOR PLASDEK İÇ CEPHE 20CM 1015' | 260.00 TL | SKU: DEKOR.1015
2026-10-10 02:32:54 [INFO] [9988] 'KLOZET KAPAK KLASİK METAL MENTEŞE ALTTAN' | 920.00 TL | SKU: VİSAM.509.001
2026-10-10 02:32:58 [INFO] [8498] 'PU KÖPÜK TEMİZLEYİCİ 500 ML TYTAN' | 209.00 TL | SKU: SELENA.10051580
2026-10-10 02:33:02 [INFO] [14306] 'TİNER SELÜLOZİK FLORA 12-LT' | 1890.00 TL | SKU: KARDELEN.2109263
2026-10-10 02:33:06 [INFO] [2340] '30*40*1.5MM KUTU PROFİL(ANTİPASLI)' | 473.46 TL | SKU: DEM.PRF.128
2026-10-10 02:33:10 [INFO] [9069] 'BULDEKS VİDA 7.5x100 1 AD' | 3.00 TL | SKU: STD.900045700
2026-10-10 02:33:14 [INFO] [13224] 'ELDİVEN PU TOUCH SİYAH MONTAJ ELDİVENİ N' | 54.00 TL | SKU: BEYBİ.PUTOUCH
2026-10-10 02:33:18 [INFO] [5631] 'ELEKTROT 3,25 MM-MAGMAWELD' | 450.00 TL | SKU: MAGMAWELD.11101NRAM1
2026-10-10 02:33:22 [INFO] [14590] 'APLİK DUVAR SENSÖRLÜ 25 W BEYAZ IDEA' | 369.00 TL | SKU: IŞILDAR.1927
2026-10-10 02:33:26 [INFO] [12478] 'MASTİK PU DAYSON-280ML(GRİ)' | 250.00 TL | SKU: DAYSON.D10003
2026-10-10 02:33:30 [INFO] [4658] 'İNŞAAT ÇİVİSİ 10 LUK 18X45' | 59.00 TL | SKU: İNŞ.ÇİV.0008
2026-10-10 02:33:33 [INFO] [13163] 'MASTİK PU 280 ML PU-45 KIRMIZI' | 185.00 TL | SKU: SELENA.10051342
2026-10-10 02:33:37 [INFO] [5907] 'ÇELİK DÜBEL GÖMLEKLİ 8x55 MM 1 AD' | 6.00 TL | SKU: STD.910959800
2026-10-10 02:33:40 [INFO] [2378] '40*60*2.0MM KUTU PROFİL (ANTİPASLI)' | 840.58 TL | SKU: DEM.PRF.230
2026-10-10 02:33:43 [INFO] [7405] 'LAMBA KELEBEK MİNİ PT-KLBK PANTHER' | 25.00 TL | SKU: PANTHER PT-KLBK
2026-10-10 02:33:46 [INFO] [4931] 'ÇATI OLUĞU DERE İNİŞİ YUVARLAK 150/75' | 132.00 TL | SKU: KALDE.7213DDR1500750
2026-10-10 02:33:49 [INFO] [12106] 'TAVAN BOYASI (ÖZEL) DARKSS 3 KG' | 249.00 TL | SKU: DARKSS.B.TB3
2026-10-10 02:33:53 [INFO] [3229] 'DERZ BANDI 50mm x 90m (36)' | 109.00 TL | SKU: DARKSS.DB5090
2026-10-10 02:33:56 [INFO] [2109] 'RULO DEKOR EKSPORT SATEN YAGLI BOYA 20CM' | 265.00 TL | SKU: DEKOR.1080
2026-10-10 02:33:59 [INFO] [7662] 'TRAPEZ 875*3000*ŞEFFAF 0.9MM' | 900.00 TL | SKU: PVC.OND.TRP.3000
2026-10-10 02:34:02 [INFO] [14752] 'ELDİVEN PU KAPLI SLİM NO:10 BEYBİ' | 48.00 TL | SKU: BEYBİ.İ040217
2026-10-10 02:34:05 [INFO] [1872] 'COREX FALCON ALÇIPAN YEŞİL 120*250 (3M2)' | 385.00 TL | SKU: DALSAN.202
2026-10-10 02:34:09 [INFO] [4656] 'İNŞAAT ÇİVİSİ 8 LİK 17X36' | 59.00 TL | SKU: İNŞ.ÇİV.0006
2026-10-10 02:34:12 [INFO] [4999] 'METAL KESİCİ İNOX 115x1x22 KARBOSAN' | 30.00 TL | SKU: KARBOSAN.910380
2026-10-10 02:34:15 [INFO] [7051] 'ONDULİN OLUKLU LEVHA KIRMIZI 2-MT' | 475.00 TL | SKU: ONDULİN. 001
2026-10-10 02:34:18 [INFO] [15007] 'KÖŞE ÇITASI FİLELİ PVC BEYAZ 07X07 (35X6' | 27.50 TL | SKU: DARKSS.FK.07.01
2026-10-10 02:34:21 [INFO] [8497] 'PU KÖPÜK TYTAN 750 ML(TABANCALI) (1KT-12' | 219.00 TL | SKU: SELENA.10049279
2026-10-10 02:34:25 [INFO] [1966] 'MAHYA HARCI KIRMIZI QF-140 25 KG' | 275.00 TL | SKU: DARKSS.YK.QF140K
2026-10-10 02:34:28 [INFO] [9096] 'TRP.VİDA 5,5*50-5MM 1 AD' | 2.50 TL | SKU: STD.900040700
2026-10-10 02:34:31 [INFO] [1970] 'GRANİT MERMER YAP.FLEX GRİ QF-125 25 KG ' | 300.00 TL | SKU: DARKSS.YK.QF125G
2026-10-10 02:34:34 [INFO] [2758] 'KENZZI INDIGO MAVİ 20X20 2K (0,48M2)' | 261.00 TL | SKU: EGESER.200X200KNZ14.END
2026-10-10 02:34:37 [INFO] [8310] 'LED PROFİLİ SİMGE 12 MM BİTİM PROFİLİ 2.' | 350.00 TL | SKU: SAY.808.12.MK
2026-10-10 02:34:41 [INFO] [15883] 'RULO RTRMAX PARMAK 10 CM ETİLEN KALORİFE' | 20.00 TL | SKU: RTRMAX.RFR010Y
2026-10-10 02:34:44 [INFO] [1836] 'ŞAMPUANLIK İKİLİ KÖŞE KROM EKO' | 420.00 TL | SKU: ÇELİKAYNA.735
2026-10-10 02:34:47 [INFO] [7002] 'ASKI KEMER DECOBELLA 50836' | 45.00 TL | SKU: OMAK.50836
2026-10-10 02:34:50 [INFO] [788] 'ASMA TAVAN KAROPAN T24 ANA TAŞIYICI (3.6' | 137.50 TL | SKU: ASMAT.040
2026-10-10 02:34:53 [INFO] [791] 'ASMA TAVAN KAROPAN T24 TALİ 60 LIK (60)' | 20.00 TL | SKU: ASMAT.044
2026-10-10 02:34:55 [INFO] [11094] 'İSKOTA İP HALAT (İPEK) 5 MM' | 239.00 TL | SKU: İP.İPK.02.18
2026-10-10 02:34:58 [INFO] [7295] 'CEPHE PANELİ PU 40*EKO*5000(9002)' | 2675.00 TL | SKU: PANEL.0036
2026-10-10 02:35:00 [INFO] [1968] 'SERAMİK YAPIŞTIRICI GRİ QF121 C1T-25 KG.' | 185.00 TL | SKU: DARKSS.YK.QF121G
2026-10-10 02:35:03 [INFO] [8512] 'SİLİKON ŞEFFAF AKVARYUM VE CAM SİLİKONU ' | 175.00 TL | SKU: SELENA.138
2026-10-10 02:35:06 [INFO] [15638] 'KOLİ BANDI ŞEFFAF 45X100 METRE ASTEL' | 95.00 TL | SKU: ASTEL.A07135
2026-10-10 02:35:08 [INFO] [9113] 'BETOFAST 6.3*75 1 AD' | 3.50 TL | SKU: STD.900241700
2026-10-10 02:35:11 [INFO] [1848] 'ÇİMENTO 25 KG' | 125.00 TL | SKU: ÇİMENTO.005
2026-10-10 02:35:13 [INFO] [11438] 'MASTİK PU DAYSON-280ML(BEYAZ)' | 250.00 TL | SKU: DAYSON.D10002
2026-10-10 02:35:16 [INFO] [15022] 'ELDİVEN PN3 KIRMIZI SİYAH ZEBRA NO:10' | 49.00 TL | SKU: BEYBİ.İ0401773
2026-10-10 02:35:18 [INFO] [9125] 'ALÇ.VİDA SİVRİ 25 (1000 AD) STD' | 375.00 TL | SKU: STD.900195700
2026-10-10 02:35:21 [INFO] [1962] 'ISI YALITIM SIVASI LEVHA QF-494 25KG' | 195.00 TL | SKU: DARKSS.YK.QF494
2026-10-10 02:35:23 [INFO] [772] 'ASMA TAVAN KAROPAN BEYAZ DÜZ 60*60*8MM 1' | 62.50 TL | SKU: ASMAT.002
2026-10-10 02:35:26 [INFO] [15348] 'STREÇ 17 MİCRON 50X150 MT (1400 GR)' | 250.00 TL | SKU: ELİTT.17MC50X150
2026-10-10 02:35:29 [INFO] [10044] 'WALLBOARD T-2000 2 CM (20-AD 14.4M2)' | 1400.00 TL | SKU: XPS.002
2026-10-10 02:35:31 [INFO] [15758] 'DERZ SEVİYE TESPİT KLİPS 2MM ŞEF 1.KALİT' | 100.00 TL | SKU: ALFOR.A11.20SR.100.51
2026-10-10 02:35:34 [INFO] [1859] 'SIVATEK SIVA ALÇISI 35 KG' | 200.00 TL | SKU: DALSAN.103
2026-10-10 02:35:36 [INFO] [3932] 'DU-50 040 MM EKO 30X50X30 3 M 1 AD (12)' | 80.00 TL | SKU: FOUR.040.DU-50.3000
2026-10-10 02:35:39 [INFO] [4762] '20 PPRC BORU 4 MT KALDE' | 109.00 TL | SKU: KALDE.3202TBE200000
2026-10-10 02:35:41 [INFO] [1926] 'SATENTEK ALÇI-25 KG.' | 185.00 TL | SKU: DALSAN.104
2026-10-10 02:35:44 [INFO] [790] 'ASMA TAVAN KAROPAN T24 TALİ 120 (60)' | 40.00 TL | SKU: ASMAT.042
2026-10-10 02:35:44 [INFO] State yaziliyor: 8684 url -> /home/runner/work/inflationstudymirror/inflationstudymirror/InflationItems/Datas/ConstructionSuppliesMarkets/yapimaks/last_seen.json
2026-10-10 02:35:44 [INFO] ==================================================
2026-10-10 02:35:44 [INFO] Tamamlandi [OK]! Tasinan: 8092 | Tazelenen: 291 | Basarisiz: 2 | Korunan eski satir: 2 | Atlanan (sure/limit): 0 | Dusurulen: 9
2026-10-10 02:35:44 [INFO] Dosya: /home/runner/work/inflationstudymirror/inflationstudymirror/InflationItems/Datas/ConstructionSuppliesMarkets/yapimaks/2026-10-10.csv (toplam 8385 urun)
2026-10-10 02:35:44 [INFO] ==================================================
