2026-10-04 02:50:16 [INFO] ==================================================
2026-10-04 02:50:16 [INFO] Yapimaks Scraper basliyor (async)
2026-10-04 02:50:16 [INFO] ==================================================
2026-10-04 02:50:16 [INFO] Parametreler: workers=8, rate=0.8/sn, max_duration=300 dk
2026-10-04 02:50:16 [INFO] Ana sayfa ziyaret ediliyor, cookie aliniyor...
2026-10-04 02:50:17 [INFO] Cookie basariyla alindi.
2026-10-04 02:50:17 [INFO] Sitemap indiriliyor: https://yapimaks.com/sitemap/products1.xml
2026-10-04 02:50:18 [INFO] Sitemap'ten toplam 8338 urun URL'si bulundu.
2026-10-04 02:50:18 [INFO] Dunun dosyasi: 2026-10-03.csv
2026-10-04 02:50:18 [INFO] Dunun dosyasinda 8399 urun var.
2026-10-04 02:50:18 [INFO] GUNLUK BUTCE: 276 urun aday — hepsi bu koşuda tazelenir.
2026-10-04 02:50:18 [INFO] Tasinacak (degismeyen) urun: 8399 | Yeniden cekilecek: 276
2026-10-04 02:50:19 [INFO] [15878] 'HOFMANN HGN-C 26 MM GRİ ÇİVİ (GRİ PLS ) ' | 850.00 TL | SKU: HOFMANN.HGN-C26/2
2026-10-04 02:50:19 [WARNING] [https://yapimaks.com/ray-spot-40w-4000k-9005-siyah-kasa-masialux-p13935] Urun parse hatasi (deneme 1/3): API yanitinda fiyat bulunamadi
2026-10-04 02:50:19 [WARNING] [https://yapimaks.com/insaat-demiri-nervullu-kalin-12-14-16-20-p4683] Urun parse hatasi (deneme 1/3): API yanitinda fiyat bulunamadi
2026-10-04 02:50:20 [INFO] [3290] 'ALÜMİNYUM FOLYO 10 MT ECE' | 85.00 TL | SKU: ECE.EMT103
2026-10-04 02:50:21 [INFO] [3962] 'ASKI ÇUBUĞU /TELİ 20 1 AD (100)' | 2.40 TL | SKU: FOUR.HNK0011
2026-10-04 02:50:23 [INFO] [3400] 'AUTOKIT HIZLI CİLA 500ML FA1-227' | 166.00 TL | SKU: AUTOKİT.FA1-227
2026-10-04 02:50:24 [WARNING] [https://yapimaks.com/ray-spot-40w-4000k-9005-siyah-kasa-masialux-p13935] Urun parse hatasi (deneme 2/3): API yanitinda fiyat bulunamadi
2026-10-04 02:50:25 [INFO] [6406] 'AYAK LÜKENS CEVİZ AHŞAP 14 CM' | 65.00 TL | SKU: NOBEL.29021499
2026-10-04 02:50:26 [WARNING] [https://yapimaks.com/insaat-demiri-nervullu-kalin-12-14-16-20-p4683] Urun parse hatasi (deneme 2/3): API yanitinda fiyat bulunamadi
2026-10-04 02:50:28 [INFO] [3074] 'AÇIK AĞIZ ANAHTAR 6-7 - JAWS ELTOS' | 25.00 TL | SKU: ELTOS.JA0607
2026-10-04 02:50:29 [INFO] [8749] 'BETON MATKAP UCU 7x100 MM SGS1407' | 65.00 TL | SKU: SGS.1407
2026-10-04 02:50:30 [INFO] [3081] 'AÇIK AĞIZ ANAHTAR 20-22 - JAWS ELTOS' | 85.00 TL | SKU: ELTOS.JA2022
2026-10-04 02:50:31 [INFO] [11088] 'BİTS UÇ SETİ 12 PARÇA AKROBAT ESNEK BÜKL' | 162.00 TL | SKU: CMC.6576
2026-10-04 02:50:33 [WARNING] [https://yapimaks.com/ray-spot-40w-4000k-9005-siyah-kasa-masialux-p13935] Urun parse hatasi (deneme 3/3): API yanitinda fiyat bulunamadi
2026-10-04 02:50:33 [ERROR] [https://yapimaks.com/ray-spot-40w-4000k-9005-siyah-kasa-masialux-p13935] Tum denemeler basarisiz: API yanitinda fiyat bulunamadi
2026-10-04 02:50:33 [WARNING] [https://yapimaks.com/ray-spot-40w-4000k-9005-siyah-kasa-masialux-p13935] Eski satir korundu, yarin tekrar denenir.
2026-10-04 02:50:34 [INFO] [11044] 'BORU KILIFI 48/10 2 MT PROCO' | 30.00 TL | SKU: PROCO.005
2026-10-04 02:50:35 [INFO] [10652] 'BORU ŞÖMİNE SOBA DİRSEK D.13/AD 0,40 MM ' | 275.00 TL | SKU: HOSSEVEN.E3.107.35
2026-10-04 02:50:36 [INFO] [1701] 'CAM TUĞLA CLEAR WAVE 19X19X08' | 159.00 TL | SKU: CAM.TUGLA.113372
2026-10-04 02:50:38 [INFO] [14713] 'BİTS UÇ ADAPTÖRÜ 100 MM WONDER 1 AD' | 35.00 TL | SKU: WONDER.STW013764-3
2026-10-04 02:50:39 [INFO] [12026] 'ÇEKİÇ 300 GR RH09803 RTRMAX' | 215.00 TL | SKU: RTRMAX.RH09803
2026-10-04 02:50:40 [INFO] [3080] 'AÇIK AĞIZ ANAHTAR 18-19 - JAWS ELTOS' | 65.00 TL | SKU: ELTOS.JA1819
2026-10-04 02:50:41 [WARNING] [https://yapimaks.com/insaat-demiri-nervullu-kalin-12-14-16-20-p4683] Urun parse hatasi (deneme 3/3): API yanitinda fiyat bulunamadi
2026-10-04 02:50:41 [ERROR] [https://yapimaks.com/insaat-demiri-nervullu-kalin-12-14-16-20-p4683] Tum denemeler basarisiz: API yanitinda fiyat bulunamadi
2026-10-04 02:50:41 [WARNING] [https://yapimaks.com/insaat-demiri-nervullu-kalin-12-14-16-20-p4683] Eski satir korundu, yarin tekrar denenir.
2026-10-04 02:50:43 [INFO] [12709] 'DÜBEL ROKET SARI 8MM*50MM (500 AD)' | 300.00 TL | SKU: KOÇLAR.030.058
2026-10-04 02:50:44 [INFO] [13152] 'EL FENERİ PT-9995 USB ŞARJLI 5W+2W COB L' | 275.00 TL | SKU: PANTHER PT-9995
2026-10-04 02:50:45 [INFO] [6984] 'DÜZENLEYİCİ DOLAP İÇİ ÇOK KATLI RAF DECO' | 120.00 TL | SKU: OMAK.50806
2026-10-04 02:50:46 [INFO] [12983] 'İŞ AYAKKABISI SAFETY OUTFİX S1 NO:44' | 1250.00 TL | SKU: BMES.S400.044
2026-10-04 02:50:48 [INFO] [4699] 'İSKOTA İP HALAT (İPEK) 4 MM' | 239.00 TL | SKU: İP.İPK.02.04
2026-10-04 02:50:49 [INFO] [8786] 'BİTS UÇ SL 5.5 25 MM SGS' | 25.00 TL | SKU: SGS.1814
2026-10-04 02:50:50 [INFO] [4960] 'KALE WC KİLİDİ 45 mm GENİŞ AYNA OVAL 23 ' | 375.00 TL | SKU: KALE.KL149R4500005
2026-10-04 02:50:51 [INFO] [11398] 'KAFA LAMBASI PT-5100 PİLLİ 500LM' | 150.00 TL | SKU: PANTHER PT-5100
2026-10-04 02:50:53 [INFO] [6902] 'KAPI KOLU PLANET D.ROZETLİ WC NİKEL SATE' | 315.00 TL | SKU: NOBEL.KK1960893
2026-10-04 02:50:54 [INFO] [6900] 'KAPI KOLU PLANET ROZ. İNOX NİKEL ODA' | 355.00 TL | SKU: NOBEL.KK1960697
2026-10-04 02:50:55 [INFO] [2758] 'KENZZI INDIGO MAVİ 20X20 2K (0,48M2)' | 261.00 TL | SKU: EGESER.200X200KNZ14.END
2026-10-04 02:50:56 [INFO] [5348] 'KÖŞE BAĞLANTI GÖNYESİ 40X80X80' | 20.00 TL | SKU: ARSLAN.Y05169
2026-10-04 02:50:58 [INFO] [11131] 'KAPAK PRİZ TOPRAKLI ANTRASİT ÇOCUK KORUM' | 60.00 TL | SKU: VİKO.92605342
2026-10-04 02:50:59 [INFO] [11128] 'DÜĞME KOMUTATÖR ANAHTAR NOVELLA/TRENDA A' | 60.00 TL | SKU: VİKO.92605302
2026-10-04 02:51:00 [INFO] [13080] 'MERİDYEN ZİNCİR KİLİDİ - M10' | 22.00 TL | SKU: MERİDYEN.KLZ017
2026-10-04 02:51:01 [INFO] [1808] 'BANYO DUŞ PERDE BORUSU DÜZ 2M' | 275.00 TL | SKU: ÇELİKAYNA.125
2026-10-04 02:51:03 [INFO] [9982] 'REZERVUAR HORTUMU 3/8 1/2 - 55 CM' | 180.00 TL | SKU: VİSAM.460.002
2026-10-04 02:51:04 [INFO] [7678] 'PVC KİREMİT LEVHA 89X262 CM 2,5 MM KIRMI' | 1000.00 TL | SKU: PVC.KRMT.KRM.2620
2026-10-04 02:51:05 [INFO] [8468] 'SDS MATKAP UCU 7x210 MM' | 100.00 TL | SKU: FİVESTAR.7210
2026-10-04 02:51:06 [INFO] [15044] 'SERAMİK FAYANS KESME YEDEK UÇ 22X10,5X2 ' | 90.00 TL | SKU: PROMASTER.52579
2026-10-04 02:51:08 [INFO] [15004] "SOMUNLU AGIR YÜK KAFALI KELEPÇE 3' (90 L" | 85.00 TL | SKU: SOM.KELEPÇE.90.02
2026-10-04 02:51:09 [INFO] [7882] 'ÇAPA MAKİNASI KBRKGL100ZHK-BENZİNLİ ŞANZ' | 27900.00 TL | SKU: KAMA.KBRKGL100ZHK
2026-10-04 02:51:10 [INFO] [4739] 'İZOCAM İZOPAN RADYATÖR ARKASI  FOLYOLU 9' | 315.00 TL | SKU: İZOCAM.0003
2026-10-04 02:51:11 [INFO] [14888] 'SUNTA VİDASI 6x150 AKDENİZ (50)' | 230.00 TL | SKU: AKDENİZ.VSUN60150GAL
2026-10-04 02:51:13 [INFO] [14162] 'STROPİYER K02 6X6CM 11 MM (2 M)' | 40.00 TL | SKU: STROPİYER.033
2026-10-04 02:51:14 [INFO] [13327] 'SDS PLUS MATKAP UCU 12X210 50233-TODRİLL' | 80.00 TL | SKU: TODRİLL.TD50233
2026-10-04 02:51:15 [INFO] [14964] 'AUTOKIT MAGIC DOSE HIZLI KURULAMA BEZİ T' | 98.00 TL | SKU: AUTOKİT.FA1-818
2026-10-04 02:51:16 [INFO] [11136] 'ÇERÇEVE TEKLİ ANTRASİT LİNNERA VİKO' | 84.00 TL | SKU: VİKO.92190631
2026-10-04 02:51:18 [INFO] [11133] 'MEKANİZMA KOMÜTATÖR ANAHTAR NOVELLA/TREN' | 84.00 TL | SKU: VİKO.92600002
2026-10-04 02:51:19 [INFO] [8406] 'SPATULA NO:30 DESA' | 75.00 TL | SKU: SD.ISP0030
2026-10-04 02:51:20 [INFO] [8375] 'TENEKECİ MAKASI PROF. DESA' | 565.00 TL | SKU: SD.DBS003
2026-10-04 02:51:21 [INFO] [12997] 'TAVAN BOYASI AURA 18 KG KARDELEN' | 750.00 TL | SKU: KARDELEN.2109246
2026-10-04 02:51:23 [INFO] [15412] 'ŞİLTE 5MM AFK YAPIŞKANLI 100 CM PROCO 1M' | 185.00 TL | SKU: PROCO.5MMAFK.Y
2026-10-04 02:51:24 [INFO] [15189] 'BUAT PANÇ SETİ AHŞAP SET 16 PARÇA WONDER' | 510.00 TL | SKU: WONDER.STW01232
2026-10-04 02:51:25 [INFO] [15743] 'TAHARET ÇUBUĞU PLASTİK 29 CM' | 35.00 TL | SKU: GÜÇLÜ.GP4127
2026-10-04 02:51:26 [INFO] [11134] 'MEKANİZMA PRİZ TOPRAKLI NOVELLA/TRENDA V' | 87.00 TL | SKU: VİKO.92600008
2026-10-04 02:51:28 [INFO] [8495] 'MASTİK PU SOSİS 600 ML-BEYAZ' | 295.00 TL | SKU: SELENA.10049865
2026-10-04 02:51:29 [INFO] [12937] 'TRP.VİDA 5,5*135-5MM 1 AD' | 7.25 TL | SKU: STD.YHB4836
2026-10-04 02:51:30 [INFO] [13849] 'BELİNDA AÇIK GRİ 60X120 2K MAT REK (2,16' | 1142.65 TL | SKU: EGESER.600X1200BLN57REK
2026-10-04 02:51:31 [INFO] [3956] 'ASKI ÇUBUĞU /TELİ 50 1 AD (100)' | 5.00 TL | SKU: FOUR.HNK0014
2026-10-04 02:51:32 [INFO] [15411] 'ŞİLTE 8MM AFK YAPIŞKANLI 100 CM PROCO 1M' | 215.00 TL | SKU: PROCO.8MMAFK.Y
2026-10-04 02:51:34 [INFO] [4479] 'HASIR TEL 50*50*3,50 100*200 SİYAH' | 500.00 TL | SKU: HASIR.TEL.002
2026-10-04 02:51:35 [INFO] [5171] 'KÇS GAZBETON LENTO 180*20*15' | 600.00 TL | SKU: KÇS.0110.1215.11
2026-10-04 02:51:36 [INFO] [5907] 'ÇELİK DÜBEL GÖMLEKLİ 8x55 MM 1 AD' | 6.00 TL | SKU: STD.910959800
2026-10-04 02:51:38 [INFO] [4623] 'MASTAR KUTU ALÜMİNYUM 075 70X30 MM 3 M 1' | 850.00 TL | SKU: FOUR.SM.075.70X30.3000
2026-10-04 02:51:39 [INFO] [15190] 'SDS PLUS MATKAP UCU 8x160 MM' | 60.00 TL | SKU: WONDER.STW01382
2026-10-04 02:51:40 [INFO] [7313] 'PANEL ÇİT 100CM YEŞİL (2500*5*15) 4-MM' | 525.00 TL | SKU: PANELÇİT.0003
2026-10-04 02:51:41 [INFO] [5007] 'PROMAX RAPİD END SELÜLOZİK BOYA RALL 900' | 3250.00 TL | SKU: KARDELEN.006
2026-10-04 02:51:43 [INFO] [5002] 'RAPİD END ASTAR KIRMIZI RİN BOYA SELÜLOZ' | 1200.00 TL | SKU: KARDELEN.001
2026-10-04 02:51:44 [INFO] [10653] 'BORU ŞÖMİNE SOBA 70 LİK 0,40-13 MAT KORD' | 300.00 TL | SKU: HOSSEVEN.P3.705.40
2026-10-04 02:51:45 [INFO] [11901] 'TAVAN BOYASI TEMPO 17.5 KG.' | 750.00 TL | SKU: TEMPO.0059
2026-10-04 02:51:46 [INFO] [7334] 'PANEL ÇİT DİREK 100CM YEŞİL (50*50*1,50)' | 207.50 TL | SKU: PANELÇİT.0009
2026-10-04 02:51:48 [INFO] [8310] 'LED PROFİLİ SİMGE 12 MM BİTİM PROFİLİ 2.' | 350.00 TL | SKU: SAY.808.12.MK
2026-10-04 02:51:49 [INFO] [15833] 'LED SMD ARMATÜR YUVARLAK DORALIN-24 24W ' | 315.00 TL | SKU: HOROZ.400-002-146
2026-10-04 02:51:50 [INFO] [11683] 'AYAK BİNGOLU AKÇA MAT SİYAH 10CM (42MM)' | 81.00 TL | SKU: NOBEL.20951073MS
2026-10-04 02:51:51 [INFO] [6381] 'AYAK MASA KROM 71-74 CM 1 AD' | 483.00 TL | SKU: NOBEL.242529OSC
2026-10-04 02:51:53 [INFO] [14527] 'AYAK NARDO SİYAH METAL 15CM' | 78.00 TL | SKU: NOBEL.12791573
2026-10-04 02:51:54 [INFO] [3284] 'BUZDOLABI POŞETİ KÜÇÜK ECE 20X30' | 25.00 TL | SKU: ECE.EMT206
2026-10-04 02:51:55 [INFO] [9037] 'DÜBEL GAZBETON 8 MM (100 AD)' | 102.00 TL | SKU: STAR.01.08.03
2026-10-04 02:51:56 [INFO] [1505] 'KABLO 2X0.75 MM YASSI KORDON KIRMIZI/BEY' | 25.00 TL | SKU: REÇBER.34260
2026-10-04 02:51:58 [INFO] [8509] 'MASTİK GRİ 500GR TYTAN (KAPI, PENCERE)' | 59.00 TL | SKU: SELENA.10049324
2026-10-04 02:51:59 [INFO] [3949] 'AGRAF 30 1 ADET (500)' | 15.00 TL | SKU: FOUR.HNK0007
2026-10-04 02:52:00 [INFO] [14549] 'İŞKENCE C TİPİ 51 MM TROY 25062' | 140.00 TL | SKU: TROY.25062
2026-10-04 02:52:01 [INFO] [7143] 'KABLO TTR 3x1.5 MM2 BEYAZ ÖZNUR 1M (100)' | 67.00 TL | SKU: ÖZNUR.KAB083
2026-10-04 02:52:03 [INFO] [3203] 'EPS-30 5CM 50*100 (10AD-5M2) DARKSS' | 610.00 TL | SKU: EPS.12.0010
2026-10-04 02:52:04 [INFO] [14323] 'ELDİVEN ASTARLI KIRMIZI-SİYAH PN2 NO:10' | 40.00 TL | SKU: BEYBİ.İ0401755
2026-10-04 02:52:05 [INFO] [2106] 'RULO DEKOR PLASDEK İÇ CEPHE 25CM 1017' | 285.00 TL | SKU: DEKOR.1017
2026-10-04 02:52:06 [INFO] [14306] 'TİNER SELÜLOZİK FLORA 12-LT' | 1890.00 TL | SKU: KARDELEN.2109263
2026-10-04 02:52:08 [INFO] [4867] '70/2000 PİS SU BORU KALDE' | 225.00 TL | SKU: KALDE.5203TBE0L2000
2026-10-04 02:52:09 [INFO] [11094] 'İSKOTA İP HALAT (İPEK) 5 MM' | 239.00 TL | SKU: İP.İPK.02.18
2026-10-04 02:52:10 [INFO] [6309] 'KULP AMASRA 128-160 MM İNOX' | 79.00 TL | SKU: NOBEL.113112816000
2026-10-04 02:52:11 [INFO] [14743] 'BATARYA BORUSU METAL KUBAR GMS' | 480.00 TL | SKU: GMS.YD113
2026-10-04 02:52:13 [INFO] [9143] 'PUL M10 RONDELA KG' | 300.00 TL | SKU: STD.908130800
2026-10-04 02:52:14 [INFO] [3184] 'EPS-10 4CM 50*100 (12AD-6M2) DARKSS' | 525.00 TL | SKU: EPS.10.0003
2026-10-04 02:52:15 [INFO] [6147] 'OLUK İÇİ KELEPÇE SACI (30 CM GERGİLİ) (2' | 7.50 TL | SKU: NALBUR.011
2026-10-04 02:52:16 [INFO] [8489] 'MASTİK ANTRASİTGRİ 500gr TYTAN (KAPI,PEN' | 59.00 TL | SKU: SELENA.10049452
2026-10-04 02:52:18 [INFO] [10759] 'SUNTA VİDASI 6x80 STD (100)' | 200.00 TL | SKU: STD.900056700
2026-10-04 02:52:19 [INFO] [134] 'TOREX SUNTA VİDASI 5X35 DIN 7505 1P=11' | 47.00 TL | SKU: 8680613130275
2026-10-04 02:52:20 [INFO] [9069] 'BULDEKS VİDA 7.5x100 1 AD' | 3.00 TL | SKU: STD.900045700
2026-10-04 02:52:21 [INFO] [1982] 'GROUT HARCI HAMMERFAST GM-500 (25KG)' | 525.00 TL | SKU: DARKSS.YK.GM500
2026-10-04 02:52:23 [INFO] [7427] 'NORM TİPİ 40MM (600 AD)' | 2.00 TL | SKU: PASPAYI.03040
2026-10-04 02:52:24 [INFO] [13866] 'MAKET BIÇAĞI PLASTİK 18 MM' | 39.00 TL | SKU: SKARP.S500
2026-10-04 02:52:25 [INFO] [2351] '30*50*1.5MM KUTU PROFİL(ANTİPASLI)' | 542.20 TL | SKU: DEM.PRF.154
2026-10-04 02:52:25 [INFO] ... ilerleme 100/276 (tazelenen 98, basarisiz 2, korunan 2, atlanan 0)
2026-10-04 02:52:26 [INFO] [14006] "BARDAK KARTON 180 ML 7 OZ 20'Lİ FLEXİ" | 30.00 TL | SKU: PİKNİK.BARDAK.K.180.20
2026-10-04 02:52:28 [INFO] [13224] 'ELDİVEN PU TOUCH SİYAH MONTAJ ELDİVENİ N' | 45.00 TL | SKU: BEYBİ.PUTOUCH
2026-10-04 02:52:29 [INFO] [4958] 'KALE ODA KİLİDİ 45 mm İNCE AYNA OVAL 23 ' | 375.00 TL | SKU: KALE.KL141R4500005
2026-10-04 02:52:30 [INFO] [6218] 'NAYLON BALONLU 150cm x 50MT (35GR)' | 750.00 TL | SKU: NAYLON.002
2026-10-04 02:52:31 [INFO] [4807] '32 1 İÇ DİŞLİ DİRSEK PPRC KALDE' | 144.00 TL | SKU: KALDE.3222EFO321000
2026-10-04 02:52:33 [INFO] [15883] 'RULO RTRMAX PARMAK 10 CM ETİLEN KALORİFE' | 20.00 TL | SKU: RTRMAX.RFR010Y
2026-10-04 02:52:34 [INFO] [10987] 'KAPI KOLU PENTA AYNALI YALE MAT SİYAH TE' | 115.00 TL | SKU: NOBEL.11340273
2026-10-04 02:52:35 [INFO] [15076] 'MAKET BIÇAĞI SİYAH PLASTİK MAK119S' | 50.00 TL | SKU: ORIENT.MAK119S
2026-10-04 02:52:36 [INFO] [8862] 'TORNAVİDA 7X150 DÜZ BLACK SGS' | 65.00 TL | SKU: SGS.542
2026-10-04 02:52:38 [INFO] [15379] 'İŞ AYAKKABISI BRAVE S1 AIR MAX BAĞCIKLI ' | 1250.00 TL | SKU: STD.977017800.41
2026-10-04 02:52:39 [INFO] [15644] 'KONTROL KALEMİ 190 MM YILDIZ UÇ ASLAN' | 40.00 TL | SKU: ASLAN.AS7205
2026-10-04 02:52:40 [INFO] [7721] '0.50*86*6000 TRAPEZ (GRİ)' | 1590.00 TL | SKU: RALL.7016.050.6000
2026-10-04 02:52:41 [INFO] [4842] '32 1 REKOR OYNAR BAŞLI İÇ DİŞLİ KALDE' | 215.00 TL | SKU: KALDE.3272TUF321000
2026-10-04 02:52:43 [INFO] [9337] 'STROPİYER K4 8X8 10 MM (2M)' | 40.00 TL | SKU: STROPİYER.031
2026-10-04 02:52:44 [INFO] [9255] 'KARABİNA M7 1 AD' | 25.00 TL | SKU: STD.964435800
2026-10-04 02:52:45 [INFO] [12579] 'KLOZET KAPAK KONA YAVAŞ KAPANIR PASLANMA' | 1250.00 TL | SKU: BG.102114100
2026-10-04 02:52:46 [INFO] [688] 'KAPLİN 20 1/2 DIŞ DİŞLİ ADAPTÖR A8050' | 29.00 TL | SKU: ARANGÜL.A8050
2026-10-04 02:52:48 [INFO] [12939] 'FOLYO BANT 44X25 MT' | 99.00 TL | SKU: GLOBUS.GLO10325
2026-10-04 02:52:49 [INFO] [4868] '70/3000 PİS SU BORU KALDE' | 332.00 TL | SKU: KALDE.5203TBE0L3000
2026-10-04 02:52:50 [INFO] [5631] 'ELEKTROT 3,25 MM-MAGMAWELD' | 450.00 TL | SKU: MAGMAWELD.11101NRAM1
2026-10-04 02:52:51 [INFO] [15882] 'RULO RTRMAX PARMAK 10 CM ETİLEN KALORİFE' | 45.00 TL | SKU: RTRMAX.RFR010
2026-10-04 02:52:53 [INFO] [5355] 'HORTUM KELEPÇESİ 10 MM 19X26' | 15.00 TL | SKU: P02028
2026-10-04 02:52:54 [INFO] [11051] 'ŞİLTE 10MM YAPIŞKANLI 100 CM PROCO (25)' | 187.50 TL | SKU: PROCO.10MM.Y
2026-10-04 02:52:55 [INFO] [5200] 'KİREMİT ALTI PVC 1MM 15M2 (84)' | 575.00 TL | SKU: KİR-ALT.0004
2026-10-04 02:52:56 [INFO] [6339] 'SÜZGEÇ 10X10 METAL KAPAK ALTTAN 50MM' | 77.00 TL | SKU: SÜZGEÇ.158544A501010
2026-10-04 02:52:58 [INFO] [10723] 'AKSESUAR SETİ BANYO 3LÜ MAT SİYAH PORTO ' | 243.00 TL | SKU: NOBEL.720951S
2026-10-04 02:52:59 [INFO] [9168] 'BİTS UÇ PH2-25MM STANDART' | 25.00 TL | SKU: STD.933521800
2026-10-04 02:53:00 [INFO] [15224] 'ORGANİZER 13" ŞEFFAF SİYAH PVC' | 190.00 TL | SKU: SÖNMEZ.948-9
2026-10-04 02:53:01 [INFO] [5407] 'OSB 2 122X244 CM 11 MM KRONOSPAN (76)' | 699.00 TL | SKU: KRONOSPAN.01
2026-10-04 02:53:03 [INFO] [14326] 'CERMAN BAREL KİLİT 68 MM SARI YUMA' | 370.00 TL | SKU: YUMA.YM-B68
2026-10-04 02:53:04 [INFO] [2539] 'İZOLASYON FIRÇASI SICAK UYG 4 N0 - DOĞUŞ' | 127.50 TL | SKU: DOĞUŞ.11.006
2026-10-04 02:53:05 [INFO] [12829] 'YAĞMURLUK STD LÜKS SARI XXL-XL' | 270.00 TL | SKU: YAĞMURLUK.STD.001
2026-10-04 02:53:06 [INFO] [6152] 'ONDULİN ÇİVİSİ PVC BAŞLI KIRMIZI 10 CM (' | 1.75 TL | SKU: NALBUR.016
2026-10-04 02:53:08 [INFO] [14722] 'BİTS UÇ TORX PRF T30 75 MM BLİSTERLİ' | 30.00 TL | SKU: WONDER.STW1918-7
2026-10-04 02:53:09 [INFO] [15040] 'İSKELE BAGLAMA ÇAKMA DÜBELİ M8 30 MM 1 A' | 5.00 TL | SKU: REİS.R414TB41302
2026-10-04 02:53:10 [INFO] [9913] 'UNIVERSAL ELEKTRİK İZO. BANDI 19*10-BEYA' | 20.00 TL | SKU: UNIVERSAL.024
2026-10-04 02:53:11 [INFO] [9840] 'TOSHİBA PİL CR 2032 LITHIUM PARA PİL (1A' | 35.00 TL | SKU: TOSHİBA.2032
2026-10-04 02:53:13 [INFO] [1815] 'BANYO DUŞ PERDESİ POLYESTER 90X200cm' | 595.00 TL | SKU: ÇELİKAYNA.183
2026-10-04 02:53:14 [INFO] [15891] 'SU TERAZİSİ ALÜMİNYUM 60 CM RH13506 RTRM' | 350.00 TL | SKU: RTRMAX.RH13506
2026-10-04 02:53:15 [INFO] [13885] 'PAS SÖKÜCÜ YAĞLAYICI 400 ML SELSİL' | 130.00 TL | SKU: SELSİL.058
2026-10-04 02:53:16 [INFO] [14734] 'SATIR DEMİR SAPLI ORTA 37 CM' | 365.00 TL | SKU: SD.STR02
2026-10-04 02:53:18 [INFO] [11189] 'GÖNYE MARANGOZ 500 MM SARI RH12450 RTRMA' | 125.00 TL | SKU: RTRMAX.RH12450
2026-10-04 02:53:19 [INFO] [5393] 'GRANİT MERMER YAPIŞTIRICI BEJ 500 GR' | 169.00 TL | SKU: ELKAY.BF10.500
2026-10-04 02:53:20 [INFO] [10768] 'DÜBEL TURBOLET (1000 AD)' | 780.00 TL | SKU: STAR.02.06
2026-10-04 02:53:21 [INFO] [12525] 'ALÇIPAN DETAY U PROFİLİ ALM 0.30 MM 3 M ' | 40.00 TL | SKU: FOUR.030.ADU.3000
2026-10-04 02:53:23 [INFO] [781] 'ASMA TAVAN METAL CLİP-İN BASKI TAKOZU 1 ' | 3.00 TL | SKU: ASMAT.023
2026-10-04 02:53:24 [INFO] [780] 'ASMA TAVAN METAL CLİP-İN KLİPS 1 AD (250' | 5.00 TL | SKU: ASMAT.022
2026-10-04 02:53:25 [INFO] [3558] 'DUY FİŞ E27 GECE LAMBASI RENKLİ (BEYAZ-Y' | 25.00 TL | SKU: FAR.23000031
2026-10-04 02:53:26 [INFO] [15500] 'DOĞALGAZ CAM MENFEZİ SİYAH 180 MM' | 45.00 TL | SKU: MADE.1101
2026-10-04 02:53:28 [INFO] [1856] 'ÇUVAL MOLOZ (50*80)' | 10.00 TL | SKU: ÇUVAL.001
2026-10-04 02:53:29 [INFO] [779] 'ASMA TAVAN METAL CLİP-İN ASKI MAŞASI 1 A' | 10.00 TL | SKU: ASMAT.021
2026-10-04 02:53:30 [INFO] [5305] 'KALEM MARANGOZ KIRMIZI ELTOS' | 30.00 TL | SKU: ELTOS.EMK005
2026-10-04 02:53:31 [INFO] [2116] 'RULO DEKOR PARMAK SAPLI 10CM 11084' | 85.00 TL | SKU: DEKOR.11084
2026-10-04 02:53:33 [INFO] [7955] 'MAKET BIÇAĞI RAK119 SARI PVC GENİŞ RTRMA' | 50.00 TL | SKU: RTRMAX.RAK119
2026-10-04 02:53:34 [INFO] [11538] 'BATARYA LALE MİX LAVABO' | 1975.00 TL | SKU: GMS.LA100
2026-10-04 02:53:35 [INFO] [3955] 'ASKI ÇUBUĞU /TELİ 40 1 AD (100)' | 5.00 TL | SKU: FOUR.HNK0013
2026-10-04 02:53:36 [INFO] [14590] 'APLİK DUVAR SENSÖRLÜ 25 W BEYAZ IDEA' | 369.00 TL | SKU: IŞILDAR.1927
2026-10-04 02:53:38 [INFO] [5246] 'KNAUF MİNERAL PLUS IPB039 5 CM (14,4m2)' | 925.00 TL | SKU: KNAUF.IPB039
2026-10-04 02:53:39 [INFO] [13563] 'MASTİK PU 280 ML PU-45 BEYAZ' | 199.00 TL | SKU: SELENA.10049346
2026-10-04 02:53:40 [INFO] [4654] 'İNŞAAT ÇİVİSİ 7 LİK 16X30' | 59.00 TL | SKU: İNŞ.ÇİV.0004
2026-10-04 02:53:41 [INFO] [14281] 'ELDİVEN LATEX 3/4 PREMİUM CMC1740' | 80.00 TL | SKU: CMC.1740
2026-10-04 02:53:43 [INFO] [8492] 'SİLİKON BEYAZ 280 GR POLYFİX ÜNV(1KT 24A' | 80.00 TL | SKU: SELENA.10049305
2026-10-04 02:53:44 [INFO] [7591] 'BİTS UÇ T30 50 MM PROSCR-03225' | 25.00 TL | SKU: PROSCR.03225
2026-10-04 02:53:45 [WARNING] [14072] 429 Too Many Requests — 75s bekleniyor (deneme 1/3, hiz 0.4/sn)
2026-10-04 02:53:48 [WARNING] [5910] 429 Too Many Requests — 72s bekleniyor (deneme 1/3, hiz 0.2/sn)
2026-10-04 02:53:53 [WARNING] [14042] 429 Too Many Requests — 68s bekleniyor (deneme 1/3, hiz 0.2/sn)
2026-10-04 02:53:58 [WARNING] [12936] 429 Too Many Requests — 63s bekleniyor (deneme 1/3, hiz 0.2/sn)
2026-10-04 02:54:03 [WARNING] [15170] 429 Too Many Requests — 58s bekleniyor (deneme 1/3, hiz 0.2/sn)
2026-10-04 02:54:08 [WARNING] [13425] 429 Too Many Requests — 52s bekleniyor (deneme 1/3, hiz 0.2/sn)
2026-10-04 02:54:13 [WARNING] [6078] 429 Too Many Requests — 48s bekleniyor (deneme 1/3, hiz 0.2/sn)
2026-10-04 02:54:18 [WARNING] [3932] 429 Too Many Requests — 43s bekleniyor (deneme 1/3, hiz 0.2/sn)
2026-10-04 02:55:00 [INFO] [13425] 'KLOZET KAPAK KAMELYA YAVAŞ KAPANIR METAL' | 1250.00 TL | SKU: VİSAM.515.001
2026-10-04 02:55:00 [INFO] [5910] 'ÇELİK DÜBEL GÖMLEKLİ 10x85 MM 1 AD' | 10.00 TL | SKU: STD.911771800
2026-10-04 02:55:01 [INFO] [14072] 'METAL KESİCİ İNOX 180X1.9X22 KARBOSAN' | 75.00 TL | SKU: KARBOSAN.K064081
2026-10-04 02:55:05 [INFO] [3932] 'DU-50 040 MM EKO 30X50X30 3 M 1 AD (12)' | 80.00 TL | SKU: FOUR.040.DU-50.3000
2026-10-04 02:55:10 [INFO] [9817] 'RÖGAR KUTUSU 50x50+IZGARALI KAPAK' | 975.00 TL | SKU: TORUN.RGR.1010
2026-10-04 02:55:15 [INFO] [3070] 'DOĞALGAZ CAM MENFEZİ 180 MM ŞEFFAF' | 50.00 TL | SKU: ELTOS.EM382
2026-10-04 02:55:20 [INFO] [5304] 'KALEM MARANGOZ SİYAH ELTOS' | 30.00 TL | SKU: ELTOS.EMK004
2026-10-04 02:55:25 [INFO] [7002] 'ASKI KEMER DECOBELLA 50836' | 45.00 TL | SKU: OMAK.50836
2026-10-04 02:55:30 [INFO] [13653] 'BAHÇE ARMATÜRÜ APLİK YONCA-2 40W SiYAH H' | 204.00 TL | SKU: HOROZ.400-010-133
2026-10-04 02:55:35 [INFO] [6078] 'STROPİYER K2 (EP101)10X10CM 10MM (2M)' | 45.00 TL | SKU: STROPİYER.EP101
2026-10-04 02:55:40 [INFO] [6493] 'SİNEKLİK TUTAMAK PLASTİK BEYAZ' | 10.00 TL | SKU: NOBEL.32966
2026-10-04 02:55:45 [INFO] [12897] 'ELDİVEN NİTRİL MİCRO 3/4 NO:10 BEYBİ' | 90.00 TL | SKU: BEYBİ.İ04NMF13410
2026-10-04 02:55:50 [INFO] [15170] 'METAL KESİCİ PRO 115X3,0X22,23 EGESAN' | 30.00 TL | SKU: EGESAN.272006
2026-10-04 02:55:55 [INFO] [13108] 'TOREX ÇOK AMAÇLI DÜBEL T-X 6' | 249.00 TL | SKU: 8680613960520
2026-10-04 02:56:00 [INFO] [3954] 'ASKI ÇUBUĞU /TELİ 30 1 AD (100)' | 4.00 TL | SKU: FOUR.HNK0012
2026-10-04 02:56:05 [INFO] [14168] 'DERZ SEVİYE TESPİT TAKOZU SİYAH (100-ADE' | 130.00 TL | SKU: ALFOR.A13-S1SY100-30
2026-10-04 02:56:10 [INFO] [12936] 'BETOFAST 6.3*145 1 AD' | 5.50 TL | SKU: STD.YHB4835
2026-10-04 02:56:15 [INFO] [6263] 'METAL KESİCİ 230x3 MM 38012 - NİKON' | 100.00 TL | SKU: NIKON.38012
2026-10-04 02:56:20 [INFO] [787] 'ASMA TAVAN METAL CLİP-İN ANA TAŞIYICI 3 ' | 92.50 TL | SKU: ASMAT.038
2026-10-04 02:56:25 [INFO] [6217] 'NAYLON BALONLU 100cm x 50MT (25GR)' | 425.00 TL | SKU: NAYLON.001
2026-10-04 02:56:30 [INFO] [12177] 'ZEMİN/KORUMA ÖRTÜSÜ KALIN 20 M2 KARDELEN' | 90.00 TL | SKU: KARDELEN.0061
2026-10-04 02:56:35 [INFO] [7689] '0.50*3009 RULO SAC 30-CM' | 70.00 TL | SKU: RALL.3009.300.01
2026-10-04 02:56:40 [INFO] [9214] 'BİTS UÇ MANYETİK UZATMA ADAPTÖRÜ 60 MM' | 30.00 TL | SKU: CMC.6567
2026-10-04 02:56:45 [INFO] [4866] '70/1000 PİS SU BORU KALDE' | 117.00 TL | SKU: KALDE.5203TBE0L1000
2026-10-04 02:56:50 [INFO] [12745] 'BİTS UÇ TEK YÖNLÜ  MIKNATISLI  PZ2-65MM ' | 60.00 TL | SKU: TYSON.KUPTYS.9684
2026-10-04 02:56:54 [INFO] [790] 'ASMA TAVAN KAROPAN T24 TALİ 120 (60)' | 40.00 TL | SKU: ASMAT.042
2026-10-04 02:56:58 [INFO] [8486] 'MASTİK KAHVERENGİ 500gr (KAPI,PENCERE)  ' | 59.00 TL | SKU: SELENA.0641
2026-10-04 02:57:02 [INFO] [777] 'ASMA TAVAN METAL CLİP-İN U PROFİLİ (3 MT' | 105.00 TL | SKU: ASMAT.019
2026-10-04 02:57:06 [INFO] [7520] 'POLİKARBON 4MM 210*6000 ŞEFFAF(12,6)' | 2300.00 TL | SKU: POL.KRB.LV04.01
2026-10-04 02:57:10 [INFO] [4897] '70/90 PİS SU PVC DİRSEK KALDE' | 33.00 TL | SKU: KALDE.5213ELB0L0090
2026-10-04 02:57:14 [INFO] [8755] 'SERAMİK TARAĞI PLASTİK SGS' | 60.00 TL | SKU: SGS.143
2026-10-04 02:57:18 [INFO] [6280] 'ELDİVEN KIRMIZI SİYAH NİTRİL NO:10 MAX S' | 45.00 TL | SKU: MAXSAFETY.NIT-101.10
2026-10-04 02:57:22 [INFO] [3939] 'DC-75 040 MM EKO 35X75X35 3 M 1 AD (12)' | 115.00 TL | SKU: FOUR.040.DC-75.3000
2026-10-04 02:57:26 [INFO] [12976] 'ELDİVEN BEYBİ PL-9 LATEKS KIRMIZI NO:10 ' | 65.00 TL | SKU: BEYBİ.İ040162-10
2026-10-04 02:57:30 [WARNING] [7693] 429 Too Many Requests — 150s bekleniyor (deneme 1/3, hiz 0.2/sn)
2026-10-04 02:57:35 [WARNING] [788] 429 Too Many Requests — 145s bekleniyor (deneme 1/3, hiz 0.2/sn)
2026-10-04 02:57:40 [WARNING] [8512] 429 Too Many Requests — 140s bekleniyor (deneme 1/3, hiz 0.2/sn)
2026-10-04 02:57:45 [WARNING] [14845] 429 Too Many Requests — 135s bekleniyor (deneme 1/3, hiz 0.2/sn)
2026-10-04 02:57:50 [WARNING] [14042] 429 Too Many Requests — 130s bekleniyor (deneme 2/3, hiz 0.2/sn)
2026-10-04 02:57:55 [WARNING] [3967] 429 Too Many Requests — 125s bekleniyor (deneme 1/3, hiz 0.2/sn)
2026-10-04 02:58:00 [WARNING] [15523] 429 Too Many Requests — 120s bekleniyor (deneme 1/3, hiz 0.2/sn)
2026-10-04 02:58:05 [WARNING] [791] 429 Too Many Requests — 115s bekleniyor (deneme 1/3, hiz 0.2/sn)
2026-10-04 03:00:01 [INFO] [788] 'ASMA TAVAN KAROPAN T24 ANA TAŞIYICI (3.6' | 137.50 TL | SKU: ASMAT.040
2026-10-04 03:00:01 [INFO] [791] 'ASMA TAVAN KAROPAN T24 TALİ 60 LIK (60)' | 20.00 TL | SKU: ASMAT.044
2026-10-04 03:00:01 [INFO] [8512] 'SİLİKON ŞEFFAF AKVARYUM VE CAM SİLİKONU ' | 175.00 TL | SKU: SELENA.138
2026-10-04 03:00:01 [INFO] ... ilerleme 200/276 (tazelenen 198, basarisiz 2, korunan 2, atlanan 0)
2026-10-04 03:00:05 [INFO] [1968] 'SERAMİK YAPIŞTIRICI GRİ QF121 C1T-25 KG.' | 185.00 TL | SKU: DARKSS.YK.QF121G
2026-10-04 03:00:10 [INFO] [3967] 'ASMA TAVAN KAROPAN ÇİFTLİ YAY (1000)' | 7.00 TL | SKU: FOUR.HNK0025
2026-10-04 03:00:15 [INFO] [14845] 'EL FENERİ PT-7744 USB ŞARJLI' | 235.00 TL | SKU: PANTHER PT-7744
2026-10-04 03:00:20 [INFO] [15070] 'SİLİKON TABANCA PVC EKO' | 72.50 TL | SKU: PROPAN.EKO
2026-10-04 03:00:25 [INFO] [7356] 'KAMP LAMBASI PT-2028 USB ŞARJLI SİNEKSAV' | 475.00 TL | SKU: PANTHER PT-2882
2026-10-04 03:00:30 [INFO] [3957] 'ASKI ÇUBUĞU /TELİ 60 1 AD (100)' | 6.00 TL | SKU: FOUR.HNK0015
2026-10-04 03:00:35 [INFO] [13598] 'KESKİ GENİŞ 14X250X40 MM WONDER SDS PLUS' | 110.00 TL | SKU: WONDER.STW013780
2026-10-04 03:00:40 [INFO] [15523] 'ÇIRPI İPİ 85 GR. 90 MT' | 55.00 TL | SKU: WONDER.W015021
2026-10-04 03:00:45 [INFO] [3965] 'EKLEME PARÇASI 1 AD (500)' | 6.00 TL | SKU: FOUR.HNK0023
2026-10-04 03:00:50 [INFO] [13031] 'MASTİK PU SOSİS 600 ML-KIRMIZI' | 295.00 TL | SKU: SELENA.10051108
2026-10-04 03:00:55 [INFO] [12478] 'MASTİK PU DAYSON-280ML(GRİ)' | 250.00 TL | SKU: DAYSON.D10003
2026-10-04 03:01:00 [INFO] [776] 'ASMA TAVAN METAL CLİP-İN 30*30 FULL PERF' | 55.00 TL | SKU: ASMAT.017
2026-10-04 03:01:05 [INFO] [9910] 'UNIVERSAL ELEKTRİK İZO. BANDI 19*10-SARI' | 20.00 TL | SKU: UNIVERSAL.021
2026-10-04 03:01:10 [INFO] [14042] 'ELDİVEN LATEKS GRİ CAMCI NO:10 1/2 CMC17' | 65.00 TL | SKU: CMC.1729
2026-10-04 03:01:15 [INFO] [15733] 'SİFON KÖRÜKLÜ LÜKS GRİ 65X32 35-80 CM' | 75.00 TL | SKU: GÜÇLÜ.1250
2026-10-04 03:01:20 [INFO] [9087] 'SUNTA VİDASI 5x60 STD (200)' | 210.00 TL | SKU: STD.900022700
2026-10-04 03:01:25 [INFO] [7691] '0.50*86*2000 TRAPEZ (BORDO)' | 490.00 TL | SKU: RALL.3009.050.2000
2026-10-04 03:01:30 [INFO] [3970] 'ALÇ.DÜBEL+VİDA RİGİPS (100 AD)' | 135.00 TL | SKU: FOUR.HNK0036
2026-10-04 03:01:35 [INFO] [7693] '0.50*86*3000 TRAPEZ (BORDO)' | 735.00 TL | SKU: RALL.3009.050.3000
2026-10-04 03:01:40 [INFO] [12483] 'SOSİS TABANCASI 600 ML FRS 353' | 800.00 TL | SKU: FRS.353
2026-10-04 03:01:45 [INFO] [13577] 'BİTS UÇ SETİ 25-50-75-100-150-200 MM 10 ' | 320.00 TL | SKU: WONDER.STW01958
2026-10-04 03:01:50 [INFO] [8494] 'PU KÖPÜK TİTAN PRO 753 STR YAP 750 ML TA' | 299.00 TL | SKU: SELENA.10049326
2026-10-04 03:01:54 [INFO] [7330] 'PANEL ÇİT KAPAK PVC YEŞİL 1 AD' | 10.00 TL | SKU: PANELÇİT.0028
2026-10-04 03:01:58 [INFO] [12176] 'ZEMİN/KORUMA ÖRTÜSÜ KALIN 10 M2 KARDELEN' | 65.00 TL | SKU: KARDELEN.0060
2026-10-04 03:02:02 [INFO] [6083] 'İÇ CEPHE BOYASI RG1 (2.5 LT) MOMENTOMAX' | 1000.00 TL | SKU: FİLLİ.MOMENTOMAX.RG1.2,5L
2026-10-04 03:02:06 [INFO] [6081] 'İÇ CEPHE BOYASI RG1 (15 LT) MOMENTOMAX' | 4500.00 TL | SKU: FİLLİ.MOMENTOMAX.RG1.15L
2026-10-04 03:02:10 [INFO] [2037] 'PRİMAST 120 BRÜT BETON ASTAR 12 KG' | 650.00 TL | SKU: DARKSS.YK.P120.12
2026-10-04 03:02:14 [INFO] [6213] 'KESER SAPLI-USTA KESERİ' | 325.00 TL | SKU: NALBUR.122
2026-10-04 03:02:18 [INFO] [9344] 'GAZ BETON 05-CM (60x25X05) 1AD 0.15 M2' | 32.50 TL | SKU: STT.017
2026-10-04 03:02:22 [INFO] [8516] 'TYTAN HIZLI YAPIŞTIRICI KİTİ MDF 200ML+5' | 105.00 TL | SKU: SELENA.10049289
2026-10-04 03:02:26 [INFO] [9165] 'BİTS UÇ PZ2-25MM STANDART' | 25.00 TL | SKU: STD.933512800
2026-10-04 03:02:30 [INFO] [9113] 'BETOFAST 6.3*75 1 AD' | 3.50 TL | SKU: STD.900241700
2026-10-04 03:02:34 [INFO] [8491] 'SİLİKON ŞEFFAF 280 GR POLYFİX ÜNV(1KT 24' | 80.00 TL | SKU: SELENA.10051119
2026-10-04 03:02:38 [INFO] [3966] 'ASKI MAŞASI T 1 AD (500)' | 9.00 TL | SKU: FOUR.HNK0024
2026-10-04 03:02:42 [INFO] [5905] 'ÇELİK DÜBEL ASMA TAVAN 6X45 (100) 1 AD' | 7.50 TL | SKU: MERİDYEN.ÇATD06045
2026-10-04 03:02:46 [INFO] [2383] '40*40*2.0MM KUTU PROFİL(ANTİPASLI)' | 663.28 TL | SKU: DEM.PRF.235
2026-10-04 03:02:50 [INFO] [9155] 'İSKELE BAĞLAMA ÇAKMA DÜBELİ M12 50 MM 1 ' | 16.50 TL | SKU: STD.920683800
2026-10-04 03:02:54 [INFO] [11586] 'MASTİK PU SOSİS 600 ML-SİYAH' | 295.00 TL | SKU: SELENA.10049867
2026-10-04 03:02:58 [INFO] [4887] '70 KELEPÇE PİS SU PVC KALDE' | 16.00 TL | SKU: KALDE.5213BCC0L0000
2026-10-04 03:03:02 [INFO] [2002] 'SIVA FİLESİ 75 GR A++ BEYAZ 1 M2 (50)' | 16.00 TL | SKU: DARKSS.SF075.01
2026-10-04 03:03:06 [INFO] [15638] 'KOLİ BANDI ŞEFFAF 45X100 METRE ASTEL' | 95.00 TL | SKU: ASTEL.A07135
2026-10-04 03:03:10 [INFO] [5301] 'BİTS UÇ PH2 25MM STOPLU' | 55.00 TL | SKU: FİVESTAR.011.BBS0225
2026-10-04 03:03:14 [INFO] [15763] 'KORNİŞ MONTAJ YAPIŞTIRICI BEYAZ 290 ML U' | 209.00 TL | SKU: SELSİL.3753
2026-10-04 03:03:18 [INFO] [9094] 'TRP.VİDA 5,5*38-5MM 1 AD' | 2.15 TL | SKU: STD.900038700
2026-10-04 03:03:22 [INFO] [2115] 'RULO DEKOR PARMAK YEDEK 10CM (ADET)2100' | 40.00 TL | SKU: DEKOR.2100
2026-10-04 03:03:26 [INFO] [12975] 'ELDİVEN NİTRİL MİCRO 3/4 NO:9 BEYBİ' | 90.00 TL | SKU: BEYBİ.İ04NMF13409
2026-10-04 03:03:30 [INFO] [14526] 'ASKILIK İKİLİ KROM ECO FIESTA YAPIŞKANLI' | 93.00 TL | SKU: NOBEL.721306Y
2026-10-04 03:03:33 [INFO] [14768] '0.50*15*200 KAR TUTUCU AKSESUAR BORDO' | 153.00 TL | SKU: RALL.3009.050.AKS.03
2026-10-04 03:03:37 [INFO] [2382] '40*60*2.5MM KUTU PROFİL (ANTİPASLI)' | 1011.06 TL | SKU: DEM.PRF.234
2026-10-04 03:03:40 [INFO] [5775] 'MAKET BIÇAĞI METAL GÖVDELİ' | 80.00 TL | SKU: SD.MB075
2026-10-04 03:03:43 [INFO] [4658] 'İNŞAAT ÇİVİSİ 10 LUK 18X45' | 59.00 TL | SKU: İNŞ.ÇİV.0008
2026-10-04 03:03:46 [INFO] [12353] 'KÖŞE ÇITASI FİLELİ PVC BEYAZ 10X10 (45x1' | 50.00 TL | SKU: DARKSS.FK.10.01
2026-10-04 03:03:49 [INFO] [3923] 'KÖŞE ÇITASI DELİKLİ GLV 035 22X22 3.00 M' | 35.00 TL | SKU: FOUR.035.KÇYD.22X22.3000
2026-10-04 03:03:53 [INFO] [10936] 'MASTİK BEYAZ 500 GR TYTAN (KAPI-PENCERE)' | 55.00 TL | SKU: SELENA.10049327
2026-10-04 03:03:56 [INFO] [9125] 'ALÇ.VİDA SİVRİ 25 (1000 AD) STD' | 375.00 TL | SKU: STD.900195700
2026-10-04 03:03:59 [INFO] [6783] 'ASPİRATÖR BORUSU ALÜMİNYUM 2 METRE 127 M' | 77.00 TL | SKU: NOBEL.706131272
2026-10-04 03:04:02 [INFO] [1848] 'ÇİMENTO 25 KG' | 125.00 TL | SKU: ÇİMENTO.005
2026-10-04 03:04:05 [INFO] [3944] 'AGRAF 7 1 ADET (500)' | 5.00 TL | SKU: FOUR.HNK0001
2026-10-04 03:04:09 [INFO] [1961] 'ISI YALITIM LEVHA YAPIŞTIRICI QF-393 25 ' | 185.00 TL | SKU: DARKSS.YK.QF393
2026-10-04 03:04:12 [INFO] [12198] 'DEKUPAJ AĞZI METAL T318A BOSCH' | 250.00 TL | SKU: BOSCH.2608631808
2026-10-04 03:04:15 [INFO] [10044] 'WALLBOARD T-2000 2 CM (20-AD 14.4M2)' | 1400.00 TL | SKU: XPS.002
2026-10-04 03:04:18 [INFO] [11438] 'MASTİK PU DAYSON-280ML(BEYAZ)' | 250.00 TL | SKU: DAYSON.D10002
2026-10-04 03:04:21 [INFO] [9166] 'BİTS UÇ PZ2-50MM STANDART' | 25.00 TL | SKU: STD.933513800
2026-10-04 03:04:25 [INFO] [4652] 'İNŞAAT ÇİVİSİ 6 LIK 15X27' | 59.00 TL | SKU: İNŞ.ÇİV.0002
2026-10-04 03:04:28 [INFO] [15083] 'PALA TESTERE BÜYÜK 50CM' | 449.00 TL | SKU: WERT.2517
2026-10-04 03:04:31 [INFO] [772] 'ASMA TAVAN KAROPAN BEYAZ DÜZ 60*60*8MM 1' | 62.50 TL | SKU: ASMAT.002
2026-10-04 03:04:34 [INFO] [15348] 'STREÇ 17 MİCRON 50X150 MT (1400 GR)' | 250.00 TL | SKU: ELİTT.17MC50X150
2026-10-04 03:04:37 [INFO] [15022] 'ELDİVEN PN3 KIRMIZI SİYAH ZEBRA NO:10' | 49.00 TL | SKU: BEYBİ.İ0401773
2026-10-04 03:04:41 [INFO] [1926] 'SATENTEK ALÇI-25 KG.' | 185.00 TL | SKU: DALSAN.104
2026-10-04 03:04:44 [INFO] [12072] 'DRENAJ LEVHASI 200*2000(40 M2)(320 gr/m2' | 1000.00 TL | SKU: DARKSS.DR320
2026-10-04 03:04:47 [INFO] [8502] 'PU KÖPÜK POLYFİX COMBO STD 750 ML (1KT-1' | 199.00 TL | SKU: SELENA.10053673
2026-10-04 03:04:50 [INFO] [11676] 'SHATTAF ŞATAF TAHARET FİX KROM GRİ SET D' | 250.00 TL | SKU: DIAMOND.SHT3053
2026-10-04 03:04:53 [INFO] [1859] 'SIVATEK SIVA ALÇISI 35 KG' | 200.00 TL | SKU: DALSAN.103
2026-10-04 03:04:55 [INFO] [4353] 'KÜRESEL REKORLU BAHÇE MUSLUĞU 3/4' | 470.00 TL | SKU: GMS.KBM116
2026-10-04 03:04:58 [INFO] [1927] 'DERZTEK ALÇI LEVHA DERZ DOLGU ALÇI (25 K' | 220.00 TL | SKU: DALSAN.107
2026-10-04 03:05:00 [INFO] [6160] 'FIRÇA SAPI 120CM' | 100.00 TL | SKU: NALBUR.035
2026-10-04 03:05:00 [INFO] State yaziliyor: 8659 url -> /home/runner/work/inflationstudymirror/inflationstudymirror/InflationItems/Datas/ConstructionSuppliesMarkets/yapimaks/last_seen.json
2026-10-04 03:05:00 [INFO] ==================================================
2026-10-04 03:05:00 [INFO] Tamamlandi [OK]! Tasinan: 8123 | Tazelenen: 274 | Basarisiz: 2 | Korunan eski satir: 2 | Atlanan (sure/limit): 0 | Dusurulen: 0
2026-10-04 03:05:00 [INFO] Dosya: /home/runner/work/inflationstudymirror/inflationstudymirror/InflationItems/Datas/ConstructionSuppliesMarkets/yapimaks/2026-10-04.csv (toplam 8399 urun)
2026-10-04 03:05:00 [INFO] ==================================================
