2026-08-12 04:06:49 [INFO] ==================================================
2026-08-12 04:06:49 [INFO] Yapimaks Scraper basliyor
2026-08-12 04:06:49 [INFO] ==================================================
2026-08-12 04:06:49 [INFO] Ana sayfa ziyaret ediliyor, cookie aliniyor...
2026-08-12 04:06:50 [INFO] Cookie basariyla alindi.
2026-08-12 04:06:50 [INFO] Sitemap indiriliyor: https://yapimaks.com/sitemap/products1.xml
2026-08-12 04:06:50 [INFO] Sitemap'ten toplam 7536 urun URL'si bulundu.
2026-08-12 04:06:50 [INFO] Bugune ait veri yok. Eski veri (2026-08-11.csv) süzülerek bugune aktariliyor...
2026-08-12 04:06:50 [INFO] Basarili! 7529 urun dunden bugune aktarildi.
2026-08-12 04:06:50 [INFO] Guncel dosyada hazir olan urun: 7529 | Sifirdan cekilecek (yeni) urun: 7
2026-08-12 04:06:50 [INFO] 7 yeni urun scrapelanacak -> /home/runner/work/inflationstudymirror/inflationstudymirror/Datas/yapimaks/2026-08-12.csv
2026-08-12 04:06:50 [INFO] [1/7] https://yapimaks.com/ampul-ledbulb-9w-4000k-a60-ack-p12643
2026-08-12 04:06:51 [INFO] [12643] 'AMPUL LEDBULB 9W 4000K A60 ACK' | 35.00 TL | SKU: ACK.AA13.00921
2026-08-12 04:06:53 [INFO] [2/7] https://yapimaks.com/ampul-ledbulb-9w-6500-k-a60-ack-beyaz-p356
2026-08-12 04:06:53 [INFO] [356] 'AMPUL LEDBULB 9W 6500 K A60 ACK BEYAZ' | 37.50 TL | SKU: ACK.AA13.00923
2026-08-12 04:06:55 [INFO] [3/7] https://yapimaks.com/arduazli-shingle-rulo-kirmizi-yonca-10m2-p1478
2026-08-12 04:06:55 [INFO] [1478] 'ARDUAZLI SHINGLE RULO KIRMIZI YONCA (10M' | 1200.00 TL | SKU: BİKAMAX.FLEX01
2026-08-12 04:06:57 [INFO] [4/7] https://yapimaks.com/arduazli-shingle-rulo-yesil-yonca-10m2-p1480
2026-08-12 04:06:57 [INFO] [1480] 'ARDUAZLI SHINGLE RULO YEŞİL YONCA (10M2)' | 1200.00 TL | SKU: BİKAMAX.FLEX03
2026-08-12 04:06:59 [INFO] [5/7] https://yapimaks.com/mantolama-dubeli-euro-pvc-civili-13-5-cm-darkss-1-ad-p15409
2026-08-12 04:06:59 [INFO] [15409] 'MANTOLAMA DÜBELİ EURO PVC ÇİVİLİ 13.5 CM' | 3.50 TL | SKU: DARKSS.MDÇ.13.6
2026-08-12 04:07:01 [INFO] [6/7] https://yapimaks.com/su-deposu-1000-lt-3-kat-mavi-yatay-89x96x161-cm-p13638
2026-08-12 04:07:02 [INFO] [13638] 'SU DEPOSU 1000 LT 3 KAT MAVİ YATAY 89X96' | 6900.00 TL | SKU: SU DEPOSU.1000.006
2026-08-12 04:07:04 [INFO] [7/7] https://yapimaks.com/su-deposu-2000-lt-beyaz-yatay-107x116x198-p12624
2026-08-12 04:07:04 [INFO] [12624] 'SU DEPOSU 2000 LT BEYAZ YATAY 107X116X19' | 11750.00 TL | SKU: SU DEPOSU.2000.004
2026-08-12 04:07:06 [INFO] Tamamlandi! Toplam 7 yeni urun eklendi -> /home/runner/work/inflationstudymirror/inflationstudymirror/Datas/yapimaks/2026-08-12.csv
