2026-10-06 02:20:34 [INFO] ==================================================
2026-10-06 02:20:34 [INFO] Yapimaks Scraper basliyor (async)
2026-10-06 02:20:34 [INFO] ==================================================
2026-10-06 02:20:34 [INFO] Parametreler: workers=8, rate=0.8/sn, max_duration=300 dk
2026-10-06 02:20:34 [INFO] Ana sayfa ziyaret ediliyor, cookie aliniyor...
2026-10-06 02:20:34 [INFO] Cookie basariyla alindi.
2026-10-06 02:20:34 [INFO] Sitemap indiriliyor: https://yapimaks.com/sitemap/products1.xml
2026-10-06 02:20:35 [INFO] Sitemap'ten toplam 8327 urun URL'si bulundu.
2026-10-06 02:20:35 [INFO] Dunun dosyasi: 2026-10-05.csv
2026-10-06 02:20:35 [INFO] Dunun dosyasinda 8400 urun var.
2026-10-06 02:20:35 [WARNING] 3 urun 7+ gun sitemap'te gorunmuyor, dosyadan dusuruldu: ['https://yapimaks.com/lazer-distomat-30-mt-yesil-dikey-yatay-rtm055-rtrmax-p12770', 'https://yapimaks.com/stropiyer-k12-eko-10x10cm-10mm-2m-p9326', 'https://yapimaks.com/suzgec-membranli-alttan-cikisli-70-lik-p9360']
2026-10-06 02:20:35 [INFO] GUNLUK BUTCE: 213 urun aday — hepsi bu koşuda tazelenir.
2026-10-06 02:20:35 [INFO] Tasinacak (degismeyen) urun: 8397 | Yeniden cekilecek: 213
2026-10-06 02:20:36 [INFO] [12915] 'HOFMANN HGN-C 26 MM BLACK (SİYAH PLS ) +' | 1150.00 TL | SKU: HOFMANN.HGNC26
2026-10-06 02:20:36 [INFO] [15878] 'HOFMANN HGN-C 26 MM GREY (GRİ PLS ) + GA' | 900.00 TL | SKU: HOFMANN.HGN-C26/2
2026-10-06 02:20:36 [INFO] [13950] 'HOFMANN HGN-C 25 MM BLACK (SİYAH PLS ) +' | 1150.00 TL | SKU: HOFMANN.HGNC25
2026-10-06 02:20:37 [INFO] [4917] '100/100 TE PİS SU PVC KALDE' | 117.00 TL | SKU: KALDE.5213SBR0M0M87
2026-10-06 02:20:38 [INFO] [12485] 'BOYA KARIŞTIRICI SDS 80X450 MEGA' | 100.00 TL | SKU: MEGA.STS102080
2026-10-06 02:20:39 [INFO] [7679] 'PVC KİREMİT LEVHA 89X306 CM 2,5 MM KIRMI' | 1150.00 TL | SKU: PVC.KRMT.KRM.3060
2026-10-06 02:20:40 [INFO] [5373] 'BALLY BÜYÜK TÜP 150 gr' | 115.00 TL | SKU: BALLY.B04002
2026-10-06 02:20:42 [INFO] [14541] 'HAREKET SENSÖRÜ SPOT 1200W 360 DERECE SI' | 235.00 TL | SKU: CATA.9243
2026-10-06 02:20:43 [INFO] [12014] 'DIŞ CEPHE BOYASI NUCLEUS RG-3 (2.5-LT)' | 1250.00 TL | SKU: FİLLİ.NUCLEUS.2503-2489-02-00001.RG3.2,5L
2026-10-06 02:20:44 [INFO] [9596] 'İÇ CEPHE BOYASI TEMPO SİL MAT BAZ-2 20 K' | 2000.00 TL | SKU: TEMPO.0005
2026-10-06 02:20:45 [INFO] [3056] 'İKİ AĞIZ ANAHTAR YILDIZ 8X9 - ELTA' | 192.00 TL | SKU: ELTA.0450.03.0809
2026-10-06 02:20:47 [INFO] [11528] 'BATARYA ZİRVE MİX BANYO' | 3105.00 TL | SKU: GMS.ZRV103
2026-10-06 02:20:48 [INFO] [11889] 'KAPADOKYA ROBOT DUŞ GMS YST506' | 3220.00 TL | SKU: GMS.YST506
2026-10-06 02:20:49 [WARNING] [https://yapimaks.com/insaat-demiri-nervullu-kalin-12-14-16-20-p4683] Urun parse hatasi (deneme 1/3): API yanitinda fiyat bulunamadi
2026-10-06 02:20:50 [INFO] [9259] 'KARABİNA M5 VİDALI 1 AD' | 25.00 TL | SKU: STD.964440800
2026-10-06 02:20:52 [INFO] [3882] 'KAPATAN 0.25 LT' | 400.00 TL | SKU: FİLLİ.123
2026-10-06 02:20:53 [INFO] [11113] 'MOTOR EĞESİ 5,5 MM 7/32" CMC4263' | 75.00 TL | SKU: CMC.4263
2026-10-06 02:20:54 [INFO] [12377] 'KALE KL151 R ODA KİLİDİ 35 mm SARI' | 350.00 TL | SKU: KALE.KL151R3500001
2026-10-06 02:20:56 [INFO] [8806] 'DEKUPAJ TESTERE AĞZI ALÜMİNYUM T127D 5 L' | 150.00 TL | SKU: SGS.2705
2026-10-06 02:20:57 [INFO] [13203] 'PİTON KAPALI 22X130 (4 ADET)' | 16.00 TL | SKU: ERSA.3472322130
2026-10-06 02:20:58 [INFO] [4387] 'SARI NİPEL 3/8' | 45.00 TL | SKU: GMS.SM704
2026-10-06 02:20:59 [INFO] [5565] 'PANJUR PVC BEYAZ 50x50 MADE' | 475.00 TL | SKU: MADE.MP11
2026-10-06 02:21:00 [INFO] [9357] 'HORTUM SARI EMİCİ 1 1/2, 1M' | 99.00 TL | SKU: SÜRMENE.2011112
2026-10-06 02:21:02 [INFO] [9639] 'SENTETİK BOYA KAHVE 0.75 KG LÜKS TEMPO' | 300.00 TL | SKU: TEMPO.0052
2026-10-06 02:21:03 [INFO] [9619] 'SENTETİK BOYA BEYAZ 0.75 LT LÜKS TEMPO' | 300.00 TL | SKU: TEMPO.0031
2026-10-06 02:21:04 [INFO] [10630] 'ŞÖMİNE SOBA 5025 TROY DÖKÜM FIRINLI (HOS' | 23250.00 TL | SKU: HOSSEVEN.5025
2026-10-06 02:21:05 [INFO] [6494] 'SİNEKLİK D KOL PLASTİK BEYAZ' | 22.00 TL | SKU: NOBEL.32967
2026-10-06 02:21:07 [INFO] [14809] 'SDS PLUS MATKAP UCU 12X260 MM' | 100.00 TL | SKU: WONDER.STW0139312
2026-10-06 02:21:08 [INFO] [6726] 'KULP TORİNO EKO KROM 160-192 MM' | 71.00 TL | SKU: NOBEL.651516019229
2026-10-06 02:21:09 [INFO] [13099] 'TEL ÇİVİ SARI BAŞSIZ 12X40' | 139.00 TL | SKU: TELÇİVİ.011
2026-10-06 02:21:11 [WARNING] [https://yapimaks.com/insaat-demiri-nervullu-kalin-12-14-16-20-p4683] Urun parse hatasi (deneme 2/3): API yanitinda fiyat bulunamadi
2026-10-06 02:21:12 [INFO] [262] 'TOREX ŞOFBEN MONTAJ VİDASI NO:2 (DÜBEL İ' | 47.00 TL | SKU: 8680613630249
2026-10-06 02:21:13 [INFO] [9275] 'SOMUN M12 KG' | 281.00 TL | SKU: STD.966186000
2026-10-06 02:21:14 [INFO] [15176] 'SDS AĞAÇ DELME MATKAP UCU 12X250 MM WOND' | 95.00 TL | SKU: WONDER.STW01452
2026-10-06 02:21:15 [INFO] [12346] 'TUTKAL AHŞAP BEYAZ 1/1 SU BAZLI 700 GR P' | 275.00 TL | SKU: PASS.PT12
2026-10-06 02:21:17 [INFO] [15330] 'SPATULA NO:60 DESA' | 105.00 TL | SKU: SD.ISP0060
2026-10-06 02:21:18 [INFO] [15419] '25 UZUN KAVİS PPRC KALDE' | 24.00 TL | SKU: KALDE.3202TWC250000
2026-10-06 02:21:19 [INFO] [15509] 'FIRÇA YAĞLI BOYA AHŞAP SAP NO:3 405 YILD' | 90.00 TL | SKU: YILDIRIMFIRÇA.405
2026-10-06 02:21:21 [INFO] [8284] 'KÖŞEBENT 30X30 PARLAK KROM -270 CM' | 350.00 TL | SKU: TESAY.FKDA30
2026-10-06 02:21:22 [WARNING] [https://yapimaks.com/ray-spot-40w-4000k-9005-siyah-kasa-masialux-p13935] Urun parse hatasi (deneme 1/3): API yanitinda fiyat bulunamadi
2026-10-06 02:21:23 [INFO] [12434] 'SORRENTO AÇIK GRİ-KAHVE MİX 45X45 1K (1,' | 671.00 TL | SKU: EGESER.450X450SRR64
2026-10-06 02:21:24 [INFO] [9090] 'SUNTA VİDASI 4x60 STD (200)' | 165.00 TL | SKU: STD.900026700
2026-10-06 02:21:26 [WARNING] [https://yapimaks.com/ray-spot-40w-4000k-9005-siyah-kasa-masialux-p13935] Urun parse hatasi (deneme 2/3): API yanitinda fiyat bulunamadi
2026-10-06 02:21:27 [INFO] [3185] 'EPS-10 5CM 50*100 (10AD-5M2) DARKSS' | 550.00 TL | SKU: EPS.10.0004
2026-10-06 02:21:28 [INFO] [15035] 'KORUYUCU GÖZLÜK ŞEFFAF CAM BAYMAX S1551' | 135.00 TL | SKU: BAYMAX.S1551-S
2026-10-06 02:21:29 [INFO] [3953] 'AGRAF 10 1 ADET (500)' | 6.00 TL | SKU: FOUR.HNK0002
2026-10-06 02:21:30 [INFO] [11885] 'TRP.VİDA 4.8X16 4MM 1 AD' | 1.50 TL | SKU: AKDENİZ.VTRKTU48016GAL
2026-10-06 02:21:32 [INFO] [12926] 'SENTETİK BOYA SİYAH 1/1 AURA' | 250.00 TL | SKU: KARDELEN.2109237
2026-10-06 02:21:33 [INFO] [14558] 'CAM ELMAS AHŞAP SAPLI TROY 21120' | 149.00 TL | SKU: TROY.21120
2026-10-06 02:21:34 [INFO] [1280] 'BALLY BALCO C8 400-GR' | 400.00 TL | SKU: BALLY.B04008
2026-10-06 02:21:36 [WARNING] [https://yapimaks.com/insaat-demiri-nervullu-kalin-12-14-16-20-p4683] Urun parse hatasi (deneme 3/3): API yanitinda fiyat bulunamadi
2026-10-06 02:21:36 [ERROR] [https://yapimaks.com/insaat-demiri-nervullu-kalin-12-14-16-20-p4683] Tum denemeler basarisiz: API yanitinda fiyat bulunamadi
2026-10-06 02:21:36 [WARNING] [https://yapimaks.com/insaat-demiri-nervullu-kalin-12-14-16-20-p4683] Eski satir korundu, yarin tekrar denenir.
2026-10-06 02:21:37 [INFO] [9201] 'GAZLI PİSTON YAVAŞ KAPANAN 100N-STD' | 99.00 TL | SKU: STD.959047800
2026-10-06 02:21:38 [INFO] [2785] 'CHİCAGO BEYAZ 30X60 2K PARLAK (1,08M2)' | 429.00 TL | SKU: EGESER.300X600CHG11.END
2026-10-06 02:21:39 [INFO] [6384] 'AYAK SEHPA BİNGOSU DERECELİ Q60' | 13.00 TL | SKU: NOBEL.24664100
2026-10-06 02:21:41 [INFO] [15328] 'SPATULA NO:120 DESA' | 170.00 TL | SKU: SD.ISP0120
2026-10-06 02:21:42 [INFO] [9149] 'TRP.VİDA 5,5*90-12MM 1 AD' | 5.00 TL | SKU: STD.909849800
2026-10-06 02:21:43 [INFO] [11689] 'ASKI PORTMANTO EMET KROM' | 55.00 TL | SKU: NOBEL.143329
2026-10-06 02:21:44 [WARNING] [https://yapimaks.com/ray-spot-40w-4000k-9005-siyah-kasa-masialux-p13935] Urun parse hatasi (deneme 3/3): API yanitinda fiyat bulunamadi
2026-10-06 02:21:44 [ERROR] [https://yapimaks.com/ray-spot-40w-4000k-9005-siyah-kasa-masialux-p13935] Tum denemeler basarisiz: API yanitinda fiyat bulunamadi
2026-10-06 02:21:44 [WARNING] [https://yapimaks.com/ray-spot-40w-4000k-9005-siyah-kasa-masialux-p13935] Eski satir korundu, yarin tekrar denenir.
2026-10-06 02:21:46 [INFO] [2387] '40*40*3.0MM KUTU PROFİL (ANTİPASLI)' | 930.15 TL | SKU: DEM.PRF.240
2026-10-06 02:21:47 [INFO] [7680] 'PVC KİREMİT LEVHA 89X196 CM 2,5 MM ANTRA' | 750.00 TL | SKU: PVC.KRMT.ANT.1960
2026-10-06 02:21:48 [INFO] [7083] 'OPTİMİX ISI YALITIM LEVHA YAPIŞTIRICI 25' | 225.00 TL | SKU: OPTİMİX.02
2026-10-06 02:21:49 [INFO] [2290] '40*100*3.0MM KUTU PROFİL (ANTİPASLI)' | 1707.43 TL | SKU: DEM.PRF.029
2026-10-06 02:21:50 [INFO] [13220] 'KARGABURUN DÜZ 160 MM BOSS' | 239.00 TL | SKU: BOSS.052211025
2026-10-06 02:21:52 [INFO] [12648] '100/50 TE PİS SU PVC KALDE' | 84.00 TL | SKU: KALDE.5213SBR0M0K87
2026-10-06 02:21:53 [INFO] [1921] 'KAĞIT BANT ALLEV (1AD.150MT)' | 249.00 TL | SKU: DALSAN.314
2026-10-06 02:21:54 [INFO] [14997] 'ASMA TAVAN PVC 60X60 YILDIZ (0.36-M2)' | 100.00 TL | SKU: IŞIK.061.BB034
2026-10-06 02:21:55 [INFO] [14371] 'KÖŞE BAĞLANTI GÖNYESİ DÜZ 15X90' | 5.00 TL | SKU: ARSLAN.52212
2026-10-06 02:21:57 [INFO] [257] 'TOREX ŞOFBEN MONTAJ VİDASI NO:1 (DÜBEL İ' | 47.00 TL | SKU: 8680613630188
2026-10-06 02:21:58 [INFO] [5783] 'SDS PLUS MATKAP UCU 10X350' | 87.50 TL | SKU: MASTER.051
2026-10-06 02:21:59 [INFO] [1966] 'MAHYA HARCI KIRMIZI QF-140 25 KG' | 275.00 TL | SKU: DARKSS.YK.QF140K
2026-10-06 02:22:00 [INFO] [4598] 'PERDE RAYI KORNİŞ İKİLİ 6 M SÜPER' | 237.50 TL | SKU: IŞIK.0105
2026-10-06 02:22:02 [INFO] [14904] 'KİMYASAL DÜBEL 300 ML EMS F1311' | 185.00 TL | SKU: EMS.F03504
2026-10-06 02:22:03 [INFO] [7275] 'ÇATI PANELİ PU 40*EKO*5000(9002)' | 2675.00 TL | SKU: PANEL.0016
2026-10-06 02:22:04 [INFO] [13725] '0.40*86*2500 TRAPEZ (GRİ)' | 587.50 TL | SKU: RALL.7016.040.2500
2026-10-06 02:22:05 [INFO] [4258] '0.30*875*250 OLUKLU' | 437.50 TL | SKU: GLV.SAC.030.2500
2026-10-06 02:22:07 [INFO] [11923] 'DIŞ CEPHE BOYASI NUCLEUS RG-1 (15-LT)' | 5500.00 TL | SKU: FİLLİ.NUCLEUS.2501-2489-02-00000.RG1.15L
2026-10-06 02:22:08 [INFO] [12731] 'PRİZ 3 LÜ YONCA PLUS TOPRAKLI' | 330.00 TL | SKU: VİKO.90303003
2026-10-06 02:22:09 [INFO] [12114] 'ELEKTRİK BORU 18Ø' | 15.00 TL | SKU: SRK.EL27
2026-10-06 02:22:10 [INFO] [6925] 'KULP OVACIK MATSİYAH 128 MM' | 30.00 TL | SKU: NOBEL.KL16773128
2026-10-06 02:22:12 [INFO] [14752] 'ELDİVEN PU KAPLI SLİM NO:10 BEYBİ' | 40.00 TL | SKU: BEYBİ.İ040217
2026-10-06 02:22:13 [INFO] [12133] 'AGT PARKE CORVİNA FABA (2,292m2)' | 924.00 TL | SKU: AGT.120047293
2026-10-06 02:22:14 [INFO] [14766] '0.50*25*25*2000 DÜZ MAHYA (BORDO)' | 425.00 TL | SKU: RALL.3009.050.MHY01
2026-10-06 02:22:16 [INFO] [13148] 'JENERATÖR BENZİNLİ 6.5 kW / 8.12 kVA MON' | 34900.00 TL | SKU: WONDER.WBJ6500M
2026-10-06 02:22:17 [INFO] [9162] 'GAZLI PİSTON 120N-STD' | 59.00 TL | SKU: STD.928350800
2026-10-06 02:22:18 [INFO] [12935] 'BETOFAST 6.3*35 1 AD' | 2.75 TL | SKU: STD.YHB4834
2026-10-06 02:22:19 [INFO] [12491] 'SIVA FİLESİ 160 GR A+ SARI 1 M2 (50)' | 20.00 TL | SKU: DARKSS.SF160.04
2026-10-06 02:22:20 [INFO] [1628] 'LİKİT MEMBRAN ELASTO DRYROOF BEYAZ 20KG' | 2500.00 TL | SKU: BTM.0306
2026-10-06 02:22:22 [INFO] [4772] '20/90 DİRSEK KAPALI PPRC KALDE' | 3.00 TL | SKU: KALDE.3212ELB200000
2026-10-06 02:22:23 [INFO] [15564] 'EL FENERİ PT-6893 USB ŞARJLI MİNİ ANAHTA' | 125.00 TL | SKU: PANTHER.PT-6893
2026-10-06 02:22:24 [INFO] [9167] 'BİTS UÇ PZ2-75MM STANDART' | 30.00 TL | SKU: STD.933514800
2026-10-06 02:22:25 [INFO] [4789] '20 TE PPRC KALDE' | 5.00 TL | SKU: KALDE.3212TEO200000
2026-10-06 02:22:27 [INFO] [7082] 'OPTİMİX ISI YALITIM LEVHA SIVASI 25 KG' | 235.00 TL | SKU: OPTİMİX.01
2026-10-06 02:22:28 [INFO] [10025] 'SPREY BOYA KIRMIZI 400ML WALTER' | 135.00 TL | SKU: WALTER.001
2026-10-06 02:22:29 [INFO] [15438] 'MASKELEME BANDI 36MM x 25 MT (RTRMAX)' | 35.00 TL | SKU: RTRMAX.RNM3625
2026-10-06 02:22:30 [INFO] [14765] '0.50*50*200 DERE AKSESUAR BORDO' | 429.00 TL | SKU: RALL.3009.050.AKS.02
2026-10-06 02:22:32 [INFO] [1928] 'ADERTEK YAPIŞTIRMA ALÇISI (25 KG)' | 210.00 TL | SKU: DALSAN.106
2026-10-06 02:22:33 [INFO] [4786] '32/25 REDÜKSİYON PPRC KALDE' | 11.00 TL | SKU: KALDE.3212RDC322500
2026-10-06 02:22:34 [INFO] [12041] 'BUAT KAPAĞI BOMBELİ LÜX IŞILDAR' | 15.00 TL | SKU: IŞILDAR.2402
2026-10-06 02:22:35 [INFO] [11768] 'KALE 164GNC 68 MM NİKEL' | 525.00 TL | SKU: KALE.164GNC68.NK
2026-10-06 02:22:37 [INFO] [6082] 'İÇ CEPHE BOYASI RG1 (7.5 LT) MOMENTOMAX' | 2750.00 TL | SKU: FİLLİ.MOMENTOMAX.RG1.7,5L
2026-10-06 02:22:38 [INFO] [10046] 'WALLBOARD T-1500 3 CM (14-AD 10,08M2)' | 1375.00 TL | SKU: XPS.003
2026-10-06 02:22:39 [INFO] [13764] 'TAŞYÜNÜ LEVHA 120KG-3CM (5,76M2)RAVABER' | 1250.00 TL | SKU: RAVABER.00007
2026-10-06 02:22:40 [INFO] [4613] 'PVC LAMBİRİ BEYAZ FUGA 20 CM 6MT (AD 1.2' | 275.00 TL | SKU: DARKSS.PL01
2026-10-06 02:22:42 [INFO] [9114] 'TRP.VİDA 5,5*75-5MM 1 AD' | 3.50 TL | SKU: STD.900145700
2026-10-06 02:22:42 [INFO] ... ilerleme 100/213 (tazelenen 98, basarisiz 2, korunan 2, atlanan 0)
2026-10-06 02:22:43 [INFO] [1711] 'DEKORATİF KAPLAMA İNCE TANE DOKU (CAPATE' | 525.00 TL | SKU: CAPATECT.006
2026-10-06 02:22:44 [INFO] [4686] 'İNŞAAT TELİ (TAVLI TEL) 1.2 MM 1 KG' | 62.50 TL | SKU: İNŞ.TELİ.001
2026-10-06 02:22:45 [INFO] [9097] 'TRP.VİDA 5,5*60-5MM 1 AD' | 2.85 TL | SKU: STD.900041700
2026-10-06 02:22:47 [INFO] [9282] 'TEFLON BANT 12MMX7 MT 0.20 GR' | 17.50 TL | SKU: ORIENT.BNT10
2026-10-06 02:22:48 [INFO] [1872] 'COREX FALCON ALÇIPAN YEŞİL 120*250 (3M2)' | 385.00 TL | SKU: DALSAN.202
2026-10-06 02:22:49 [INFO] [7390] 'GECE LAMBASI KARE PT-364 IŞIK SENSÖRLÜ 1' | 85.00 TL | SKU: PANTHER PT-233
2026-10-06 02:22:50 [INFO] [14413] 'KÖŞE ÇITASI FİLELİ PVC MAVİ 10X10 (45x14' | 60.00 TL | SKU: DARKSS.FK.10.03
2026-10-06 02:22:52 [INFO] [11095] 'SÜZGEÇ 10X10 METAL KAPAK YANDAN 50MM' | 71.00 TL | SKU: SÜZGEÇ.158543A501010
2026-10-06 02:22:53 [INFO] [3934] 'DU-75 040 MM EKO 30X75X30 3 M 1 AD (12)' | 92.50 TL | SKU: FOUR.040.DU-75.3000
2026-10-06 02:22:54 [INFO] [7662] 'TRAPEZ 875*3000*ŞEFFAF 0.9MM' | 825.00 TL | SKU: PVC.OND.TRP.3000
2026-10-06 02:22:55 [INFO] [4656] 'İNŞAAT ÇİVİSİ 8 LİK 17X36' | 59.00 TL | SKU: İNŞ.ÇİV.0006
2026-10-06 02:22:57 [INFO] [15748] 'ADAPTÖR TAKOZ CONTA GÜÇLÜ 1 ADET' | 12.50 TL | SKU: GÜÇLÜ.4105
2026-10-06 02:22:58 [INFO] [13477] 'NEM BARİYERİ 120GR-3KAT-MAVİ DARKSS (150' | 28.00 TL | SKU: DARKSS.NBM.120
2026-10-06 02:22:59 [INFO] [7051] 'ONDULİN OLUKLU LEVHA KIRMIZI 2-MT' | 475.00 TL | SKU: ONDULİN. 001
2026-10-06 02:23:01 [INFO] [15007] 'KÖŞE ÇITASI FİLELİ PVC BEYAZ 07X07 (35X6' | 27.50 TL | SKU: DARKSS.FK.07.01
2026-10-06 02:23:02 [INFO] [8499] 'PU KÖPÜK PİPETLİ 600 GR (1KT-12AD)' | 149.00 TL | SKU: SELENA.10049313
2026-10-06 02:23:03 [INFO] [8496] 'MASTİK PU SOSİS 600 ML-GRİ' | 295.00 TL | SKU: SELENA.10049866
2026-10-06 02:23:04 [INFO] [11282] 'TİNER SENTETİK FLORA 1/2 (256ML)' | 80.00 TL | SKU: KARDELEN.039
2026-10-06 02:23:06 [INFO] [4762] '20 PPRC BORU 4 MT KALDE' | 109.00 TL | SKU: KALDE.3202TBE200000
2026-10-06 02:23:07 [INFO] [10519] 'NAKLİYE BEDELİ-ALIM' | 1000.00 TL | SKU: ZZW.0047
2026-10-06 02:23:08 [INFO] [15114] 'AMPUL LEDOLET 15W SARI 3000K' | 47.50 TL | SKU: LEDOLET.15WS
2026-10-06 02:23:09 [INFO] [1627] 'LİKİT MEMBRAN BTL 200 KAUÇUK KATKILI 17K' | 1900.00 TL | SKU: BTM.0305
2026-10-06 02:23:10 [INFO] [5387] 'MASA BAĞLANTI GÖNYESİ 20X65' | 10.00 TL | SKU: BEŞEL.BA2065
2026-10-06 02:23:12 [INFO] [15758] 'DERZ SEVİYE TESPİT KLİPS 2MM ŞEF 1.KALİT' | 100.00 TL | SKU: ALFOR.A11.20SR.100.51
2026-10-06 02:23:13 [INFO] [4660] 'İNŞAAT ÇİVİSİ 12 LİK 20X55' | 59.00 TL | SKU: İNŞ.ÇİV.0010
2026-10-06 02:23:14 [INFO] [12035] 'SIVA FİLESİ 55 GR A++ BEYAZ 1 M2 (100)' | 16.00 TL | SKU: DARKSS.SF055.01
2026-10-06 02:23:16 [INFO] [7522] 'POLİKARBON 6MM 210*6000 ŞEFFAF (12,6)' | 3200.00 TL | SKU: POL.KRB.LV06.01
2026-10-06 02:23:17 [INFO] [9093] 'TRP.VİDA 5,5*25-5MM 1 AD' | 1.75 TL | SKU: STD.900037700
2026-10-06 02:23:18 [INFO] [14767] '0.50*15*200 L KÖŞE AKSESUAR BORDO' | 153.00 TL | SKU: RALL.3009.050.AKS.04
2026-10-06 02:23:19 [INFO] [4999] 'METAL KESİCİ İNOX 115x1x22 KARBOSAN' | 30.00 TL | SKU: KARBOSAN.910380
2026-10-06 02:23:20 [INFO] [4784] '25/20 REDÜKSİYON PPRC KALDE' | 4.00 TL | SKU: KALDE.3212RDC252000
2026-10-06 02:23:22 [INFO] [8497] 'PU KÖPÜK TYTAN 750 ML(TABANCALI) (1KT-12' | 219.00 TL | SKU: SELENA.10049279
2026-10-06 02:23:23 [INFO] [9096] 'TRP.VİDA 5,5*50-5MM 1 AD' | 2.50 TL | SKU: STD.900040700
2026-10-06 02:23:24 [INFO] [4895] '50/90 PİS SU PVC DİRSEK KALDE' | 19.00 TL | SKU: KALDE.5213ELB0K0090
2026-10-06 02:23:26 [INFO] [1970] 'GRANİT MERMER YAP.FLEX GRİ QF-125 25 KG ' | 300.00 TL | SKU: DARKSS.YK.QF125G
2026-10-06 02:23:27 [INFO] [10903] 'FIRÇA KESTİRME LÜX NO:4 KARDELEN' | 75.00 TL | SKU: KARDELEN.0049
2026-10-06 02:23:28 [INFO] [7697] '0.50*86*5000 TRAPEZ (BORDO)' | 1225.00 TL | SKU: RALL.3009.050.5000
2026-10-06 02:23:29 [INFO] [15439] 'MASKELEME BANDI 48MM x 25 MT RTRMAX 1 AD' | 45.00 TL | SKU: RTRMAX.RNM4825
2026-10-06 02:23:30 [INFO] [2032] 'PRİMAST 200 ASTAR SERAMİK ÜSTÜ 3 KG' | 275.00 TL | SKU: DARKSS.B.P200.03
2026-10-06 02:23:32 [INFO] [1964] 'GAZBETON YAPIŞTIRICI QF-130 25 KG' | 200.00 TL | SKU: DARKSS.YK.QF130
2026-10-06 02:23:33 [INFO] [8310] 'LED PROFİLİ SİMGE 12 MM BİTİM PROFİLİ 2.' | 350.00 TL | SKU: SAY.808.12.MK
2026-10-06 02:23:34 [INFO] [11901] 'TAVAN BOYASI TEMPO 17.5 KG.' | 750.00 TL | SKU: TEMPO.0059
2026-10-06 02:23:35 [INFO] [11683] 'AYAK BİNGOLU AKÇA MAT SİYAH 10CM (42MM)' | 81.00 TL | SKU: NOBEL.20951073MS
2026-10-06 02:23:37 [INFO] [2758] 'KENZZI INDIGO MAVİ 20X20 2K (0,48M2)' | 261.00 TL | SKU: EGESER.200X200KNZ14.END
2026-10-06 02:23:38 [INFO] [15883] 'RULO RTRMAX PARMAK 10 CM ETİLEN KALORİFE' | 20.00 TL | SKU: RTRMAX.RFR010Y
2026-10-06 02:23:39 [INFO] [14527] 'AYAK NARDO SİYAH METAL 15CM' | 78.00 TL | SKU: NOBEL.12791573
2026-10-06 02:23:40 [INFO] [4960] 'KALE WC KİLİDİ 45 mm GENİŞ AYNA OVAL 23 ' | 375.00 TL | SKU: KALE.KL149R4500005
2026-10-06 02:23:42 [INFO] [5243] 'KNAUF EARTHWOOL 043M-10CM (9,6-M2)' | 750.00 TL | SKU: KNAUF.796780.IP046
2026-10-06 02:23:43 [INFO] [6152] 'ONDULİN ÇİVİSİ PVC BAŞLI KIRMIZI 10 CM (' | 1.75 TL | SKU: NALBUR.016
2026-10-06 02:23:44 [INFO] [7427] 'NORM TİPİ 40MM (600 AD)' | 2.75 TL | SKU: PASPAYI.03040
2026-10-06 02:23:45 [INFO] [2008] 'MANTOLAMA DÜBELİ PVC ÇİVİLİ  10-CM SPECO' | 1.75 TL | SKU: SPECO.MD.10
2026-10-06 02:23:47 [INFO] [6339] 'SÜZGEÇ 10X10 METAL KAPAK ALTTAN 50MM' | 77.00 TL | SKU: SÜZGEÇ.158544A501010
2026-10-06 02:23:48 [INFO] [3558] 'DUY FİŞ E27 GECE LAMBASI RENKLİ (BEYAZ-Y' | 25.00 TL | SKU: FAR.23000031
2026-10-06 02:23:49 [INFO] [15882] 'RULO RTRMAX PARMAK 10 CM ETİLEN KALORİFE' | 45.00 TL | SKU: RTRMAX.RFR010
2026-10-06 02:23:50 [INFO] [3955] 'ASKI ÇUBUĞU /TELİ 40 1 AD (100)' | 5.00 TL | SKU: FOUR.HNK0013
2026-10-06 02:23:52 [INFO] [14964] 'AUTOKIT MAGIC DOSE HIZLI KURULAMA BEZİ T' | 98.00 TL | SKU: AUTOKİT.FA1-818
2026-10-06 02:23:53 [INFO] [10768] 'DÜBEL TURBOLET (1000 AD)' | 780.00 TL | SKU: STAR.02.06
2026-10-06 02:23:54 [INFO] [5200] 'KİREMİT ALTI PVC 1MM 15M2 (84)' | 575.00 TL | SKU: KİR-ALT.0004
2026-10-06 02:23:55 [INFO] [3932] 'DU-50 040 MM EKO 30X50X30 3 M 1 AD (12)' | 80.00 TL | SKU: FOUR.040.DU-50.3000
2026-10-06 02:23:57 [INFO] [7002] 'ASKI KEMER DECOBELLA 50836' | 45.00 TL | SKU: OMAK.50836
2026-10-06 02:23:58 [INFO] [13653] 'BAHÇE ARMATÜRÜ APLİK YONCA-2 40W SiYAH H' | 204.00 TL | SKU: HOROZ.400-010-133
2026-10-06 02:23:59 [INFO] [12936] 'BETOFAST 6.3*145 1 AD' | 5.50 TL | SKU: STD.YHB4835
2026-10-06 02:24:01 [INFO] [13108] 'TOREX ÇOK AMAÇLI DÜBEL T-X 6' | 249.00 TL | SKU: 8680613960520
2026-10-06 02:24:02 [WARNING] [6493] 429 Too Many Requests — 58s bekleniyor (deneme 1/3, hiz 0.4/sn)
2026-10-06 02:24:04 [WARNING] [5246] 429 Too Many Requests — 56s bekleniyor (deneme 1/3, hiz 0.2/sn)
2026-10-06 02:24:09 [WARNING] [14281] 429 Too Many Requests — 51s bekleniyor (deneme 1/3, hiz 0.2/sn)
2026-10-06 02:24:14 [WARNING] [1856] 429 Too Many Requests — 46s bekleniyor (deneme 1/3, hiz 0.2/sn)
2026-10-06 02:24:19 [WARNING] [14072] 429 Too Many Requests — 41s bekleniyor (deneme 1/3, hiz 0.2/sn)
2026-10-06 02:24:24 [WARNING] [3967] 429 Too Many Requests — 36s bekleniyor (deneme 1/3, hiz 0.2/sn)
2026-10-06 02:24:29 [WARNING] [14168] 429 Too Many Requests — 31s bekleniyor (deneme 1/3, hiz 0.2/sn)
2026-10-06 02:24:34 [WARNING] [7052] 429 Too Many Requests — 26s bekleniyor (deneme 1/3, hiz 0.2/sn)
2026-10-06 02:25:00 [INFO] [6493] 'SİNEKLİK TUTAMAK PLASTİK BEYAZ' | 10.00 TL | SKU: NOBEL.32966
2026-10-06 02:25:01 [INFO] [14168] 'DERZ SEVİYE TESPİT TAKOZU SİYAH (100-ADE' | 130.00 TL | SKU: ALFOR.A13-S1SY100-30
2026-10-06 02:25:01 [INFO] [7052] 'ONDULİN OLUKLU LEVHA YEŞİL 2-MT' | 575.00 TL | SKU: ONDULİN. 002
2026-10-06 02:25:05 [INFO] [1856] 'ÇUVAL MOLOZ (50*80)' | 10.00 TL | SKU: ÇUVAL.001
2026-10-06 02:25:10 [INFO] [788] 'ASMA TAVAN KAROPAN T24 ANA TAŞIYICI (3.6' | 137.50 TL | SKU: ASMAT.040
2026-10-06 02:25:15 [INFO] [14072] 'METAL KESİCİ İNOX 180X1.9X22 KARBOSAN' | 75.00 TL | SKU: KARBOSAN.K064081
2026-10-06 02:25:20 [INFO] [5246] 'KNAUF MİNERAL PLUS IPB039 5 CM (14,4m2)' | 925.00 TL | SKU: KNAUF.IPB039
2026-10-06 02:25:25 [INFO] [14281] 'ELDİVEN LATEX 3/4 PREMİUM CMC1740' | 80.00 TL | SKU: CMC.1740
2026-10-06 02:25:30 [INFO] [790] 'ASMA TAVAN KAROPAN T24 TALİ 120 (60)' | 40.00 TL | SKU: ASMAT.042
2026-10-06 02:25:35 [INFO] [776] 'ASMA TAVAN METAL CLİP-İN 30*30 FULL PERF' | 55.00 TL | SKU: ASMAT.017
2026-10-06 02:25:40 [INFO] [1968] 'SERAMİK YAPIŞTIRICI GRİ QF121 C1T-25 KG.' | 185.00 TL | SKU: DARKSS.YK.QF121G
2026-10-06 02:25:45 [INFO] [791] 'ASMA TAVAN KAROPAN T24 TALİ 60 LIK (60)' | 20.00 TL | SKU: ASMAT.044
2026-10-06 02:25:50 [INFO] [13031] 'MASTİK PU SOSİS 600 ML-KIRMIZI' | 295.00 TL | SKU: SELENA.10051108
2026-10-06 02:25:55 [INFO] [3965] 'EKLEME PARÇASI 1 AD (500)' | 6.00 TL | SKU: FOUR.HNK0023
2026-10-06 02:26:00 [INFO] [3970] 'ALÇ.DÜBEL+VİDA RİGİPS (100 AD)' | 135.00 TL | SKU: FOUR.HNK0036
2026-10-06 02:26:05 [INFO] [2002] 'SIVA FİLESİ 75 GR A++ BEYAZ 1 M2 (50)' | 16.00 TL | SKU: DARKSS.SF075.01
2026-10-06 02:26:10 [INFO] [8512] 'SİLİKON ŞEFFAF AKVARYUM VE CAM SİLİKONU ' | 175.00 TL | SKU: SELENA.138
2026-10-06 02:26:15 [INFO] [7693] '0.50*86*3000 TRAPEZ (BORDO)' | 735.00 TL | SKU: RALL.3009.050.3000
2026-10-06 02:26:20 [INFO] [7330] 'PANEL ÇİT KAPAK PVC YEŞİL 1 AD' | 10.00 TL | SKU: PANELÇİT.0028
2026-10-06 02:26:25 [INFO] [9910] 'UNIVERSAL ELEKTRİK İZO. BANDI 19*10-SARI' | 20.00 TL | SKU: UNIVERSAL.021
2026-10-06 02:26:30 [INFO] [6213] 'KESER SAPLI-USTA KESERİ' | 325.00 TL | SKU: NALBUR.122
2026-10-06 02:26:35 [INFO] [6081] 'İÇ CEPHE BOYASI RG1 (15 LT) MOMENTOMAX' | 4500.00 TL | SKU: FİLLİ.MOMENTOMAX.RG1.15L
2026-10-06 02:26:40 [INFO] [3967] 'ASMA TAVAN KAROPAN ÇİFTLİ YAY (1000)' | 7.00 TL | SKU: FOUR.HNK0025
2026-10-06 02:26:45 [INFO] [12198] 'DEKUPAJ AĞZI METAL T318A BOSCH' | 250.00 TL | SKU: BOSCH.2608631808
2026-10-06 02:26:50 [INFO] [12353] 'KÖŞE ÇITASI FİLELİ PVC BEYAZ 10X10 (45x1' | 50.00 TL | SKU: DARKSS.FK.10.01
2026-10-06 02:26:54 [INFO] [4887] '70 KELEPÇE PİS SU PVC KALDE' | 16.00 TL | SKU: KALDE.5213BCC0L0000
2026-10-06 02:26:58 [INFO] [5905] 'ÇELİK DÜBEL ASMA TAVAN 6X45 (100) 1 AD' | 7.50 TL | SKU: MERİDYEN.ÇATD06045
2026-10-06 02:27:02 [INFO] [15638] 'KOLİ BANDI ŞEFFAF 45X100 METRE ASTEL' | 95.00 TL | SKU: ASTEL.A07135
2026-10-06 02:27:06 [INFO] [14526] 'ASKILIK İKİLİ KROM ECO FIESTA YAPIŞKANLI' | 93.00 TL | SKU: NOBEL.721306Y
2026-10-06 02:27:10 [INFO] [14768] '0.50*15*200 KAR TUTUCU AKSESUAR BORDO' | 153.00 TL | SKU: RALL.3009.050.AKS.03
2026-10-06 02:27:14 [INFO] [3944] 'AGRAF 7 1 ADET (500)' | 5.00 TL | SKU: FOUR.HNK0001
2026-10-06 02:27:18 [INFO] [9125] 'ALÇ.VİDA SİVRİ 25 (1000 AD) STD' | 375.00 TL | SKU: STD.900195700
2026-10-06 02:27:22 [INFO] [1848] 'ÇİMENTO 25 KG' | 125.00 TL | SKU: ÇİMENTO.005
2026-10-06 02:27:26 [INFO] [10936] 'MASTİK BEYAZ 500 GR TYTAN (KAPI-PENCERE)' | 55.00 TL | SKU: SELENA.10049327
2026-10-06 02:27:30 [WARNING] [11438] 429 Too Many Requests — 150s bekleniyor (deneme 1/3, hiz 0.2/sn)
2026-10-06 02:27:35 [WARNING] [9113] 429 Too Many Requests — 145s bekleniyor (deneme 1/3, hiz 0.2/sn)
2026-10-06 02:27:40 [WARNING] [1961] 429 Too Many Requests — 140s bekleniyor (deneme 1/3, hiz 0.2/sn)
2026-10-06 02:27:45 [WARNING] [9094] 429 Too Many Requests — 135s bekleniyor (deneme 1/3, hiz 0.2/sn)
2026-10-06 02:27:50 [WARNING] [8491] 429 Too Many Requests — 130s bekleniyor (deneme 1/3, hiz 0.2/sn)
2026-10-06 02:27:55 [WARNING] [8516] 429 Too Many Requests — 125s bekleniyor (deneme 1/3, hiz 0.2/sn)
2026-10-06 02:28:00 [WARNING] [8755] 429 Too Many Requests — 120s bekleniyor (deneme 1/3, hiz 0.2/sn)
2026-10-06 02:28:05 [WARNING] [14845] 429 Too Many Requests — 115s bekleniyor (deneme 1/3, hiz 0.2/sn)
2026-10-06 02:30:01 [INFO] [9094] 'TRP.VİDA 5,5*38-5MM 1 AD' | 2.15 TL | SKU: STD.900038700
2026-10-06 02:30:01 [INFO] [8491] 'SİLİKON ŞEFFAF 280 GR POLYFİX ÜNV(1KT 24' | 80.00 TL | SKU: SELENA.10051119
2026-10-06 02:30:01 [INFO] [14845] 'EL FENERİ PT-7744 USB ŞARJLI' | 235.00 TL | SKU: PANTHER PT-7744
2026-10-06 02:30:01 [INFO] ... ilerleme 200/213 (tazelenen 198, basarisiz 2, korunan 2, atlanan 0)
2026-10-06 02:30:05 [INFO] [9113] 'BETOFAST 6.3*75 1 AD' | 3.50 TL | SKU: STD.900241700
2026-10-06 02:30:10 [INFO] [8502] 'PU KÖPÜK POLYFİX COMBO STD 750 ML (1KT-1' | 199.00 TL | SKU: SELENA.10053673
2026-10-06 02:30:15 [INFO] [4353] 'KÜRESEL REKORLU BAHÇE MUSLUĞU 3/4' | 470.00 TL | SKU: GMS.KBM116
2026-10-06 02:30:20 [INFO] [8755] 'SERAMİK TARAĞI PLASTİK SGS' | 60.00 TL | SKU: SGS.143
2026-10-06 02:30:25 [INFO] [772] 'ASMA TAVAN KAROPAN BEYAZ DÜZ 60*60*8MM 1' | 62.50 TL | SKU: ASMAT.002
2026-10-06 02:30:30 [INFO] [15022] 'ELDİVEN PN3 KIRMIZI SİYAH ZEBRA NO:10' | 49.00 TL | SKU: BEYBİ.İ0401773
2026-10-06 02:30:35 [INFO] [1859] 'SIVATEK SIVA ALÇISI 35 KG' | 200.00 TL | SKU: DALSAN.103
2026-10-06 02:30:40 [INFO] [10044] 'WALLBOARD T-2000 2 CM (20-AD 14.4M2)' | 1400.00 TL | SKU: XPS.002
2026-10-06 02:30:45 [INFO] [1926] 'SATENTEK ALÇI-25 KG.' | 185.00 TL | SKU: DALSAN.104
2026-10-06 02:30:50 [INFO] [15348] 'STREÇ 17 MİCRON 50X150 MT (1400 GR)' | 250.00 TL | SKU: ELİTT.17MC50X150
2026-10-06 02:30:55 [INFO] [8516] 'TYTAN HIZLI YAPIŞTIRICI KİTİ MDF 200ML+5' | 105.00 TL | SKU: SELENA.10049289
2026-10-06 02:31:00 [INFO] [1961] 'ISI YALITIM LEVHA YAPIŞTIRICI QF-393 25 ' | 185.00 TL | SKU: DARKSS.YK.QF393
2026-10-06 02:31:05 [INFO] [11438] 'MASTİK PU DAYSON-280ML(BEYAZ)' | 250.00 TL | SKU: DAYSON.D10002
2026-10-06 02:31:05 [INFO] State yaziliyor: 8663 url -> /home/runner/work/inflationstudymirror/inflationstudymirror/InflationItems/Datas/ConstructionSuppliesMarkets/yapimaks/last_seen.json
2026-10-06 02:31:05 [INFO] ==================================================
2026-10-06 02:31:05 [INFO] Tamamlandi [OK]! Tasinan: 8187 | Tazelenen: 211 | Basarisiz: 2 | Korunan eski satir: 2 | Atlanan (sure/limit): 0 | Dusurulen: 3
2026-10-06 02:31:05 [INFO] Dosya: /home/runner/work/inflationstudymirror/inflationstudymirror/InflationItems/Datas/ConstructionSuppliesMarkets/yapimaks/2026-10-06.csv (toplam 8400 urun)
2026-10-06 02:31:05 [INFO] ==================================================
