2026-09-30 02:22:00 [INFO] ==================================================
2026-09-30 02:22:00 [INFO] Yapimaks Scraper basliyor (async)
2026-09-30 02:22:00 [INFO] ==================================================
2026-09-30 02:22:00 [INFO] Parametreler: workers=8, rate=0.8/sn, max_duration=300 dk
2026-09-30 02:22:00 [INFO] Ana sayfa ziyaret ediliyor, cookie aliniyor...
2026-09-30 02:22:01 [INFO] Cookie basariyla alindi.
2026-09-30 02:22:01 [INFO] Sitemap indiriliyor: https://yapimaks.com/sitemap/products1.xml
2026-09-30 02:22:02 [INFO] Sitemap'ten toplam 8350 urun URL'si bulundu.
2026-09-30 02:22:02 [INFO] Dunun dosyasi: 2026-09-29.csv
2026-09-30 02:22:02 [INFO] Dunun dosyasinda 8418 urun var.
2026-09-30 02:22:02 [WARNING] 8 urun 7+ gun sitemap'te gorunmuyor, dosyadan dusuruldu: ['https://yapimaks.com/tij-100-cm-m12-gijon-p9298', 'https://yapimaks.com/bits-uc-ph2-50mm-yildiz-wonder-1-ad-p15518', 'https://yapimaks.com/serit-metre-5m-x-19mm-etval-p13963', 'https://yapimaks.com/0-40-86-2000-trapez-gri-p13724', 'https://yapimaks.com/0-50-86-5000-trapez-bordo-p7697']...
2026-09-30 02:22:02 [INFO] GUNLUK BUTCE: 344 urun aday — hepsi bu koşuda tazelenir.
2026-09-30 02:22:02 [INFO] Tasinacak (degismeyen) urun: 8410 | Yeniden cekilecek: 344
2026-09-30 02:22:03 [INFO] [9113] 'BETOFAST 6.3*75 1 AD' | 3.50 TL | SKU: STD.900241700
2026-09-30 02:22:03 [INFO] [1854] 'ÇİM HALI 100 CM 1 METRE 7MM (25)' | 252.00 TL | SKU: ÇİMHALI.001
2026-09-30 02:22:03 [INFO] [1815] 'BANYO DUŞ PERDESİ POLYESTER 90X200cm' | 595.00 TL | SKU: ÇELİKAYNA.183
2026-09-30 02:22:04 [INFO] [4686] 'İNŞAAT TELİ (TAVLI TEL) 1.2 MM 1 KG' | 62.50 TL | SKU: İNŞ.TELİ.001
2026-09-30 02:22:05 [INFO] [3231] 'DERZ BANDI 100mm x 90m (18)' | 179.00 TL | SKU: DARKSS.DB10090
2026-09-30 02:22:07 [INFO] [15932] 'ŞERİT LED 10 ÇİPLİ İÇ MEKAN 3200K GÜNIŞI' | 125.00 TL | SKU: CATA.CT4481
2026-09-30 02:22:08 [INFO] [15933] 'ŞERİT LED 10 ÇİPLİ İÇ MEKAN 6500K BEYAZ ' | 125.00 TL | SKU: CATA.CT4480
2026-09-30 02:22:09 [INFO] [9196] 'TELESKOPİK 43x350 BİLYALI GLV.RAY STD' | 160.00 TL | SKU: STD.957925800
2026-09-30 02:22:10 [INFO] [9181] 'TELESKOPİK 35x400 BİLYALI RAY STD' | 133.00 TL | SKU: STD.941868800
2026-09-30 02:22:12 [INFO] [3229] 'DERZ BANDI 50mm x 90m (36)' | 99.00 TL | SKU: DARKSS.DB5090
2026-09-30 02:22:13 [INFO] [9075] 'TELESKOPİK 35x350 BİLYALI RAY STD' | 125.00 TL | SKU: STD.841868800
2026-09-30 02:22:14 [WARNING] [https://yapimaks.com/insaat-demiri-nervullu-kalin-12-14-16-20-p4683] Urun parse hatasi (deneme 1/3): API yanitinda fiyat bulunamadi
2026-09-30 02:22:15 [INFO] [9198] 'TELESKOPİK 43x450 BİLYALI GLV.RAY STD' | 200.00 TL | SKU: STD.957927800
2026-09-30 02:22:16 [WARNING] [https://yapimaks.com/ray-spot-40w-4000k-9005-siyah-kasa-masialux-p13935] Urun parse hatasi (deneme 1/3): API yanitinda fiyat bulunamadi
2026-09-30 02:22:18 [WARNING] [https://yapimaks.com/insaat-demiri-nervullu-kalin-12-14-16-20-p4683] Urun parse hatasi (deneme 2/3): API yanitinda fiyat bulunamadi
2026-09-30 02:22:19 [INFO] [15872] 'JİLETLİ TEL-45 LİK (50-MT.)' | 1900.00 TL | SKU: BAHÇE.TEL.Ç-151
2026-09-30 02:22:20 [INFO] [15828] 'LED BAHÇE ARMATÜRÜ PALACE 20W 3000K SİYA' | 500.00 TL | SKU: HOROZ.076-081-0020.030
2026-09-30 02:22:21 [INFO] [15891] 'SU TERAZİSİ ALÜMİNYUM 60 CM RH13506 RTRM' | 350.00 TL | SKU: RTRMAX.RH13506
2026-09-30 02:22:23 [INFO] [15105] 'AMPUL LEDOLET 12W BEYAZ LED 6500K' | 40.00 TL | SKU: LEDOLET.12W
2026-09-30 02:22:24 [INFO] [3557] 'ARAPUAR ANAHTAR PLASTİK' | 67.00 TL | SKU: VİKO.90302710
2026-09-30 02:22:25 [INFO] [1831] 'ASKILIK BEŞLİ KROM NO:477' | 295.00 TL | SKU: ÇELİKAYNA.477
2026-09-30 02:22:27 [INFO] [1772] 'DİRGEN YABA 5 DİŞ' | 299.00 TL | SKU: COBRA.5Lİ
2026-09-30 02:22:28 [INFO] [1771] 'DİRGEN YABA 6 DİŞ' | 329.00 TL | SKU: COBRA.6LI
2026-09-30 02:22:29 [INFO] [13260] 'ASMA KİLİT GRİ 50mm - KALE' | 179.00 TL | SKU: KALE.KD001/10-150
2026-09-30 02:22:30 [INFO] [12813] 'BATARYA ZİRVE MİX KUĞU EVİYE' | 2425.00 TL | SKU: GMS.ZRV102
2026-09-30 02:22:32 [INFO] [14708] 'BİTS UÇ PH1 25 MM YILDIZ 1 AD' | 10.00 TL | SKU: WONDER.STW1914-2
2026-09-30 02:22:33 [INFO] [4622] 'PVC LAMBİRİ AKSESUAR H PROFİL AKÇAAĞAÇ 3' | 150.00 TL | SKU: DARKSS.PL.H02
2026-09-30 02:22:34 [INFO] [14276] 'BORU KESME MAKASI 42mm PARTNER' | 560.00 TL | SKU: PARTNER.PRT03078
2026-09-30 02:22:35 [INFO] [12041] 'BUAT KAPAĞI BOMBELİ LÜX IŞILDAR' | 15.00 TL | SKU: IŞILDAR.2402
2026-09-30 02:22:37 [INFO] [1816] 'AYNA BİZOTELLİ YASEMİN TEK AYNA 50x40x0.' | 500.00 TL | SKU: ÇELİKAYNA.420
2026-09-30 02:22:38 [WARNING] [https://yapimaks.com/ray-spot-40w-4000k-9005-siyah-kasa-masialux-p13935] Urun parse hatasi (deneme 2/3): API yanitinda fiyat bulunamadi
2026-09-30 02:22:39 [INFO] [1802] 'ÇELİK ÇİVİ 4X50(1PKT=100AD)' | 100.00 TL | SKU: ÇELİK.CİVİ.004
2026-09-30 02:22:40 [INFO] [3960] 'ASKI ÇUBUĞU /TELİ 120 1 AD (100)' | 10.00 TL | SKU: FOUR.HNK0018
2026-09-30 02:22:41 [INFO] [13098] 'ÇELİK ÇİVİ 2X40 PARKE ÇİVİSİ (100 adet)' | 75.00 TL | SKU: ÇELİK.CİVİ.014
2026-09-30 02:22:43 [INFO] [1805] 'ÇELİK ÇİVİ 3X30 SARI BAŞSIZ(100 AD)' | 175.00 TL | SKU: ÇELİK.CİVİ.012
2026-09-30 02:22:44 [WARNING] [https://yapimaks.com/ray-spot-40w-4000k-9005-siyah-kasa-masialux-p13935] Urun parse hatasi (deneme 3/3): API yanitinda fiyat bulunamadi
2026-09-30 02:22:44 [ERROR] [https://yapimaks.com/ray-spot-40w-4000k-9005-siyah-kasa-masialux-p13935] Tum denemeler basarisiz: API yanitinda fiyat bulunamadi
2026-09-30 02:22:44 [WARNING] [https://yapimaks.com/ray-spot-40w-4000k-9005-siyah-kasa-masialux-p13935] Eski satir korundu, yarin tekrar denenir.
2026-09-30 02:22:45 [INFO] [6241] 'CIRT ZIMPARA 115 MM 120 KUM' | 10.00 TL | SKU: NIKON.33509
2026-09-30 02:22:47 [INFO] [7977] 'ÇİVİ ÇAKMA TABANCASI HAVALI  RTM0130' | 3250.00 TL | SKU: RTRMAX.RTM0130
2026-09-30 02:22:48 [INFO] [10939] 'ÇOK AMAÇLI TESTERE 210X30X60T WONDER' | 595.00 TL | SKU: WONDER.STW01872
2026-09-30 02:22:49 [INFO] [1838] 'ÇÖP KOVASI 3 L PEDALLI KROM' | 580.00 TL | SKU: ÇELİKAYNA.706
2026-09-30 02:22:50 [INFO] [1800] 'ÇELİK ÇİVİ 5X100(1PKT=100AD)' | 195.00 TL | SKU: ÇELİK.CİVİ.002
2026-09-30 02:22:52 [INFO] [10768] 'DÜBEL TURBOLET (1000 AD)' | 780.00 TL | SKU: STAR.02.06
2026-09-30 02:22:53 [INFO] [6542] 'AYAK TİTREŞİM ÖNLEYİCİ 5,6CM ÇAMAŞIR MAK' | 150.00 TL | SKU: COSMİG.D07014
2026-09-30 02:22:54 [INFO] [1799] 'ÇELİK ÇİVİ 5X80(1PKT=100AD)' | 150.00 TL | SKU: ÇELİK.CİVİ.001
2026-09-30 02:22:55 [INFO] [11117] 'ELDİVEN ZEBRA 1/2 SARI CMC1719 NO:10' | 65.00 TL | SKU: CMC.1719
2026-09-30 02:22:57 [INFO] [11116] 'ELDİVEN PÜTÜRLÜ 3/4 YEŞİL CMC1725 NO:10' | 80.00 TL | SKU: CMC.1725
2026-09-30 02:22:58 [INFO] [11055] 'FIRÇA KESTİRME LÜX NO:2.5 KARDELEN' | 50.00 TL | SKU: KARDELEN.0047
2026-09-30 02:22:59 [INFO] [9944] 'FİŞ DİŞİ TOPRAKLI VİKO' | 47.00 TL | SKU: VİKO.90301800
2026-09-30 02:23:00 [INFO] [9358] 'HORTUM SARI EMİCİ 2 P, 1M' | 162.00 TL | SKU: SÜRMENE.2011200
2026-09-30 02:23:02 [INFO] [12114] 'ELEKTRİK BORU 18Ø' | 15.00 TL | SKU: SRK.EL27
2026-09-30 02:23:03 [INFO] [1803] 'ÇELİK ÇİVİ 4X60(1PKT=100AD)' | 100.00 TL | SKU: ÇELİK.CİVİ.005
2026-09-30 02:23:04 [INFO] [5976] 'KABLO BAĞI CIRT KELEPÇE 300X3.6 BEYAZ 10' | 92.00 TL | SKU: WONDER.STW01714
2026-09-30 02:23:05 [INFO] [14721] 'BİTS UÇ TORX PRF T30 50 MM BLİSTERLİ' | 25.00 TL | SKU: WONDER.STW1918-4
2026-09-30 02:23:07 [INFO] [6124] 'KABLO KANALI YAPIŞKANLI 16X16MM 2M BEYAZ' | 60.00 TL | SKU: MUTLUSAN.1143016016
2026-09-30 02:23:08 [INFO] [2731] 'KALBUR TELİ NO:5 ÇELİK 1 M' | 125.00 TL | SKU: EBAX.020
2026-09-30 02:23:09 [INFO] [1973] 'DERZ DOLGU BEJ (SİLİKONLU) QF 333 20 KG' | 400.00 TL | SKU: DARKSS.YK.QF333BJ
2026-09-30 02:23:10 [INFO] [10715] 'KAZIMA BIÇAĞI 60 CM ALÜMİNYUM YENAL' | 435.00 TL | SKU: YENAL.Y08-KB150211
2026-09-30 02:23:12 [INFO] [6408] 'KAPI TOKMAK GÜLKUMRU ALBRİFİN' | 216.00 TL | SKU: NOBEL.3002541
2026-09-30 02:23:13 [INFO] [8139] 'KOLASTAR AĞZI ÇATAL DİŞ 76 CM' | 149.00 TL | SKU: IŞIKLAR.302-76
2026-09-30 02:23:14 [INFO] [6312] 'KULP AMASRA 192-224 MM İNOX' | 93.00 TL | SKU: NOBEL.11311922400
2026-09-30 02:23:15 [INFO] [11247] 'JENERATÖR BENZİNLİ 6.5 kW / 8.1 kVA TRİF' | 33000.00 TL | SKU: KAMA.KBRKGL8000CE3
2026-09-30 02:23:16 [INFO] [8415] 'KÜREK FARYAP SAPLI NO.4' | 455.00 TL | SKU: SD.K4005
2026-09-30 02:23:18 [INFO] [6925] 'KULP OVACIK MATSİYAH 128 MM' | 30.00 TL | SKU: NOBEL.KL16773128
2026-09-30 02:23:19 [INFO] [14571] 'LOKMA TORNAVİDA 13 MM PRSCR' | 105.00 TL | SKU: PROSCR.02677.13MM
2026-09-30 02:23:20 [INFO] [13678] 'LED SMD PROJEKTÖR PARS-100 100W 6400K BE' | 498.00 TL | SKU: HOROZ.068-008-0100
2026-09-30 02:23:21 [WARNING] [https://yapimaks.com/insaat-demiri-nervullu-kalin-12-14-16-20-p4683] Urun parse hatasi (deneme 3/3): API yanitinda fiyat bulunamadi
2026-09-30 02:23:21 [ERROR] [https://yapimaks.com/insaat-demiri-nervullu-kalin-12-14-16-20-p4683] Tum denemeler basarisiz: API yanitinda fiyat bulunamadi
2026-09-30 02:23:21 [WARNING] [https://yapimaks.com/insaat-demiri-nervullu-kalin-12-14-16-20-p4683] Eski satir korundu, yarin tekrar denenir.
2026-09-30 02:23:23 [INFO] [2732] 'KALBUR TELİ NO:12 ÇELİK 1 M' | 125.00 TL | SKU: EBAX.021
2026-09-30 02:23:24 [INFO] [13767] 'MASTİK PU 280 ML PU-45 GRİ' | 199.00 TL | SKU: SELENA.10049347
2026-09-30 02:23:25 [INFO] [11476] 'MATKAP AKÜLÜ RTX1212 12V 2x1.5AH RTRMAX' | 5000.00 TL | SKU: RTRMAX.RTX1212
2026-09-30 02:23:27 [INFO] [14587] 'MANTOLAMA DÜBELİ TABANCALI 30 MM (1000AD' | 3650.00 TL | SKU: STAR.MDÇ.30MM
2026-09-30 02:23:28 [INFO] [13988] 'BUAT KARE 10X10 SIVA ALTI TURUNCU MUTLUS' | 85.00 TL | SKU: MUTLUSAN.0010460210100012
2026-09-30 02:23:29 [INFO] [5135] 'MUSLUK BATARYA AYNASI ROZETİ 3/4' | 20.00 TL | SKU: KARPA.111
2026-09-30 02:23:30 [INFO] [5078] 'MUFMATİK ÇEKVALFLİ CONTA KOKU ÖNLEYİCİ' | 66.00 TL | SKU: KARPA.052
2026-09-30 02:23:32 [INFO] [11146] 'PANEL SIVAALTI 18W 3000K YUVARLAK BEYAZ ' | 211.00 TL | SKU: YVZ.2118.3000
2026-09-30 02:23:33 [INFO] [9193] 'POSTA KUTUSU KİLİDİ NO:103-20 STANDART' | 75.00 TL | SKU: STD.953568800
2026-09-30 02:23:34 [INFO] [2699] 'SAKLAMA KABI 1900 ML MASTER DERİN  KARE' | 100.00 TL | SKU: DÜNYA.30833
2026-09-30 02:23:35 [INFO] [13975] 'MANYETİK SOMUN ADAPTÖRÜ 6x45 MM' | 25.00 TL | SKU: WONDER.STW01270
2026-09-30 02:23:37 [INFO] [14570] 'LOKMA TORNAVİDA 12 MM PRSCR' | 99.00 TL | SKU: PROSCR.02677.12MM
2026-09-30 02:23:38 [INFO] [14734] 'SATIR DEMİR SAPLI ORTA 37 CM' | 365.00 TL | SKU: SD.STR02
2026-09-30 02:23:39 [INFO] [604] 'KABLO BAĞI CIRT KELEPÇE 100X2.5 SİYAH 10' | 20.00 TL | SKU: WONDER.STW01601
2026-09-30 02:23:40 [INFO] [10783] 'SERAMİK ÇITA DIŞ KÖŞE 10 MM MAT SİYAH 27' | 139.00 TL | SKU: SAY.350.10.SYH.2
2026-09-30 02:23:42 [INFO] [6159] 'ONDULİN ÇİVİSİ METAL BAŞLI GRİ 10 CM (2,' | 200.00 TL | SKU: NALBUR.010.03
2026-09-30 02:23:43 [INFO] [13332] 'SDS PLUS MATKAP UCU 6X160 50207-TODRİLL' | 55.00 TL | SKU: TODRİLL.TD50207
2026-09-30 02:23:44 [INFO] [14632] 'SPATULA EĞRİ SAPLI 30 CM AHŞAP DUYAR 463' | 299.00 TL | SKU: DUYAR.463
2026-09-30 02:23:45 [INFO] [14610] 'SPOT ÇİFT PRİZ TEZGAH ALTI ÜÇGEN 2W CATA' | 305.00 TL | SKU: CATA.CT5109B
2026-09-30 02:23:47 [INFO] [13736] 'EL FENERİ PT-4515 USB ŞARJLI  3W LED 800' | 225.00 TL | SKU: PANTHER PT-4515
2026-09-30 02:23:48 [INFO] [9199] 'TELESKOPİK 43x500 BİLYALI GLV.RAY STD' | 172.00 TL | SKU: STD.957928800
2026-09-30 02:23:49 [INFO] [9110] 'SUNTA VİDASI 3,5x40 STD (500)' | 225.00 TL | SKU: STD.900101700
2026-09-30 02:23:50 [INFO] [11207] 'TİLKİ KUYRUĞU TESTERE METAL-AHŞAP 225MM ' | 110.00 TL | SKU: WONDER.S1122HF
2026-09-30 02:23:52 [INFO] [254] 'TOREX KANCA KAPALI UÇLU 19X70 1P=6' | 47.00 TL | SKU: 8680613630140
2026-09-30 02:23:53 [INFO] [9838] 'TOSHİBA PİL CR 2016 LITHIUM PARA PİL (1A' | 35.00 TL | SKU: TOSHİBA.2016
2026-09-30 02:23:54 [INFO] [11949] 'KESKİ 18X600 CMC SDS MAX' | 300.00 TL | SKU: CMC.KM4973
2026-09-30 02:23:55 [INFO] [8457] 'ÜÇGEN ÇAPA DESA' | 385.00 TL | SKU: SD.ÜÇ0120
2026-09-30 02:23:57 [INFO] [10024] 'VIPTEC T SAPLI ALLEN ANAHTARI 2,0' | 38.00 TL | SKU: VT.825-2.0L
2026-09-30 02:23:58 [INFO] [2111] 'SERAMİK MALASI 40 CM PVC KAPALI 10X10 DE' | 350.00 TL | SKU: DEKOR.02432
2026-09-30 02:23:59 [INFO] [12286] 'MASA PLASTİK KATLANIR 80X80 KAHVE EKO' | 1250.00 TL | SKU: SÖNMEZ.626-2
2026-09-30 02:24:00 [INFO] [2070] 'YALDIZ BAKIR SİLVESTER 200 GR' | 225.00 TL | SKU: DARSA.021
2026-09-30 02:24:02 [INFO] [15371] 'MÜDAHALE KAPAĞI FOUR 40x60' | 510.00 TL | SKU: FOUR.MDK4060
2026-09-30 02:24:03 [INFO] [1842] 'WC FIRÇA İNCİ MİKRO 1' | 260.00 TL | SKU: ÇELİKAYNA.728
2026-09-30 02:24:04 [INFO] [3982] 'MÜDAHALE KAPAĞI FOUR 50X50' | 600.00 TL | SKU: FOUR.MDK5050
2026-09-30 02:24:05 [INFO] [15324] 'KLOZET KAPAK LİLYUM SLİM YAVAŞ KAPANIR M' | 1250.00 TL | SKU: VİSAM.517.001
2026-09-30 02:24:07 [INFO] [11189] 'GÖNYE MARANGOZ 500 MM SARI RH12450 RTRMA' | 125.00 TL | SKU: RTRMAX.RH12450
2026-09-30 02:24:08 [INFO] [10162] 'TELESKOPİK BİLYALI RAY 17mm x 400mm -YEN' | 79.00 TL | SKU: YENİLER.1740
2026-09-30 02:24:09 [INFO] [15494] 'FARAŞ BÜYÜK SAPLI HAZNELİ SÜPÜRGELİ' | 125.00 TL | SKU: DOĞUŞ.25023
2026-09-30 02:24:09 [INFO] ... ilerleme 100/344 (tazelenen 98, basarisiz 2, korunan 2, atlanan 0)
2026-09-30 02:24:10 [INFO] [14216] 'BATARYA SIRMA MİX APLİKE EVİYE' | 2350.00 TL | SKU: GMS.SR237
2026-09-30 02:24:12 [INFO] [15501] 'MATKAP UCU 7 MM SERAMİK-CAM-TUĞLA' | 175.00 TL | SKU: WONDER.STW01404
2026-09-30 02:24:13 [INFO] [8412] 'KÜREK İNŞAAT DEMİR SAİT DEMİRCİ' | 200.00 TL | SKU: SD.K4001
2026-09-30 02:24:14 [INFO] [5393] 'GRANİT MERMER YAPIŞTIRICI BEJ 500 GR' | 169.00 TL | SKU: ELKAY.BF10.500
2026-09-30 02:24:15 [INFO] [13785] 'PANEL ARMATÜR CLİP-İN 30X30 25W 6400K' | 270.00 TL | SKU: CATA.5286
2026-09-30 02:24:17 [INFO] [14812] 'DUVAR PANELİ PVC GRİ BUDAKLI 11 CM 2.8M ' | 225.00 TL | SKU: NTN.005
2026-09-30 02:24:18 [INFO] [13034] 'YAĞMURLUK STD LÜKS YEŞİL XXL-XL' | 270.00 TL | SKU: YAĞMURLUK.STD.002
2026-09-30 02:24:19 [INFO] [1912] 'ALÇ.VİDA MATKAP 25 MV25 (1000 AD) DALSAN' | 550.00 TL | SKU: DALSAN.304
2026-09-30 02:24:20 [INFO] [15596] 'ALÇ.VİDA SİVRİ 25 BV25 (1000-AD) RİGİPS' | 400.00 TL | SKU: DALSAN.317
2026-09-30 02:24:22 [INFO] [9070] 'BULDEKS VİDA 7.5x60 1 AD' | 1.95 TL | SKU: STD.900042700
2026-09-30 02:24:23 [INFO] [11893] 'EL DUŞU İREM DT017' | 305.00 TL | SKU: GMS.DT017
2026-09-30 02:24:24 [INFO] [4667] 'SHINGLE ÇİVİSİ 15MM' | 150.00 TL | SKU: İNŞ.ÇİV.01.15
2026-09-30 02:24:25 [INFO] [11985] 'PRİZ REGÜLATÖR 4000 W CATA-9187 REG' | 345.00 TL | SKU: CATA.9187REG
2026-09-30 02:24:27 [INFO] [4661] 'İNŞAAT ÇİVİSİ 15 LİK 21X65' | 59.00 TL | SKU: İNŞ.ÇİV.0011
2026-09-30 02:24:28 [INFO] [4653] 'İNŞAAT ÇİVİSİ 6 LIK 16X27 KALIN' | 59.00 TL | SKU: İNŞ.ÇİV.0003
2026-09-30 02:24:29 [INFO] [4655] 'İNŞAAT ÇİVİSİ 7 LİK 17X30 KALIN' | 59.00 TL | SKU: İNŞ.ÇİV.0005
2026-09-30 02:24:30 [INFO] [3210] 'EPS-50 KARBONLU 4CM 50*100 (12AD 6m2) DA' | 683.00 TL | SKU: EPS.14.0012
2026-09-30 02:24:32 [INFO] [3964] 'KLİPS 1 AD (1000)' | 2.00 TL | SKU: FOUR.HNK0022
2026-09-30 02:24:33 [INFO] [14413] 'KÖŞE ÇITASI FİLELİ PVC MAVİ 10X10 (45x14' | 60.00 TL | SKU: DARKSS.FK.10.03
2026-09-30 02:24:34 [INFO] [7316] 'PANEL ÇİT 200CM YEŞİL (2500*5*15) 4-MM' | 1050.00 TL | SKU: PANELÇİT.0006
2026-09-30 02:24:35 [INFO] [7527] 'POLİKARBON TRP 900*6000*3MM-ŞEFFAF' | 1750.00 TL | SKU: POL.KRB.6000.01
2026-09-30 02:24:37 [INFO] [10055] 'CAPRON 5mm 1 AD (95X105) (50)' | 40.00 TL | SKU: XPS.015
2026-09-30 02:24:38 [INFO] [9095] 'TRP.VİDA 5,5*32-5MM 1 AD' | 2.15 TL | SKU: STD.900039700
2026-09-30 02:24:39 [INFO] [7628] 'SHINGLE HAVALANDIRMA DÜZ KIRMIZI' | 275.00 TL | SKU: MS.1032
2026-09-30 02:24:40 [INFO] [13981] "DURACELL PİL KALEM 2'Lİ SIMPLY AA LR06/M" | 149.00 TL | SKU: DURACELL.LR6/MN1500SIMPLY
2026-09-30 02:24:42 [INFO] [12025] 'ÇEKİÇ 200 GR RH09802 RTRMAX' | 180.00 TL | SKU: RTRMAX.RH09802
2026-09-30 02:24:43 [INFO] [2635] 'DURACELL PİL İNCE SIMPLY 2 Lİ AAA LR03/M' | 129.00 TL | SKU: DURACELL.LR03/MN2400SIMPLY
2026-09-30 02:24:44 [INFO] [13149] 'EL FENERİ PT-8867 USB ŞARJLI 2W+COB LED ' | 150.00 TL | SKU: PANTHER PT-8867
2026-09-30 02:24:45 [INFO] [4668] 'SHINGLE ÇİVİSİ 50MM' | 150.00 TL | SKU: İNŞ.ÇİV.05.50
2026-09-30 02:24:46 [INFO] [1804] 'ÇELİK ÇİVİ 2X30 SARI PARKE' | 100.00 TL | SKU: ÇELİK.CİVİ.010
2026-09-30 02:24:48 [INFO] [12426] 'EL FENERİ KH-168 PiLLİ PANTHER' | 50.00 TL | SKU: PANTHER.KH-168
2026-09-30 02:24:49 [INFO] [14493] 'RULO DEKOR PARMAK KADİFE YEDEK 10CM' | 60.00 TL | SKU: DEKOR.1079
2026-09-30 02:24:50 [INFO] [8124] 'ÇEKMECE RAYI 50 CM SMARTSLİDE KISMİ AÇIL' | 462.00 TL | SKU: SAMET.014
2026-09-30 02:24:52 [INFO] [4657] 'İNŞAAT ÇİVİSİ 8 LİK 18X36 KALIN' | 59.00 TL | SKU: İNŞ.ÇİV.0007
2026-09-30 02:24:53 [INFO] [9331] 'STROPİYER GÖBEK DÜZ DESENLİ KÜÇÜK' | 60.00 TL | SKU: STROPİYER.025
2026-09-30 02:24:54 [INFO] [4970] 'TRAJLI DEMİR KAPI KİLİT ECO 157-A 14CM K' | 900.00 TL | SKU: KALE.KL157A0000116
2026-09-30 02:24:55 [INFO] [15110] 'AMPUL LEDOLET 15W LED BEYAZ 6500K' | 47.50 TL | SKU: LEDOLET.15WB
2026-09-30 02:24:57 [INFO] [4599] 'PERDE RAYI KORNİŞ ÜÇLÜ 3 M SÜPER' | 149.00 TL | SKU: IŞIK.0110
2026-09-30 02:24:58 [INFO] [15758] 'DERZ SEVİYE TESPİT KLİPS 2MM ŞEF 1.KALİT' | 100.00 TL | SKU: ALFOR.A11.20SR.100.51
2026-09-30 02:24:59 [INFO] [8491] 'SİLİKON ŞEFFAF 280 GR POLYFİX ÜNV(1KT 24' | 80.00 TL | SKU: SELENA.10051119
2026-09-30 02:25:00 [INFO] [12867] 'METRE ŞERİT 5MT 19MM BTS12355' | 129.00 TL | SKU: BTS.12355
2026-09-30 02:25:02 [INFO] [1652] 'PVC LAMBİRİ AKSESUAR ÇAVUŞ BEYAZ KÖŞEBEN' | 225.00 TL | SKU: DARKSS.PVC.ACK1
2026-09-30 02:25:03 [INFO] [14550] 'İŞKENCE C TİPİ 76 MM TROY 25063' | 269.00 TL | SKU: TROY.25063
2026-09-30 02:25:04 [INFO] [2109] 'RULO DEKOR EKSPORT SATEN YAGLI BOYA 20CM' | 265.00 TL | SKU: DEKOR.1080
2026-09-30 02:25:05 [INFO] [15341] 'KÖŞE ÇITASI ALÇI PVC KESİK 270 CM TESAY' | 50.00 TL | SKU: TESAY.PKSK25-270
2026-09-30 02:25:07 [INFO] [3966] 'ASKI MAŞASI T 1 AD (500)' | 9.00 TL | SKU: FOUR.HNK0024
2026-09-30 02:25:08 [INFO] [3955] 'ASKI ÇUBUĞU /TELİ 40 1 AD (100)' | 5.00 TL | SKU: FOUR.HNK0013
2026-09-30 02:25:09 [INFO] [781] 'ASMA TAVAN METAL CLİP-İN BASKI TAKOZU 1 ' | 3.00 TL | SKU: ASMAT.023
2026-09-30 02:25:10 [INFO] [9172] 'GAZLI PİSTON 080N-STD' | 59.00 TL | SKU: STD.936160800
2026-09-30 02:25:12 [INFO] [780] 'ASMA TAVAN METAL CLİP-İN KLİPS 1 AD (250' | 5.00 TL | SKU: ASMAT.022
2026-09-30 02:25:13 [INFO] [5905] 'ÇELİK DÜBEL ASMA TAVAN 6X45 (100) 1 AD' | 7.50 TL | SKU: MERİDYEN.ÇATD06045
2026-09-30 02:25:14 [INFO] [5630] 'ELEKTROT 2.50 MM-MAGMAWELD' | 350.00 TL | SKU: MAGMAWELD.11101HQAM1
2026-09-30 02:25:15 [INFO] [12491] 'SIVA FİLESİ 160 GR A+ SARI 1 M2 (50)' | 20.00 TL | SKU: DARKSS.SF160.04
2026-09-30 02:25:17 [INFO] [14546] 'TAŞYÜNÜ LEVHA FAWORİ TR7,5-05CM (60*100*' | 1250.00 TL | SKU: FAWORİ.258
2026-09-30 02:25:18 [INFO] [4600] 'PERDE RAYI KORNİŞ ÜÇLÜ 3.5 M SÜPER' | 175.00 TL | SKU: IŞIK.0111
2026-09-30 02:25:19 [INFO] [1486] 'BİMS 10*39*18.5 (243) 0,072M2' | 20.25 TL | SKU: BİMS.001
2026-09-30 02:25:20 [INFO] [779] 'ASMA TAVAN METAL CLİP-İN ASKI MAŞASI 1 A' | 10.00 TL | SKU: ASMAT.021
2026-09-30 02:25:22 [INFO] [5332] 'PVC MENTEŞE BEYAZ 75MM PENCERE' | 75.00 TL | SKU: ESRA.0036
2026-09-30 02:25:23 [INFO] [12133] 'AGT PARKE CORVİNA FABA (2,292m2)' | 924.00 TL | SKU: AGT.120047293
2026-09-30 02:25:24 [INFO] [12198] 'DEKUPAJ AĞZI METAL T318A BOSCH' | 250.00 TL | SKU: BOSCH.2608631808
2026-09-30 02:25:25 [INFO] [6460] 'KİLİT KARŞILIĞI EMNİYET KÖŞEBENDİ 25 CM' | 74.00 TL | SKU: NOBEL.329372562
2026-09-30 02:25:27 [INFO] [15071] 'SİLİKON TABANCA PVC LÜX' | 199.00 TL | SKU: PROPAN.LÜX
2026-09-30 02:25:28 [INFO] [778] 'ASMA TAVAN METAL CLİP-İN EKLEME PARÇASI ' | 3.75 TL | SKU: ASMAT.020
2026-09-30 02:25:29 [INFO] [10989] 'ALÜMİNYUM FOLYO YAPIŞKANLI 120 CM (50) 1' | 210.00 TL | SKU: NOBEL.3690160259
2026-09-30 02:25:30 [INFO] [15096] 'GECE LAMBASI 1 W PANTHER PT-288 PEMBE/MA' | 139.00 TL | SKU: PANTHER.PT-288
2026-09-30 02:25:32 [INFO] [13565] 'ARDUAZLI UKS WİNROOF WP40Y -10C YEŞİL (1' | 1450.00 TL | SKU: WİNROOF.UKS104
2026-09-30 02:25:33 [INFO] [15170] 'METAL KESİCİ PRO 115X3,0X22,23 EGESAN' | 30.00 TL | SKU: EGESAN.272006
2026-09-30 02:25:34 [INFO] [3504] 'MİL MENTEŞE 14 LİK BİLYALI' | 45.00 TL | SKU: FALO.14BM
2026-09-30 02:25:35 [INFO] [7084] 'SIVA FİLESİ 160 GR OPTİMİX FAWORİ 50 M2' | 1750.00 TL | SKU: OPTİMİX.03
2026-09-30 02:25:37 [INFO] [14526] 'ASKILIK İKİLİ KROM ECO FIESTA YAPIŞKANLI' | 93.00 TL | SKU: NOBEL.721306Y
2026-09-30 02:25:38 [INFO] [12445] 'PRİZ 6 LI 1.5 M ŞOK KORUMALI ANAHTARLI Ç' | 1155.00 TL | SKU: VİKO.90117632
2026-09-30 02:25:39 [INFO] [7405] 'LAMBA KELEBEK MİNİ PT-KLBK PANTHER' | 25.00 TL | SKU: PANTHER PT-KLBK
2026-09-30 02:25:40 [INFO] [6555] 'POLİGRİT BEYAZ ÇİVİLİ 50 ADET' | 32.00 TL | SKU: NOBEL.3480132
2026-09-30 02:25:41 [INFO] [4852] '25 KÖRTAPA DİŞLİ PPRC KALDE' | 15.00 TL | SKU: KALDE.3295STE250C00
2026-09-30 02:25:43 [INFO] [15500] 'DOĞALGAZ CAM MENFEZİ SİYAH 180 MM' | 45.00 TL | SKU: MADE.1101
2026-09-30 02:25:44 [INFO] [6151] 'ONDULİN ÇİVİSİ METAL BAŞLI GLV 10 CM (2,' | 200.00 TL | SKU: NALBUR.010.01
2026-09-30 02:25:45 [INFO] [12353] 'KÖŞE ÇITASI FİLELİ PVC BEYAZ 10X10 (45x1' | 50.00 TL | SKU: DARKSS.FK.10.01
2026-09-30 02:25:47 [INFO] [14360] 'AGT SÜPÜRGELİK 6cm TOSKANA ALBANA SPR-50' | 100.00 TL | SKU: AGT.120048277
2026-09-30 02:25:48 [INFO] [1856] 'ÇUVAL MOLOZ (50*80)' | 10.00 TL | SKU: ÇUVAL.001
2026-09-30 02:25:49 [INFO] [12975] 'ELDİVEN NİTRİL MİCRO 3/4 NO:9 BEYBİ' | 90.00 TL | SKU: BEYBİ.İ04NMF13409
2026-09-30 02:25:50 [INFO] [5334] 'PVC MENTEŞE BEYAZ 100MM (95MM) KAPI' | 77.00 TL | SKU: NOBEL.3841732100
2026-09-30 02:25:52 [INFO] [9126] 'ALÇ.VİDA SİVRİ 35 (1000 AD) STD' | 525.00 TL | SKU: STD.900196700
2026-09-30 02:25:53 [INFO] [4887] '70 KELEPÇE PİS SU PVC KALDE' | 16.00 TL | SKU: KALDE.5213BCC0L0000
2026-09-30 02:25:54 [INFO] [2343] '90*90*2.50MM KUTU PROFİL' | 1728.27 TL | SKU: DEM.PRF.135
2026-09-30 02:25:55 [INFO] [438] 'AGT SÜPÜRGELİK 6cm SİDE ÇAM SPR-5030' | 100.00 TL | SKU: AGT.120020453
2026-09-30 02:25:57 [INFO] [9307] 'ALÇ.VİDASI MUHTELİF KG' | 500.00 TL | SKU: STD.ALÇ.VİD.MUH.001
2026-09-30 02:25:58 [INFO] [5301] 'BİTS UÇ PH2 25MM STOPLU' | 55.00 TL | SKU: FİVESTAR.011.BBS0225
2026-09-30 02:25:59 [INFO] [7312] 'PANEL ÇİT 075CM YEŞİL (2500*5*15) 4-MM' | 445.00 TL | SKU: PANELÇİT.0002
2026-09-30 02:26:00 [INFO] [4618] 'PVC LAMBİRİ AKSESUAR SÜSLÜ KÖŞE AKÇAAĞAÇ' | 125.00 TL | SKU: DARKSS.PL.SK02
2026-09-30 02:26:02 [INFO] [502] 'AGT SÜPÜRGELİK 8cm TİBET FİNİSH SPR-5000' | 140.00 TL | SKU: AGT.120030299
2026-09-30 02:26:03 [INFO] [499] 'AGT SÜPÜRGELİK 6cm TİBET EFFECT FİNİSH S' | 100.00 TL | SKU: AGT.120030292
2026-09-30 02:26:04 [INFO] [9282] 'TEFLON BANT 12MMX7 MT 0.20 GR' | 17.50 TL | SKU: ORIENT.BNT10
2026-09-30 02:26:05 [INFO] [1478] 'ARDUAZLI SHINGLE RULO KIRMIZI YONCA (10M' | 1390.00 TL | SKU: BİKAMAX.FLEX01
2026-09-30 02:26:06 [INFO] [15638] 'KOLİ BANDI ŞEFFAF 45X100 METRE ASTEL' | 95.00 TL | SKU: ASTEL.A07135
2026-09-30 02:26:08 [INFO] [6573] 'SES STOPERİ ŞEFFAF 50 Lİ NOBEL' | 31.00 TL | SKU: NOBEL.354019
2026-09-30 02:26:09 [INFO] [15763] 'KORNİŞ MONTAJ YAPIŞTIRICI BEYAZ 290 ML U' | 209.00 TL | SKU: SELSİL.3753
2026-09-30 02:26:10 [INFO] [4665] 'SHINGLE ÇİVİSİ 30MM' | 150.00 TL | SKU: İNŞ.ÇİV.03.30
2026-09-30 02:26:11 [WARNING] [1628] 429 Too Many Requests — 229s bekleniyor (deneme 1/3, hiz 0.4/sn)
2026-09-30 02:26:14 [WARNING] [1872] 429 Too Many Requests — 226s bekleniyor (deneme 1/3, hiz 0.2/sn)
2026-09-30 02:26:19 [WARNING] [15897] 429 Too Many Requests — 221s bekleniyor (deneme 1/3, hiz 0.2/sn)
2026-09-30 02:26:24 [WARNING] [14324] 429 Too Many Requests — 216s bekleniyor (deneme 1/3, hiz 0.2/sn)
2026-09-30 02:26:29 [WARNING] [14436] 429 Too Many Requests — 211s bekleniyor (deneme 1/3, hiz 0.2/sn)
2026-09-30 02:26:34 [WARNING] [14590] 429 Too Many Requests — 206s bekleniyor (deneme 1/3, hiz 0.2/sn)
2026-09-30 02:26:39 [WARNING] [8276] 429 Too Many Requests — 201s bekleniyor (deneme 1/3, hiz 0.2/sn)
2026-09-30 02:26:44 [WARNING] [9886] 429 Too Many Requests — 196s bekleniyor (deneme 1/3, hiz 0.2/sn)
2026-09-30 02:30:01 [INFO] [9886] 'MEMBRAN 3MM WİNROOF WP3000 -10C (10M2) (' | 1100.00 TL | SKU: WİNROOF.UKS101
2026-09-30 02:30:01 [INFO] [14324] 'ELDİVEN SARI BEYAZ PN2 NO:9' | 39.00 TL | SKU: BEYBİ.İ0401752
2026-09-30 02:30:01 [INFO] [8276] 'PARKE BİTİM 10 MM Z EŞİK PROFİL 2.70 MT.' | 300.00 TL | SKU: SAY.371.10.MK
2026-09-30 02:30:01 [INFO] ... ilerleme 200/344 (tazelenen 198, basarisiz 2, korunan 2, atlanan 0)
2026-09-30 02:30:05 [INFO] [1872] 'COREX FALCON ALÇIPAN YEŞİL 120*250 (3M2)' | 385.00 TL | SKU: DALSAN.202
2026-09-30 02:30:10 [INFO] [13956] 'BOYA KALEMİ YEŞİL TAM ÖRTÜCÜ' | 175.00 TL | SKU: EDDİNG.GHED75104
2026-09-30 02:30:15 [INFO] [14673] 'BUDAMA TESTERESİ KILIFLI 240 MM RODEX' | 275.00 TL | SKU: RODEX.RHT0702110024
2026-09-30 02:30:20 [INFO] [8779] 'BİTS UÇ PZ1x25 MM SGS' | 25.00 TL | SKU: SGS.1808
2026-09-30 02:30:25 [INFO] [7390] 'GECE LAMBASI KARE PT-364 IŞIK SENSÖRLÜ 1' | 85.00 TL | SKU: PANTHER PT-233
2026-09-30 02:30:30 [INFO] [13148] 'JENERATÖR BENZİNLİ 6.5 kW / 8.12 kVA MON' | 34900.00 TL | SKU: WONDER.WBJ6500M
2026-09-30 02:30:35 [INFO] [5305] 'KALEM MARANGOZ KIRMIZI ELTOS' | 30.00 TL | SKU: ELTOS.EMK005
2026-09-30 02:30:40 [INFO] [6866] 'KAPI KOLU MERİDYEN AYNALI YALE NİKEL SAT' | 155.00 TL | SKU: NOBEL.9780293
2026-09-30 02:30:45 [INFO] [10173] 'MENTEŞE DÜZ YENİLER' | 30.00 TL | SKU: YENİLER.DÜZ
2026-09-30 02:30:50 [INFO] [3972] 'MÜDAHALE KAPAĞI FOUR 30x30' | 420.00 TL | SKU: FOUR.MDK3030
2026-09-30 02:30:55 [INFO] [13965] 'GÖNYE SU TERAZİLİ 400MM ALÜMİNYUM ETVAL' | 295.00 TL | SKU: ETVAL.STÇM0023
2026-09-30 02:31:00 [INFO] [9322] 'STROPİYER LED 10X4.5CM 2M' | 135.00 TL | SKU: STROPİYER.016
2026-09-30 02:31:05 [INFO] [9094] 'TRP.VİDA 5,5*38-5MM 1 AD' | 2.15 TL | SKU: STD.900038700
2026-09-30 02:31:10 [INFO] [935] 'ZIMPARA SU NO : 150' | 45.00 TL | SKU: ATLAS.150
2026-09-30 02:31:15 [INFO] [15897] 'MANTOLAMA DÜBELİ TABANCALI 100 MM (500AD' | 2750.00 TL | SKU: STAR.MDÇ.100MX500
2026-09-30 02:31:20 [INFO] [15083] 'PALA TESTERE BÜYÜK 50CM' | 449.00 TL | SKU: WERT.2517
2026-09-30 02:31:25 [INFO] [4601] 'PERDE RAYI KORNİŞ ÜÇLÜ 4 M SÜPER' | 200.00 TL | SKU: IŞIK.0112
2026-09-30 02:31:30 [INFO] [11050] 'ŞİLTE 8MM YAPIŞKANLI 100 CM PROCO 1M2 (2' | 150.00 TL | SKU: PROCO.8MM.Y
2026-09-30 02:31:35 [INFO] [15748] 'ADAPTÖR TAKOZ CONTA GÜÇLÜ 1 ADET' | 12.50 TL | SKU: GÜÇLÜ.4105
2026-09-30 02:31:40 [INFO] [4865] '50/1000 PİS SU BORU PPRC KALDE' | 86.00 TL | SKU: KALDE.5203TBE0K1000
2026-09-30 02:31:45 [INFO] [11676] 'SHATTAF ŞATAF TAHARET FİX KROM GRİ SET D' | 250.00 TL | SKU: DIAMOND.SHT3053
2026-09-30 02:31:50 [INFO] [7955] 'MAKET BIÇAĞI RAK119 SARI PVC GENİŞ RTRMA' | 50.00 TL | SKU: RTRMAX.RAK119
2026-09-30 02:31:54 [INFO] [11538] 'BATARYA LALE MİX LAVABO' | 1975.00 TL | SKU: GMS.LA100
2026-09-30 02:31:58 [INFO] [14436] 'KAPI KOLU KUMRUCAN AYNALI ODA NİKEL İNOX' | 180.00 TL | SKU: NOBEL.2500193
2026-09-30 02:32:02 [INFO] [9136] 'BETOFAST 6.3*105 1 AD' | 4.25 TL | SKU: STD.900242700
2026-09-30 02:32:06 [INFO] [3937] 'DC-50 040 MM EKO 35X49X35 3 M 1 AD (12)' | 100.00 TL | SKU: FOUR.040.DC-50.3000
2026-09-30 02:32:10 [INFO] [3932] 'DU-50 040 MM EKO 30X50X30 3 M 1 AD (12)' | 80.00 TL | SKU: FOUR.040.DU-50.3000
2026-09-30 02:32:14 [INFO] [1628] 'LİKİT MEMBRAN ELASTO DRYROOF BEYAZ 20KG' | 2500.00 TL | SKU: BTM.0306
2026-09-30 02:32:18 [INFO] [3211] 'EPS-50 KARBONLU 5CM 50*100 (10AD 5m2) DA' | 709.00 TL | SKU: EPS.14.0013
2026-09-30 02:32:22 [INFO] [2116] 'RULO DEKOR PARMAK SAPLI 10CM 11084' | 85.00 TL | SKU: DEKOR.11084
2026-09-30 02:32:26 [INFO] [9164] 'GAZLI PİSTON 080N KISA-STD' | 59.00 TL | SKU: STD.928831800
2026-09-30 02:32:30 [INFO] [4654] 'İNŞAAT ÇİVİSİ 7 LİK 16X30' | 59.00 TL | SKU: İNŞ.ÇİV.0004
2026-09-30 02:32:34 [INFO] [3934] 'DU-75 040 MM EKO 30X75X30 3 M 1 AD (12)' | 92.50 TL | SKU: FOUR.040.DU-75.3000
2026-09-30 02:32:38 [INFO] [5246] 'KNAUF MİNERAL PLUS IPB039 5 CM (14,4m2)' | 925.00 TL | SKU: KNAUF.IPB039
2026-09-30 02:32:42 [INFO] [14590] 'APLİK DUVAR SENSÖRLÜ 25 W BEYAZ IDEA' | 369.00 TL | SKU: IŞILDAR.1927
2026-09-30 02:32:46 [INFO] [1770] 'MAKET BIÇAĞI YEDEĞİ 10 LU GENİŞ 18MM WON' | 65.00 TL | SKU: WONDER.STMK02003
2026-09-30 02:32:50 [INFO] [2492] 'MAKLUX MAKİNE ALÇISI  35 KG RİGİPS' | 180.00 TL | SKU: DALSAN.102
2026-09-30 02:32:54 [INFO] [14995] 'MANTOLAMA DÜBELİ TABANCALI 100 MM (1000A' | 5500.00 TL | SKU: STAR.MDÇ.100MX1000
2026-09-30 02:32:58 [INFO] [4656] 'İNŞAAT ÇİVİSİ 8 LİK 17X36' | 59.00 TL | SKU: İNŞ.ÇİV.0006
2026-09-30 02:33:02 [INFO] [13563] 'MASTİK PU 280 ML PU-45 BEYAZ' | 199.00 TL | SKU: SELENA.10049346
2026-09-30 02:33:06 [INFO] [7319] 'PANEL ÇİT DİREK 120CM YEŞİL (50*50*1,50)' | 250.00 TL | SKU: PANELÇİT.0010
2026-09-30 02:33:10 [INFO] [4999] 'METAL KESİCİ İNOX 115x1x22 KARBOSAN' | 30.00 TL | SKU: KARBOSAN.910380
2026-09-30 02:33:14 [INFO] [8499] 'PU KÖPÜK PİPETLİ 600 GR (1KT-12AD)' | 149.00 TL | SKU: SELENA.10049313
2026-09-30 02:33:18 [INFO] [4664] 'SHINGLE ÇİVİSİ 20MM' | 150.00 TL | SKU: İNŞ.ÇİV.01.20
2026-09-30 02:33:22 [INFO] [3922] 'KÖŞE ÇITASI LED PROFİLİ GLV 030 12X21 2.' | 23.00 TL | SKU: FOUR.030.KÇLD.12X21.2700
2026-09-30 02:33:26 [INFO] [1969] 'SERAMİK YAPIŞTIRICI BEYAZ QF121 C1T-25 K' | 235.00 TL | SKU: DARKSS.YK.QF121B
2026-09-30 02:33:30 [INFO] [8492] 'SİLİKON BEYAZ 280 GR POLYFİX ÜNV(1KT 24A' | 80.00 TL | SKU: SELENA.10049305
2026-09-30 02:33:33 [INFO] [4881] '50/500 PİS SU BORU PPRC KALDE' | 70.00 TL | SKU: KALDE.5203TBEXK0500
2026-09-30 02:33:37 [INFO] [14281] 'ELDİVEN LATEX 3/4 PREMİUM CMC1740' | 80.00 TL | SKU: CMC.1740
2026-09-30 02:33:40 [INFO] [4651] 'İNŞAAT ÇİVİSİ 5 LİK' | 59.00 TL | SKU: İNŞ.ÇİV.0001
2026-09-30 02:33:43 [INFO] [6802] 'ASKILIK İKİLİ KROM ECO FIESTA 721306' | 93.00 TL | SKU: NOBEL.721306
2026-09-30 02:33:46 [INFO] [9137] 'BETOFAST 6.3*125 1 AD' | 5.00 TL | SKU: STD.900243700
2026-09-30 02:33:50 [INFO] [1801] 'ÇELİK ÇİVİ 4X40(1PKT=100AD)' | 100.00 TL | SKU: ÇELİK.CİVİ.003
2026-09-30 02:33:53 [INFO] [10774] 'GÖMME REZ. KUM. PANELİ OLİMPOS BEYAZ' | 885.00 TL | SKU: VİSAM.230.003
2026-09-30 02:33:56 [INFO] [6804] 'HAVLULUK UZUN KROM ECO FIESTA 721311' | 130.00 TL | SKU: NOBEL.721311
2026-09-30 02:33:59 [INFO] [15103] 'AMPUL LEDOLET 18W BEYAZ LED 6500K' | 57.50 TL | SKU: LEDOLET.18W
2026-09-30 02:34:02 [INFO] [7333] 'PANEL ÇİT KLİPS PVC-ANTRASİT GRİ 1 AD' | 10.00 TL | SKU: PANELÇİT.0034
2026-09-30 02:34:06 [INFO] [5775] 'MAKET BIÇAĞI METAL GÖVDELİ' | 80.00 TL | SKU: SD.MB075
2026-09-30 02:34:09 [INFO] [15913] 'PÜRMÜZ POŞETLİ (ORGAZ)' | 400.00 TL | SKU: ORGAZ.YAK400
2026-09-30 02:34:12 [INFO] [11558] 'SARI NİPEL 1/2' | 60.00 TL | SKU: GMS.SM705
2026-09-30 02:34:15 [INFO] [13833] 'PASSION GRİ 33X33 2K ASG R10 KAYMAZ (1 M' | 299.00 TL | SKU: EGESER.333x333PSN13.2K
2026-09-30 02:34:18 [INFO] [6461] 'KİLİT KARŞILIĞI KROM EXTRA 25 CM' | 26.00 TL | SKU: NOBEL.3293729
2026-09-30 02:34:22 [INFO] [11778] 'BİTS UÇ PZ2-150MM STANDART' | 75.00 TL | SKU: STD.961117800
2026-09-30 02:34:25 [INFO] [6190] 'KÜREK SAPI' | 150.00 TL | SKU: NALBUR.091
2026-09-30 02:34:28 [INFO] [6146] 'ONDULİN ÇİVİSİ METAL BAŞLI KIRMIZI 10 CM' | 200.00 TL | SKU: NALBUR.010.02
2026-09-30 02:34:31 [INFO] [12754] 'SHINGLE ÇİVİSİ 25MM' | 150.00 TL | SKU: İNŞ.ÇİV.025.25
2026-09-30 02:34:34 [INFO] [8515] 'TYTAN HIZLI YAPIŞTIRICI KİTİ MDF 400ML+1' | 175.00 TL | SKU: SELENA.10049290
2026-09-30 02:34:38 [INFO] [14768] '0.50*15*200 KAR TUTUCU AKSESUAR BORDO' | 153.00 TL | SKU: RALL.3009.050.AKS.03
2026-09-30 02:34:41 [INFO] [2107] 'RULO DEKOR PLASDEK İÇ CEPHE 20CM 1015' | 260.00 TL | SKU: DEKOR.1015
2026-09-30 02:34:44 [INFO] [9125] 'ALÇ.VİDA SİVRİ 25 (1000 AD) STD' | 375.00 TL | SKU: STD.900195700
2026-09-30 02:34:47 [INFO] [3944] 'AGRAF 7 1 ADET (500)' | 5.00 TL | SKU: FOUR.HNK0001
2026-09-30 02:34:50 [INFO] [1848] 'ÇİMENTO 25 KG' | 125.00 TL | SKU: ÇİMENTO.005
2026-09-30 02:34:53 [INFO] [5244] 'KNAUF MİNERAL PLUS IPB039 10 CM (7,2 M2)' | 925.00 TL | SKU: KNAUF.IP049
2026-09-30 02:34:56 [INFO] [11996] 'SİLİKON ŞEFFAF ANTİ KÜF NÖTR TYTAN 280 M' | 185.00 TL | SKU: SELENA.177
2026-09-30 02:34:58 [INFO] [14042] 'ELDİVEN LATEKS GRİ CAMCI NO:10 1/2 CMC17' | 65.00 TL | SKU: CMC.1729
2026-09-30 02:35:01 [INFO] [10936] 'MASTİK BEYAZ 500 GR TYTAN (KAPI-PENCERE)' | 55.00 TL | SKU: SELENA.10049327
2026-09-30 02:35:03 [INFO] [12936] 'BETOFAST 6.3*145 1 AD' | 5.50 TL | SKU: STD.YHB4835
2026-09-30 02:35:06 [INFO] [12565] 'SIVA FİLESİ 160 GR A++ BEYAZ 1 M2 (50)' | 24.00 TL | SKU: DARKSS.SF160.07
2026-09-30 02:35:08 [INFO] [9988] 'KLOZET KAPAK KLASİK METAL MENTEŞE ALTTAN' | 920.00 TL | SKU: VİSAM.509.001
2026-09-30 02:35:11 [INFO] [14072] 'METAL KESİCİ İNOX 180X1.9X22 KARBOSAN' | 75.00 TL | SKU: KARBOSAN.K064081
2026-09-30 02:35:13 [INFO] [4864] '70/500 PİS SU BORU PPRC KALDE' | 78.00 TL | SKU: KALDE.5203TBE0L0500
2026-09-30 02:35:16 [INFO] [5242] 'KNAUF EARTHWOOL 043M-10CM FOLYOLU(9,6m2)' | 1300.00 TL | SKU: KNAUF.IP044
2026-09-30 02:35:19 [INFO] [14921] 'CAM KAZIMA BIÇAĞI PLASTİK 4 YED. BIÇAKLI' | 139.00 TL | SKU: TROY.21607
2026-09-30 02:35:21 [INFO] [9086] 'SUNTA VİDASI 5x50 STD (200)' | 179.00 TL | SKU: STD.900021700
2026-09-30 02:35:24 [INFO] [7051] 'ONDULİN OLUKLU LEVHA KIRMIZI 2-MT' | 475.00 TL | SKU: ONDULİN. 001
2026-09-30 02:35:26 [INFO] [6196] 'KAZMA SAPI' | 100.00 TL | SKU: NALBUR.097
2026-09-30 02:35:29 [INFO] [3294] 'BULAŞIK SÜNGERİ OLUKLU 5 Lİ ECE' | 40.00 TL | SKU: ECE.ETZ405
2026-09-30 02:35:31 [INFO] [4658] 'İNŞAAT ÇİVİSİ 10 LUK 18X45' | 59.00 TL | SKU: İNŞ.ÇİV.0008
2026-09-30 02:35:34 [INFO] [13143] 'SUN-FİX SIVI KAYNAK LIQUID' | 779.00 TL | SKU: SUNFİX.50003
2026-09-30 02:35:36 [INFO] [9583] 'TEL ÇİVİ SARI BAŞSIZ 10X30' | 139.00 TL | SKU: TELÇİVİ.003
2026-09-30 02:35:39 [INFO] [14943] 'KAZMA ÇELİK SİVRİ UÇLU KZ 2000 SD' | 770.00 TL | SKU: SD.KZ2000
2026-09-30 02:35:41 [INFO] [13425] 'KLOZET KAPAK KAMELYA YAVAŞ KAPANIR METAL' | 1250.00 TL | SKU: VİSAM.515.001
2026-09-30 02:35:44 [INFO] [9173] 'GAZLI PİSTON 100N-STD' | 59.00 TL | SKU: STD.936161800
2026-09-30 02:35:47 [INFO] [13477] 'NEM BARİYERİ 120GR-3KAT-MAVİ DARKSS (150' | 28.00 TL | SKU: DARKSS.NBM.120
2026-09-30 02:35:49 [INFO] [6783] 'ASPİRATÖR BORUSU ALÜMİNYUM 2 METRE 127 M' | 77.00 TL | SKU: NOBEL.706131272
2026-09-30 02:35:52 [INFO] [4660] 'İNŞAAT ÇİVİSİ 12 LİK 20X55' | 59.00 TL | SKU: İNŞ.ÇİV.0010
2026-09-30 02:35:54 [INFO] [4652] 'İNŞAAT ÇİVİSİ 6 LIK 15X27' | 59.00 TL | SKU: İNŞ.ÇİV.0002
2026-09-30 02:35:56 [INFO] [1962] 'ISI YALITIM SIVASI LEVHA QF-494 25KG' | 195.00 TL | SKU: DARKSS.YK.QF494
2026-09-30 02:35:58 [INFO] [4513] 'HİLTİ ÇİVİ ÇELİK X-S14 G3MX+GC 42 GAZ (1' | 3500.00 TL | SKU: HİLTİ.3569549
2026-09-30 02:36:00 [INFO] [5201] 'KİREÇ 25 KG.' | 169.00 TL | SKU: KİREÇ.003
2026-09-30 02:36:00 [INFO] ... ilerleme 300/344 (tazelenen 298, basarisiz 2, korunan 2, atlanan 0)
2026-09-30 02:36:02 [INFO] [9166] 'BİTS UÇ PZ2-50MM STANDART' | 25.00 TL | SKU: STD.933513800
2026-09-30 02:36:05 [INFO] [14355] 'HOFMANN GAZ TÜPÜ 165 MM SELECTRON' | 350.00 TL | SKU: SELECTRON.C231403
2026-09-30 02:36:07 [INFO] [12710] 'ONDULİN ÇİVİSİ METAL BAŞLI KIRMIZI 8 CM ' | 200.00 TL | SKU: NALBUR.008.02
2026-09-30 02:36:09 [INFO] [3923] 'KÖŞE ÇITASI DELİKLİ GLV 035 22X22 3.00 M' | 35.00 TL | SKU: FOUR.035.KÇYD.22X22.3000
2026-09-30 02:36:11 [INFO] [12361] 'SIVA FİLESİ 160 GR A+ BEYAZ 1 M2 (50)' | 20.00 TL | SKU: DARKSS.SF160.05
2026-09-30 02:36:13 [INFO] [10044] 'WALLBOARD T-2000 2 CM (20-AD 14.4M2)' | 1400.00 TL | SKU: XPS.002
2026-09-30 02:36:15 [INFO] [2627] 'GLASSY -100 SIVI CAM 0.8 LT LİKİT MEMBRA' | 1250.00 TL | SKU: DRYFİX.013
2026-09-30 02:36:17 [INFO] [5604] 'MD 48 BATARYA REKORU DİŞİ 1/2' | 40.00 TL | SKU: MEDALYAN.MD48
2026-09-30 02:36:19 [INFO] [7676] 'PVC KİREMİT MAHYA 60X104 CM 2,5 MM KIRMI' | 400.00 TL | SKU: PVC.KRMT.KRM.MHY
2026-09-30 02:36:21 [INFO] [14961] 'ONDULİN ÇİVİSİ METAL BAŞLI GLV BEYAZ 10 ' | 200.00 TL | SKU: NALBUR.010.04
2026-09-30 02:36:23 [INFO] [15022] 'ELDİVEN PN3 KIRMIZI SİYAH ZEBRA NO:10' | 49.00 TL | SKU: BEYBİ.İ0401773
2026-09-30 02:36:25 [INFO] [9817] 'RÖGAR KUTUSU 50x50+IZGARALI KAPAK' | 975.00 TL | SKU: TORUN.RGR.1010
2026-09-30 02:36:27 [INFO] [11438] 'MASTİK PU DAYSON-280ML(BEYAZ)' | 250.00 TL | SKU: DAYSON.D10002
2026-09-30 02:36:29 [INFO] [8502] 'PU KÖPÜK POLYFİX COMBO STD 750 ML (1KT-1' | 199.00 TL | SKU: SELENA.10053673
2026-09-30 02:36:31 [INFO] [3142] 'ALAN PERDESİ KOPMAZ 80GR/M2 (50 MT.)' | 500.00 TL | SKU: EMNİYET.PERDESİ.02
2026-09-30 02:36:33 [INFO] [7658] 'OLUKLU 875*2500*ŞEFFAF 0.7MM' | 500.00 TL | SKU: PVC.OND.01.2500
2026-09-30 02:36:35 [INFO] [9138] 'BETOFAST 6.3*135 1 AD' | 5.25 TL | SKU: STD.900244700
2026-09-30 02:36:37 [INFO] [1922] 'BOARDEX 120*240*12.5 MM (50)' | 750.00 TL | SKU: DALSAN.204
2026-09-30 02:36:39 [INFO] [1961] 'ISI YALITIM LEVHA YAPIŞTIRICI QF-393 25 ' | 185.00 TL | SKU: DARKSS.YK.QF393
2026-09-30 02:36:42 [INFO] [4353] 'KÜRESEL REKORLU BAHÇE MUSLUĞU 3/4' | 470.00 TL | SKU: GMS.KBM116
2026-09-30 02:36:43 [INFO] [8517] 'SİLİKON BEYAZ DUŞAKABİN 280 ML TYTAN' | 150.00 TL | SKU: SELENA.144
2026-09-30 02:36:46 [INFO] [6217] 'NAYLON BALONLU 100cm x 50MT (25GR)' | 425.00 TL | SKU: NAYLON.001
2026-09-30 02:36:47 [INFO] [4617] 'PVC LAMBİRİ AKÇAAĞAÇ FUGALI 20CM 6MT (AD' | 300.00 TL | SKU: DARKSS.PL04
2026-09-30 02:36:49 [INFO] [12897] 'ELDİVEN NİTRİL MİCRO 3/4 NO:10 BEYBİ' | 90.00 TL | SKU: BEYBİ.İ04NMF13410
2026-09-30 02:36:50 [INFO] [3070] 'DOĞALGAZ CAM MENFEZİ 180 MM ŞEFFAF' | 50.00 TL | SKU: ELTOS.EM382
2026-09-30 02:36:52 [INFO] [14960] 'ONDULİN ÇİVİSİ METAL BAŞLI GLV BEYAZ 8 C' | 200.00 TL | SKU: NALBUR.008.04
2026-09-30 02:36:54 [INFO] [5304] 'KALEM MARANGOZ SİYAH ELTOS' | 30.00 TL | SKU: ELTOS.EMK004
2026-09-30 02:36:55 [INFO] [11382] 'SOKAK KAMP LAMBASI PT-K24 SOLAR KIRMIZI ' | 125.00 TL | SKU: PANTHER PT-K24
2026-09-30 02:36:57 [INFO] [6185] 'EL ARABASI FEZA + DOLGU TEKER' | 1500.00 TL | SKU: KESKİN.150.062
2026-09-30 02:36:59 [INFO] [772] 'ASMA TAVAN KAROPAN BEYAZ DÜZ 60*60*8MM 1' | 62.50 TL | SKU: ASMAT.002
2026-09-30 02:37:00 [INFO] [9317] 'SUNTA VİDASI MUHTELİF' | 425.00 TL | SKU: STD.SUNTA
2026-09-30 02:37:02 [INFO] [12072] 'DRENAJ LEVHASI 200*2000(40 M2)(320 gr/m2' | 1000.00 TL | SKU: DARKSS.DR320
2026-09-30 02:37:04 [INFO] [5896] 'MANYETİK SOMUN ADAPTÖRÜ 8x45 MM' | 28.00 TL | SKU: WONDER.STW01272
2026-09-30 02:37:05 [INFO] [6145] 'ONDULİN ÇİVİSİ METAL BAŞLI GLV 8 CM (2,5' | 200.00 TL | SKU: NALBUR.008.01
2026-09-30 02:37:07 [INFO] [7329] 'PANEL ÇİT KLİPS YEŞİL PVC 1 AD' | 10.00 TL | SKU: PANELÇİT.0027
2026-09-30 02:37:09 [INFO] [5243] 'KNAUF EARTHWOOL 043M-10CM (9,6-M2)' | 750.00 TL | SKU: KNAUF.796780.IP046
2026-09-30 02:37:10 [INFO] [9093] 'TRP.VİDA 5,5*25-5MM 1 AD' | 1.75 TL | SKU: STD.900037700
2026-09-30 02:37:12 [INFO] [15348] 'STREÇ 17 MİCRON 50X150 MT (1400 GR)' | 250.00 TL | SKU: ELİTT.17MC50X150
2026-09-30 02:37:13 [INFO] [1859] 'SIVATEK SIVA ALÇISI 35 KG' | 200.00 TL | SKU: DALSAN.103
2026-09-30 02:37:15 [INFO] [1926] 'SATENTEK ALÇI-25 KG.' | 185.00 TL | SKU: DALSAN.104
2026-09-30 02:37:17 [INFO] [15007] 'KÖŞE ÇITASI FİLELİ PVC BEYAZ 07X07 (35X6' | 27.50 TL | SKU: DARKSS.FK.07.01
2026-09-30 02:37:18 [INFO] [6160] 'FIRÇA SAPI 120CM' | 100.00 TL | SKU: NALBUR.035
2026-09-30 02:37:20 [INFO] [15077] 'MAKET BIÇAĞI YEDEĞİ 10 LU GENİŞ 18MM ORI' | 60.00 TL | SKU: ORIENT.MAKB2T
2026-09-30 02:37:22 [INFO] [1927] 'DERZTEK ALÇI LEVHA DERZ DOLGU ALÇI (25 K' | 220.00 TL | SKU: DALSAN.107
2026-09-30 02:37:22 [INFO] State yaziliyor: 8638 url -> /home/runner/work/inflationstudymirror/inflationstudymirror/InflationItems/Datas/ConstructionSuppliesMarkets/yapimaks/last_seen.json
2026-09-30 02:37:22 [INFO] ==================================================
2026-09-30 02:37:22 [INFO] Tamamlandi [OK]! Tasinan: 8081 | Tazelenen: 342 | Basarisiz: 2 | Korunan eski satir: 2 | Atlanan (sure/limit): 0 | Dusurulen: 8
2026-09-30 02:37:22 [INFO] Dosya: /home/runner/work/inflationstudymirror/inflationstudymirror/InflationItems/Datas/ConstructionSuppliesMarkets/yapimaks/2026-09-30.csv (toplam 8425 urun)
2026-09-30 02:37:22 [INFO] ==================================================
