2026-08-03 05:41:05 [INFO] ==================================================
2026-08-03 05:41:05 [INFO] Yapimaks Scraper basliyor
2026-08-03 05:41:05 [INFO] ==================================================
2026-08-03 05:41:05 [INFO] Ana sayfa ziyaret ediliyor, cookie aliniyor...
2026-08-03 05:41:06 [INFO] Cookie basariyla alindi.
2026-08-03 05:41:06 [INFO] Sitemap indiriliyor: https://yapimaks.com/sitemap/products1.xml
2026-08-03 05:41:06 [INFO] Sitemap'ten toplam 8209 urun URL'si bulundu.
2026-08-03 05:41:06 [INFO] Bugune ait veri yok. Eski veri (2026-08-02.csv) süzülerek bugune aktariliyor...
2026-08-03 05:41:06 [INFO] Basarili! 8202 urun dunden bugune aktarildi.
2026-08-03 05:41:06 [INFO] Guncel dosyada hazir olan urun: 8202 | Sifirdan cekilecek (yeni) urun: 7
2026-08-03 05:41:06 [INFO] 7 yeni urun scrapelanacak -> /home/runner/work/inflationstudymirror/inflationstudymirror/Datas/yapimaks/2026-08-03.csv
2026-08-03 05:41:06 [INFO] [1/7] https://yapimaks.com/metre-serit-celik-5x19mm-5mt-two-comp-p13325
2026-08-03 05:41:06 [INFO] [13325] 'METRE ŞERİT ÇELİK 5X19MM 5MT TWO COMP' | 750.00 TL | SKU: BMI.472541021
2026-08-03 05:41:08 [INFO] [2/7] https://yapimaks.com/metre-serit-celik-5x25mm-5mt-bmi475541-25-p15123
2026-08-03 05:41:08 [INFO] [15123] 'METRE ŞERİT ÇELİK 5X25MM 5MT BMI475541/2' | 750.00 TL | SKU: BMI.475541.25
2026-08-03 05:41:10 [INFO] [3/7] https://yapimaks.com/metre-serit-rth12103-prof-5x25-mm-rtrmax-p7969
2026-08-03 05:41:11 [INFO] [7969] 'METRE ŞERİT RTH12103 PROF. 5X25 MM RTRMA' | 225.00 TL | SKU: RTRMAX.RTH12103
2026-08-03 05:41:13 [INFO] [4/7] https://yapimaks.com/metre-serit-rth12113-stoplu-5x25-mm-rtrmax-p354
2026-08-03 05:41:13 [INFO] [354] 'METRE ŞERİT RTH12113 STOPLU 5X25 MM RTRM' | 165.00 TL | SKU: RTRMAX.RTH12113
2026-08-03 05:41:15 [INFO] [5/7] https://yapimaks.com/sundurma-polikarbon-pvc-105x240-siyah-p7536
2026-08-03 05:41:15 [INFO] [7536] 'SUNDURMA POLİKARBON PVC 105x240 SİYAH' | 3250.00 TL | SKU: POL.KRB.31
2026-08-03 05:41:17 [INFO] [6/7] https://yapimaks.com/sundurma-polikarbon-pvc-70x240-siyah-p14802
2026-08-03 05:41:17 [INFO] [14802] 'SUNDURMA POLİKARBON PVC 70x240 SİYAH' | 2750.00 TL | SKU: POL.KRB.9337
2026-08-03 05:41:19 [INFO] [7/7] https://yapimaks.com/sundurma-polikarbon-pvc-70x360-siyah-p12767
2026-08-03 05:41:19 [INFO] [12767] 'SUNDURMA POLİKARBON PVC 70x360 SİYAH' | 4000.00 TL | SKU: POL.KRB.9334
2026-08-03 05:41:21 [INFO] Tamamlandi! Toplam 7 yeni urun eklendi -> /home/runner/work/inflationstudymirror/inflationstudymirror/Datas/yapimaks/2026-08-03.csv
