2026-09-25 07:08:34 [INFO] ==================================================
2026-09-25 07:08:34 [INFO] Yapimaks Scraper basliyor (async)
2026-09-25 07:08:34 [INFO] ==================================================
2026-09-25 07:08:34 [INFO] Parametreler: workers=8, rate=0.8/sn, max_duration=300 dk
2026-09-25 07:08:34 [INFO] Ana sayfa ziyaret ediliyor, cookie aliniyor...
2026-09-25 07:08:35 [INFO] Cookie basariyla alindi.
2026-09-25 07:08:35 [INFO] Sitemap indiriliyor: https://yapimaks.com/sitemap/products1.xml
2026-09-25 07:08:36 [INFO] Sitemap'ten toplam 8370 urun URL'si bulundu.
2026-09-25 07:08:36 [INFO] Dunun dosyasi: 2026-09-24.csv
2026-09-25 07:08:36 [INFO] Dunun dosyasinda 8606 urun var.
2026-09-25 07:08:36 [WARNING] 186 urun 7+ gun sitemap'te gorunmuyor, dosyadan dusuruldu: ['https://yapimaks.com/agac-kesim-motorlu-benzinli-testere-41cc-1-9hp-kama-kmr41-p14029', 'https://yapimaks.com/agac-kesim-motorlu-test-elektrik-ex75043a-p3250', 'https://yapimaks.com/agac-kesim-motorlu-testere-46cc-kama-p11244', 'https://yapimaks.com/agac-kesim-motorlu-testere-factor-p14935', 'https://yapimaks.com/agt-supurgelik-6cm-anemon-spr-5030-p11373']...
2026-09-25 07:08:36 [INFO] GUNLUK BUTCE: 480 urun aday — hepsi bu koşuda tazelenir.
2026-09-25 07:08:36 [INFO] Tasinacak (degismeyen) urun: 8420 | Yeniden cekilecek: 480
2026-09-25 07:08:36 [WARNING] [https://yapimaks.com/ray-spot-40w-4000k-9005-siyah-kasa-masialux-p13935] Urun parse hatasi (deneme 1/3): API yanitinda fiyat bulunamadi
2026-09-25 07:08:36 [INFO] [15936] 'ETRİYE KOLU 10-12 MM MEK1012 SAİT DEMİRC' | 2430.00 TL | SKU: SD.MEK1012
2026-09-25 07:08:37 [INFO] [1631] 'LİKİT MEMBRAN ALFAHİBRİT GRİ 4.5 KG' | 4250.00 TL | SKU: BTM.0309
2026-09-25 07:08:37 [INFO] [2417] '100*150*4MM KUTU PROFİL' | 4123.17 TL | SKU: DEM.PRF.328
2026-09-25 07:08:39 [INFO] [2361] '120*120*5MM  KUTU PROFİL' | 4625.59 TL | SKU: DEM.PRF.184
2026-09-25 07:08:41 [WARNING] [https://yapimaks.com/ray-spot-40w-4000k-9005-siyah-kasa-masialux-p13935] Urun parse hatasi (deneme 2/3): API yanitinda fiyat bulunamadi
2026-09-25 07:08:42 [INFO] [2397] '120*120*4MM  KUTU PROFİL (ANTİPASLI)' | 3927.53 TL | SKU: DEM.PRF.259
2026-09-25 07:08:43 [INFO] [2374] '25*25*1.5MM KUTU PROFİL(ANTİPASLI)' | 349.11 TL | SKU: DEM.PRF.222
2026-09-25 07:08:44 [INFO] [2274] '30*50*1.5MM KUTU PROFİL' | 511.16 TL | SKU: DEM.PRF.013
2026-09-25 07:08:45 [INFO] [2422] '40*100*2,0 MM KUTU PROFİL' | 1185.00 TL | SKU: DEM.PRF.343
2026-09-25 07:08:46 [INFO] [2289] '40*100*2.5MM KUTU PROFİL' | 1379.00 TL | SKU: DEM.PRF.028
2026-09-25 07:08:47 [INFO] [2290] '40*100*3.0MM KUTU PROFİL (ANTİPASLI)' | 1707.43 TL | SKU: DEM.PRF.029
2026-09-25 07:08:49 [INFO] [2387] '40*40*3.0MM KUTU PROFİL (ANTİPASLI)' | 930.15 TL | SKU: DEM.PRF.240
2026-09-25 07:08:50 [INFO] [2386] '40*80*3.0MM KUTU PROFİL (ANTİPASLI)' | 1434.35 TL | SKU: DEM.PRF.239
2026-09-25 07:08:51 [INFO] [12057] '60*120*4.0 MM KUTU PROFİL(ANTİPASLI)' | 2934.47 TL | SKU: DEM.PRF.393
2026-09-25 07:08:52 [INFO] [2388] '100*200*4MM  KUTU PROFİL(ANTİPASLI)' | 5532.35 TL | SKU: DEM.PRF.242
2026-09-25 07:08:54 [INFO] [13711] 'AGT SÜPÜRGELİK 8cm URAL 5000E' | 140.00 TL | SKU: AGT.120037779
2026-09-25 07:08:55 [INFO] [14906] 'KESKİ GENİŞ 18X500X25 MM WONDER SDS MAX' | 450.00 TL | SKU: WONDER.STW013782-7
2026-09-25 07:08:56 [INFO] [2408] '60*60*2.50MM KUTU PROFİL(ANTİPASLI)' | 1234.09 TL | SKU: DEM.PRF.303
2026-09-25 07:08:57 [INFO] [15558] 'BAĞ MAKASI PROF. 215mm DESA' | 450.00 TL | SKU: SD.BMD001
2026-09-25 07:08:59 [WARNING] [https://yapimaks.com/ray-spot-40w-4000k-9005-siyah-kasa-masialux-p13935] Urun parse hatasi (deneme 3/3): API yanitinda fiyat bulunamadi
2026-09-25 07:08:59 [ERROR] [https://yapimaks.com/ray-spot-40w-4000k-9005-siyah-kasa-masialux-p13935] Tum denemeler basarisiz: API yanitinda fiyat bulunamadi
2026-09-25 07:08:59 [WARNING] [https://yapimaks.com/ray-spot-40w-4000k-9005-siyah-kasa-masialux-p13935] Eski satir korundu, yarin tekrar denenir.
2026-09-25 07:09:00 [INFO] [2299] '30*50*2.0MM KUTU PROFİL(ANTİPASLI)' | 800.94 TL | SKU: DEM.PRF.038
2026-09-25 07:09:02 [INFO] [403] 'AGT PARKE NATURALİNE NİL (1,8336m2)' | 890.00 TL | SKU: AGT.120016359
2026-09-25 07:09:02 [INFO] [2396] '60*60*3.0MM KUTU PROFİL (ANTİPASLI)' | 1434.35 TL | SKU: DEM.PRF.258
2026-09-25 07:09:04 [INFO] [14363] 'AGT SÜPÜRGELİK 8cm FREZYA SPR-7034' | 140.00 TL | SKU: AGT.120031348
2026-09-25 07:09:05 [INFO] [12131] 'AGT SÜPÜRGELİK 8cm ALTAY SPR-5000E' | 140.00 TL | SKU: AGT.120037703
2026-09-25 07:09:06 [INFO] [1541] 'ARDUAZLI PLASTOBİT PP 3000 KIRMIZI (-10)' | 2000.00 TL | SKU: BTM.0020
2026-09-25 07:09:07 [INFO] [2404] '60*60*2.0MM KUTU PROFİL(ANTİPASLI)' | 1024.86 TL | SKU: DEM.PRF.289
2026-09-25 07:09:09 [INFO] [11671] 'MATKAP UÇLU VİDA YHB 3.9X19  (PKT=2500 A' | 900.00 TL | SKU: STD.XXX2
2026-09-25 07:09:10 [INFO] [5966] 'MATKAP UÇLU VİDA YHB 3.9x13 (PKT=1000 AD' | 324.00 TL | SKU: MERİDYEN.MHB3913
2026-09-25 07:09:11 [INFO] [13797] 'LED AMPUL CRYSTAL 30W 6400K BEYAZ 175-26' | 95.00 TL | SKU: HOROZ.001-016-1030
2026-09-25 07:09:12 [INFO] [13752] 'LED AMPUL CRYSTAL 50W BEYAZ 6400K 175-26' | 150.00 TL | SKU: HOROZ.001-016-1050
2026-09-25 07:09:14 [INFO] [15820] 'ACİL ÇIKIŞ ARMATÜR EXIT AŞAĞI 3 SAAT AKÜ' | 225.00 TL | SKU: CATA.CT9167
2026-09-25 07:09:15 [INFO] [448] 'AGT SÜPÜRGELİK 6cm ANTALYA ÇAM SPR-5030' | 100.00 TL | SKU: AGT.120020463
2026-09-25 07:09:16 [INFO] [459] 'AGT SÜPÜRGELİK 8cm NATURA PS08000' | 140.00 TL | SKU: AGT.120022744
2026-09-25 07:09:17 [INFO] [2332] '60*60*2.50MM KUTU PROFİL' | 1127.20 TL | SKU: DEM.PRF.100
2026-09-25 07:09:19 [INFO] [15904] 'FREN BALATA TEMİZLEYİCİ SPREY 500ML AKFİ' | 150.00 TL | SKU: AKFİX.A110
2026-09-25 07:09:20 [INFO] [4869] '100/500 PİS SU BORU PPRC KALDE' | 127.00 TL | SKU: KALDE.5203TBE0M0500
2026-09-25 07:09:21 [INFO] [2429] '60*80*3.0MM KUTU PROFİL' | 1602.45 TL | SKU: DEM.PRF.372
2026-09-25 07:09:22 [INFO] [2428] '60*80*2.0MM KUTU PROFİL' | 1184.86 TL | SKU: DEM.PRF.371
2026-09-25 07:09:24 [INFO] [4885] '125/250 PİS SU BORU KALDE' | 116.00 TL | SKU: KALDE.5203TBEXN0250
2026-09-25 07:09:25 [INFO] [4876] '125/1000 PİS SU BORU KALDE' | 222.00 TL | SKU: KALDE.5203TBE0N1000
2026-09-25 07:09:26 [INFO] [4875] '125/500 PİS SU BORU PPRC KALDE' | 116.00 TL | SKU: KALDE.5203TBE0N0500
2026-09-25 07:09:27 [INFO] [1546] 'ARDUAZLI POLİROOF PR-4500 HARDAL (-5) 3.' | 2150.00 TL | SKU: BTM.0025
2026-09-25 07:09:29 [INFO] [4898] '70/50 ÇATAL PİS SU PVC KALDE' | 52.00 TL | SKU: KALDE.5213SBR0L0K45
2026-09-25 07:09:30 [INFO] [4798] '20 1/2 BATARYA BAĞLANTISI TEKLİ DİŞİ KAL' | 55.00 TL | SKU: KALDE.3222BAT200B01
2026-09-25 07:09:31 [INFO] [11365] 'AGT PARKE LUNA ANEMON (2,292m2)' | 1042.00 TL | SKU: AGT.8312211
2026-09-25 07:09:32 [INFO] [11363] 'AGT PARKE LUNA AKASYA (2,292m2)' | 1042.00 TL | SKU: AGT.8312209
2026-09-25 07:09:34 [INFO] [531] 'AGT PARKE NATURA ALARA MEŞE (1,8336m2)' | 812.00 TL | SKU: AGT.8312205
2026-09-25 07:09:35 [INFO] [387] 'AGT PARKE NATURA NİKSAR CEVİZ (1,8336m2)' | 812.00 TL | SKU: AGT.120000561
2026-09-25 07:09:36 [INFO] [402] 'AGT PARKE NATURALİNE KANYON MEŞE (1,8336' | 890.00 TL | SKU: AGT.120016355
2026-09-25 07:09:37 [INFO] [408] 'AGT PARKE NATURALİNE MERİÇ (1,8336m2)' | 890.00 TL | SKU: AGT.120016364
2026-09-25 07:09:39 [INFO] [11364] 'AGT PARKE LUNA BEGONYA (1P=2,292m2)' | 1042.00 TL | SKU: AGT.8312210
2026-09-25 07:09:40 [INFO] [4928] '100 TAPA PİS SU KALDE' | 25.00 TL | SKU: KALDE.5213STE0M0000
2026-09-25 07:09:41 [INFO] [479] 'AGT PARKE NATURALİNE RODOS (1,8336m2)' | 890.00 TL | SKU: AGT.120028462
2026-09-25 07:09:42 [INFO] [406] 'AGT PARKE NATURALİNE SELGE (1,8336m2)' | 890.00 TL | SKU: AGT.120016362
2026-09-25 07:09:44 [INFO] [405] 'AGT PARKE NATURALİNE VOLGA (1,8336m2)' | 890.00 TL | SKU: AGT.120016361
2026-09-25 07:09:45 [INFO] [14890] 'AGT SÜPÜRGELİK 10cm FIRTINA GRİ SOFT TOU' | 310.00 TL | SKU: AGT.120049809
2026-09-25 07:09:46 [INFO] [11374] 'AGT SÜPÜRGELİK 6cm AKASYA SPR-5030' | 100.00 TL | SKU: AGT.8312215
2026-09-25 07:09:47 [INFO] [4878] '125/3000 PİS SU BORU KALDE' | 585.00 TL | SKU: KALDE.5203TBE0N3000
2026-09-25 07:09:49 [INFO] [13750] 'AGT SÜPÜRGELİK 6cm BEYAZ FINISH PAK SPR-' | 140.00 TL | SKU: AGT.120033923
2026-09-25 07:09:50 [INFO] [440] 'AGT SÜPÜRGELİK 6cm DALAMAN SPR-5030' | 100.00 TL | SKU: AGT.120020455
2026-09-25 07:09:51 [INFO] [494] 'AGT SÜPÜRGELİK 6cm BUTE BEYAZ SPR-5030' | 140.00 TL | SKU: AGT.1200299988
2026-09-25 07:09:52 [INFO] [441] 'AGT SÜPÜRGELİK 6cm BEYAZ MEŞE SPR-5030' | 100.00 TL | SKU: AGT.120020456
2026-09-25 07:09:54 [INFO] [14358] 'AGT SÜPÜRGELİK 6cm GALA MEŞE SPR-5030' | 100.00 TL | SKU: AGT.120036421
2026-09-25 07:09:55 [INFO] [12130] 'AGT SÜPÜRGELİK 6cm ALTAY EFFECT FİNİSH S' | 100.00 TL | SKU: AGT.120030300
2026-09-25 07:09:56 [INFO] [513] 'AGT SÜPÜRGELİK 6cm LİKYA SPR-5030' | 100.00 TL | SKU: AGT.120036449
2026-09-25 07:09:57 [INFO] [14359] 'AGT SÜPÜRGELİK 6cm LOTUS SPR-5030' | 100.00 TL | SKU: AGT.120046938
2026-09-25 07:09:59 [INFO] [14357] 'AGT SÜPÜRGELİK 6cm DEFNE SPR-5030' | 100.00 TL | SKU: AGT.120036422
2026-09-25 07:10:00 [INFO] [445] 'AGT SÜPÜRGELİK 6cm GRİ MEŞE SPR-5030' | 100.00 TL | SKU: AGT.120020460
2026-09-25 07:10:01 [INFO] [12807] 'AGT SÜPÜRGELİK 6cm NİL SPR-5030' | 100.00 TL | SKU: AGT.8312224
2026-09-25 07:10:02 [INFO] [14657] 'AGT SÜPÜRGELİK 6cm OLİMPOS MEŞE SPR-5030' | 100.00 TL | SKU: AGT.120044881
2026-09-25 07:10:04 [INFO] [14361] 'AGT SÜPÜRGELİK 6cm MODENA ASTERA SPR-503' | 100.00 TL | SKU: AGT.120048921
2026-09-25 07:10:05 [INFO] [437] 'AGT SÜPÜRGELİK 6cm DORİNO SPR-5030' | 100.00 TL | SKU: AGT.120030956
2026-09-25 07:10:06 [INFO] [12129] 'AGT SÜPÜRGELİK 6cm RODOS SPR-5030' | 100.00 TL | SKU: AGT.120030611
2026-09-25 07:10:07 [INFO] [9109] 'MATKAP UÇLU VİDA YSB 4.8x70 (PKT=200 AD)' | 350.00 TL | SKU: STD.900094700
2026-09-25 07:10:09 [INFO] [438] 'AGT SÜPÜRGELİK 6cm SİDE ÇAM SPR-5030' | 100.00 TL | SKU: AGT.120020453
2026-09-25 07:10:10 [INFO] [12809] 'AGT SÜPÜRGELİK 6cm SELGE SPR-5030' | 100.00 TL | SKU: AGT.8312226
2026-09-25 07:10:11 [INFO] [431] 'AGT SÜPÜRGELİK 6cm RİVA SPR-5030' | 100.00 TL | SKU: AGT.120020020
2026-09-25 07:10:12 [INFO] [14360] 'AGT SÜPÜRGELİK 6cm TOSKANA ALBANA SPR-50' | 100.00 TL | SKU: AGT.120048277
2026-09-25 07:10:14 [WARNING] [https://yapimaks.com/insaat-demiri-nervullu-kalin-12-14-16-20-p4683] Urun parse hatasi (deneme 1/3): API yanitinda fiyat bulunamadi
2026-09-25 07:10:15 [INFO] [13749] 'AGT SÜPÜRGELİK 8cm BEYAZ FINISH PAK SPR-' | 200.00 TL | SKU: AGT.120037755
2026-09-25 07:10:16 [INFO] [14362] 'AGT SÜPÜRGELİK 6cm MURANO FABA SPR-5030' | 100.00 TL | SKU: AGT.120047980
2026-09-25 07:10:17 [WARNING] [https://yapimaks.com/insaat-demiri-nervullu-kalin-12-14-16-20-p4683] Urun parse hatasi (deneme 2/3): API yanitinda fiyat bulunamadi
2026-09-25 07:10:19 [INFO] [505] 'AGT SÜPÜRGELİK 6cm TOROS EFFECT FİNİSH S' | 100.00 TL | SKU: AGT.120030303
2026-09-25 07:10:20 [INFO] [499] 'AGT SÜPÜRGELİK 6cm TİBET EFFECT FİNİSH S' | 100.00 TL | SKU: AGT.120030292
2026-09-25 07:10:21 [INFO] [2390] '80*80*3.0MM KUTU PROFİL (ANTİPASLI)' | 1945.62 TL | SKU: DEM.PRF.245
2026-09-25 07:10:22 [INFO] [450] 'AGT SÜPÜRGELİK 8cm ANTALYA ÇAM SPR-5000' | 140.00 TL | SKU: AGT.120020466
2026-09-25 07:10:24 [WARNING] [https://yapimaks.com/insaat-demiri-nervullu-kalin-12-14-16-20-p4683] Urun parse hatasi (deneme 3/3): API yanitinda fiyat bulunamadi
2026-09-25 07:10:24 [ERROR] [https://yapimaks.com/insaat-demiri-nervullu-kalin-12-14-16-20-p4683] Tum denemeler basarisiz: API yanitinda fiyat bulunamadi
2026-09-25 07:10:24 [WARNING] [https://yapimaks.com/insaat-demiri-nervullu-kalin-12-14-16-20-p4683] Eski satir korundu, yarin tekrar denenir.
2026-09-25 07:10:25 [INFO] [500] 'AGT SÜPÜRGELİK 6cm PAMİR EFFECT FİNİSH S' | 100.00 TL | SKU: AGT.120030296
2026-09-25 07:10:26 [INFO] [516] 'AGT SÜPÜRGELİK 8cm DEFNE SPR-5000E' | 140.00 TL | SKU: AGT.120037719
2026-09-25 07:10:27 [INFO] [417] 'AGT SÜPÜRGELİK 8cm GRİ YENİ SOFT TOUCH 5' | 290.00 TL | SKU: AGT.120038014
2026-09-25 07:10:29 [INFO] [457] 'AGT SÜPÜRGELİK 8cm ILGAZ MEŞE 5000E' | 140.00 TL | SKU: AGT.120037736
2026-09-25 07:10:30 [INFO] [518] 'AGT SÜPÜRGELİK 8cm LİMRA MEŞE SPR-5000E' | 140.00 TL | SKU: AGT.120037759
2026-09-25 07:10:31 [INFO] [12804] 'AGT SÜPÜRGELİK 8cm MANOLYA SPR-5000' | 140.00 TL | SKU: AGT.120047896
2026-09-25 07:10:32 [INFO] [14662] 'AGT SÜPÜRGELİK 8cm GARDENYA SPR-5000E' | 140.00 TL | SKU: AGT.120037732
2026-09-25 07:10:34 [INFO] [13709] 'AGT SÜPÜRGELİK 8cm FREZYA 5000E' | 140.00 TL | SKU: AGT.120037728
2026-09-25 07:10:35 [INFO] [14661] 'AGT SÜPÜRGELİK 8cm MERİÇ SPR-5000E' | 140.00 TL | SKU: AGT.120037838
2026-09-25 07:10:36 [INFO] [14660] 'AGT SÜPÜRGELİK 8cm MODENA ASTERA SPR-500' | 140.00 TL | SKU: AGT.120049309
2026-09-25 07:10:38 [INFO] [12391] 'AGT SÜPÜRGELİK 8cm MURANO FABA SPR-5000E' | 140.00 TL | SKU: AGT.120048020
2026-09-25 07:10:40 [INFO] [14364] 'AGT SÜPÜRGELİK 8cm NİL SPR-7034' | 140.00 TL | SKU: AGT.120044808
2026-09-25 07:10:43 [INFO] [13710] 'AGT SÜPÜRGELİK 8cm PAMİR 5000E' | 140.00 TL | SKU: AGT.120037834
2026-09-25 07:10:43 [INFO] [522] 'AGT SÜPÜRGELİK 8cm GRİ LAKE SPR-5000E' | 257.00 TL | SKU: AGT.120042835
2026-09-25 07:10:43 [INFO] [14365] 'AGT SÜPÜRGELİK 8cm PAMİR SPR-7034' | 140.00 TL | SKU: AGT.120031462
2026-09-25 07:10:43 [INFO] ... ilerleme 100/480 (tazelenen 98, basarisiz 2, korunan 2, atlanan 0)
2026-09-25 07:10:44 [INFO] [13712] 'AGT SÜPÜRGELİK 8cm MAT SOFT TOUCH BEYAZ ' | 225.00 TL | SKU: AGT.120037693
2026-09-25 07:10:45 [INFO] [6048] 'BANYO KAZANI ALT MERTSAN' | 2200.00 TL | SKU: MERTSAN.002
2026-09-25 07:10:46 [INFO] [15027] 'BİLYALI TUZAKLI BAREL 68 MM SATEN YUMA Y' | 440.00 TL | SKU: YUMA.YM-B68BTS
2026-09-25 07:10:47 [INFO] [14655] 'AGT SÜPÜRGELİK 8cm FIRTINA GRİ SOFT TOUC' | 290.00 TL | SKU: AGT.120040592
2026-09-25 07:10:49 [INFO] [14722] 'BİTS UÇ TORX PRF T30 75 MM BLİSTERLİ' | 30.00 TL | SKU: WONDER.STW1918-7
2026-09-25 07:10:50 [INFO] [1595] 'BİTÜSELF STAR 10 CM YEŞİL' | 450.00 TL | SKU: BTM.BSY-10
2026-09-25 07:10:52 [INFO] [1598] 'BİTÜSELF STAR 15 CM YEŞİL' | 550.00 TL | SKU: BTM.BSY-15
2026-09-25 07:10:57 [INFO] [1604] 'BİTÜSELF STAR 30 CM YEŞİL' | 1250.00 TL | SKU: BTM.BSY-30
2026-09-25 07:11:00 [INFO] [453] 'AGT SÜPÜRGELİK 8cm MERİÇ SPR-5000' | 140.00 TL | SKU: AGT.120020914
2026-09-25 07:11:01 [INFO] [1856] 'ÇUVAL MOLOZ (50*80)' | 10.00 TL | SKU: ÇUVAL.001
2026-09-25 07:11:01 [INFO] [451] 'AGT SÜPÜRGELİK 8cm BEYAZ MEŞE SPR-5000' | 140.00 TL | SKU: AGT.120020488
2026-09-25 07:11:01 [INFO] [14659] 'AGT SÜPÜRGELİK 8cm SİLYON MEŞE SPR-5000E' | 140.00 TL | SKU: AGT.120037763
2026-09-25 07:11:02 [INFO] [1698] 'DUŞAKABİN TEKERLEĞİ KROM BEYAZ PLS. MAK4' | 125.00 TL | SKU: CABINART.MAK47B
2026-09-25 07:11:02 [INFO] [11497] 'AGT SÜPÜRGELİK 8cm GALA MEŞE SPR-5000E' | 140.00 TL | SKU: AGT.120037710
2026-09-25 07:11:02 [INFO] [463] 'AGT SÜPÜRGELİK 8cm ŞİRAZ MEŞE PS08000' | 140.00 TL | SKU: AGT.120024040
2026-09-25 07:11:02 [INFO] [10980] 'DUŞAKABİN TEKERLEĞİ SİYAH PVC MAK46' | 125.00 TL | SKU: CABINART.MAK46S
2026-09-25 07:11:04 [INFO] [12897] 'ELDİVEN NİTRİL MİCRO 3/4 NO:10 BEYBİ' | 90.00 TL | SKU: BEYBİ.İ04NMF13410
2026-09-25 07:11:05 [INFO] [12903] 'ELDİVEN SARI BEYAZ PN3  NO:10' | 37.50 TL | SKU: BEYBİ.İ040177
2026-09-25 07:11:06 [INFO] [14750] 'ELDİVEN PU KAPLI KESİLMEYE DİRENÇLİ NO:1' | 179.00 TL | SKU: BEYBİ.İ04CU200B
2026-09-25 07:11:07 [INFO] [11054] 'FIRÇA KESTİRME LÜX NO:2 KARDELEN' | 40.00 TL | SKU: KARDELEN.0046
2026-09-25 07:11:09 [INFO] [14742] 'EL DUŞU BUSE DT023 GMS' | 215.00 TL | SKU: GMS.DT023
2026-09-25 07:11:10 [INFO] [13574] 'BİTS UÇ SETİ 25 MM 10 LU (STW01959)' | 90.00 TL | SKU: WONDER.STW01959
2026-09-25 07:11:11 [INFO] [4450] 'HORTUM HAVA 8 MM, 1M' | 36.00 TL | SKU: GÜNEŞ.0018.8
2026-09-25 07:11:12 [INFO] [683] 'KAPLİN 25 1/2 İÇ DİŞLİ ADAPTÖR A8003' | 38.00 TL | SKU: ARANGÜL.A8003
2026-09-25 07:11:14 [INFO] [699] 'KAPLİN MANŞON 25/25 A8202' | 49.00 TL | SKU: ARANGÜL.A8202
2026-09-25 07:11:15 [INFO] [10925] 'EL DUŞU FRAME GRİ DIAMOND' | 129.00 TL | SKU: DIAMOND.EDFR5013
2026-09-25 07:11:16 [INFO] [11636] 'HSS MATKAP UCU 4.5 MM 2 Lİ BLİSTER WONDE' | 115.00 TL | SKU: WONDER.STW013760-92
2026-09-25 07:11:17 [INFO] [9613] 'İÇ CEPHE BOYASI TEMPO SİL MAT BAZ-2 10 K' | 1250.00 TL | SKU: TEMPO.0024
2026-09-25 07:11:19 [INFO] [12975] 'ELDİVEN NİTRİL MİCRO 3/4 NO:9 BEYBİ' | 90.00 TL | SKU: BEYBİ.İ04NMF13409
2026-09-25 07:11:20 [INFO] [5258] 'KNISAW DELİK TESTERE ADAPTÖR A, 1/4" Hex' | 100.00 TL | SKU: KNISAW.53461
2026-09-25 07:11:21 [INFO] [15058] 'GRANİT TUĞLA KESİCİ DİSK 115 MM ELMASLI ' | 115.00 TL | SKU: RODEX.RRT115
2026-09-25 07:11:22 [INFO] [13104] 'LATEKS 5 KG ADERANS ARTTIRICI TAMİR VE S' | 1250.00 TL | SKU: FİLLİ.1070823574
2026-09-25 07:11:24 [INFO] [2883] 'HELA TAŞI ERA BEYAZ' | 2150.00 TL | SKU: EGEVİT.1410700
2026-09-25 07:11:25 [INFO] [4367] 'KÜRESEL VANA 3/4' | 620.00 TL | SKU: GMS.KV304
2026-09-25 07:11:26 [INFO] [4353] 'KÜRESEL REKORLU BAHÇE MUSLUĞU 3/4' | 470.00 TL | SKU: GMS.KBM116
2026-09-25 07:11:27 [INFO] [5972] 'MATKAP UÇLU VİDA YHB 4.2x25 (PKT=1000 AD' | 612.00 TL | SKU: MERİDYEN.MHB4225
2026-09-25 07:11:29 [INFO] [10757] 'MATKAP UÇLU VİDA YHB 4.2x45 (PKT=600 AD)' | 525.00 TL | SKU: STD.900068700
2026-09-25 07:11:30 [INFO] [8489] 'MASTİK ANTRASİTGRİ 500gr TYTAN (KAPI,PEN' | 59.00 TL | SKU: SELENA.10049452
2026-09-25 07:11:31 [INFO] [10798] 'MATKAP UÇLU VİDA YHB 3.9X22 (2000AD.) ST' | 825.00 TL | SKU: STD.900019701
2026-09-25 07:11:32 [INFO] [9102] 'MATKAP UÇLU VİDA YHB 4.2x50 (PKT=500 AD)' | 500.00 TL | SKU: STD.900069700
2026-09-25 07:11:34 [INFO] [10796] 'MATKAP UÇLU VİDA YHB 3.9X16 (PKT=3500 AD' | 1200.00 TL | SKU: STD.YHB3916
2026-09-25 07:11:35 [INFO] [5975] 'MATKAP UÇLU VİDA YHB 4.8x22 (PKT=500 AD)' | 354.00 TL | SKU: MERİDYEN.MHB4822
2026-09-25 07:11:36 [INFO] [11777] 'MATKAP UÇLU VİDA YHB 4.8x32 (PKT=1000 AD' | 875.00 TL | SKU: STD.900074700
2026-09-25 07:11:37 [INFO] [14778] 'KOLİ KALEMİ SİYAH EDDİNG 300' | 69.00 TL | SKU: EDDİNG.GHED30001
2026-09-25 07:11:39 [INFO] [13125] 'KARIŞTIRICI SDS PLUS 100x600' | 175.00 TL | SKU: TROY.27907
2026-09-25 07:11:40 [INFO] [9106] 'MATKAP UÇLU VİDA YSB 4.2X32 (1000 AD.) S' | 800.00 TL | SKU: STD.900086700
2026-09-25 07:11:41 [INFO] [9107] 'MATKAP UÇLU VİDA YSB 4.8x50 (PKT=400 AD)' | 530.00 TL | SKU: STD.900092700
2026-09-25 07:11:42 [INFO] [5973] 'MATKAP UÇLU VİDA YHB 4.8x16 (PKT=1000 AD' | 582.00 TL | SKU: MERİDYEN.MHB4816
2026-09-25 07:11:44 [INFO] [9122] 'MATKAP UÇLU VİDA YSB 4.8x90 (PKT=125 AD)' | 300.00 TL | SKU: STD.900183700
2026-09-25 07:11:45 [INFO] [4389] 'NİPEL METAL 3/4' | 55.20 TL | SKU: KALDE.3811NPL0C0000
2026-09-25 07:11:46 [INFO] [9105] 'MATKAP UÇLU VİDA YSB 4.2X19 (1750 AD.) S' | 1000.00 TL | SKU: STD.900085700
2026-09-25 07:11:47 [INFO] [11280] 'MATKAP UÇLU VİDA YSB 3.9x13 (3500 AD.)' | 1325.00 TL | SKU: STD.900029700
2026-09-25 07:11:49 [INFO] [11547] 'MUSLUK ÇAMAŞIR GMS103' | 595.00 TL | SKU: GMS.MK103
2026-09-25 07:11:50 [INFO] [5974] 'MATKAP UÇLU VİDA YHB 4.8x19 (PKT=1000 AD' | 648.00 TL | SKU: MERİDYEN.MHB4819
2026-09-25 07:11:51 [INFO] [14523] 'PANJUR PVC BEYAZ 28x38 FORAİR' | 225.00 TL | SKU: FORAIR.GP8100
2026-09-25 07:11:52 [INFO] [9091] 'MATKAP UÇLU VİDA RYSB 3.9x25 (1250 AD.)' | 800.00 TL | SKU: STD.900027700
2026-09-25 07:11:54 [INFO] [11381] 'ŞARJ ALETİ ARABA ÇAKMAKLIK IPHONE LIGHTN' | 149.00 TL | SKU: AVEC.AVQC7202
2026-09-25 07:11:55 [INFO] [5334] 'PVC MENTEŞE BEYAZ 100MM (95MM) KAPI' | 77.00 TL | SKU: NOBEL.3841732100
2026-09-25 07:11:56 [INFO] [10029] 'SPREY BOYA MAT BEYAZ 400ML WALTER' | 129.00 TL | SKU: WALTER.005
2026-09-25 07:11:57 [INFO] [2118] 'SIVA MALASI AHŞAP SAPLI NO:22 DEKOR' | 366.00 TL | SKU: DEKOR.062
2026-09-25 07:11:59 [INFO] [13499] 'SPREY TABANCA 6 FONKSİYON DAYE DY2424' | 225.00 TL | SKU: DAYE.2424
2026-09-25 07:12:00 [INFO] [11870] 'SPREY TABANCA 3 FONKSİYONLU 1/2" METAL O' | 225.00 TL | SKU: KUPA.8514
2026-09-25 07:12:01 [INFO] [13600] 'PÜRMÜZ BAŞLIKLI 57 MM ORGAZ' | 875.00 TL | SKU: ORGAZ.OH-5700
2026-09-25 07:12:02 [INFO] [8483] 'SUNTA VİDASI 3,5x45 SELECTRON (500)' | 250.00 TL | SKU: SELECTRON.011
2026-09-25 07:12:04 [INFO] [1555] 'SHINGLE GALAKSİ KLASİK YEŞİL (2,52)' | 1100.00 TL | SKU: BTM.0105
2026-09-25 07:12:05 [INFO] [4396] 'REDÜKSİYON 3/4-1' | 115.00 TL | SKU: GMS.SM716
2026-09-25 07:12:06 [INFO] [10813] 'MATKAP UÇLU VİDA YHB 4.8X100 (PKT=150 AD' | 375.00 TL | SKU: STD.900079701
2026-09-25 07:12:07 [INFO] [6016] 'SUNTA VİDASI 5x40 MERİDYEN (200)' | 150.00 TL | SKU: MERİDYEN.SV5040
2026-09-25 07:12:09 [INFO] [444] 'SÜPÜRGELİK PARKE 4CM MUHTELİF' | 84.00 TL | SKU: AGT.120020459
2026-09-25 07:12:10 [INFO] [4372] 'TAHARET MUSLUK AÇ KAPA BEYAZ MK105' | 245.00 TL | SKU: GMS.MK105
2026-09-25 07:12:11 [INFO] [8184] 'PANJUR PVC BEYAZ 58x60 AİRVENT' | 800.00 TL | SKU: UBM.U02012
2026-09-25 07:12:12 [INFO] [8145] 'TEFLON BANT DOĞALGAZ SARI 12MM X 8M' | 30.00 TL | SKU: ORIENT.BNT10G
2026-09-25 07:12:14 [INFO] [11550] 'TAHARET MUSLUK KUMLU FİLTRELİ 1/2-3/8' | 280.00 TL | SKU: GMS.MK104
2026-09-25 07:12:15 [INFO] [6006] 'SUNTA VİDASI 3,5x25 MERİDYEN (1000)' | 325.00 TL | SKU: MERİDYEN.SV3525
2026-09-25 07:12:16 [INFO] [5926] 'SUNTA KESME TESTERE 115x24x22.2 WONDER' | 175.00 TL | SKU: WONDER.STW01859
2026-09-25 07:12:17 [INFO] [14179] 'TİJ 100 CM M14 GİJON' | 114.00 TL | SKU: STD.YHB4839
2026-09-25 07:12:19 [INFO] [181] 'TOREX ÇATI VİDASI MATKAP UÇLU 4,8X32 AKB' | 47.00 TL | SKU: 8680613131357
2026-09-25 07:12:20 [INFO] [14988] 'SUNTA VİDASI INOX 4x25 STD (1000)' | 750.00 TL | SKU: STD.909959800.01
2026-09-25 07:12:21 [INFO] [10760] 'SUNTA VİDASI 4x45 STD (500)' | 300.00 TL | SKU: STD.900014700
2026-09-25 07:12:22 [INFO] [190] 'TOREX ÇATI VİDASI MATKAP UÇLU 6,3X38 AKB' | 47.00 TL | SKU: 8680613131449
2026-09-25 07:12:24 [INFO] [147] 'TOREX MATKAP UÇLU VİDA 3,9X19 DIN7504P Y' | 47.00 TL | SKU: 8680613130398
2026-09-25 07:12:25 [INFO] [149] 'TOREX MATKAP UÇLU VİDA 3,9X25 DIN7504P Y' | 47.00 TL | SKU: 8680613130411
2026-09-25 07:12:26 [INFO] [10759] 'SUNTA VİDASI 6x80 STD (100)' | 200.00 TL | SKU: STD.900056700
2026-09-25 07:12:27 [INFO] [151] 'TOREX MATKAP UÇLU VİDA 3,9X38 DIN7504P Y' | 47.00 TL | SKU: 8680613130435
2026-09-25 07:12:29 [INFO] [192] 'TOREX ÇATI VİDASI MATKAP UÇLU 6,3X60 AKB' | 47.00 TL | SKU: 8680613131463
2026-09-25 07:12:30 [INFO] [186] 'TOREX ÇATI VİDASI MATKAP UÇLU 5,5X60 AKB' | 47.00 TL | SKU: 8680613131401
2026-09-25 07:12:31 [INFO] [185] 'TOREX ÇATI VİDASI MATKAP UÇLU 5,5X50 AKB' | 47.00 TL | SKU: 8680613131395
2026-09-25 07:12:32 [INFO] [150] 'TOREX MATKAP UÇLU VİDA 3,9X32 DIN7504P Y' | 47.00 TL | SKU: 8680613130428
2026-09-25 07:12:34 [INFO] [153] 'TOREX MATKAP UÇLU VİDA 4,2X22 DIN7504P Y' | 47.00 TL | SKU: 8680613130466
2026-09-25 07:12:35 [INFO] [157] 'TOREX MATKAP UÇLU VİDA 4,2X45 DIN7504P Y' | 47.00 TL | SKU: 8680613130503
2026-09-25 07:12:36 [INFO] [159] 'TOREX MATKAP UÇLU VİDA 4,8X22 DIN7504P Y' | 47.00 TL | SKU: 8680613130541
2026-09-25 07:12:37 [INFO] [155] 'TOREX MATKAP UÇLU VİDA 4,2X32 DIN7504P Y' | 47.00 TL | SKU: 8680613130480
2026-09-25 07:12:39 [INFO] [164] 'TOREX MATKAP UÇLU VİDA 4,8X50 DIN7504P Y' | 47.00 TL | SKU: 8680613130596
2026-09-25 07:12:40 [INFO] [337] 'TOREX ROKET DÜBEL 10MM + 6X80 SUNTA VİDA' | 47.00 TL | SKU: 8680613930318
2026-09-25 07:12:41 [INFO] [152] 'TOREX MATKAP UÇLU VİDA 4,2X19 DIN7504P Y' | 47.00 TL | SKU: 8680613130459
2026-09-25 07:12:42 [INFO] [160] 'TOREX MATKAP UÇLU VİDA 4,8X25 DIN7504P Y' | 47.00 TL | SKU: 8680613130558
2026-09-25 07:12:44 [INFO] [114] 'TOREX SUNTA VİDASI 3,5X20 DIN 7505 1P= 3' | 47.00 TL | SKU: 8680613130077
2026-09-25 07:12:45 [INFO] [113] 'TOREX SUNTA VİDASI 3,5X18 DIN 7505 1P= 4' | 47.00 TL | SKU: 8680613130060
2026-09-25 07:12:46 [INFO] [117] 'TOREX SUNTA VİDASI 3,5X35 DIN 7505 1P= 2' | 47.00 TL | SKU: 8680613130107
2026-09-25 07:12:47 [INFO] [112] 'TOREX SUNTA VİDASI 3,5X16 DIN 7505 1P= 4' | 47.00 TL | SKU: 8680613130053
2026-09-25 07:12:47 [INFO] ... ilerleme 200/480 (tazelenen 198, basarisiz 2, korunan 2, atlanan 0)
2026-09-25 07:12:50 [INFO] [108] 'TOREX SUNTA VİDASI 3X16 DIN 7505 1P=51' | 47.00 TL | SKU: 8680613130015
2026-09-25 07:12:51 [INFO] [146] 'TOREX MATKAP UÇLU VİDA 3,9X16 DIN7504P Y' | 47.00 TL | SKU: 8680613130381
2026-09-25 07:12:51 [INFO] [11288] 'TOREX MATKAP UÇLU VİDA 4,2X16 DIN7504P Y' | 47.00 TL | SKU: 8680613130442
2026-09-25 07:12:52 [INFO] [109] 'TOREX SUNTA VİDASI 3X20 DIN 7505 1P= 42' | 47.00 TL | SKU: 8680613130022
2026-09-25 07:12:54 [INFO] [110] 'TOREX SUNTA VİDASI 3X25 DIN 7505 1P= 37' | 47.00 TL | SKU: 8680613130039
2026-09-25 07:12:55 [INFO] [118] 'TOREX SUNTA VİDASI 3,5X40 DIN 7505 1P= 2' | 47.00 TL | SKU: 8680613130114
2026-09-25 07:12:56 [INFO] [121] 'TOREX SUNTA VİDASI 4,5X60 DIN 7505 1P=7' | 47.00 TL | SKU: 8680613130145
2026-09-25 07:12:57 [INFO] [120] 'TOREX SUNTA VİDASI 4,5X50 DIN 7505 1P=10' | 47.00 TL | SKU: 8680613130138
2026-09-25 07:12:59 [INFO] [119] 'TOREX SUNTA VİDASI 4,5X40 DIN 7505 1P=12' | 47.00 TL | SKU: 8680613130121
2026-09-25 07:13:00 [INFO] [123] 'TOREX SUNTA VİDASI 4X18 DIN 7505 1P= 31' | 47.00 TL | SKU: 8680613130169
2026-09-25 07:13:01 [INFO] [124] 'TOREX SUNTA VİDASI 4X20 DIN 7505 1P= 29' | 47.00 TL | SKU: 8680613130176
2026-09-25 07:13:02 [INFO] [116] 'TOREX SUNTA VİDASI 3,5X30 DIN 7505 1P= 2' | 47.00 TL | SKU: 8680613130091
2026-09-25 07:13:04 [INFO] [129] 'TOREX SUNTA VİDASI 4X45 DIN 7505 1P=16' | 47.00 TL | SKU: 8680613130220
2026-09-25 07:13:05 [INFO] [130] 'TOREX SUNTA VİDASI 4X50 DIN 7505 1P=15' | 47.00 TL | SKU: 8680613130237
2026-09-25 07:13:06 [INFO] [154] 'TOREX MATKAP UÇLU VİDA 4,2X25 DIN7504P Y' | 47.00 TL | SKU: 8680613130473
2026-09-25 07:13:07 [INFO] [9297] 'TİJ 100 CM M10 GİJON' | 60.00 TL | SKU: STD.970611800
2026-09-25 07:13:09 [INFO] [125] 'TOREX SUNTA VİDASI 4X25 DIN 7505 1P=25' | 47.00 TL | SKU: 8680613130183
2026-09-25 07:13:10 [INFO] [128] 'TOREX SUNTA VİDASI 4X40 DIN 7505 1P=17' | 47.00 TL | SKU: 8680613130213
2026-09-25 07:13:11 [INFO] [135] 'TOREX SUNTA VİDASI 5X40 DIN 7505 1P= 11' | 47.00 TL | SKU: 8680613130282
2026-09-25 07:13:12 [INFO] [136] 'TOREX SUNTA VİDASI 5X45 DIN 7505 1P=9' | 47.00 TL | SKU: 8680613130299
2026-09-25 07:13:14 [INFO] [177] 'TOREX SUNTA VİDASI 5x100 DIN 7505 1P= 3' | 47.00 TL | SKU: 8680613130909
2026-09-25 07:13:15 [INFO] [126] 'TOREX SUNTA VİDASI 4X30 DIN 7505 1P=22' | 47.00 TL | SKU: 8680613130190
2026-09-25 07:13:16 [INFO] [139] 'TOREX SUNTA VİDASI 5X70 DIN 7505 1P=6' | 47.00 TL | SKU: 8680613130329
2026-09-25 07:13:17 [INFO] [138] 'TOREX SUNTA VİDASI 5X60 DIN 7505 1P=7' | 47.00 TL | SKU: 8680613130312
2026-09-25 07:13:19 [INFO] [141] 'TOREX SUNTA VİDASI 5X90 DIN 7505 1P= 4' | 47.00 TL | SKU: 8680613130337
2026-09-25 07:13:20 [INFO] [176] 'TOREX SUNTA VİDASI 5x90 DIN 7505 1P=4' | 47.00 TL | SKU: 8680613130893
2026-09-25 07:13:21 [INFO] [179] 'TOREX SUNTA VİDASI 6x100 DIN 7505 (1P= A' | 47.00 TL | SKU: 8680613130923
2026-09-25 07:13:22 [INFO] [131] 'TOREX SUNTA VİDASI 5X20 DIN 7505 1P=13' | 47.00 TL | SKU: 8680613130244
2026-09-25 07:13:24 [INFO] [133] 'TOREX SUNTA VİDASI 5X30 DIN 7505 1P=13' | 47.00 TL | SKU: 8680613130268
2026-09-25 07:13:25 [INFO] [144] 'TOREX SUNTA VİDASI 6X70 DIN 7505 1P=4' | 47.00 TL | SKU: 8680613130367
2026-09-25 07:13:26 [INFO] [140] 'TOREX SUNTA VİDASI 5X80 DIN 7505 1P=5' | 47.00 TL | SKU: 8680613130336
2026-09-25 07:13:27 [INFO] [137] 'TOREX SUNTA VİDASI 5X50 DIN 7505 1P=9' | 47.00 TL | SKU: 8680613130305
2026-09-25 07:13:29 [INFO] [143] 'TOREX SUNTA VİDASI 6X60 DIN 7505 1P=4' | 47.00 TL | SKU: 8680613130350
2026-09-25 07:13:30 [WARNING] [6647] 429 Too Many Requests — 90s bekleniyor (deneme 1/3, hiz 0.4/sn)
2026-09-25 07:13:32 [WARNING] [134] 429 Too Many Requests — 88s bekleniyor (deneme 1/3, hiz 0.2/sn)
2026-09-25 07:13:37 [WARNING] [11764] 429 Too Many Requests — 83s bekleniyor (deneme 1/3, hiz 0.2/sn)
2026-09-25 07:13:42 [WARNING] [6648] 429 Too Many Requests — 78s bekleniyor (deneme 1/3, hiz 0.2/sn)
2026-09-25 07:13:47 [WARNING] [178] 429 Too Many Requests — 73s bekleniyor (deneme 1/3, hiz 0.2/sn)
2026-09-25 07:13:52 [WARNING] [142] 429 Too Many Requests — 68s bekleniyor (deneme 1/3, hiz 0.2/sn)
2026-09-25 07:13:57 [WARNING] [111] 429 Too Many Requests — 63s bekleniyor (deneme 1/3, hiz 0.2/sn)
2026-09-25 07:14:02 [WARNING] [145] 429 Too Many Requests — 58s bekleniyor (deneme 1/3, hiz 0.2/sn)
2026-09-25 07:15:07 [INFO] [6647] 'ZIMPARA SÜNGER KALIN 100 KUM - NOBEL' | 40.00 TL | SKU: NOBEL.37404100907025
2026-09-25 07:15:07 [INFO] [142] 'TOREX SUNTA VİDASI 6X50 DIN 7505 1P=6' | 47.00 TL | SKU: 8680613130343
2026-09-25 07:15:07 [INFO] [6648] 'ZIMPARA SÜNGER KALIN 120 KUM - NOBEL' | 40.00 TL | SKU: NOBEL.37404120907025
2026-09-25 07:15:07 [INFO] [178] 'TOREX SUNTA VİDASI 6x90 DIN 7505 1P=2' | 47.00 TL | SKU: 8680613130916
2026-09-25 07:15:10 [INFO] [134] 'TOREX SUNTA VİDASI 5X35 DIN 7505 1P=11' | 47.00 TL | SKU: 8680613130275
2026-09-25 07:15:15 [INFO] [15150] 'İŞARETLEME KALEMİ MİNİ 3 CM RENKLİ CEP B' | 69.00 TL | SKU: STANLEY.1.47.329
2026-09-25 07:15:20 [INFO] [145] 'TOREX SUNTA VİDASI 6X80 DIN 7505 1P=3' | 47.00 TL | SKU: 8680613130374
2026-09-25 07:15:25 [INFO] [111] 'TOREX SUNTA VİDASI 3X30 DIN 7505 1P= 33' | 47.00 TL | SKU: 8680613130046
2026-09-25 07:15:30 [INFO] [2108] 'RULO DEKOR EKSPORT SATEN YAĞLI BOYA 25CM' | 285.00 TL | SKU: DEKOR.1081
2026-09-25 07:15:35 [INFO] [6650] 'ZIMPARA SÜNGER KALIN 80 KUM - NOBEL' | 40.00 TL | SKU: NOBEL.3740480907025
2026-09-25 07:15:40 [INFO] [15438] 'MASKELEME BANDI 36MM x 25 MT (RTRMAX)' | 35.00 TL | SKU: RTRMAX.RNM3625
2026-09-25 07:15:46 [INFO] [12973] 'BOSCH DAİRE TESTERE (SUNTA KESME)190*30*' | 750.00 TL | SKU: BOSCH.BHYT2608644377
2026-09-25 07:15:50 [INFO] [15556] 'ÇAPA PANCAR SİVRİ SD' | 100.00 TL | SKU: SD.DÇ0202
2026-09-25 07:15:55 [INFO] [15529] 'SPREY SİLİKON 500 ML. BÖRFH' | 160.00 TL | SKU: BÖRFH.B6020768
2026-09-25 07:16:00 [INFO] [11048] 'ŞİLTE 4MM YAPIŞKANLI 100 CM PROCO 1M2 (2' | 105.00 TL | SKU: PROCO.4MM.Y
2026-09-25 07:16:05 [INFO] [4762] '20 PPRC BORU 4 MT KALDE' | 109.00 TL | SKU: KALDE.3202TBE200000
2026-09-25 07:16:10 [INFO] [14226] 'HOFMANN SDR 78 MANTOLAMA DÜBEL ÇAKMA TAB' | 23000.00 TL | SKU: HOFMANN.SDR78
2026-09-25 07:16:15 [INFO] [460] 'AGT SÜPÜRGELİK 8cm PAMUKKALE SPR-5000' | 140.00 TL | SKU: AGT.120022786
2026-09-25 07:16:20 [INFO] [15431] 'METAL KESİCİ İNOX 230x1.8x22 RTRMAX' | 70.00 TL | SKU: RTRMAX.RDM23018
2026-09-25 07:16:25 [INFO] [8206] 'MERDİVEN 5+5 KOD:1205 ÇİFT ÇIKIŞLI METAL' | 1820.00 TL | SKU: SARAYLI.1205
2026-09-25 07:16:34 [INFO] [14146] 'SPREY BOYA KIRMIZI 400ML (3020) SELSİL' | 149.00 TL | SKU: SELSİL.419
2026-09-25 07:16:38 [INFO] [12534] 'DUŞ TAKIMI İREM' | 560.00 TL | SKU: GMS.ST015
2026-09-25 07:16:40 [INFO] [15638] 'KOLİ BANDI ŞEFFAF 45X100 METRE ASTEL' | 95.00 TL | SKU: ASTEL.A07135
2026-09-25 07:16:45 [INFO] [15491] 'FIRÇA OTO BATTAL 20 CM 451 YILDIRIM FIRÇ' | 115.00 TL | SKU: YILDIRIMFIRÇA.451
2026-09-25 07:16:50 [INFO] [168] 'TOREX ALÇIPAN VİDASI MATKAP UÇLU 3,5X35 ' | 47.00 TL | SKU: 8680613130725
2026-09-25 07:16:56 [INFO] [189] 'TOREX ÇATI VİDASI MATKAP UÇLU 6,3X32 AKB' | 47.00 TL | SKU: 8680613131432
2026-09-25 07:16:58 [INFO] [15088] 'SPREY BOYA METALİK GRİ RAL 9006 400ML SE' | 149.00 TL | SKU: SELENA.10052501
2026-09-25 07:17:02 [INFO] [182] 'TOREX ÇATI VİDASI MATKAP UÇLU 5,5X25 AKB' | 47.00 TL | SKU: 8680613131364
2026-09-25 07:17:06 [INFO] [11995] 'SİLİKON BEYAZ ANTİ KÜF NÖTR TYTAN 280 ML' | 185.00 TL | SKU: SELENA.10051326
2026-09-25 07:17:10 [INFO] [11764] 'VAZO DARBUKA 22 CM' | 600.00 TL | SKU: OVED.081
2026-09-25 07:17:14 [INFO] [15803] 'SUNTA VİDASI 4x30 STD (500)' | 225.00 TL | SKU: STD.900012700
2026-09-25 07:17:18 [INFO] [15590] 'ZIMPARA SÜNGER KALIN 60 KUM - ATLAS 1 AD' | 50.00 TL | SKU: ATLAS.006.72740857
2026-09-25 07:17:22 [WARNING] [4257] 429 Too Many Requests — 300s bekleniyor (deneme 1/3, hiz 0.2/sn)
2026-09-25 07:17:27 [WARNING] [1633] 429 Too Many Requests — 300s bekleniyor (deneme 1/3, hiz 0.2/sn)
2026-09-25 07:17:32 [WARNING] [4259] 429 Too Many Requests — 148s bekleniyor (deneme 1/3, hiz 0.2/sn)
2026-09-25 07:17:37 [WARNING] [15801] 429 Too Many Requests — 143s bekleniyor (deneme 1/3, hiz 0.2/sn)
2026-09-25 07:17:42 [WARNING] [15266] 429 Too Many Requests — 138s bekleniyor (deneme 1/3, hiz 0.2/sn)
2026-09-25 07:17:47 [WARNING] [3205] 429 Too Many Requests — 133s bekleniyor (deneme 1/3, hiz 0.2/sn)
2026-09-25 07:17:52 [WARNING] [191] 429 Too Many Requests — 128s bekleniyor (deneme 1/3, hiz 0.2/sn)
2026-09-25 07:17:57 [WARNING] [13142] 429 Too Many Requests — 123s bekleniyor (deneme 1/3, hiz 0.2/sn)
2026-09-25 07:20:01 [WARNING] [3205] 429 Too Many Requests — 300s bekleniyor (deneme 2/3, hiz 0.2/sn)
2026-09-25 07:20:01 [WARNING] [4259] 429 Too Many Requests — 300s bekleniyor (deneme 2/3, hiz 0.2/sn)
2026-09-25 07:20:01 [WARNING] [15266] 429 Too Many Requests — 300s bekleniyor (deneme 2/3, hiz 0.2/sn)
2026-09-25 07:20:05 [WARNING] [13142] 429 Too Many Requests — 300s bekleniyor (deneme 2/3, hiz 0.2/sn)
2026-09-25 07:20:10 [WARNING] [15801] 429 Too Many Requests — 300s bekleniyor (deneme 2/3, hiz 0.2/sn)
2026-09-25 07:20:15 [WARNING] [191] 429 Too Many Requests — 300s bekleniyor (deneme 2/3, hiz 0.2/sn)
2026-09-25 07:22:23 [WARNING] [4257] 429 Too Many Requests — 300s bekleniyor (deneme 2/3, hiz 0.2/sn)
2026-09-25 07:22:27 [WARNING] [1633] 429 Too Many Requests — 300s bekleniyor (deneme 2/3, hiz 0.2/sn)
2026-09-25 07:25:01 [WARNING] [3205] 429 Too Many Requests — 299s bekleniyor (deneme 3/3, hiz 0.2/sn)
2026-09-25 07:25:01 [WARNING] [15266] 429 Too Many Requests — 299s bekleniyor (deneme 3/3, hiz 0.2/sn)
2026-09-25 07:25:02 [WARNING] [4259] 429 Too Many Requests — 299s bekleniyor (deneme 3/3, hiz 0.2/sn)
2026-09-25 07:25:06 [WARNING] [13142] 429 Too Many Requests — 294s bekleniyor (deneme 3/3, hiz 0.2/sn)
2026-09-25 07:25:11 [WARNING] [15801] 429 Too Many Requests — 289s bekleniyor (deneme 3/3, hiz 0.2/sn)
2026-09-25 07:25:16 [WARNING] [191] 429 Too Many Requests — 284s bekleniyor (deneme 3/3, hiz 0.2/sn)
2026-09-25 07:27:43 [WARNING] [https://yapimaks.com/0-30-875-200-oluklu-p4257] Ag hatasi (deneme 3/3): 
2026-09-25 07:27:43 [ERROR] [https://yapimaks.com/0-30-875-200-oluklu-p4257] Tum denemeler basarisiz: 
2026-09-25 07:27:43 [WARNING] [https://yapimaks.com/0-30-875-200-oluklu-p4257] Eski satir korundu, yarin tekrar denenir.
2026-09-25 07:27:48 [WARNING] [https://yapimaks.com/likit-membran-alfahibrit-beyaz-4-5-kg-p1633] Ag hatasi (deneme 3/3): 
2026-09-25 07:27:48 [ERROR] [https://yapimaks.com/likit-membran-alfahibrit-beyaz-4-5-kg-p1633] Tum denemeler basarisiz: 
2026-09-25 07:27:48 [WARNING] [https://yapimaks.com/likit-membran-alfahibrit-beyaz-4-5-kg-p1633] Eski satir korundu, yarin tekrar denenir.
2026-09-25 07:28:02 [WARNING] [14762] 429 Too Many Requests — 118s bekleniyor (deneme 1/3, hiz 0.2/sn)
2026-09-25 07:28:03 [WARNING] [14765] 429 Too Many Requests — 117s bekleniyor (deneme 1/3, hiz 0.2/sn)
2026-09-25 07:30:00 [ERROR] [https://yapimaks.com/sunta-vidasi-5x120-akdeniz-100-p15801] Tum denemeler basarisiz: None
2026-09-25 07:30:00 [WARNING] [https://yapimaks.com/sunta-vidasi-5x120-akdeniz-100-p15801] Eski satir korundu, yarin tekrar denenir.
2026-09-25 07:30:00 [ERROR] [https://yapimaks.com/sivi-aktarma-pompasi-wert-p13142] Tum denemeler basarisiz: None
2026-09-25 07:30:00 [WARNING] [https://yapimaks.com/sivi-aktarma-pompasi-wert-p13142] Eski satir korundu, yarin tekrar denenir.
2026-09-25 07:30:00 [ERROR] [https://yapimaks.com/torex-cati-vidasi-matkap-uclu-6-3x50-akb-1p-2-p191] Tum denemeler basarisiz: None
2026-09-25 07:30:00 [WARNING] [https://yapimaks.com/torex-cati-vidasi-matkap-uclu-6-3x50-akb-1p-2-p191] Eski satir korundu, yarin tekrar denenir.
2026-09-25 07:30:00 [ERROR] [https://yapimaks.com/eps-30-3cm-adet-beyaz-p3205] Tum denemeler basarisiz: None
2026-09-25 07:30:00 [WARNING] [https://yapimaks.com/eps-30-3cm-adet-beyaz-p3205] Eski satir korundu, yarin tekrar denenir.
2026-09-25 07:30:00 [ERROR] [https://yapimaks.com/selsil-sivi-gres-zincir-yaglayici-500ml-p15266] Tum denemeler basarisiz: None
2026-09-25 07:30:00 [WARNING] [https://yapimaks.com/selsil-sivi-gres-zincir-yaglayici-500ml-p15266] Eski satir korundu, yarin tekrar denenir.
2026-09-25 07:30:01 [INFO] [14765] '0.50*50*200 DERE AKSESUAR BORDO' | 390.00 TL | SKU: RALL.3009.050.AKS.02
2026-09-25 07:30:01 [ERROR] [https://yapimaks.com/0-30-875-300-oluklu-p4259] Tum denemeler basarisiz: None
2026-09-25 07:30:01 [WARNING] [https://yapimaks.com/0-30-875-300-oluklu-p4259] Eski satir korundu, yarin tekrar denenir.
2026-09-25 07:30:01 [INFO] [2398] '100*100*4MM  KUTU PROFİL (ANTİPASLI)' | 3266.41 TL | SKU: DEM.PRF.260
2026-09-25 07:30:01 [INFO] [11185] '100*100*5MM  KUTU PROFİL ANTİPASLI' | 4017.06 TL | SKU: DEM.PRF.167
2026-09-25 07:30:05 [INFO] [2271] '30*40*1.2MM KUTU PROFİL' | 421.54 TL | SKU: DEM.PRF.010
2026-09-25 07:30:10 [INFO] [2305] '40*100*2.0MM KUTU PROFİL (ANTİPASLI)' | 1258.00 TL | SKU: DEM.PRF.045
2026-09-25 07:30:15 [INFO] [14762] '0.50*50*200 DERE AKSESUAR ANTRASİT' | 400.00 TL | SKU: RALL.7016.050.AKS.01
2026-09-25 07:30:20 [INFO] [15614] '20*40*1.90MM KUTU PROFİL(ANTİPASLI)' | 476.50 TL | SKU: DEM.PRF.400
2026-09-25 07:30:25 [INFO] [2377] '20*30*2.0MM KUTU PROFİL(ANTİPASLI)' | 418.29 TL | SKU: DEM.PRF.229
2026-09-25 07:30:30 [INFO] [2370] '50*50*2.0MM KUTU PROFİL(ANTİPASLI)' | 840.58 TL | SKU: DEM.PRF.214
2026-09-25 07:30:35 [INFO] [2372] '40*40*1.5MM KUTU PROFİL ANTİPASLI' | 542.20 TL | SKU: DEM.PRF.216
2026-09-25 07:30:43 [INFO] [2371] '30*40*2.0MM KUTU PROFİL(ANTİPASLI)' | 587.39 TL | SKU: DEM.PRF.215
2026-09-25 07:30:45 [INFO] [2334] '60*60*2.0MM KUTU PROFİL' | 962.38 TL | SKU: DEM.PRF.102
2026-09-25 07:30:50 [INFO] [2378] '40*60*2.0MM KUTU PROFİL (ANTİPASLI)' | 840.58 TL | SKU: DEM.PRF.230
2026-09-25 07:30:55 [INFO] [2319] '60*120*3.0 MM KUTU PROFİL(ANTİPASLI)' | 1892.17 TL | SKU: DEM.PRF.067
2026-09-25 07:31:00 [INFO] [2426] '80*80*2.0MM KUTU PROFİL(ANTİPASLI)' | 1439.00 TL | SKU: DEM.PRF.367
2026-09-25 07:31:05 [INFO] [4887] '70 KELEPÇE PİS SU PVC KALDE' | 16.00 TL | SKU: KALDE.5213BCC0L0000
2026-09-25 07:31:10 [INFO] [2427] '60*80*2.0MM KUTU PROFİL (ANTİPASLI)' | 1258.10 TL | SKU: DEM.PRF.369
2026-09-25 07:31:15 [INFO] [14656] 'AGT SÜPÜRGELİK 10cm YENİ BEYAZ MAT BUTE ' | 280.00 TL | SKU: AGT.120049244
2026-09-25 07:31:20 [INFO] [2351] '30*50*1.5MM KUTU PROFİL(ANTİPASLI)' | 542.20 TL | SKU: DEM.PRF.154
2026-09-25 07:31:25 [INFO] [517] 'AGT SÜPÜRGELİK 8cm VEGAS SPR-5000E' | 140.00 TL | SKU: AGT.120037752
2026-09-25 07:31:30 [INFO] [11873] 'ARDUAZLI UKS WİNROOF WP40G -10C GRİ (10M' | 1450.00 TL | SKU: WİNROOF.UKS105
2026-09-25 07:31:35 [INFO] [9889] 'ARDUAZLI UKS WİNROOF WP40K -10C KIRMIZI ' | 1450.00 TL | SKU: WİNROOF.UKS103
2026-09-25 07:31:40 [INFO] [9138] 'BETOFAST 6.3*135 1 AD' | 5.25 TL | SKU: STD.900244700
2026-09-25 07:31:45 [INFO] [2315] '90*90*3.0MM KUTU PROFİL' | 2072.74 TL | SKU: DEM.PRF.055
2026-09-25 07:31:50 [INFO] [2292] '50*50*2.5MM KUTU PROFİL (ANTİPASLI)' | 1011.06 TL | SKU: DEM.PRF.031
2026-09-25 07:31:54 [INFO] [7294] 'CEPHE PANELİ PU 40*EKO*4500(9002)' | 2317.50 TL | SKU: PANEL.0035
2026-09-25 07:31:58 [INFO] [2343] '90*90*2.50MM KUTU PROFİL' | 1728.27 TL | SKU: DEM.PRF.135
2026-09-25 07:31:58 [INFO] ... ilerleme 300/480 (tazelenen 290, basarisiz 10, korunan 10, atlanan 0)
2026-09-25 07:32:02 [INFO] [1601] 'BİTÜSELF STAR 20 CM YEŞİL' | 850.00 TL | SKU: BTM.BSY-20
2026-09-25 07:32:06 [INFO] [5301] 'BİTS UÇ PH2 25MM STOPLU' | 55.00 TL | SKU: FİVESTAR.011.BBS0225
2026-09-25 07:32:10 [INFO] [12073] 'DRENAJ LEVHASI 200*2000(40 M2)(400 gr/m2' | 1450.00 TL | SKU: DARKSS.DR400
2026-09-25 07:32:14 [INFO] [6063] 'ÇITA POLİSTREN 4CM 2.4 MT SP4020' | 100.00 TL | SKU: DARKSS.DP.SP4020
2026-09-25 07:32:18 [INFO] [12976] 'ELDİVEN BEYBİ PL-9 LATEKS KIRMIZI NO:10 ' | 65.00 TL | SKU: BEYBİ.İ040162-10
2026-09-25 07:32:22 [INFO] [3231] 'DERZ BANDI 100mm x 90m' | 179.00 TL | SKU: DARKSS.DB10090
2026-09-25 07:32:26 [INFO] [6160] 'FIRÇA SAPI 120CM' | 100.00 TL | SKU: NALBUR.035
2026-09-25 07:32:30 [INFO] [1922] 'BOARDEX 120*240*12.5 MM (50)' | 750.00 TL | SKU: DALSAN.204
2026-09-25 07:32:34 [INFO] [12946] 'KARTON OLUKLU ZEMİN KORUMA 120CM (30 M2)' | 600.00 TL | SKU: NALBUR.127
2026-09-25 07:32:38 [INFO] [1481] 'KİREMİT ALTI ÇUVALLI-SURTEKS KLC-1000 15' | 575.00 TL | SKU: BİKAMAX.KJ1000
2026-09-25 07:32:42 [INFO] [15007] 'KÖŞE ÇITASI FİLELİ PVC BEYAZ 07X07 (35X6' | 27.50 TL | SKU: DARKSS.FK.07.01
2026-09-25 07:32:46 [INFO] [1982] 'GROUT HARCI HAMMERFAST GM-500 (25KG)' | 525.00 TL | SKU: DARKSS.YK.GM500
2026-09-25 07:32:50 [INFO] [7085] 'EPS OPTİMİX KARBONLU 50*100*5CM (10 AD, ' | 975.00 TL | SKU: OPTİMİX.04
2026-09-25 07:32:56 [INFO] [1627] 'LİKİT MEMBRAN BTL 200 KAUÇUK KATKILI 17K' | 1900.00 TL | SKU: BTM.0305
2026-09-25 07:33:07 [INFO] [1625] 'LİKİT MEMBRAN ASTAR BTR 100 15 KG' | 1400.00 TL | SKU: BTM.0303
2026-09-25 07:33:09 [INFO] [6185] 'EL ARABASI FEZA + DOLGU TEKER' | 1500.00 TL | SKU: KESKİN.150.062
2026-09-25 07:33:09 [INFO] [2382] '40*60*2.5MM KUTU PROFİL (ANTİPASLI)' | 1011.06 TL | SKU: DEM.PRF.234
2026-09-25 07:33:10 [INFO] [15704] 'LİKİT MEMBRAN 1K-1099 UV ELASTOMERİK REÇ' | 3900.00 TL | SKU: DARKSS.1K-1099
2026-09-25 07:33:14 [INFO] [3587] 'MANTOLAMA DÜBELİ 11.5-CM FAWORİ (600-AD)' | 3.00 TL | SKU: FAWORİ.007
2026-09-25 07:33:18 [INFO] [1628] 'LİKİT MEMBRAN ELASTO DRYROOF BEYAZ 20KG' | 2500.00 TL | SKU: BTM.0306
2026-09-25 07:33:22 [INFO] [10764] 'MATKAP UÇLU VİDA YSB 3.9x16 (2500 AD.)' | 1075.00 TL | SKU: STD.900030700
2026-09-25 07:33:26 [INFO] [1477] 'MEMBRAN 2 MM C 200 (15M2) (48)' | 1000.00 TL | SKU: BİKAMAX.C200
2026-09-25 07:33:30 [INFO] [1626] 'LİKİT MEMBRAN BTR 200 17KG' | 1600.00 TL | SKU: BTM.0304
2026-09-25 07:33:33 [INFO] [11041] 'MEMBRAN 3 MM UKS WİNROOF COLD -20 EP3000' | 1600.00 TL | SKU: WİNROOF.UKS113
2026-09-25 07:33:36 [INFO] [15408] 'MANTOLAMA DÜBELİ EURO PVC ÇİVİLİ 11.5 CM' | 3.25 TL | SKU: DARKSS.MDÇ.11.6
2026-09-25 07:33:40 [INFO] [1534] 'MEMBRAN 3MM POLİBİT P 3000 (-5) 10 M2' | 1850.00 TL | SKU: BTM.0001
2026-09-25 07:33:48 [INFO] [14351] 'MEMBRAN 3 MM FLEX PP 300 (10M2)' | 1200.00 TL | SKU: BİKAMAX.PP300
2026-09-25 07:34:06 [WARNING] [https://yapimaks.com/matkap-uclu-vida-rysb-3-9x19-1500-ad-p9120] Ag hatasi (deneme 1/3): 
2026-09-25 07:34:10 [WARNING] [https://yapimaks.com/agt-supurgelik-6cm-yeni-beyaz-mat-bute-spr-5030-p493] Ag hatasi (deneme 1/3): 
2026-09-25 07:34:13 [WARNING] [https://yapimaks.com/membran-4mm-winroof-wp4000-10c-10m2-30-p9888] Ag hatasi (deneme 1/3): 
2026-09-25 07:34:16 [WARNING] [https://yapimaks.com/membran-3mm-winroof-wp3000-10c-10m2-42-p9886] Ag hatasi (deneme 1/3): 
2026-09-25 07:34:19 [WARNING] [https://yapimaks.com/membran-4mm-uks-bauflex-10-c-10m2-1-plt-30-p13570] Ag hatasi (deneme 1/3): 
2026-09-25 07:34:22 [WARNING] [https://yapimaks.com/20-40-1-4mm-kutu-profil-antipasli-p15776] Ag hatasi (deneme 1/3): 
2026-09-25 07:34:25 [WARNING] [https://yapimaks.com/membran-3-mm-silvertech-p3000-10c-10m2-uks-p12843] Ag hatasi (deneme 1/3): 
2026-09-25 07:34:29 [WARNING] [https://yapimaks.com/mastik-pu-dayson-280ml-gri-p12478] Ag hatasi (deneme 1/3): 
2026-09-25 07:34:32 [WARNING] [https://yapimaks.com/matkap-uclu-vida-rysb-3-9x19-1500-ad-p9120] Ag hatasi (deneme 2/3): 
2026-09-25 07:34:35 [WARNING] [https://yapimaks.com/agt-supurgelik-6cm-yeni-beyaz-mat-bute-spr-5030-p493] Ag hatasi (deneme 2/3): 
2026-09-25 07:34:37 [INFO] [9888] 'MEMBRAN 4MM WİNROOF WP4000 -10C (10M2) (' | 1500.00 TL | SKU: WİNROOF.UKS102
2026-09-25 07:34:37 [INFO] [9886] 'MEMBRAN 3MM WİNROOF WP3000 -10C (10M2) (' | 1100.00 TL | SKU: WİNROOF.UKS101
2026-09-25 07:34:37 [INFO] [13570] 'MEMBRAN 4MM UKS BAUFLEX -10 C (10M2) 1 P' | 1500.00 TL | SKU: WİNROOF.UKS108
2026-09-25 07:34:37 [INFO] [15776] '20*40*1.4MM KUTU PROFİL(ANTİPASLI)' | 400.72 TL | SKU: DEM.PRF.401
2026-09-25 07:34:37 [INFO] [12843] 'MEMBRAN 3 MM SİLVERTECH P3000 10C (10M2)' | 900.00 TL | SKU: WİNROOF.UKS099
2026-09-25 07:34:37 [INFO] [12478] 'MASTİK PU DAYSON-280ML(GRİ)' | 250.00 TL | SKU: DAYSON.D10003
2026-09-25 07:34:37 [INFO] [3516] 'MİL MENTEŞE 22 LİK BİLYALI' | 145.00 TL | SKU: FALO.22BM
2026-09-25 07:34:42 [INFO] [6262] 'METAL KESİCİ 180x3 MM 38006 - NİKON' | 55.00 TL | SKU: NIKON.38006
2026-09-25 07:34:48 [INFO] [5408] 'OSB 2 122X244 CM 15 MM KRONOSPAN (56)' | 969.00 TL | SKU: KRONOSPAN.03
2026-09-25 07:34:49 [INFO] [7312] 'PANEL ÇİT 075CM YEŞİL (2500*5*15) 4-MM' | 445.00 TL | SKU: PANELÇİT.0002
2026-09-25 07:34:50 [INFO] [9120] 'MATKAP UÇLU VİDA RYSB 3.9x19 (1500 AD.)' | 775.00 TL | SKU: STD.900160701
2026-09-25 07:34:53 [INFO] [493] 'AGT SÜPÜRGELİK 6cm YENİ BEYAZ MAT BUTE S' | 140.00 TL | SKU: AGT.120029990
2026-09-25 07:34:56 [INFO] [6217] 'NAYLON BALONLU 100cm x 50MT (25GR)' | 425.00 TL | SKU: NAYLON.001
2026-09-25 07:35:00 [INFO] [4617] 'PVC LAMBİRİ AKÇAAĞAÇ FUGALI 20CM 6MT (AD' | 300.00 TL | SKU: DARKSS.PL04
2026-09-25 07:35:03 [INFO] [4620] 'PVC LAMBİRİ AKSESUAR KÖŞEBENT AKÇAAĞAÇ 3' | 150.00 TL | SKU: DARKSS.PL.L02
2026-09-25 07:35:06 [INFO] [4618] 'PVC LAMBİRİ AKSESUAR SÜSLÜ KÖŞE AKÇAAĞAÇ' | 125.00 TL | SKU: DARKSS.PL.SK02
2026-09-25 07:35:09 [INFO] [7919] 'REXON GAZ ALTI KAYNAK SPREY (SİLİKONSUZ)' | 150.00 TL | SKU: REX.4015
2026-09-25 07:35:12 [INFO] [7329] 'PANEL ÇİT KLİPS YEŞİL PVC 1 AD' | 10.00 TL | SKU: PANELÇİT.0027
2026-09-25 07:35:16 [INFO] [13373] 'METAL KESİCİ İNOX 230X1.9X22 KARBOSAN' | 119.00 TL | SKU: KARBOSAN.06425
2026-09-25 07:35:19 [INFO] [1569] 'SHINGLE DRAGON KAHVE (3-M2)' | 1150.00 TL | SKU: BTM.0119
2026-09-25 07:35:22 [INFO] [7526] 'POLİKARBON 10MM ŞEFFAF 210*6000 (12,6M2)' | 4150.00 TL | SKU: POL.KRB.LV10.01
2026-09-25 07:35:25 [INFO] [1554] 'SHINGLE GALAKSİ KLASİK  KIRMIZI (2,52)' | 1100.00 TL | SKU: BTM.0104
2026-09-25 07:35:27 [INFO] [1568] 'SHINGLE DRAGON HARDAL (3 M2)' | 1150.00 TL | SKU: BTM.0118
2026-09-25 07:35:30 [INFO] [7086] 'OPTİMİX DEKORATİF KAPLAMA İNCE DOKU 25 K' | 325.00 TL | SKU: OPTİMİX.05
2026-09-25 07:35:32 [INFO] [3517] 'MİL MENTEŞE 26 LIK BİLYALI' | 200.00 TL | SKU: FALO.26BM
2026-09-25 07:35:35 [INFO] [12586] 'SHINGLE DRAGON BAKIR KAHVE (3-M2)' | 1150.00 TL | SKU: BTM.0404
2026-09-25 07:35:37 [INFO] [1570] 'SHINGLE DRAGON KUM GRİ (3-M2)' | 1150.00 TL | SKU: BTM.0120
2026-09-25 07:35:40 [INFO] [2173] 'SİYAH BORU 42.4 / 2.0 mm (6Mt)' | 558.67 TL | SKU: DEM.BORU.123
2026-09-25 07:35:43 [INFO] [1556] 'SHINGLE GALAKSİ KLASİK  GRİ (2,52)' | 1100.00 TL | SKU: BTM.0106
2026-09-25 07:35:45 [INFO] [2170] 'SİYAH BORU 48.3 / 2.0 mm (6Mt)' | 631.07 TL | SKU: DEM.BORU.084
2026-09-25 07:35:48 [INFO] [2174] 'SİYAH BORU 42.4 / 3.0 mm (6Mt)' | 755.08 TL | SKU: DEM.BORU.124
2026-09-25 07:35:50 [INFO] [11978] 'SİYAH BORU 48.3 / 3.00 mm (6Mt)' | 862.11 TL | SKU: DEM.BORU.243
2026-09-25 07:35:53 [INFO] [2168] 'SİYAH BORU 51.0 / 2.5 mm (6Mt)' | 796.45 TL | SKU: DEM.BORU.066
2026-09-25 07:35:55 [INFO] [11979] 'SİYAH BORU 60.3 / 3.00 mm (6Mt)' | 1091.39 TL | SKU: DEM.BORU.244
2026-09-25 07:35:58 [INFO] [1553] 'SHINGLE GALAKSİ MODERN  GRİ (2,52)' | 900.00 TL | SKU: BTM.0103
2026-09-25 07:36:00 [INFO] [2165] 'SİYAH BORU 76.1 / 3.0 mm (6Mt)' | 1406.48 TL | SKU: DEM.BORU.063
2026-09-25 07:36:03 [INFO] [2166] 'SİYAH BORU 76.1 / 4.0 mm (6Mt)' | 1857.22 TL | SKU: DEM.BORU.064
2026-09-25 07:36:06 [INFO] [2167] 'SİYAH BORU 88.9 / 3.0 mm (6Mt)' | 1658.12 TL | SKU: DEM.BORU.065
2026-09-25 07:36:08 [INFO] [13568] 'SHINGLE PETEK GRİ (PKT=2.61M2)' | 990.00 TL | SKU: WİNROOF.UKS202
2026-09-25 07:36:11 [INFO] [7318] 'PANEL ÇİT DİREK 075CM YEŞİL (50*50*1,50)' | 175.00 TL | SKU: PANELÇİT.0008
2026-09-25 07:36:14 [INFO] [10025] 'SPREY BOYA KIRMIZI 400ML WALTER' | 135.00 TL | SKU: WALTER.001
2026-09-25 07:36:16 [INFO] [1983] 'TAMİR HARCI QF 666 İNCE 25 KG' | 350.00 TL | SKU: DARKSS.YK.QF666İ
2026-09-25 07:36:18 [INFO] [1720] 'TAŞYÜNÜ LEVHA CAPATECT SW035-05CM (3,60M' | 1500.00 TL | SKU: CAPATECT.016
2026-09-25 07:36:21 [INFO] [9116] 'TRP.VİDA 5,5*105-5MM 1 AD' | 4.50 TL | SKU: STD.900147700
2026-09-25 07:36:23 [INFO] [9862] 'TUĞLA 8,5x19*19 (1 PLT-546 AD.)' | 8.75 TL | SKU: TUGLA.0001
2026-09-25 07:36:26 [INFO] [1551] 'SHINGLE GALAKSİ MODERN  KIRMIZI (2,52)' | 900.00 TL | SKU: BTM.0100
2026-09-25 07:36:28 [INFO] [5407] 'OSB 2 122X244 CM 11 MM KRONOSPAN (76)' | 699.00 TL | SKU: KRONOSPAN.01
2026-09-25 07:36:30 [INFO] [13676] 'SMD PANEL LED BEYAZ 6W SLİM 6400K BEYAZ ' | 105.00 TL | SKU: HOROZ.056-003-0006
2026-09-25 07:36:32 [INFO] [13320] 'AYAK KOLTUK DESTEK KAHVE 14 CM' | 82.00 TL | SKU: NOBEL.12801435
2026-09-25 07:36:34 [INFO] [9099] 'SUNTA VİDASI 4x35 STD (500)' | 325.00 TL | SKU: STD.900052700
2026-09-25 07:36:36 [INFO] [4780] '20 MANŞON PPRC KALDE' | 3.00 TL | SKU: KALDE.3212MUF200000
2026-09-25 07:36:38 [INFO] [4789] '20 TE PPRC KALDE' | 5.00 TL | SKU: KALDE.3212TEO200000
2026-09-25 07:36:40 [INFO] [520] 'AGT PARKE LUNA VEGAS (2,292m2)' | 1042.00 TL | SKU: AGT.120050191
2026-09-25 07:36:42 [INFO] [11372] 'AGT SÜPÜRGELİK 6cm FREZYA SPR-5030' | 100.00 TL | SKU: AGT.120030084
2026-09-25 07:36:44 [INFO] [13708] 'AGT SÜPÜRGELİK 8cm ANEMON 5000E' | 140.00 TL | SKU: AGT.120037705
2026-09-25 07:36:46 [INFO] [4874] '100/3000 PİS SU BORU KALDE' | 511.00 TL | SKU: KALDE.5203TBE0M3000
2026-09-25 07:36:49 [INFO] [6789] 'AYAK TOWER MATKROM 5 CM' | 30.00 TL | SKU: NOBEL.7145537
2026-09-25 07:36:51 [INFO] [502] 'AGT SÜPÜRGELİK 8cm TİBET FİNİSH SPR-5000' | 140.00 TL | SKU: AGT.120030299
2026-09-25 07:36:53 [INFO] [4873] '100/1000 PİS SU BORU KALDE' | 181.00 TL | SKU: KALDE.5203TBE0M1000
2026-09-25 07:36:55 [INFO] [1597] 'BİTÜSELF STAR 15 CM KIRMIZI' | 550.00 TL | SKU: BTM.BSK-15
2026-09-25 07:36:57 [INFO] [3070] 'DOĞALGAZ CAM MENFEZİ 180 MM ŞEFFAF' | 50.00 TL | SKU: ELTOS.EM382
2026-09-25 07:36:59 [INFO] [14910] 'ELDİVEN NİTRİL MİCRO 3/4 NO:8 BEYBİ' | 95.00 TL | SKU: BEYBİ.İ04NMF134-8
2026-09-25 07:37:01 [INFO] [6047] 'BANYO KAZANI ÜST MERTSAN' | 7150.00 TL | SKU: MERTSAN.001
2026-09-25 07:37:03 [INFO] [15075] 'MAKET BIÇAĞI METAL MAK117' | 120.00 TL | SKU: ORIENT.MAK117
2026-09-25 07:37:05 [INFO] [13562] 'MASTİK PU 280 ML PU-45 SiYAH' | 185.00 TL | SKU: SELENA.180
2026-09-25 07:37:07 [INFO] [8276] 'PARKE BİTİM 10 MM Z EŞİK PROFİL 2.70 MT.' | 300.00 TL | SKU: SAY.371.10.MK
2026-09-25 07:37:09 [INFO] [15806] 'SUNTA VİDASI 3,5x45 MERİDYEN (500)' | 240.00 TL | SKU: MERİDYEN.VSUN3545
2026-09-25 07:37:11 [INFO] [784] 'ASMA TAVAN METAL CLİP-İN 60*60 BORDURLÜ ' | 225.00 TL | SKU: ASMAT.026
2026-09-25 07:37:13 [INFO] [14960] 'ONDULİN ÇİVİSİ METAL BAŞLI GLV BEYAZ 8 C' | 185.00 TL | SKU: NALBUR.008.04
2026-09-25 07:37:15 [INFO] [13950] 'HOFMANN HGN-C 25 MM GRİ ÇİVİ (SİYAH PLS ' | 1150.00 TL | SKU: HOFMANN.HGNC25
2026-09-25 07:37:17 [INFO] [2169] 'SİYAH BORU 76.1 / 2.50 mm (6Mt)' | 1181.14 TL | SKU: DEM.BORU.067
2026-09-25 07:37:19 [INFO] [4772] '20/90 DİRSEK KAPALI PPRC KALDE' | 3.00 TL | SKU: KALDE.3212ELB200000
2026-09-25 07:37:20 [INFO] [9084] 'SUNTA VİDASI 5x40 STD(200)' | 150.00 TL | SKU: STD.900015700
2026-09-25 07:37:20 [INFO] ... ilerleme 400/480 (tazelenen 390, basarisiz 10, korunan 10, atlanan 0)
2026-09-25 07:37:22 [INFO] [4877] '125/2000 PİS SU BORU KALDE' | 423.00 TL | SKU: KALDE.5203TBE0N2000
2026-09-25 07:37:24 [INFO] [4769] '20 C KAVİS PPRC KALDE' | 14.00 TL | SKU: KALDE.3202TWC200001
2026-09-25 07:37:25 [INFO] [1594] 'BİTÜSELF STAR 10 CM KIRMIZI' | 450.00 TL | SKU: BTM.BSK-10
2026-09-25 07:37:27 [INFO] [14238] 'PARKE GEÇİŞ Z PROFİLİ 8 MM MAT KROM ALÜM' | 300.00 TL | SKU: SAY.371.08.MKR.2
2026-09-25 07:37:29 [INFO] [13503] 'SU TERAZİLİ ALÜMİNYUM GÖNYE 15 CM BTS-03' | 200.00 TL | SKU: BTS.03021
2026-09-25 07:37:30 [INFO] [4919] '125/100 ÇATAL PİS SU PVC KALDE' | 184.00 TL | SKU: KALDE.5213SBR0N0M45
2026-09-25 07:37:32 [INFO] [5000] 'METAL TAŞLAMA 115x6.4x22' | 65.00 TL | SKU: KARBOSAN.910550
2026-09-25 07:37:34 [INFO] [9282] 'TEFLON BANT 12MMX7 MT 0.20 GR' | 17.50 TL | SKU: ORIENT.BNT10
2026-09-25 07:37:35 [INFO] [15090] 'SPREY BOYA GRİ (RAL7015) 400ML SELENA' | 129.00 TL | SKU: SELENA.10052494
2026-09-25 07:37:37 [INFO] [13996] 'ÇELİK KAPI SİLİNDİR SETİ BARELLİ 68 MM Y' | 700.00 TL | SKU: YUMA.YMK-B68HBG
2026-09-25 07:37:39 [INFO] [15439] 'MASKELEME BANDI 48MM x 25 MT RTRMAX 1 AD' | 45.00 TL | SKU: RTRMAX.RNM4825
2026-09-25 07:37:40 [INFO] [4888] '100 KELEPÇE PİS SU PVC KALDE' | 31.00 TL | SKU: KALDE.5213BCC0M0000
2026-09-25 07:37:42 [INFO] [9492] 'ARAPUAR EKSTRA BEYAZ' | 65.00 TL | SKU: TEK-İŞ.527711
2026-09-25 07:37:43 [INFO] [1479] 'ARDUAZLI SHINGLE RULO GRİ YONCA (10M2)' | 1390.00 TL | SKU: BİKAMAX.FLEX02
2026-09-25 07:37:45 [INFO] [7404] 'BAHÇE LAMBASI PT-B028S SOLAR GLOBE' | 75.00 TL | SKU: PANTHER PT-B028S
2026-09-25 07:37:47 [INFO] [14613] 'FREN BALATA TEMİZLEYİCİ F1 500ML 404' | 135.00 TL | SKU: 404.A06063
2026-09-25 07:37:48 [INFO] [5304] 'KALEM MARANGOZ SİYAH ELTOS' | 30.00 TL | SKU: ELTOS.EMK004
2026-09-25 07:37:50 [INFO] [9983] 'GÖMME REZERVUAR HORTUMU 3/8 1/2' | 185.00 TL | SKU: VİSAM.460.004
2026-09-25 07:37:52 [INFO] [2076] 'MASTİK PU DAYSON-280ML(SİYAH)' | 250.00 TL | SKU: DAYSON.630708
2026-09-25 07:37:53 [INFO] [4900] '100/90 PİS SU PVC DİRSEK KALDE' | 74.00 TL | SKU: KALDE.5213ELB0M0090
2026-09-25 07:37:55 [INFO] [11371] 'AGT SÜPÜRGELİK 6cm LİLYUM SPR-5030' | 100.00 TL | SKU: AGT.120030080
2026-09-25 07:37:57 [INFO] [13869] 'SPREY BOYA PARLAK SİYAH 400ML SELSİL' | 149.00 TL | SKU: SELSİL.429
2026-09-25 07:37:58 [INFO] [2727] 'SÜZGEÇ TELİ 100CM 16X18 (50) 1 M' | 100.00 TL | SKU: EBAX.016
2026-09-25 07:38:00 [INFO] [15348] 'STREÇ 17 MİCRON 50X150 MT (1400 GR)' | 250.00 TL | SKU: ELİTT.17MC50X150
2026-09-25 07:38:01 [INFO] [6505] 'RAF PİMİ BEYAZ ÇİVİLİ Q 11 MM (100 ADET)' | 46.00 TL | SKU: NOBEL.333081132.100
2026-09-25 07:38:02 [INFO] [2164] 'SİYAH BORU 48.3 / 2.5 mm (6Mt)' | 728.73 TL | SKU: DEM.BORU.062
2026-09-25 07:38:06 [INFO] [695] 'KAPLİN TE GEÇME 25/25/25 A8151' | 101.00 TL | SKU: ARANGÜL.A8151
2026-09-25 07:38:10 [INFO] [13885] 'PAS SÖKÜCÜ YAĞLAYICI 400 ML SELSİL' | 130.00 TL | SKU: SELSİL.058
2026-09-25 07:38:11 [INFO] [14433] 'KAPI KOLU KUMRUCAN AYNALI ODA İNOX ALBRİ' | 165.00 TL | SKU: NOBEL.2500155
2026-09-25 07:38:11 [INFO] [15796] 'MANYETİK SOMUN ADAPTÖRÜ 8x45' | 90.00 TL | SKU: FİVESTAR.BSA0845
2026-09-25 07:38:11 [INFO] [15430] 'METAL KESİCİ İNOX 180x1.6x22 RTRMAX' | 45.00 TL | SKU: RTRMAX.RDM18016
2026-09-25 07:38:11 [INFO] [8309] 'LED PROFİLİ SİMGE 10 MM BİTİM PROFİLİ 2.' | 325.00 TL | SKU: SAY.808.10.MK
2026-09-25 07:38:11 [INFO] [9317] 'SUNTA VİDASI MUHTELİF' | 425.00 TL | SKU: STD.SUNTA
2026-09-25 07:38:13 [INFO] [9374] 'SÜZGEÇ 15X15 METAL KAPAK YANDAN 50MM' | 139.00 TL | SKU: SÜZGEÇ.158542Y201515
2026-09-25 07:38:14 [INFO] [2383] '40*40*2.0MM KUTU PROFİL(ANTİPASLI)' | 663.28 TL | SKU: DEM.PRF.235
2026-09-25 07:38:15 [INFO] [7693] '0.50*86*3000 TRAPEZ (BORDO)' | 705.00 TL | SKU: RALL.3009.050.3000
2026-09-25 07:38:16 [INFO] [3788] 'KANGAL BORU 25 MM 10 ATÜ AÇIK MAVİ 1M (1' | 55.00 TL | SKU: FIRAT.7501100025N
2026-09-25 07:38:18 [INFO] [5910] 'ÇELİK DÜBEL GÖMLEKLİ 10x85 MM 1 AD' | 10.00 TL | SKU: STD.911771800
2026-09-25 07:38:19 [INFO] [1872] 'COREX FALCON ALÇIPAN YEŞİL 120*250 (3M2)' | 385.00 TL | SKU: DALSAN.202
2026-09-25 07:38:20 [INFO] [13511] 'BAHÇE TELİ  GLV 200CM*20MT*2.2M*5,5*5,5 ' | 4000.00 TL | SKU: BAHÇE.TEL.009
2026-09-25 07:38:22 [INFO] [3229] 'DERZ BANDI 50mm x 90m' | 99.00 TL | SKU: DARKSS.DB5090
2026-09-25 07:38:23 [INFO] [2431] 'SİYAH BORU 114.3 / 3.0 mm (6Mt)' | 2157.03 TL | SKU: DEM.BORU.193
2026-09-25 07:38:24 [INFO] [1927] 'DERZTEK ALÇI LEVHA DERZ DOLGU ALÇI (25 K' | 220.00 TL | SKU: DALSAN.107
2026-09-25 07:38:26 [INFO] [1478] 'ARDUAZLI SHINGLE RULO KIRMIZI YONCA (10M' | 1390.00 TL | SKU: BİKAMAX.FLEX01
2026-09-25 07:38:27 [INFO] [5896] 'MANYETİK SOMUN ADAPTÖRÜ 8x45 MM' | 28.00 TL | SKU: WONDER.STW01272
2026-09-25 07:38:28 [INFO] [772] 'ASMA TAVAN KAROPAN BEYAZ DÜZ 60*60*8MM 1' | 62.50 TL | SKU: ASMAT.002
2026-09-25 07:38:30 [INFO] [1963] 'DEKORATİF KAPLAMA İNCE DOKU QF-555 25 KG' | 250.00 TL | SKU: DARKSS.YK.QF555İ
2026-09-25 07:38:31 [INFO] [1480] 'ARDUAZLI SHINGLE RULO YEŞİL YONCA (10M2)' | 1390.00 TL | SKU: BİKAMAX.FLEX03
2026-09-25 07:38:32 [INFO] [6145] 'ONDULİN ÇİVİSİ METAL BAŞLI GLV 8 CM (2,5' | 185.00 TL | SKU: NALBUR.008.01
2026-09-25 07:38:33 [INFO] [1482] 'MEMBRAN 3 MM P 300 (10M2) (48)' | 1000.00 TL | SKU: BİKAMAX.P300
2026-09-25 07:38:35 [INFO] [7427] 'NORM TİPİ 40MM (600 AD)' | 2.00 TL | SKU: PASPAYI.03040
2026-09-25 07:38:36 [INFO] [1943] 'ALÇ.VİDA BOARDEX SİVRİ BB30 (1000AD)' | 1250.00 TL | SKU: DALSAN.308
2026-09-25 07:38:37 [INFO] [7052] 'ONDULİN OLUKLU LEVHA YEŞİL 2-MT' | 575.00 TL | SKU: ONDULİN. 002
2026-09-25 07:38:38 [INFO] [4665] 'SHINGLE ÇİVİSİ 30MM' | 135.00 TL | SKU: İNŞ.ÇİV.03.30
2026-09-25 07:38:40 [INFO] [1972] 'DERZ DOLGU BEYAZ (SİLİKONLU) QF 333 20 K' | 375.00 TL | SKU: DARKSS.YK.QF333B
2026-09-25 07:38:41 [INFO] [6260] 'METAL KESİCİ 115x2.5 MM 38002 - NİKON' | 27.50 TL | SKU: NIKON.38002
2026-09-25 07:38:42 [INFO] [8490] 'SIVI ÇİVİ YAPIŞTIRICI 390GR ŞEFFAF' | 220.00 TL | SKU: SELENA.10040913
2026-09-25 07:38:43 [INFO] [9093] 'TRP.VİDA 5,5*25-5MM 1 AD' | 1.75 TL | SKU: STD.900037700
2026-09-25 07:38:45 [INFO] [4899] '100/45 PİS SU PVC DİRSEK KALDE' | 62.00 TL | SKU: KALDE.5213ELB0M0045
2026-09-25 07:38:46 [INFO] [15763] 'KORNİŞ MONTAJ YAPIŞTIRICI BEYAZ 290 ML U' | 209.00 TL | SKU: SELSİL.3753
2026-09-25 07:38:47 [INFO] [1933] 'SATEN ALÇISI (1 KG)' | 22.50 TL | SKU: DALSAN.109
2026-09-25 07:38:48 [INFO] [1968] 'SERAMİK YAPIŞTIRICI GRİ QF121 C1T-25 KG.' | 185.00 TL | SKU: DARKSS.YK.QF121G
2026-09-25 07:38:50 [INFO] [1974] 'DERZ DOLGU KOYU GRİ (SİLİKONLU) QF 333 2' | 430.00 TL | SKU: DARKSS.YK.QF333KG
2026-09-25 07:38:51 [INFO] [3558] 'DUY FİŞ E27 GECE LAMBASI RENKLİ (BEYAZ-Y' | 25.00 TL | SKU: FAR.23000031
2026-09-25 07:38:52 [INFO] [13738] 'EL FENERİ IŞILDAK PT-6219 SOLAR+USB ŞARJ' | 425.00 TL | SKU: PANTHER PT-6219
2026-09-25 07:38:53 [WARNING] [3514] 429 Too Many Requests — 67s bekleniyor (deneme 1/3, hiz 0.4/sn)
2026-09-25 07:38:56 [WARNING] [1926] 429 Too Many Requests — 64s bekleniyor (deneme 1/3, hiz 0.2/sn)
2026-09-25 07:39:01 [WARNING] [1859] 429 Too Many Requests — 59s bekleniyor (deneme 1/3, hiz 0.2/sn)
2026-09-25 07:39:06 [WARNING] [14752] 429 Too Many Requests — 54s bekleniyor (deneme 1/3, hiz 0.2/sn)
2026-09-25 07:39:11 [WARNING] [12072] 429 Too Many Requests — 49s bekleniyor (deneme 1/3, hiz 0.2/sn)
2026-09-25 07:39:16 [WARNING] [9384] 429 Too Many Requests — 44s bekleniyor (deneme 1/3, hiz 0.2/sn)
2026-09-25 07:39:21 [WARNING] [8497] 429 Too Many Requests — 39s bekleniyor (deneme 1/3, hiz 0.2/sn)
2026-09-25 07:39:26 [WARNING] [14324] 429 Too Many Requests — 34s bekleniyor (deneme 1/3, hiz 0.2/sn)
2026-09-25 07:40:01 [INFO] [14324] 'ELDİVEN SARI BEYAZ PN2 NO:9' | 39.00 TL | SKU: BEYBİ.İ0401752
2026-09-25 07:40:01 [INFO] [14752] 'ELDİVEN PU KAPLI SLİM NO:10 BEYBİ' | 40.00 TL | SKU: BEYBİ.İ040217
2026-09-25 07:40:01 [INFO] [12072] 'DRENAJ LEVHASI 200*2000(40 M2)(320 gr/m2' | 1000.00 TL | SKU: DARKSS.DR320
2026-09-25 07:40:05 [INFO] [1926] 'SATENTEK ALÇI-25 KG.' | 185.00 TL | SKU: DALSAN.104
2026-09-25 07:40:10 [INFO] [6808] 'KAĞITLIK AÇIK WC KROM ECO FIESTA 721318' | 71.00 TL | SKU: NOBEL.721318
2026-09-25 07:40:15 [INFO] [13123] 'KARIŞTIRICI SDS PLUS 60x400' | 140.00 TL | SKU: TROY.27905
2026-09-25 07:40:20 [INFO] [1859] 'SIVATEK SIVA ALÇISI 35 KG' | 200.00 TL | SKU: DALSAN.103
2026-09-25 07:40:25 [INFO] [8497] 'PU KÖPÜK TYTAN 750 ML(TABANCALI) (1KT-12' | 209.00 TL | SKU: SELENA.10049279
2026-09-25 07:40:30 [INFO] [5322] 'İKAZ BANDI EMNİYET 250 MT' | 199.00 TL | SKU: ARY.6CM250M
2026-09-25 07:40:35 [INFO] [15077] 'MAKET BIÇAĞI YEDEĞİ 10 LU GENİŞ 18MM ORI' | 60.00 TL | SKU: ORIENT.MAKB2T
2026-09-25 07:40:40 [INFO] [9000] 'HORTUM ADAPTÖRÜ STOPLU 1/2 SPRİNG GARDEN' | 15.00 TL | SKU: SPR.14
2026-09-25 07:40:45 [INFO] [2032] 'PRİMAST 200 ASTAR SERAMİK ÜSTÜ 3 KG' | 275.00 TL | SKU: DARKSS.B.P200.03
2026-09-25 07:40:50 [INFO] [9318] 'MATKAP UÇLU YHB/YSB/RYSB  KG' | 600.00 TL | SKU: STD.YHB
2026-09-25 07:40:55 [INFO] [9384] 'ŞİLTE PARKE ALTI 1 M2 (50)' | 8.50 TL | SKU: ŞİLTE.002
2026-09-25 07:41:00 [INFO] [3514] 'MİL MENTEŞE 20 LİK BİLYALI' | 72.50 TL | SKU: FALO.20BM
2026-09-25 07:41:00 [INFO] State yaziliyor: 8607 url -> /home/runner/work/inflationstudymirror/inflationstudymirror/InflationItems/Datas/ConstructionSuppliesMarkets/yapimaks/last_seen.json
2026-09-25 07:41:00 [INFO] ==================================================
2026-09-25 07:41:00 [INFO] Tamamlandi [OK]! Tasinan: 7941 | Tazelenen: 470 | Basarisiz: 10 | Korunan eski satir: 10 | Atlanan (sure/limit): 0 | Dusurulen: 186
2026-09-25 07:41:00 [INFO] Dosya: /home/runner/work/inflationstudymirror/inflationstudymirror/InflationItems/Datas/ConstructionSuppliesMarkets/yapimaks/2026-09-25.csv (toplam 8421 urun)
2026-09-25 07:41:00 [INFO] ==================================================
