2026-09-28 08:15:03 [INFO] ==================================================
2026-09-28 08:15:03 [INFO] Yapimaks Scraper basliyor (async)
2026-09-28 08:15:03 [INFO] ==================================================
2026-09-28 08:15:03 [INFO] Parametreler: workers=8, rate=0.8/sn, max_duration=300 dk
2026-09-28 08:15:03 [INFO] Ana sayfa ziyaret ediliyor, cookie aliniyor...
2026-09-28 08:15:04 [INFO] Cookie basariyla alindi.
2026-09-28 08:15:04 [INFO] Sitemap indiriliyor: https://yapimaks.com/sitemap/products1.xml
2026-09-28 08:15:05 [INFO] Sitemap'ten toplam 8350 urun URL'si bulundu.
2026-09-28 08:15:05 [INFO] Dunun dosyasi: 2026-09-25.csv
2026-09-28 08:15:05 [INFO] Dunun dosyasinda 8421 urun var.
2026-09-28 08:15:05 [WARNING] 17 urun 7+ gun sitemap'te gorunmuyor, dosyadan dusuruldu: ['https://yapimaks.com/sarj-kablo-3a-usb-a-type-c-2m-siyah-p14838', 'https://yapimaks.com/sprey-boya-mat-siyah-400ml-walter-p10026', 'https://yapimaks.com/civi-zimba-cakma-tabancasi-8-16mm-elektrikli-rtm4020-p15445', 'https://yapimaks.com/sac-kesme-makasi-sag-245-mm-troy-21100-p13138', 'https://yapimaks.com/hava-kompresoru-mini-12-v-90w-rodex-p14951']...
2026-09-28 08:15:05 [INFO] GUNLUK BUTCE: 817 urun aday — hepsi bu koşuda tazelenir.
2026-09-28 08:15:05 [INFO] Tasinacak (degismeyen) urun: 8404 | Yeniden cekilecek: 817
2026-09-28 08:15:06 [INFO] [1986] 'DARKSS QF-5050 WP205 TOZ A 20KG (6 10 KG' | 375.00 TL | SKU: DARKSS.YK.QF.5050.A
2026-09-28 08:15:06 [INFO] [12102] 'DARKSS QF-5050 TAM ELASTİK SÜT B WP205 1' | 1600.00 TL | SKU: DARKSS.YK.QF.5050.B.10KG
2026-09-28 08:15:06 [INFO] [9135] 'BETOFAST 6.3*50 1 AD' | 2.50 TL | SKU: STD.900240700
2026-09-28 08:15:07 [INFO] [4437] 'HORTUM LAVABO SPİRAL ŞEFFAF 1P' | 37.50 TL | SKU: GÜNEŞ.0017.1
2026-09-28 08:15:08 [INFO] [938] 'RULO ZIMPARA 40 KUM 50m x 200mm - ATLAS-' | 355.00 TL | SKU: ATLAS.147.04138
2026-09-28 08:15:09 [INFO] [939] 'RULO ZIMPARA 60 KUM 50m x 200mm - ATLAS ' | 325.00 TL | SKU: ATLAS.147.04140
2026-09-28 08:15:11 [INFO] [1987] 'DARKSS QF-5050 YARI ELASTİK SÜT B WP205 ' | 750.00 TL | SKU: DARKSS.YK.QF.5050.B.6KG
2026-09-28 08:15:12 [INFO] [925] 'ZIMPARA RULO SÜNGER GREEN/GOLD 150 KUM A' | 75.00 TL | SKU: ATLAS.006.002.120
2026-09-28 08:15:13 [INFO] [927] 'ZIMPARA RULO SÜNGER GREEN/GOLD 220 KUM A' | 75.00 TL | SKU: ATLAS.006.002.122
2026-09-28 08:15:14 [INFO] [6420] 'HORTUM KELEPÇESİ 8.5 MM 8X13' | 9.00 TL | SKU: P02001
2026-09-28 08:15:15 [INFO] [924] 'ZIMPARA RULO SÜNGER GREEN/GOLD P-100 KUM' | 80.00 TL | SKU: ATLAS.006.78072754639
2026-09-28 08:15:17 [INFO] [923] 'ZIMPARA RULO SÜNGER GREEN/GOLD 80 KUM AT' | 75.00 TL | SKU: ATLAS.006.002.080
2026-09-28 08:15:18 [WARNING] [https://yapimaks.com/ray-spot-40w-4000k-9005-siyah-kasa-masialux-p13935] Urun parse hatasi (deneme 1/3): API yanitinda fiyat bulunamadi
2026-09-28 08:15:19 [INFO] [6672] 'ÇOCUK KİLİDİ KAPAK IDEAL BABY' | 79.00 TL | SKU: IDEALBABY.IDE03
2026-09-28 08:15:20 [INFO] [3927] 'TU 050 MM PLATİN 23X28X23 (24-AD)' | 65.00 TL | SKU: FOUR.045.TU-28.23.3000
2026-09-28 08:15:22 [INFO] [926] 'ZIMPARA RULO SÜNGER GREEN/GOLD P-180 KUM' | 90.00 TL | SKU: ATLAS.006.78072754043
2026-09-28 08:15:23 [INFO] [6640] 'ZIMPARA RULO SÜNGER 220 KUM NOBEL 1 M' | 92.00 TL | SKU: NOBEL.3740122025
2026-09-28 08:15:24 [INFO] [15937] 'HORTUM LAVABO SPİRAL ŞEFFAF 1 1/4 P' | 50.00 TL | SKU: GÜNEŞ.0017.2
2026-09-28 08:15:25 [INFO] [4256] '0.30*GLV RULO SAC 100CM' | 75.00 TL | SKU: GLV.SAC.030.1000.0
2026-09-28 08:15:27 [INFO] [1355] 'MASTERTİLE WP 667 SET A+B  20+5 KG' | 1500.00 TL | SKU: BASF.0059
2026-09-28 08:15:28 [INFO] [4260] '0.40*86*200 TRAPEZ' | 400.00 TL | SKU: GLV.SAC.040.2000
2026-09-28 08:15:29 [WARNING] [https://yapimaks.com/ray-spot-40w-4000k-9005-siyah-kasa-masialux-p13935] Urun parse hatasi (deneme 2/3): API yanitinda fiyat bulunamadi
2026-09-28 08:15:31 [INFO] [7728] '0.50*105*2500 TRAPEZ (BEYAZ)' | 687.50 TL | SKU: RALL.9002.050.2500
2026-09-28 08:15:32 [INFO] [13723] '0.40*86*4000 TRAPEZ (BORDO)' | 900.00 TL | SKU: RALL.3009.040.4000
2026-09-28 08:15:33 [INFO] [14763] '0.50*15*200 L KÖŞE AKSESUAR ANTRASİT' | 155.00 TL | SKU: RALL.7016.050.AKS.03
2026-09-28 08:15:34 [INFO] [13405] '0.50*86*250 TRAPEZ' | 562.50 TL | SKU: GLV.SAC.050.2500
2026-09-28 08:15:36 [INFO] [4276] '0.50*86*30*30 TRAPEZ MAHYA GLV.' | 215.00 TL | SKU: GLV.SAC.050.MHY
2026-09-28 08:15:37 [INFO] [6417] 'HORTUM KELEPÇESİ 8,5 MM 13X19' | 10.00 TL | SKU: P02003
2026-09-28 08:15:38 [INFO] [4269] '0.50*86*450 TRAPEZ' | 1012.50 TL | SKU: GLV.SAC.050.4500
2026-09-28 08:15:39 [INFO] [15009] '0.40*86*3500 TRAPEZ (BORDO)' | 787.50 TL | SKU: RALL.3009.040.3500
2026-09-28 08:15:41 [INFO] [6418] 'HORTUM KELEPÇESİ 8,5 MM 16X23' | 10.00 TL | SKU: P02004
2026-09-28 08:15:42 [INFO] [4271] '0.50*86*550 TRAPEZ' | 1237.50 TL | SKU: GLV.SAC.050.5500
2026-09-28 08:15:43 [INFO] [7733] '0.50*86*5500 TRAPEZ (BEYAZ)' | 1400.00 TL | SKU: RALL.9002.050.5500
2026-09-28 08:15:44 [WARNING] [https://yapimaks.com/ray-spot-40w-4000k-9005-siyah-kasa-masialux-p13935] Urun parse hatasi (deneme 3/3): API yanitinda fiyat bulunamadi
2026-09-28 08:15:44 [ERROR] [https://yapimaks.com/ray-spot-40w-4000k-9005-siyah-kasa-masialux-p13935] Tum denemeler basarisiz: API yanitinda fiyat bulunamadi
2026-09-28 08:15:44 [WARNING] [https://yapimaks.com/ray-spot-40w-4000k-9005-siyah-kasa-masialux-p13935] Eski satir korundu, yarin tekrar denenir.
2026-09-28 08:15:45 [INFO] [4268] '0.50*86*400 TRAPEZ' | 900.00 TL | SKU: GLV.SAC.050.4000
2026-09-28 08:15:47 [INFO] [940] 'RULO ZIMPARA 80 KUM 50m x 200mm - ATLAS ' | 275.00 TL | SKU: ATLAS.147.04141
2026-09-28 08:15:48 [INFO] [4273] '0.50*86*650 TRAPEZ' | 1462.50 TL | SKU: GLV.SAC.050.6500
2026-09-28 08:15:49 [INFO] [7732] '0.50*86*5000 TRAPEZ (BEYAZ)' | 1275.00 TL | SKU: RALL.9002.050.5000
2026-09-28 08:15:51 [INFO] [7736] '0.50*86*7000 TRAPEZ (BEYAZ)' | 1785.00 TL | SKU: RALL.9002.050.7000
2026-09-28 08:15:52 [INFO] [4270] '0.50*86*500 TRAPEZ' | 1125.00 TL | SKU: GLV.SAC.050.5000
2026-09-28 08:15:53 [INFO] [9124] 'MATKAP UÇLU VİDA YSB 4.8x100 (PKT=150 AD' | 375.00 TL | SKU: STD.900188700
2026-09-28 08:15:54 [INFO] [11182] 'NAYLON SİYAH 0.18 MC 2X2MT' | 115.00 TL | SKU: NAYLON.05
2026-09-28 08:15:56 [INFO] [6416] 'HORTUM KELEPÇESİ 8,5 MM 10X16' | 9.00 TL | SKU: P02002
2026-09-28 08:15:57 [INFO] [7524] 'POLİKARBON 6MM 210*600 BEYAZ (12,6)' | 3200.00 TL | SKU: POL.KRB.LV06.03
2026-09-28 08:15:58 [WARNING] [https://yapimaks.com/insaat-demiri-nervullu-kalin-12-14-16-20-p4683] Urun parse hatasi (deneme 1/3): API yanitinda fiyat bulunamadi
2026-09-28 08:15:59 [INFO] [4272] '0.50*86*600 TRAPEZ' | 1350.00 TL | SKU: GLV.SAC.050.6000
2026-09-28 08:16:01 [INFO] [6219] 'NEM BARİYERİ 90GR BEYAZ 1 M2 (160)' | 17.50 TL | SKU: DARKSS.NB.90
2026-09-28 08:16:02 [WARNING] [https://yapimaks.com/insaat-demiri-nervullu-kalin-12-14-16-20-p4683] Urun parse hatasi (deneme 2/3): API yanitinda fiyat bulunamadi
2026-09-28 08:16:03 [INFO] [7735] '0.50*86*6500 TRAPEZ (BEYAZ)' | 1657.50 TL | SKU: RALL.9002.050.6500
2026-09-28 08:16:04 [INFO] [9865] 'TUĞLA 10x19*19 (427)' | 9.50 TL | SKU: TUGLA.0002
2026-09-28 08:16:06 [INFO] [15564] 'EL FENERİ PT-6893 USB ŞARJLI MİNİ ANAHTA' | 125.00 TL | SKU: PANTHER.PT-6893
2026-09-28 08:16:07 [INFO] [15853] 'EL FENERİ PT-979 USB ŞARJLI' | 230.00 TL | SKU: PANTHER.PT-979
2026-09-28 08:16:08 [INFO] [7700] '0.50*86*6500 TRAPEZ (BORDO)' | 1592.50 TL | SKU: RALL.3009.050.6500
2026-09-28 08:16:09 [INFO] [15897] 'MANTOLAMA DÜBELİ TABANCALI 100 MM (500AD' | 2750.00 TL | SKU: STAR.MDÇ.100M00000001
2026-09-28 08:16:10 [WARNING] [https://yapimaks.com/insaat-demiri-nervullu-kalin-12-14-16-20-p4683] Urun parse hatasi (deneme 3/3): API yanitinda fiyat bulunamadi
2026-09-28 08:16:10 [ERROR] [https://yapimaks.com/insaat-demiri-nervullu-kalin-12-14-16-20-p4683] Tum denemeler basarisiz: API yanitinda fiyat bulunamadi
2026-09-28 08:16:10 [WARNING] [https://yapimaks.com/insaat-demiri-nervullu-kalin-12-14-16-20-p4683] Eski satir korundu, yarin tekrar denenir.
2026-09-28 08:16:12 [INFO] [15884] 'RULO RTRMAX İÇ VE DIŞ CEPHE 20CM' | 140.00 TL | SKU: RTRMAX.RFR420
2026-09-28 08:16:13 [INFO] [3695] 'SENTETİK BOYA SİYAH 0.75 LT PREM. FAWORİ' | 350.00 TL | SKU: FAWORİ.123
2026-09-28 08:16:14 [INFO] [14579] 'TORNAVİDA YILDIZ KIRMIZI 3X100' | 40.00 TL | SKU: PROSCR.02649.3X100
2026-09-28 08:16:15 [INFO] [4914] '100/50 ÇATAL PİS SU PVC KALDE' | 85.00 TL | SKU: KALDE.5213SBR0M0K45
2026-09-28 08:16:17 [INFO] [12648] '100/50 TE PİS SU PVC KALDE' | 84.00 TL | SKU: KALDE.5213SBR0M0K87
2026-09-28 08:16:18 [INFO] [15840] 'APLİK DUVAR LED HAİTİ 10W 3200K GÜNIŞIĞI' | 205.00 TL | SKU: CATA.CT8011G
2026-09-28 08:16:19 [INFO] [4909] '100 LİK CONTA KALDE' | 4.80 TL | SKU: KALDE.5213RUR0M0000
2026-09-28 08:16:20 [INFO] [15821] 'ACİL ÇIKIŞ ARMATÜR EXIT SOL 3 SAAT AKÜLÜ' | 225.00 TL | SKU: CATA.CT9170
2026-09-28 08:16:22 [INFO] [15862] 'METRE ŞERİT 10M X 25MM GRİ AYZ' | 230.00 TL | SKU: AYZ.PR1025A
2026-09-28 08:16:23 [INFO] [11233] '25 3/4 OYNAR BAŞLI DIŞ DİŞLİ REKOR ERKEK' | 182.00 TL | SKU: KALDE.3272TUM250C00
2026-09-28 08:16:24 [INFO] [4804] '20 1/2 İÇ DİŞLİ DİRSEK PPRC KALDE' | 45.00 TL | SKU: KALDE.3222EFO200B00
2026-09-28 08:16:25 [INFO] [14041] 'ELDİVEN YEŞİL CAMCI 1/2 CMC 1737' | 60.00 TL | SKU: CMC.1737
2026-09-28 08:16:27 [INFO] [4767] '25 KOMPOZİT BORU PPRC 4 M KALDE' | 176.40 TL | SKU: KALDE.3202TFR250020
2026-09-28 08:16:28 [INFO] [4845] '32 1 OYNAR BAŞLI DIŞ DİŞLİ KALDE' | 253.00 TL | SKU: KALDE.3272TUM321000
2026-09-28 08:16:29 [INFO] [4842] '32 1 REKOR OYNAR BAŞLI İÇ DİŞLİ KALDE' | 215.00 TL | SKU: KALDE.3272TUF321000
2026-09-28 08:16:30 [INFO] [4924] '100 ES PİS SU PVC KALDE 110X87' | 214.00 TL | SKU: KALDE.5213SPİ0M0087
2026-09-28 08:16:32 [INFO] [4788] '40/25 REDÜKSİYON PPRC KALDE' | 10.00 TL | SKU: KALDE.3212RDF402500
2026-09-28 08:16:33 [INFO] [4880] '50/250 PİS SU BORU KALDE' | 39.00 TL | SKU: KALDE.5203TBEXK0250
2026-09-28 08:16:34 [INFO] [4376] 'AÇ KAPA KAPAK TAKIMI' | 235.00 TL | SKU: GMS.MK118
2026-09-28 08:16:36 [INFO] [9103] 'MATKAP UÇLU VİDA YSB 3.9X32 (1250AD.) ST' | 850.00 TL | SKU: STD.900083700
2026-09-28 08:16:37 [INFO] [4916] '100/100 ÇATAL PİS SU PVC KALDE' | 118.00 TL | SKU: KALDE.5213SBR0M0M45
2026-09-28 08:16:38 [INFO] [4799] '20 1/2 BATARYA BAĞLANTISI ÇİFTLİ KALDE' | 170.00 TL | SKU: KALDE.3222BAT200B04
2026-09-28 08:16:39 [INFO] [673] 'ANTİFİRİZ PETROX -56 KIRMIZI 3 LT' | 479.00 TL | SKU: ANTİFRİZ.PETROX.-56.3LT
2026-09-28 08:16:41 [INFO] [9629] 'ANTİPAS GRİ 3 KG TEMPO' | 550.00 TL | SKU: TEMPO.0041
2026-09-28 08:16:42 [INFO] [3843] 'AHŞAP RENKLENDİRİCİ 0.75LT K.MEŞE WOODMA' | 650.00 TL | SKU: FİLLİ.WOODMAX.058
2026-09-28 08:16:43 [INFO] [1946] 'ADERTEK YAPIŞTIRMA ALÇISI  (1-KG)' | 25.00 TL | SKU: DALSAN.112
2026-09-28 08:16:44 [INFO] [13077] 'ASMA KİLİT GRİ 25mm' | 40.00 TL | SKU: STD.953741800
2026-09-28 08:16:45 [INFO] [13733] 'AHŞAP VERNİĞİ 2.5LT BURMA DIŞ CEPHE WOOD' | 1000.00 TL | SKU: FİLLİ.WOODMAX.1012
2026-09-28 08:16:47 [INFO] [4768] '32 KOMPOZİT BORU PPRC 4 M KALDE' | 312.00 TL | SKU: KALDE.3202TFR320020
2026-09-28 08:16:48 [INFO] [14997] 'ASMA TAVAN PVC 60X60 YILDIZ (0.36-M2)' | 100.00 TL | SKU: IŞIK.061.BB034
2026-09-28 08:16:49 [INFO] [5080] 'BATARYA AY TAKIMI' | 35.00 TL | SKU: KARPA.056
2026-09-28 08:16:51 [INFO] [4763] '25 PPRC BORU 4 MT KALDE' | 167.00 TL | SKU: KALDE.3202TBE250000
2026-09-28 08:16:52 [INFO] [14073] 'BİTS UÇ MANYETİK BİLYALI UZATMA ADAPTÖRÜ' | 115.00 TL | SKU: WONDER.STW013764
2026-09-28 08:16:53 [INFO] [8779] 'BİTS UÇ PZ1x25 MM SGS' | 25.00 TL | SKU: SGS.1808
2026-09-28 08:16:54 [INFO] [12795] 'BATARYA ARITMALI EVİYE SİYAH' | 6125.00 TL | SKU: GMS.BK233-S
2026-09-28 08:16:55 [INFO] [9167] 'BİTS UÇ PZ2-75MM STANDART' | 30.00 TL | SKU: STD.933514800
2026-09-28 08:16:57 [INFO] [8777] 'BİTS UÇ S2 PH3x50MM' | 25.00 TL | SKU: SGS.1803
2026-09-28 08:16:58 [INFO] [4807] '32 1 İÇ DİŞLİ DİRSEK PPRC KALDE' | 144.00 TL | SKU: KALDE.3222EFO321000
2026-09-28 08:16:59 [INFO] [12245] 'BORU SIZDIRMAZ YAPIŞTIRICI YÜKSEK ISI 25' | 400.00 TL | SKU: FORCE.5542.250ML
2026-09-28 08:17:00 [INFO] [14590] 'APLİK DUVAR SENSÖRLÜ 25 W BEYAZ IDEA' | 369.00 TL | SKU: IŞILDAR.1927
2026-09-28 08:17:02 [INFO] [14006] "BARDAK KARTON 180 ML 7 OZ 20'Lİ FLEXİ" | 30.00 TL | SKU: PİKNİK.BARDAK.K.180.20
2026-09-28 08:17:03 [INFO] [6121] 'BUAT KARE 12X12 SIVA ALTI TURUNCU MUTLUS' | 100.00 TL | SKU: MUTLUSAN.10460212120012
2026-09-28 08:17:04 [INFO] [14673] 'BUDAMA TESTERESİ KILIFLI 240 MM RODEX' | 275.00 TL | SKU: RODEX.RHT0702110024
2026-09-28 08:17:05 [INFO] [11042] 'BORU KILIFI 28/10 AFK 2 MT PROCO' | 37.50 TL | SKU: PROCO.011
2026-09-28 08:17:07 [INFO] [11778] 'BİTS UÇ PZ2-150MM STANDART' | 75.00 TL | SKU: STD.961117800
2026-09-28 08:17:08 [INFO] [4740] 'ÇATI ŞİLTESİ 1 METRE (1.2M2)' | 125.00 TL | SKU: İZOCAM.0004
2026-09-28 08:17:09 [INFO] [15039] 'ÇELİK DÜBEL KLİPSLİ 12x150 mm 1 AD' | 20.00 TL | SKU: REİS.R414TB41347
2026-09-28 08:17:11 [INFO] [13971] 'CETVEL SU TERAZİLİ 1000MM ALÜMİNYUM ETVA' | 450.00 TL | SKU: ETVAL.STÇM0032
2026-09-28 08:17:12 [INFO] [13969] 'CETVEL SU TERAZİLİ 300MM ALÜMİNYUM ETVAL' | 200.00 TL | SKU: ETVAL.STÇM0030
2026-09-28 08:17:12 [INFO] ... ilerleme 100/817 (tazelenen 98, basarisiz 2, korunan 2, atlanan 0)
2026-09-28 08:17:13 [INFO] [3285] 'BUZDOLABI POŞETİ ORTA ECE 24x38' | 20.00 TL | SKU: ECE.EMT108
2026-09-28 08:17:14 [INFO] [13956] 'BOYA KALEMİ YEŞİL TAM ÖRTÜCÜ' | 175.00 TL | SKU: EDDİNG.GHED75104
2026-09-28 08:17:16 [INFO] [14311] 'DEPO REKORU 3/4 GENİŞ İÇ DIŞ DİŞLİ' | 50.00 TL | SKU: EV-PA.001
2026-09-28 08:17:17 [INFO] [559] 'DIŞ CEPHE BOYASI AGUSTOSİLAN RG3(7.5-LT)' | 2500.00 TL | SKU: FİLLİ.AGUSTOSİLAN.RG3.7,5L
2026-09-28 08:17:18 [INFO] [13997] 'BİLYALI BAREL KİLİT SET 68 MM SATEN YUMA' | 420.00 TL | SKU: YUMA.YM-B68BS
2026-09-28 08:17:19 [INFO] [9180] 'DOLAP ASKI ELEMANI 1,20-BEYAZ' | 10.00 TL | SKU: STD.941718800
2026-09-28 08:17:21 [INFO] [3933] 'DU-50 045 MM GOLD 30X50X30 3 M 1 AD (12)' | 90.00 TL | SKU: FOUR.045.DU-50.3000
2026-09-28 08:17:22 [INFO] [14748] 'DENİZ TUTKALI ŞEFFAF 500 GR SELSİL' | 199.00 TL | SKU: SELSİL.2751
2026-09-28 08:17:23 [INFO] [2465] 'DUŞ SETİ CORAL MAFSALLI ANTRASİT KROM' | 479.00 TL | SKU: DIAMOND.MSCR3007
2026-09-28 08:17:24 [INFO] [2481] 'DUŞ SPİRAL HORTUMU 1/2" ÖRGÜLÜ RAINY' | 150.00 TL | SKU: DIAMOND.SPR8004
2026-09-28 08:17:26 [INFO] [4400] 'DÜZ RADYATÖR REKORU 3/4' | 355.00 TL | SKU: GMS.SR502
2026-09-28 08:17:27 [INFO] [596] 'BOYA KARIŞTIRICI M14 VİDALI LEMA' | 350.00 TL | SKU: RODEX.PRM12014T
2026-09-28 08:17:28 [INFO] [11122] 'ELDİVEN ASİT 45 CM SİYAH UZUN KAUÇUK PAN' | 229.00 TL | SKU: DOUBLEPANDA.H2-45
2026-09-28 08:17:29 [INFO] [6970] 'ASKI ELBİSE PLASTİK 6 LI DECOBELLA 50611' | 115.00 TL | SKU: OMAK.50611
2026-09-28 08:17:31 [INFO] [13970] 'CETVEL SU TERAZİLİ 500MM ALÜMİNYUM ETVAL' | 275.00 TL | SKU: ETVAL.STÇM0031
2026-09-28 08:17:32 [INFO] [13224] 'ELDİVEN PU TOUCH SİYAH MONTAJ ELDİVENİ N' | 45.00 TL | SKU: BEYBİ.PUTOUCH
2026-09-28 08:17:33 [INFO] [13057] 'DOĞALGAZ FLEX HORTUM 75 CM 1/2 1/2 ÖRGÜL' | 425.00 TL | SKU: KAS.KSP5409075
2026-09-28 08:17:34 [INFO] [13011] 'ELMAS TESTERE TURBO 115X22 MM CMC6040' | 135.00 TL | SKU: CMC.6040
2026-09-28 08:17:36 [INFO] [4324] 'FLEX BAĞLANTI 60CM 1/2- 1/2' | 180.00 TL | SKU: GMS.FB824
2026-09-28 08:17:37 [INFO] [7433] 'EVİYE 410000 35X40 TEZALT M P.ÇELİK 0,6M' | 1500.00 TL | SKU: PERA.00410000
2026-09-28 08:17:38 [INFO] [4933] 'ÇATI OLUĞU MANŞON KALDE' | 108.00 TL | SKU: KALDE.7213MUF150000
2026-09-28 08:17:39 [INFO] [7804] 'GÖNYE ALÜMİNYUM 400MM BTS-12277' | 200.00 TL | SKU: BTS.12277
2026-09-28 08:17:40 [INFO] [13964] 'GÖNYE SU TERAZİLİ 300MM ALÜMİNYUM ETVAL' | 215.00 TL | SKU: ETVAL.STÇM0022
2026-09-28 08:17:42 [INFO] [13965] 'GÖNYE SU TERAZİLİ 400MM ALÜMİNYUM ETVAL' | 295.00 TL | SKU: ETVAL.STÇM0023
2026-09-28 08:17:43 [INFO] [14845] 'EL FENERİ PT-7744 USB ŞARJLI' | 235.00 TL | SKU: PANTHER PT-7744
2026-09-28 08:17:44 [INFO] [5358] 'HORTUM KELEPÇESİ 10 MM 20X32' | 15.00 TL | SKU: P02029
2026-09-28 08:17:46 [INFO] [9051] 'DÜBEL ALÇIPAN KANATLI 3 CM (100 AD)' | 86.00 TL | SKU: STAR.KALD.01.03.03
2026-09-28 08:17:47 [INFO] [5359] 'HORTUM KELEPÇESİ 13 MM 32X51' | 20.00 TL | SKU: P02011
2026-09-28 08:17:48 [INFO] [2543] 'FIRÇA OTO STANDART 8CM - DOĞUŞ' | 75.00 TL | SKU: DOĞUŞ.13.112
2026-09-28 08:17:49 [INFO] [4793] '25/20/25 İNEGAL TE PPRC KALDE' | 6.00 TL | SKU: KALDE.3212TİO252025
2026-09-28 08:17:51 [INFO] [11960] 'HORTUM 1P SİLİKONLU ÖRGÜLÜ 25 MT' | 2100.00 TL | SKU: GÜNEŞ.0006.25
2026-09-28 08:17:52 [INFO] [14406] 'DUŞ KANALI LİNEER 33 CM SABİT SATEN YAND' | 336.00 TL | SKU: LİNEER.DK150.71005451
2026-09-28 08:17:53 [INFO] [14477] 'ASTAR DIŞ CEPHE NUCLEUS PANZER RG-1 (15 ' | 2500.00 TL | SKU: FİLLİ.NUCLEUS.2501-2487-02-00000.RG1.15L
2026-09-28 08:17:54 [INFO] [4438] 'HORTUM SARI EMİCİ 1 P, 1M' | 50.00 TL | SKU: GÜNEŞ.0019.1
2026-09-28 08:17:55 [INFO] [11634] 'HSS MATKAP UCU 3.5 MM 2 Lİ BLİSTER WONDE' | 75.00 TL | SKU: WONDER.STW013760-9
2026-09-28 08:17:57 [INFO] [6419] 'HORTUM KELEPÇESİ 18X25' | 15.00 TL | SKU: NOBEL.315101825
2026-09-28 08:17:58 [INFO] [5357] 'HORTUM KELEPÇESİ 13 MM 28X48' | 18.00 TL | SKU: P02010
2026-09-28 08:17:59 [INFO] [4418] 'GERÇEK KAPAK TAKIMI YD017' | 195.00 TL | SKU: GMS.YD017
2026-09-28 08:18:00 [INFO] [12879] 'JENERATÖR DİZEL 5.5 kWA / 6.9 kVA MONOFA' | 42500.00 TL | SKU: KAMA.KBRKDK7500CE
2026-09-28 08:18:02 [INFO] [13148] 'JENERATÖR BENZİNLİ 6.5 kW / 8.12 kVA MON' | 34900.00 TL | SKU: WONDER.WBJ6500M
2026-09-28 08:18:03 [INFO] [7390] 'GECE LAMBASI KARE PT-364 IŞIK SENSÖRLÜ 1' | 85.00 TL | SKU: PANTHER PT-233
2026-09-28 08:18:04 [INFO] [6809] 'KAĞITLIK KAPAKLI WC KROM ECO FIESTA 7213' | 108.00 TL | SKU: NOBEL.721320
2026-09-28 08:18:06 [INFO] [4958] 'KALE ODA KİLİDİ 45 mm İNCE AYNA OVAL 23 ' | 375.00 TL | SKU: KALE.KL141R4500005
2026-09-28 08:18:07 [INFO] [4959] 'KALE WC KİLİDİ 45 mm İNCE AYNA OVAL 18 M' | 375.00 TL | SKU: KALE.KL149R4500001
2026-09-28 08:18:08 [INFO] [14089] 'JENERATÖR BENZİNLİ 3.5 kW/2,8 MONOFAZE W' | 16900.00 TL | SKU: WONDER.WBJ2800M
2026-09-28 08:18:09 [INFO] [9353] 'KANGAL BORU EKO 20 MM 10 ATÜ MAVİ SÜRMEN' | 22.50 TL | SKU: SÜRMENE.1032020
2026-09-28 08:18:11 [INFO] [624] 'ELMAS TESTERE TURBO 115 MM ELMASLI RODEX' | 130.00 TL | SKU: RODEX.RRS115
2026-09-28 08:18:12 [INFO] [6848] 'KAPI ÇEKME ÇANKAYA MAT SİYAH 20 CM' | 391.00 TL | SKU: NOBEL.7530252073
2026-09-28 08:18:13 [INFO] [4409] 'HORTUM REKORU 3/4' | 100.00 TL | SKU: GMS.SR551
2026-09-28 08:18:14 [INFO] [12982] 'İŞ AYAKKABISI SAFETY OUTFİX S1 NO:43' | 1250.00 TL | SKU: BMES.S400.043
2026-09-28 08:18:16 [INFO] [14496] 'KABLO BAĞI CIRT KELEPÇE 200X2.5 BEYAZ 10' | 44.00 TL | SKU: WONDER.STW13851
2026-09-28 08:18:17 [INFO] [9355] 'KANGAL BORU EKO 32 MM 10 ATÜ MAVİ SÜRMEN' | 59.40 TL | SKU: SÜRMENE.1032032
2026-09-28 08:18:18 [INFO] [6866] 'KAPI KOLU MERİDYEN AYNALI YALE NİKEL SAT' | 155.00 TL | SKU: NOBEL.9780293
2026-09-28 08:18:19 [INFO] [6897] 'KAPI KOLU PLANET AYNALI WC NİKEL İNOX' | 290.00 TL | SKU: NOBEL.KK1960397
2026-09-28 08:18:21 [INFO] [9255] 'KARABİNA M7 1 AD' | 25.00 TL | SKU: STD.964435800
2026-09-28 08:18:22 [INFO] [13220] 'KARGABURUN DÜZ 160 MM BOSS' | 239.00 TL | SKU: BOSS.052211025
2026-09-28 08:18:23 [INFO] [14074] 'KAYNAK MASKESİ BAŞ TİPİ ATİKERWELD CAM H' | 425.00 TL | SKU: ATİKER.BTM01
2026-09-28 08:18:24 [INFO] [6409] 'KAPI TOKMAK NİKEL SATEN KUMRU' | 301.00 TL | SKU: NOBEL.3002793
2026-09-28 08:18:26 [INFO] [8423] 'KESER SAPI 45 CM' | 45.00 TL | SKU: SD.KS0043
2026-09-28 08:18:27 [INFO] [5305] 'KALEM MARANGOZ KIRMIZI ELTOS' | 30.00 TL | SKU: ELTOS.EMK005
2026-09-28 08:18:28 [INFO] [4693] 'JÜT 6 MM İP HALAT' | 199.00 TL | SKU: İP.HLT0066
2026-09-28 08:18:29 [INFO] [8420] 'KAZIMA RASPASI 10CM METAL KRM010 SAİT DE' | 205.00 TL | SKU: SD.KRM010
2026-09-28 08:18:31 [INFO] [729] 'KAPLİN 32 TAPA A8602' | 49.00 TL | SKU: ARANGÜL.A8602
2026-09-28 08:18:32 [WARNING] [9991] 429 Too Many Requests — 88s bekleniyor (deneme 1/3, hiz 0.4/sn)
2026-09-28 08:18:34 [WARNING] [2909] 429 Too Many Requests — 86s bekleniyor (deneme 1/3, hiz 0.2/sn)
2026-09-28 08:18:39 [WARNING] [6710] 429 Too Many Requests — 81s bekleniyor (deneme 1/3, hiz 0.2/sn)
2026-09-28 08:18:44 [WARNING] [7609] 429 Too Many Requests — 76s bekleniyor (deneme 1/3, hiz 0.2/sn)
2026-09-28 08:18:49 [WARNING] [10987] 429 Too Many Requests — 71s bekleniyor (deneme 1/3, hiz 0.2/sn)
2026-09-28 08:18:54 [WARNING] [14904] 429 Too Many Requests — 66s bekleniyor (deneme 1/3, hiz 0.2/sn)
2026-09-28 08:18:59 [WARNING] [5198] 429 Too Many Requests — 61s bekleniyor (deneme 1/3, hiz 0.2/sn)
2026-09-28 08:19:04 [WARNING] [13366] 429 Too Many Requests — 56s bekleniyor (deneme 1/3, hiz 0.2/sn)
2026-09-28 08:20:01 [INFO] [9991] 'KLOZET KAPAK AKASYA YAVAŞ KAPANIR METAL ' | 1250.00 TL | SKU: VİSAM.514.001
2026-09-28 08:20:01 [INFO] [5198] 'KİLİT YALE 2563 40, 4 TURLU' | 205.00 TL | SKU: YALE.2563.40
2026-09-28 08:20:01 [INFO] [6710] 'KAPI FİTİLİ BEYAZ D TİPİ 10 MM GEÇMELİ 1' | 15.00 TL | SKU: NOBEL.603601032
2026-09-28 08:20:05 [INFO] [7609] 'KIVIRCIK RULO PASPAS 100CM 14 MM (MAVİ)' | 369.00 TL | SKU: PSP.100.M.14
2026-09-28 08:20:10 [INFO] [13366] 'KLOZET KAPAK LEYLAK YAVAŞ KAPANIR PVC ME' | 700.00 TL | SKU: VİSAM.529.004
2026-09-28 08:20:15 [INFO] [10987] 'KAPI KOLU PENTA AYNALI YALE MAT SİYAH TE' | 115.00 TL | SKU: NOBEL.11340273
2026-09-28 08:20:20 [INFO] [11600] 'KLOZET LİKYA ASMA' | 2425.00 TL | SKU: EGEVİT.10303601101001310
2026-09-28 08:20:25 [INFO] [11239] 'KOLLEKTÖR 8 AĞIZLI KIRMIZI 1" KALDE' | 3000.00 TL | SKU: KALDE.3313VHF100816
2026-09-28 08:20:30 [INFO] [14371] 'KÖŞE BAĞLANTI GÖNYESİ DÜZ 15X90' | 5.00 TL | SKU: ARSLAN.52212
2026-09-28 08:20:35 [INFO] [6464] 'KÖŞE BAĞLANTI GÖNYESİ SAC 10X10' | 15.00 TL | SKU: ARSLAN.6020
2026-09-28 08:20:40 [INFO] [6465] 'KÖŞE BAĞLANTI GÖNYESİ SAC 6X6' | 10.00 TL | SKU: ARSLAN.6000
2026-09-28 08:20:45 [INFO] [14904] 'KİMYASAL DÜBEL 300 ML EMS F1311' | 185.00 TL | SKU: EMS.F03504
2026-09-28 08:20:50 [INFO] [3795] 'KÖŞE RADYATÖR VANASI 1/2 16X2 Pe-X' | 330.00 TL | SKU: KALDE.3391REL0B0011
2026-09-28 08:20:55 [INFO] [6466] 'KÖŞE BAĞLANTI GÖNYESİ SAC 8X8' | 12.50 TL | SKU: ARSLAN.6010
2026-09-28 08:21:00 [INFO] [11236] 'KOLLEKTÖR 8 AĞIZLI MAVİ 1" KALDE' | 3000.00 TL | SKU: KALDE.3312VHF100816
2026-09-28 08:21:05 [INFO] [9424] 'KROŞE NO:4 10MM BETON ÇİVİLİ KABLO TUTUC' | 55.00 TL | SKU: TEK-İŞ.520901
2026-09-28 08:21:10 [INFO] [9656] 'KÖŞEBENT 15X15 MATKROM -270CM' | 169.00 TL | SKU: TESAY.FKDA15
2026-09-28 08:21:15 [INFO] [1847] 'KÜLLÜK LOBİ KROM 497' | 1690.00 TL | SKU: ÇELİKAYNA.497
2026-09-28 08:21:20 [INFO] [10323] 'KÜLLÜK KOKUSUZ ARABA YKT KAFESLİ KOKUSUZ' | 60.00 TL | SKU: Z.7860
2026-09-28 08:21:25 [INFO] [4365] 'KÜRESEL VANA MİNİ 1/2' | 234.00 TL | SKU: KALDE.3391VLM0B0000
2026-09-28 08:21:30 [INFO] [9646] 'LAMİNANT EŞİK PRF SARI 30 MM (LÜKS BANTL' | 159.00 TL | SKU: SAY.375.30.MSR.2
2026-09-28 08:21:35 [INFO] [11235] 'KOLLEKTÖR 7 AĞIZLI MAVİ 1" KALDE' | 2868.00 TL | SKU: KALDE.3312VHF100716
2026-09-28 08:21:40 [INFO] [14726] 'LOKMA ANAHTARI ADAPTÖRÜ 1/4 65MM HEX' | 49.00 TL | SKU: WONDER.STW01936
2026-09-28 08:21:45 [INFO] [2909] 'KLOZET DROPİA BEYAZ ASMA+SOFT CLOSE KAPA' | 4365.00 TL | SKU: EGEVİT.8232360
2026-09-28 08:21:50 [INFO] [13743] 'LED AMPUL EKOLA-9 9W E27 6400K HOROZ' | 29.00 TL | SKU: HOROZ.001-006-2009
2026-09-28 08:21:54 [INFO] [14994] 'MANTOLAMA DÜBELİ TABANCALI 80 MM (1000AD' | 5120.00 TL | SKU: STAR.MDÇ.80MM
2026-09-28 08:21:58 [INFO] [3267] 'MANGAL KÖMÜRÜ PRATİK ECE (KULLAN AT)' | 175.00 TL | SKU: PİKNİK.KÖMÜRPRATİK
2026-09-28 08:22:02 [INFO] [5968] 'MATKAP UÇLU VİDA YHB 3.9x19 (PKT=1000 AD' | 384.00 TL | SKU: MERİDYEN.MHB3919
2026-09-28 08:22:06 [INFO] [15076] 'MAKET BIÇAĞI SİYAH PLASTİK MAK119S' | 50.00 TL | SKU: ORIENT.MAK119S
2026-09-28 08:22:10 [INFO] [14993] 'MANTOLAMA DÜBELİ TABANCALI 60 MM (1000AD' | 4350.00 TL | SKU: STAR.MDÇ.60MM
2026-09-28 08:22:14 [INFO] [2681] 'LEĞEN KAPAKLI 10.5 LT' | 114.00 TL | SKU: DÜNYA.10426
2026-09-28 08:22:18 [INFO] [11238] 'KOLLEKTÖR 7 AĞIZLI KIRMIZI 1" KALDE' | 2868.00 TL | SKU: KALDE.3313VHF100716
2026-09-28 08:22:22 [INFO] [11163] 'MATKAP UÇLU VİDA YHB 4.2x25 (PKT=1500 AD' | 850.00 TL | SKU: STD.900065700
2026-09-28 08:22:26 [INFO] [10797] 'MATKAP UÇLU VİDA YHB 3.9x38 (PKT=750 AD)' | 500.00 TL | SKU: STD.YHB3938
2026-09-28 08:22:30 [INFO] [10778] 'MATKAP UÇLU VİDA YSB 3.9X25 (1500 AD.) S' | 700.00 TL | SKU: STD.90003370
2026-09-28 08:22:34 [INFO] [10697] 'MATKAP UÇLU VİDA YHB 4.8x70 (PKT=250 AD)' | 400.00 TL | SKU: STD.900079700
2026-09-28 08:22:38 [INFO] [9121] 'MATKAP UÇLU VİDA YSB 4.2X13 (2500 AD.) S' | 1200.00 TL | SKU: STD.900171700
2026-09-28 08:22:38 [INFO] ... ilerleme 200/817 (tazelenen 198, basarisiz 2, korunan 2, atlanan 0)
2026-09-28 08:22:42 [INFO] [9123] 'MATKAP UÇLU VİDA YSB 4.2x50 (PKT=500 AD)' | 575.00 TL | SKU: STD.900186700
2026-09-28 08:22:46 [INFO] [10695] 'MATKAP UÇLU VİDA YHB 3.9X32 (1250AD.) ST' | 725.00 TL | SKU: STD.900019700
2026-09-28 08:22:50 [INFO] [5970] 'MATKAP UÇLU VİDA YHB 4.2x16 (PKT=1000 AD' | 468.00 TL | SKU: MERİDYEN.MHB4216
2026-09-28 08:22:54 [INFO] [13397] 'MATKAP UCU BETON SDS PLUS 8X160MM BOSCH' | 100.00 TL | SKU: BOSCH.2608680270
2026-09-28 08:22:58 [INFO] [9108] 'MATKAP UÇLU VİDA YSB 4.8x60 (PKT=300 AD)' | 475.00 TL | SKU: STD.900093700
2026-09-28 08:23:02 [INFO] [5601] 'MD 32 HORTUM EKİ 2" NORMAL' | 35.00 TL | SKU: MEDALYAN.MD32
2026-09-28 08:23:06 [INFO] [13679] 'LED SMD PROJEKTÖR PARS-200 200W 6400K BE' | 1014.00 TL | SKU: HOROZ.068-008-0200
2026-09-28 08:23:10 [INFO] [10173] 'MENTEŞE DÜZ YENİLER' | 30.00 TL | SKU: YENİLER.DÜZ
2026-09-28 08:23:14 [INFO] [6523] 'MENTEŞE KAPI ÇELİK CERMAN YÖNSÜZ SATEN  ' | 46.00 TL | SKU: NOBEL.3370512221
2026-09-28 08:23:18 [INFO] [5971] 'MATKAP UÇLU VİDA YHB 4.2x19 (PKT=1000 AD' | 528.00 TL | SKU: MERİDYEN.MHB4219
2026-09-28 08:23:22 [INFO] [618] 'METRE ŞERİT 5MT 25MM MTP525 RODEX' | 100.00 TL | SKU: RODEX.RHT0680525
2026-09-28 08:23:26 [INFO] [13281] 'MONT YELEK ÇIKMA KOL LACİVERT S' | 1490.00 TL | SKU: PERSMONT.027
2026-09-28 08:23:30 [INFO] [2592] 'MOP YEDEK 360 MİKROFİBER' | 75.00 TL | SKU: DOĞUŞ.29.120
2026-09-28 08:23:33 [INFO] [5562] 'PANJUR PVC BEYAZ 40x50 MADE' | 375.00 TL | SKU: MADE.MP07
2026-09-28 08:23:37 [INFO] [14231] 'MERDİVEN 5+1 WONDER METAL PLASTİK BASAMA' | 2000.00 TL | SKU: SARAYLI.1425
2026-09-28 08:23:40 [INFO] [12750] 'MD 04 4 KOLLU SPRİNK ÇİM FISKİYE MD 140-' | 55.00 TL | SKU: MEDALYAN.MD04.U03022
2026-09-28 08:23:43 [INFO] [9104] 'MATKAP UÇLU VİDA YSB 3.9X38 (750 AD.) ST' | 525.00 TL | SKU: STD.900084700
2026-09-28 08:23:46 [INFO] [4608] 'PERDE ÜÇLÜ RAY DÖNÜŞÜ 90 Derece' | 80.00 TL | SKU: IŞIK.0123
2026-09-28 08:23:49 [INFO] [3972] 'MÜDAHALE KAPAĞI FOUR 30x30' | 420.00 TL | SKU: FOUR.MDK3030
2026-09-28 08:23:53 [INFO] [8521] 'PU KÖPÜK THERMOSPRAY PİPETLİ 800 ML (1.5' | 309.00 TL | SKU: SELENA.152
2026-09-28 08:23:56 [INFO] [8508] 'PU KÖPÜK 60 SN PİPETLİ 750 ML (30 M)' | 450.00 TL | SKU: SELENA.119
2026-09-28 08:23:59 [INFO] [14374] 'RAF ALTI L DEMİR SİYAH 7X9' | 35.00 TL | SKU: FLORA.T010222
2026-09-28 08:24:02 [INFO] [13406] 'KOLLEKTÖR KELEPÇE' | 60.00 TL | SKU: KALDE.3391.VHF.100716
2026-09-28 08:24:05 [INFO] [9112] 'MATKAP UÇLU VİDA YSB 4.8x80 (PKT=150 AD)' | 325.00 TL | SKU: STD.900133700
2026-09-28 08:24:08 [INFO] [9176] 'MENTEŞE 165 DERECE' | 150.00 TL | SKU: STD.936933800
2026-09-28 08:24:12 [INFO] [7948] 'REXON FREN BALATA TEMİZLEYİCİ 500ML' | 130.00 TL | SKU: REX.5000
2026-09-28 08:24:15 [INFO] [9155] 'İSKELE BAĞLAMA ÇAKMA DÜBELİ M12 50 MM 1 ' | 16.50 TL | SKU: STD.920683800
2026-09-28 08:24:18 [INFO] [9183] 'MENTEŞE FRENLİ-PİSTONLU DÜZ' | 50.00 TL | SKU: STD.942674800
2026-09-28 08:24:21 [INFO] [6476] 'RAF ALTI L DEMİR BEYAZ 8X10' | 45.00 TL | SKU: FLORA.T01019
2026-09-28 08:24:25 [INFO] [7916] 'REXON SPREY BOYA MAT SİYAH 200ML (RAL900' | 72.00 TL | SKU: REX.2303
2026-09-28 08:24:28 [INFO] [3219] 'EPS-50 5 CM ADET KARBONLU' | 95.00 TL | SKU: EPS.14.0021
2026-09-28 08:24:31 [INFO] [5783] 'SDS PLUS MATKAP UCU 10X350' | 87.50 TL | SKU: MASTER.051
2026-09-28 08:24:34 [INFO] [1836] 'ŞAMPUANLIK İKİLİ KÖŞE KROM EKO' | 420.00 TL | SKU: ÇELİKAYNA.735
2026-09-28 08:24:37 [INFO] [11559] 'SARI NİPEL 3/4' | 85.00 TL | SKU: GMS.SM706
2026-09-28 08:24:41 [INFO] [4597] 'PERDE RAYI KORNİŞ İKİLİ 5 M SÜPER' | 215.00 TL | SKU: IŞIK.0103
2026-09-28 08:24:44 [INFO] [9405] 'SIRA KLEMENS NO:2 12x4-6MM' | 65.00 TL | SKU: TEK-İŞ.520114
2026-09-28 08:24:47 [INFO] [9624] 'SENTETİK BOYA A.KAHVE 0.75 KG LÜKS TEMPO' | 300.00 TL | SKU: TEMPO.0036
2026-09-28 08:24:50 [INFO] [14262] 'SPATULA 100 MM PT14110' | 115.00 TL | SKU: PARTNER.PT14110
2026-09-28 08:24:53 [INFO] [6078] 'STROPİYER K2 (EP101)10X10CM 10MM (2M)' | 45.00 TL | SKU: STROPİYER.EP101
2026-09-28 08:24:55 [INFO] [4601] 'PERDE RAYI KORNİŞ ÜÇLÜ 4 M SÜPER' | 200.00 TL | SKU: IŞIK.0112
2026-09-28 08:24:58 [INFO] [9337] 'STROPİYER K4 8X8 10 MM (2M)' | 40.00 TL | SKU: STROPİYER.031
2026-09-28 08:25:00 [INFO] [6478] 'RAF ALTI L DEMİR BEYAZ 6X8' | 35.00 TL | SKU: FLORA.T01017
2026-09-28 08:25:03 [INFO] [14902] 'SU TERAZİSİ 100 CM MIKNATISLI ETVAL' | 350.00 TL | SKU: ETVAL.ESTO03010
2026-09-28 08:25:06 [INFO] [13961] 'SU TERAZİSİ MİNİ CEP TİP 85 MM' | 80.00 TL | SKU: ETVAL.ESTOC3085
2026-09-28 08:25:08 [INFO] [9322] 'STROPİYER LED 10X4.5CM 2M' | 135.00 TL | SKU: STROPİYER.016
2026-09-28 08:25:11 [INFO] [13649] 'ŞERİT LED FAİRY-10 AMBER 2W 10M DIŞ MEKA' | 264.00 TL | SKU: HOROZ.080-002-0010
2026-09-28 08:25:13 [INFO] [2091] 'SPATULA EĞRİ SAPLI 50 CM AHŞAP DEKOR 049' | 575.00 TL | SKU: DEKOR.049
2026-09-28 08:25:16 [INFO] [9089] 'SUNTA VİDASI 6x60 STD (200)' | 320.00 TL | SKU: STD.900024700
2026-09-28 08:25:18 [INFO] [6442] 'SÜRGÜ YAYLI KÜÇÜK EKO' | 51.00 TL | SKU: ERSA.A11037
2026-09-28 08:25:21 [INFO] [5053] 'TAHLİYE HORTUMU DÜZ 3 MT' | 54.00 TL | SKU: KARPA.027
2026-09-28 08:25:23 [INFO] [5079] 'TAHARET MUSLUK ÇİFTLİ (SHATTAF ŞATAF UYU' | 358.80 TL | SKU: KARPA.055
2026-09-28 08:25:26 [INFO] [3576] 'SİLİKON MUM KALIN ÇUBUK ŞEF-10235-(1KG-3' | 10.00 TL | SKU: FASTBOND.10235
2026-09-28 08:25:29 [INFO] [9088] 'SUNTA VİDASI 5x70 STD (200)' | 240.00 TL | SKU: STD.900023700
2026-09-28 08:25:31 [INFO] [6585] 'TAMİR MACUNU KAYIN TÜP 200 ML' | 113.00 TL | SKU: NOBEL.356010189
2026-09-28 08:25:34 [INFO] [6858] 'TEKERLEK PİMLİ ÇİFTLİ PROFİL. 50 MM' | 31.00 TL | SKU: NOBEL.804-P
2026-09-28 08:25:36 [INFO] [11095] 'SÜZGEÇ 10X10 METAL KAPAK YANDAN 50MM' | 71.00 TL | SKU: SÜZGEÇ.158543A501010
2026-09-28 08:25:39 [INFO] [12666] 'SOFRA AYAĞI METAL 50 CM' | 164.00 TL | SKU: NOBEL.26612570
2026-09-28 08:25:41 [INFO] [11282] 'TİNER SENTETİK FLORA 1/2 (256ML)' | 80.00 TL | SKU: KARDELEN.039
2026-09-28 08:25:44 [INFO] [279] 'TOREX ALÇIPAN BAĞ. SETİ 4MM 4,5X35 NYLON' | 65.00 TL | SKU: 8680613701895
2026-09-28 08:25:46 [INFO] [6586] 'TAMİR MACUNU ÇAM TÜP 200 ML' | 113.00 TL | SKU: NOBEL.356010190
2026-09-28 08:25:49 [INFO] [4390] 'SARI NİPEL 1P' | 135.00 TL | SKU: GMS.SM707
2026-09-28 08:25:52 [INFO] [167] 'TOREX ALÇIPAN VİDASI MATKAP UÇLU 3,5X25 ' | 47.00 TL | SKU: 8680613130718
2026-09-28 08:25:54 [INFO] [174] 'TOREX ALÇIPAN VİDASI SEYREK DİŞLİ 3,5X35' | 47.00 TL | SKU: 8680613130787
2026-09-28 08:25:56 [INFO] [170] 'TOREX ALÇIPAN VİDASI SIK DİŞLİ 3,5X25 Sİ' | 47.00 TL | SKU: 8680613130749
2026-09-28 08:25:58 [INFO] [3224] 'TAVAN KAPLAMA ÇİZGİ 50X50CM 10 MM (LİLLE' | 40.00 TL | SKU: EPS.TK005
2026-09-28 08:26:00 [WARNING] [171] 429 Too Many Requests — 240s bekleniyor (deneme 1/3, hiz 0.2/sn)
2026-09-28 08:26:04 [WARNING] [175] 429 Too Many Requests — 236s bekleniyor (deneme 1/3, hiz 0.2/sn)
2026-09-28 08:26:09 [WARNING] [267] 429 Too Many Requests — 231s bekleniyor (deneme 1/3, hiz 0.2/sn)
2026-09-28 08:26:14 [WARNING] [172] 429 Too Many Requests — 226s bekleniyor (deneme 1/3, hiz 0.2/sn)
2026-09-28 08:26:19 [WARNING] [169] 429 Too Many Requests — 221s bekleniyor (deneme 1/3, hiz 0.2/sn)
2026-09-28 08:26:24 [WARNING] [6787] 429 Too Many Requests — 216s bekleniyor (deneme 1/3, hiz 0.2/sn)
2026-09-28 08:26:29 [WARNING] [6357] 429 Too Many Requests — 211s bekleniyor (deneme 1/3, hiz 0.2/sn)
2026-09-28 08:26:34 [WARNING] [3222] 429 Too Many Requests — 206s bekleniyor (deneme 1/3, hiz 0.2/sn)
2026-09-28 08:30:01 [INFO] [175] 'TOREX ALÇIPAN VİDASI SEYREK DİŞLİ 3,5X45' | 47.00 TL | SKU: 8680613130794
2026-09-28 08:30:01 [INFO] [6357] 'TEKERLEK SABİT MAŞALI 32 MM 173-P 20 KG' | 25.00 TL | SKU: NOBEL.173-P
2026-09-28 08:30:01 [INFO] [171] 'TOREX ALÇIPAN VİDASI SIK DİŞLİ 3,5X35 Sİ' | 47.00 TL | SKU: 8680613130756
2026-09-28 08:30:06 [INFO] [169] 'TOREX ALÇIPAN VİDASI MATKAP UÇLU 3,5X45 ' | 47.00 TL | SKU: 8680613130732
2026-09-28 08:30:11 [INFO] [183] 'TOREX ÇATI VİDASI MATKAP UÇLU 5,5X32 AKB' | 47.00 TL | SKU: 8680613131371
2026-09-28 08:30:16 [INFO] [11292] 'TOREX CIVATA 5X20 DIN931 AKB 6.8 1P=11' | 47.00 TL | SKU: 8680613030421
2026-09-28 08:30:21 [INFO] [3222] 'TAVAN KAPLAMA TUĞLA 50X50 CM 10 MM 1 AD' | 40.00 TL | SKU: EPS.TK003
2026-09-28 08:30:26 [INFO] [11294] 'TOREX CIVATA 5X40 DIN931 AKB 6.8 1P=7' | 47.00 TL | SKU: 8680613030469
2026-09-28 08:30:31 [INFO] [11293] 'TOREX CIVATA 5X30 DIN931 AKB 6.8 1P=8' | 47.00 TL | SKU: 8680613030445
2026-09-28 08:30:36 [INFO] [11296] 'TOREX CIVATA 6X40 DIN931 AKB 6.8 1P=6' | 47.00 TL | SKU: 8680613030339
2026-09-28 08:30:41 [INFO] [156] 'TOREX MATKAP UÇLU VİDA 4,2X38 DIN7504P Y' | 47.00 TL | SKU: 8680613130497
2026-09-28 08:30:46 [INFO] [267] 'TOREX ALÇIPAN BAĞ. SETİ METAL KX-VB 5MM ' | 75.00 TL | SKU: 8680613701703
2026-09-28 08:30:51 [INFO] [11289] 'TOREX MATKAP UÇLU VİDA 4,8X19 DIN7504P Y' | 47.00 TL | SKU: 8680613130534
2026-09-28 08:30:56 [INFO] [11295] 'TOREX CIVATA 6X20 DIN931 AKB 6.8 1P=8' | 47.00 TL | SKU: 8680613030292
2026-09-28 08:31:01 [INFO] [184] 'TOREX ÇATI VİDASI MATKAP UÇLU 5,5X38 AKB' | 47.00 TL | SKU: 8680613131388
2026-09-28 08:31:06 [INFO] [162] 'TOREX MATKAP UÇLU VİDA 4,8X38 DIN7504P Y' | 47.00 TL | SKU: 8680613130572
2026-09-28 08:31:11 [INFO] [6787] 'TEMİZ SU HORTUMU ÇAMAŞIR 3 MT NOBEL' | 227.00 TL | SKU: NOBEL.712013
2026-09-28 08:31:16 [INFO] [161] 'TOREX MATKAP UÇLU VİDA 4,8X32 DIN7504P Y' | 47.00 TL | SKU: 8680613130565
2026-09-28 08:31:21 [INFO] [172] 'TOREX ALÇIPAN VİDASI SIK DİŞLİ 3,5x45 Sİ' | 47.00 TL | SKU: 8680613130763
2026-09-28 08:31:26 [INFO] [187] 'TOREX ÇATI VİDASI MATKAP UÇLU 5,5X75 AKB' | 47.00 TL | SKU: 8680613131418
2026-09-28 08:31:31 [INFO] [158] 'TOREX MATKAP UÇLU VİDA 4,2X50 DIN7504P Y' | 47.00 TL | SKU: 8680613130510
2026-09-28 08:31:36 [INFO] [11290] 'TOREX METRİK VİDA KÜT UÇLU 5X15 DIN965 Y' | 47.00 TL | SKU: 8680613230340
2026-09-28 08:31:41 [INFO] [163] 'TOREX MATKAP UÇLU VİDA 4,8X45 DIN7504P Y' | 47.00 TL | SKU: 8680613130589
2026-09-28 08:31:46 [INFO] [166] 'TOREX MATKAP UÇLU VİDA 4,8X70 DIN7504P Y' | 47.00 TL | SKU: 8680613130619
2026-09-28 08:31:51 [INFO] [199] 'TOREX METRİK VİDA KÜT UÇLU 5X50 DIN965 Y' | 47.00 TL | SKU: 8680613230197
2026-09-28 08:31:55 [INFO] [202] 'TOREX METRİK VİDA KÜT UÇLU 6X30 DIN965 Y' | 47.00 TL | SKU: 8680613230227
2026-09-28 08:31:59 [INFO] [197] 'TOREX METRİK VİDA KÜT UÇLU 5X30 DIN965 Y' | 47.00 TL | SKU: 8680613230173
2026-09-28 08:32:03 [INFO] [193] 'TOREX METRİK VİDA KÜT UÇLU 4X15 DIN965 Y' | 47.00 TL | SKU: 8680613230333
2026-09-28 08:32:07 [INFO] [214] 'TOREX METRİK VİDA KÜT UÇLU 8X20 DIN965 Y' | 47.00 TL | SKU: 8680613230401
2026-09-28 08:32:11 [INFO] [195] 'TOREX METRİK VİDA KÜT UÇLU 4X40 DIN965 Y' | 47.00 TL | SKU: 8680613230159
2026-09-28 08:32:15 [INFO] [200] 'TOREX METRİK VİDA KÜT UÇLU 6X20 DIN965 Y' | 47.00 TL | SKU: 8680613230203
2026-09-28 08:32:19 [INFO] [215] 'TOREX METRİK VİDA KÜT UÇLU 6X50 DIN965 Y' | 47.00 TL | SKU: 8680613230541
2026-09-28 08:32:23 [INFO] [198] 'TOREX METRİK VİDA KÜT UÇLU 5X40 DIN965 Y' | 47.00 TL | SKU: 8680613230180
2026-09-28 08:32:27 [INFO] [11314] 'TOREX YTONG DÜBELİ 8 MM 1P=4' | 47.00 TL | SKU: 8680613930219
2026-09-28 08:32:31 [INFO] [8862] 'TORNAVİDA 7X150 DÜZ BLACK SGS' | 65.00 TL | SKU: SGS.542
2026-09-28 08:32:31 [INFO] ... ilerleme 300/817 (tazelenen 298, basarisiz 2, korunan 2, atlanan 0)
2026-09-28 08:32:35 [INFO] [9910] 'UNIVERSAL ELEKTRİK İZO. BANDI 19*10-SARI' | 20.00 TL | SKU: UNIVERSAL.021
2026-09-28 08:32:39 [INFO] [205] 'TOREX METRİK VİDA KÜT UÇLU 8X30 DIN965 Y' | 47.00 TL | SKU: 8680613230258
2026-09-28 08:32:43 [INFO] [206] 'TOREX METRİK VİDA KÜT UÇLU 8X40 DIN965 Y' | 47.00 TL | SKU: 8680613230265
2026-09-28 08:32:47 [INFO] [4360] 'UZATMA 1/2 4CM' | 135.00 TL | SKU: GMS.KU206
2026-09-28 08:32:51 [INFO] [937] 'ZIMPARA SU NO : 220' | 45.00 TL | SKU: ATLAS.181
2026-09-28 08:32:55 [INFO] [9094] 'TRP.VİDA 5,5*38-5MM 1 AD' | 2.15 TL | SKU: STD.900038700
2026-09-28 08:32:59 [INFO] [15121] 'SPATULA 80 MM PT14108' | 90.00 TL | SKU: PARTNER.PT14108
2026-09-28 08:33:03 [INFO] [10068] 'YAĞMURLUK PARDESÜ ASTARLI SARI  XXL' | 270.00 TL | SKU: YAĞMURLUK.10010075
2026-09-28 08:33:07 [INFO] [15092] 'SPREY BOYA BEYAZ RAL 9003 400ML SELENA' | 129.00 TL | SKU: SELENA.10052502
2026-09-28 08:33:11 [INFO] [5113] 'TUTUNMA BARI 20 CM' | 250.00 TL | SKU: KARPA.089
2026-09-28 08:33:15 [INFO] [15091] 'SPREY BOYA ALTIN RENGİ RAL 270 400ML SEL' | 159.00 TL | SKU: SELENA.10052492
2026-09-28 08:33:19 [INFO] [15111] 'KAMP LAMBASI PT-S600 SOLAR ŞAJLI 3.5W' | 699.00 TL | SKU: PANTHER.PT-S600
2026-09-28 08:33:23 [INFO] [15172] 'METAL KESİCİ PRO SABİT TEZGAH 350X3,5X25' | 175.00 TL | SKU: EGESAN.272059
2026-09-28 08:33:27 [INFO] [11283] 'LAVABO AÇAR 500 GR (HANDİRON)' | 115.00 TL | SKU: HANDİRON.03
2026-09-28 08:33:31 [INFO] [194] 'TOREX METRİK VİDA KÜT UÇLU 4X30 DIN965 Y' | 47.00 TL | SKU: 8680613230142
2026-09-28 08:33:34 [INFO] [15240] 'TİNER SELÜLOZİK FLORA 1/2 (400 ML)' | 200.00 TL | SKU: KARDELEN.21092500
2026-09-28 08:33:37 [INFO] [12728] 'MEKANİZMA+DÜĞME/KAPAK VAVİEN ANAHTAR KAR' | 96.00 TL | SKU: VİKO.90967004
2026-09-28 08:33:40 [INFO] [2116] 'RULO DEKOR PARMAK SAPLI 10CM 11084' | 85.00 TL | SKU: DEKOR.11084
2026-09-28 08:33:43 [INFO] [15280] 'TAKIM ÇANTASI 16" KLASİK PLASTİK KİLİT C' | 315.00 TL | SKU: MANO.CO-16
2026-09-28 08:33:47 [INFO] [2672] 'ÇÖP KOVASI PEDALLI SLİM 50 L GRİ PLASTİK' | 515.00 TL | SKU: SÖNMEZ.ST227-5
2026-09-28 08:33:50 [INFO] [12536] 'KÖŞE ÇITASI DELİKLİ ALÜM (23X23X0.35MM) ' | 70.00 TL | SKU: FOUR.0010
2026-09-28 08:33:53 [INFO] [15401] 'PAS SÖKÜCÜ 350 ML WD 40' | 425.00 TL | SKU: WD40.WD003
2026-09-28 08:33:56 [INFO] [15441] 'SIZDIRMAZLIK BANDI 22MMx3.35 MT 3-M RTRM' | 135.00 TL | SKU: RTRMAX.RNU0511
2026-09-28 08:34:00 [INFO] [15379] 'İŞ AYAKKABISI BRAVE S1 AIR MAX BAĞCIKLI ' | 1250.00 TL | SKU: STD.977017800.41
2026-09-28 08:34:03 [INFO] [15463] 'VERANO KIRMIZI 10X30 2K (0,6M2)' | 336.00 TL | SKU: EGESER.100X300VRO20.2K
2026-09-28 08:34:06 [INFO] [5776] 'VİLEDA TEMİZLİK KOVASI 17 L ELİT GRİ' | 225.00 TL | SKU: SÖNMEZ.ST243-17
2026-09-28 08:34:09 [INFO] [11324] 'TOREX METRİK VİDA KÜT UÇLU 4X20 DIN965 Y' | 47.00 TL | SKU: 8680613230135
2026-09-28 08:34:12 [INFO] [15344] 'ELDİVEN PU TOUCH SİYAH MONTAJ ELDİVENİ N' | 45.00 TL | SKU: BEYBİ.İ040207
2026-09-28 08:34:15 [INFO] [935] 'ZIMPARA SU NO : 150' | 45.00 TL | SKU: ATLAS.150
2026-09-28 08:34:19 [INFO] [11183] 'NAYLON ŞEFFAF ORJİNAL 0.25MC 2X2MT' | 250.00 TL | SKU: NAYLON.06
2026-09-28 08:34:22 [INFO] [14741] 'LAMİNAT KOT FARKI EŞİK PRF ALÜMİNYUM MAT' | 350.00 TL | SKU: TESAY.LKFA10.01
2026-09-28 08:34:25 [INFO] [3616] 'ASTAR DÖNÜŞÜM 20 KG İÇ CEPHE FAWORİ' | 2300.00 TL | SKU: FAWORİ.044
2026-09-28 08:34:28 [INFO] [11216] 'PÜRMÜZ ÇAKMAKLI KARTUŞ SETİ ORCAMP' | 550.00 TL | SKU: ORCAMP.CX500
2026-09-28 08:34:32 [INFO] [4865] '50/1000 PİS SU BORU PPRC KALDE' | 86.00 TL | SKU: KALDE.5203TBE0K1000
2026-09-28 08:34:35 [INFO] [13142] 'SIVI AKTARMA POMPASI WERT' | 180.00 TL | SKU: WERT.2646
2026-09-28 08:34:38 [INFO] [11529] 'BATARYA ZİRVE MİX KUĞU LAVABO' | 2295.00 TL | SKU: GMS.ZRV101
2026-09-28 08:34:41 [INFO] [11050] 'ŞİLTE 8MM YAPIŞKANLI 100 CM PROCO 1M2 (2' | 150.00 TL | SKU: PROCO.8MM.Y
2026-09-28 08:34:44 [INFO] [14843] 'EL FENERİ PT-977 ŞARJLI ÇALIŞMA' | 530.00 TL | SKU: PANTHER PT-977
2026-09-28 08:34:48 [INFO] [8912] 'GÖLGELİK-GÖLGEFİL %85 SIKLIK EN:100 CM, ' | 25.00 TL | SKU: GÖLGELİK.85.100CM
2026-09-28 08:34:51 [INFO] [15497] 'RULO DEKOR SİLTEKS 20CM' | 245.00 TL | SKU: DEKOR.1010
2026-09-28 08:34:53 [INFO] [12929] 'TİNER SENTETİK FLORA 2/1 (1000ML)' | 180.00 TL | SKU: KARDELEN.2109240
2026-09-28 08:34:56 [INFO] [6896] 'KAPI KOLU PLANET AYNALI ODA NİKEL İNOX' | 270.00 TL | SKU: NOBEL.KK1960193
2026-09-28 08:34:58 [INFO] [12176] 'ZEMİN/KORUMA ÖRTÜSÜ KALIN 10 M2 KARDELEN' | 65.00 TL | SKU: KARDELEN.0060
2026-09-28 08:35:01 [INFO] [10903] 'FIRÇA KESTİRME LÜX NO:4 KARDELEN' | 75.00 TL | SKU: KARDELEN.0049
2026-09-28 08:35:03 [INFO] [15468] 'KÖPÜK TABANCASI KROM KAPLAMA 1407 RODEX' | 449.00 TL | SKU: RODEX.RHT1407100001
2026-09-28 08:35:06 [INFO] [15416] 'DUŞ SPİRAL HORTUMU NARİN ÖRGÜLÜ GMS 175 ' | 220.00 TL | SKU: GMS.YD052
2026-09-28 08:35:09 [INFO] [4596] 'PERDE RAYI KORNİŞ İKİLİ 3 M SÜPER' | 125.00 TL | SKU: IŞIK.0100
2026-09-28 08:35:11 [INFO] [6079] 'STROPİYER PERDELİK 12x12 - 2MT' | 45.00 TL | SKU: STROPİYER.EPTB
2026-09-28 08:35:14 [INFO] [15584] 'FAN MİNİ USB ŞARJLI AVEC AV-F130' | 150.00 TL | SKU: AVEC.AV-F130
2026-09-28 08:35:16 [INFO] [15083] 'PALA TESTERE BÜYÜK 50CM' | 449.00 TL | SKU: WERT.2517
2026-09-28 08:35:19 [INFO] [4144] 'GEZER ÇİZME 218 SARI KISA KONÇ NO:42' | 399.00 TL | SKU: GEZER.00218.42
2026-09-28 08:35:21 [INFO] [15507] 'FIRÇA YAĞLI BOYA AHŞAP SAP NO:2 403 YILD' | 70.00 TL | SKU: YILDIRIMFIRÇA.403
2026-09-28 08:35:24 [INFO] [12978] 'KAPI HİDROLİĞİ NO:3(40-65 KG) KALE' | 1550.00 TL | SKU: KALE.KD002/50-330
2026-09-28 08:35:27 [INFO] [15477] 'SAC KESME KAPORTACI MAKASI DÜZ 300 MM ST' | 1450.00 TL | SKU: STANLEY.14.566
2026-09-28 08:35:29 [INFO] [15581] 'TOSHİBA PİL İNCE 10-LU AAA KUMANDA LR03/' | 215.00 TL | SKU: TOSHİBA.LR03GCA.BP-10C
2026-09-28 08:35:32 [INFO] [7531] 'POLİKARBON TRP 900*3000*3MM-FÜME' | 865.00 TL | SKU: POL.KRB.3000.02
2026-09-28 08:35:34 [INFO] [15753] 'EL FENERİ PT-6892 USB ŞARJLI' | 150.00 TL | SKU: PANTHER.PT-6892
2026-09-28 08:35:37 [INFO] [15748] 'ADAPTÖR TAKOZ CONTA GÜÇLÜ 1 ADET' | 12.50 TL | SKU: GÜÇLÜ.4105
2026-09-28 08:35:39 [INFO] [15640] 'KAZIMA BIÇAĞI 30 CM ALÜMİNYUM YENAL' | 380.00 TL | SKU: YENAL.Y08-KB.150210
2026-09-28 08:35:42 [INFO] [15524] 'ÇIRPI İPİ 70 GR. 75 MT' | 50.00 TL | SKU: WONDER.W01502
2026-09-28 08:35:44 [INFO] [7787] 'BAŞLI ÇİVİ TABANCA F25 1P=5000 AD' | 240.00 TL | SKU: RAYTEL.F25
2026-09-28 08:35:47 [INFO] [7789] 'BAŞLI ÇİVİ TABANCA F30 1P=5000 AD' | 280.00 TL | SKU: RAYTEL.F30
2026-09-28 08:35:49 [INFO] [15760] 'DERZMATİK KAHVERENGİ 360 GR' | 110.00 TL | SKU: DERZMATİK.05
2026-09-28 08:35:52 [INFO] [2918] 'LAVABO KNİDOS BEYAZ 60 CM BATARYA DELİKL' | 4160.00 TL | SKU: EGEVİT.8861110
2026-09-28 08:35:55 [INFO] [13032] 'KİMYASAL DÜBEL 300 ML SELENA' | 275.00 TL | SKU: SELENA.10049345
2026-09-28 08:35:57 [INFO] [4904] '100/50 REDÜKSİYON PİS SU PVC KALDE' | 38.00 TL | SKU: KALDE.5213RDC0M0K00
2026-09-28 08:35:59 [INFO] [4352] 'KÜRESEL REKORLU BAHÇE MUSLUĞU 1/2' | 395.00 TL | SKU: GMS.KBM115
2026-09-28 08:36:01 [INFO] [14707] 'FIRÇA TEMİZLİK BADANA BURSA 223' | 120.00 TL | SKU: İZMİRFIRÇA.C05094
2026-09-28 08:36:03 [INFO] [4894] '50/45 PİS SU PVC DİRSEK KALDE' | 17.00 TL | SKU: KALDE.5213ELB0K0045
2026-09-28 08:36:05 [INFO] [4895] '50/90 PİS SU PVC DİRSEK KALDE' | 19.00 TL | SKU: KALDE.5213ELB0K0090
2026-09-28 08:36:07 [INFO] [15721] 'SİFON KÖRÜKLÜ SABİT KAFALI 65X32 1100' | 50.00 TL | SKU: GÜÇLÜ.1100
2026-09-28 08:36:09 [INFO] [15266] 'SELSİL SIVI GRES ZİNCİR YAĞLAYICI 500ML' | 125.00 TL | SKU: SELSİL.SIVIGRES.01
2026-09-28 08:36:11 [INFO] [3205] 'EPS-30 3CM ADET BEYAZ' | 48.00 TL | SKU: EPS.12.0012
2026-09-28 08:36:13 [INFO] [5356] 'HORTUM KELEPÇESİ 13 MM 25X42' | 17.50 TL | SKU: P02009
2026-09-28 08:36:15 [INFO] [15665] 'KALE YALE DIŞ KAPI KİLİDİ + SİLİNDİR 45 ' | 1175.00 TL | SKU: KALE.152R4500267
2026-09-28 08:36:17 [INFO] [15151] 'KOLİ KALEMİ KIRMIZI YUMA 790-K' | 22.50 TL | SKU: YUMA.YM-790-K
2026-09-28 08:36:19 [INFO] [15644] 'KONTROL KALEMİ 190 MM YILDIZ UÇ ASLAN' | 40.00 TL | SKU: ASLAN.AS7205
2026-09-28 08:36:21 [INFO] [1633] 'LİKİT MEMBRAN ALFAHİBRİT BEYAZ 4,5 KG' | 4000.00 TL | SKU: BTM.0311
2026-09-28 08:36:23 [INFO] [13726] '0.40*86*3000 TRAPEZ (GRİ)' | 705.00 TL | SKU: RALL.7016.040.3000
2026-09-28 08:36:25 [INFO] [9200] 'GAZLI PİSTON YAVAŞ KAPANAN 080N-STD' | 90.00 TL | SKU: STD.959046800
2026-09-28 08:36:27 [INFO] [4314] 'FLEX BAĞLANTI 60CM 3/8- 3/8' | 60.00 TL | SKU: GMS.FB805
2026-09-28 08:36:30 [INFO] [11676] 'SHATTAF ŞATAF TAHARET FİX KROM GRİ SET D' | 250.00 TL | SKU: DIAMOND.SHT3053
2026-09-28 08:36:32 [INFO] [15733] 'SİFON KÖRÜKLÜ LÜKS GRİ 65X32 35-80 CM' | 75.00 TL | SKU: GÜÇLÜ.1250
2026-09-28 08:36:34 [INFO] [191] 'TOREX ÇATI VİDASI MATKAP UÇLU 6,3X50 AKB' | 47.00 TL | SKU: 8680613131456
2026-09-28 08:36:36 [INFO] [11996] 'SİLİKON ŞEFFAF ANTİ KÜF NÖTR TYTAN 280 M' | 185.00 TL | SKU: SELENA.177
2026-09-28 08:36:38 [INFO] [9164] 'GAZLI PİSTON 080N KISA-STD' | 59.00 TL | SKU: STD.928831800
2026-09-28 08:36:40 [INFO] [15801] 'SUNTA VİDASI 5x120 AKDENİZ (100)' | 325.00 TL | SKU: AKDENİZ.VSUN5120
2026-09-28 08:36:42 [INFO] [13163] 'MASTİK PU 280 ML PU-45 KIRMIZI' | 185.00 TL | SKU: SELENA.10051342
2026-09-28 08:36:44 [INFO] [7955] 'MAKET BIÇAĞI RAK119 SARI PVC GENİŞ RTRMA' | 50.00 TL | SKU: RTRMAX.RAK119
2026-09-28 08:36:46 [INFO] [4259] '0.30*875*300 OLUKLU' | 525.00 TL | SKU: GLV.SAC.030.3000
2026-09-28 08:36:48 [INFO] [13718] '0.40*86*2000 TRAPEZ (BEYAZ)' | 450.00 TL | SKU: RALL.9002.040.2000
2026-09-28 08:36:49 [INFO] [4257] '0.30*875*200 OLUKLU' | 350.00 TL | SKU: GLV.SAC.030.2000
2026-09-28 08:36:51 [INFO] [4254] '0.30 TRAPEZ MAHYA' | 150.00 TL | SKU: GLV.SAC.030.TMHY
2026-09-28 08:36:52 [INFO] [4261] '0.40*86*250 TRAPEZ' | 500.00 TL | SKU: GLV.SAC.040.2500
2026-09-28 08:36:54 [INFO] [13728] '0.40*86*2500 TRAPEZ (BEYAZ)' | 562.50 TL | SKU: RALL.9002.040.2500
2026-09-28 08:36:56 [INFO] [4483] 'TEL FIRÇA PVC SAPLI SARI TEL (HA10151)' | 100.00 TL | SKU: HAWK.HA10151
2026-09-28 08:36:57 [INFO] [13729] '0.40*86*3000 TRAPEZ (BEYAZ)' | 675.00 TL | SKU: RALL.9002.040.3000
2026-09-28 08:36:59 [INFO] [188] 'TOREX ÇATI VİDASI MATKAP UÇLU 6,3X25 AKB' | 47.00 TL | SKU: 8680613131425
2026-09-28 08:37:01 [INFO] [13720] '0.40*86*2000 TRAPEZ (BORDO)' | 450.00 TL | SKU: RALL.3009.040.2000
2026-09-28 08:37:02 [INFO] [13727] '0.40*86*4000 TRAPEZ (GRİ)' | 940.00 TL | SKU: RALL.7016.040.4000
2026-09-28 08:37:02 [INFO] ... ilerleme 400/817 (tazelenen 398, basarisiz 2, korunan 2, atlanan 0)
2026-09-28 08:37:04 [INFO] [15011] '0.50*100*200(DÜZ SAC)' | 450.00 TL | SKU: GLV.SAC.050.100X200
2026-09-28 08:37:05 [INFO] [4258] '0.30*875*250 OLUKLU' | 437.50 TL | SKU: GLV.SAC.030.2500
2026-09-28 08:37:07 [INFO] [7727] '0.50*105*2000 TRAPEZ (BEYAZ)' | 550.00 TL | SKU: RALL.9002.050.2000
2026-09-28 08:37:09 [INFO] [14764] '0.50*15*200 KAR TUTUCU AKSESUAR ANTRASİT' | 155.00 TL | SKU: RALL.7016.050.AKS.02
2026-09-28 08:37:10 [INFO] [13721] '0.40*86*2500 TRAPEZ (BORDO)' | 562.50 TL | SKU: RALL.3009.040.2500
2026-09-28 08:37:12 [INFO] [14766] '0.50*25*25*2000 DÜZ MAHYA (BORDO)' | 425.00 TL | SKU: RALL.3009.050.MHY01
2026-09-28 08:37:14 [INFO] [14767] '0.50*15*200 L KÖŞE AKSESUAR BORDO' | 153.00 TL | SKU: RALL.3009.050.AKS.04
2026-09-28 08:37:15 [INFO] [14769] '0.50*30*200 ALIN KAPAMA AKSESUAR BORDO' | 192.50 TL | SKU: RALL.3009.050.AKS.01
2026-09-28 08:37:17 [INFO] [7689] '0.50*3009 RULO SAC 30-CM' | 70.00 TL | SKU: RALL.3009.300.01
2026-09-28 08:37:19 [INFO] [7724] '0.50*7016 RULO SAC A.GRİ 30-CM' | 72.50 TL | SKU: RALL.7016.300.01
2026-09-28 08:37:20 [INFO] [7725] '0.50*7016 RULO SAC A.GRİ 50 CM' | 72.50 TL | SKU: RALL.7016.500.01
2026-09-28 08:37:22 [INFO] [7723] '0.50*86*30*30 TRP MAHYA 7016-(A.GRİ)' | 265.00 TL | SKU: RALL.7016.050.MHY
2026-09-28 08:37:24 [INFO] [7738] '0.50*86*30*30 TRP MAHYA 9002-(BEYAZ)' | 225.00 TL | SKU: RALL.9002.050.MHY
2026-09-28 08:37:25 [INFO] [13719] '0.40*86*4000 TRAPEZ (BEYAZ)' | 900.00 TL | SKU: RALL.9002.040.4000
2026-09-28 08:37:27 [INFO] [7730] '0.50*86*4000 TRAPEZ (BEYAZ)' | 1020.00 TL | SKU: RALL.9002.050.4000
2026-09-28 08:37:28 [INFO] [7696] '0.50*86*4500 TRAPEZ (BORDO)' | 1105.00 TL | SKU: RALL.3009.050.4500
2026-09-28 08:37:29 [INFO] [15026] 'KALE 164GNC 90 MM NİKEL' | 690.00 TL | SKU: KALE.164GNC00088
2026-09-28 08:37:31 [INFO] [7719] '0.50*86*5000 TRAPEZ (GRİ)' | 1325.00 TL | SKU: RALL.7016.050.5000
2026-09-28 08:37:32 [INFO] [7717] '0.50*86*3500 TRAPEZ (GRİ)' | 927.50 TL | SKU: RALL.7016.050.3500
2026-09-28 08:37:33 [INFO] [7734] '0.50*86*6000 TRAPEZ (BEYAZ)' | 1530.00 TL | SKU: RALL.9002.050.6000
2026-09-28 08:37:35 [INFO] [7699] '0.50*86*6000 TRAPEZ (BORDO)' | 1470.00 TL | SKU: RALL.3009.050.6000
2026-09-28 08:37:36 [INFO] [12001] 'RULO DEKOR SİLTEKS 25CM' | 275.00 TL | SKU: DEKOR.1012
2026-09-28 08:37:37 [INFO] [7722] '0.50*1000*2000 DÜZ SAÇ (GRİ)' | 530.00 TL | SKU: RALL.7016.1000.02
2026-09-28 08:37:39 [INFO] [1928] 'ADERTEK YAPIŞTIRMA ALÇISI (25 KG)' | 210.00 TL | SKU: DALSAN.106
2026-09-28 08:37:40 [INFO] [7701] '0.50*86*7000 TRAPEZ (BORDO)' | 1715.00 TL | SKU: RALL.3009.050.7000
2026-09-28 08:37:41 [INFO] [9128] 'ALÇ.VİDA MATKAP 25 (1000 AD) STD' | 425.00 TL | SKU: STD.900198700
2026-09-28 08:37:43 [INFO] [10092] 'ARDUAZLI POLİSER 400-PAR EXPO KIRMIZI (P' | 1900.00 TL | SKU: YALTEKS.200020.52
2026-09-28 08:37:44 [INFO] [7721] '0.50*86*6000 TRAPEZ (GRİ)' | 1590.00 TL | SKU: RALL.7016.050.6000
2026-09-28 08:37:45 [INFO] [7731] '0.50*86*4500 TRAPEZ (BEYAZ)' | 1150.00 TL | SKU: RALL.9002.050.4500
2026-09-28 08:37:46 [INFO] [14791] '0.50*25*25*2000 DÜZ MAHYA (GRİ)' | 440.00 TL | SKU: RALL.7016.050.MHY02
2026-09-28 08:37:48 [INFO] [9136] 'BETOFAST 6.3*105 1 AD' | 4.25 TL | SKU: STD.900242700
2026-09-28 08:37:49 [INFO] [1793] 'ÇATI ÇIKIŞ KAPAĞI TRAPEZ 3009 BORDO (PLK' | 2000.00 TL | SKU: ÇATI.001
2026-09-28 08:37:50 [INFO] [1868] 'COREX FALCON KIRMIZI ALÇIPAN -120*250 (3' | 375.00 TL | SKU: DALSAN.203
2026-09-28 08:37:52 [INFO] [11538] 'BATARYA LALE MİX LAVABO' | 1975.00 TL | SKU: GMS.LA100
2026-09-28 08:37:53 [INFO] [4624] 'ASMA TAVAN PVC 60X60 GÖKYÜZÜ (0.36-M2)' | 100.00 TL | SKU: IŞIK.061.BB031
2026-09-28 08:37:54 [INFO] [3938] 'DC-50 045 MM GOLD 35X50X35 3 M 1 AD (12)' | 110.00 TL | SKU: FOUR.045.DC-50.3000
2026-09-28 08:37:56 [INFO] [5206] 'AKGÜN KİREMİT MARSİLYA SİLİKONLU KIRMIZI' | 30.00 TL | SKU: KİREMİT.007
2026-09-28 08:37:57 [INFO] [7698] '0.50*86*5500 TRAPEZ (BORDO)' | 1347.50 TL | SKU: RALL.3009.050.5500
2026-09-28 08:37:58 [INFO] [3934] 'DU-75 040 MM EKO 30X75X30 3 M 1 AD (12)' | 92.50 TL | SKU: FOUR.040.DU-75.3000
2026-09-28 08:38:00 [INFO] [1703] 'CAM SUYU 5 LT -25' | 99.00 TL | SKU: LEMONEN.CS.5LT
2026-09-28 08:38:01 [INFO] [3208] 'EPS-50 KARBONLU 2CM 50*100 (25AD 12,5m2)' | 709.00 TL | SKU: EPS.14.0010
2026-09-28 08:38:02 [INFO] [3936] 'DU-100 045 MM GOLD 30X100X30 3 M 1 AD (1' | 130.00 TL | SKU: FOUR.045.DU-100.3000
2026-09-28 08:38:03 [INFO] [3932] 'DU-50 040 MM EKO 30X50X30 3 M 1 AD (12)' | 80.00 TL | SKU: FOUR.040.DU-50.3000
2026-09-28 08:38:05 [INFO] [3940] 'DC-75 045 MM GOLD 35X75X35 3 M 1 AD (12)' | 125.00 TL | SKU: FOUR.045.DC-75.3000
2026-09-28 08:38:06 [INFO] [13722] '0.40*86*3000 TRAPEZ (BORDO)' | 675.00 TL | SKU: RALL.3009.040.3000
2026-09-28 08:38:07 [INFO] [4658] 'İNŞAAT ÇİVİSİ 10 LUK 18X45' | 55.00 TL | SKU: İNŞ.ÇİV.0008
2026-09-28 08:38:08 [INFO] [11974] 'EPS-30 KARBONLU 10CM 50*100-DARKSS (5AD ' | 630.00 TL | SKU: EPS.12.0006
2026-09-28 08:38:10 [INFO] [4654] 'İNŞAAT ÇİVİSİ 7 LİK 16X30' | 55.00 TL | SKU: İNŞ.ÇİV.0004
2026-09-28 08:38:11 [INFO] [3211] 'EPS-50 KARBONLU 5CM 50*100 (10AD 5m2) DA' | 709.00 TL | SKU: EPS.14.0013
2026-09-28 08:38:12 [INFO] [5246] 'KNAUF MİNERAL PLUS IPB039 5 CM (14,4m2)' | 925.00 TL | SKU: KNAUF.IPB039
2026-09-28 08:38:13 [INFO] [3920] 'KÖŞE ÇITASI DELİKLİ EKO 030 17X21 2.70 M' | 25.00 TL | SKU: FOUR.030.KÇYD.17X21.2700
2026-09-28 08:38:15 [INFO] [9344] 'GAZ BETON 05-CM (60x25X05) 1AD 0.15 M2' | 32.50 TL | SKU: STT.017
2026-09-28 08:38:16 [INFO] [3640] 'HARÇ KATKISI F1-20 KG FAWORİ' | 1200.00 TL | SKU: FAWORİ.068
2026-09-28 08:38:17 [INFO] [3937] 'DC-50 040 MM EKO 35X49X35 3 M 1 AD (12)' | 100.00 TL | SKU: FOUR.040.DC-50.3000
2026-09-28 08:38:18 [INFO] [1966] 'MAHYA HARCI KIRMIZI QF-140 25 KG' | 275.00 TL | SKU: DARKSS.YK.QF140K
2026-09-28 08:38:20 [INFO] [3523] 'MAKARA KEPLİ 50 LİK' | 144.00 TL | SKU: FALO.50KM
2026-09-28 08:38:21 [INFO] [5806] 'MAKET BIÇAĞI 9 MM RM-29109' | 50.00 TL | SKU: MAX.RM29109
2026-09-28 08:38:22 [INFO] [3921] 'KÖŞE ÇITASI DELİKSİZ GLV 030 2.7 M 1 AD' | 30.00 TL | SKU: FOUR.030.KÇ.12X21.2700
2026-09-28 08:38:23 [INFO] [4656] 'İNŞAAT ÇİVİSİ 8 LİK 17X36' | 55.00 TL | SKU: İNŞ.ÇİV.0006
2026-09-28 08:38:25 [INFO] [14995] 'MANTOLAMA DÜBELİ TABANCALI 100 MM (1000A' | 5500.00 TL | SKU: STAR.MDÇ.100M
2026-09-28 08:38:26 [INFO] [12901] 'ELDİVEN SARI PAMUK ASTARLI LİKRALI NO:10' | 69.00 TL | SKU: BEYBİ.İ0401890
2026-09-28 08:38:27 [INFO] [1770] 'MAKET BIÇAĞI YEDEĞİ 10 LU GENİŞ 18MM WON' | 65.00 TL | SKU: WONDER.STMK02003
2026-09-28 08:38:28 [INFO] [4999] 'METAL KESİCİ İNOX 115x1x22 KARBOSAN' | 30.00 TL | SKU: KARBOSAN.910380
2026-09-28 08:38:30 [INFO] [9119] 'MATKAP UÇLU VİDA RYSB 3.9x16 (2000 AD.)' | 990.00 TL | SKU: STD.900159700
2026-09-28 08:38:31 [INFO] [3922] 'KÖŞE ÇITASI LED PROFİLİ GLV 030 12X21 2.' | 23.00 TL | SKU: FOUR.030.KÇLD.12X21.2700
2026-09-28 08:38:32 [INFO] [13563] 'MASTİK PU 280 ML PU-45 BEYAZ' | 199.00 TL | SKU: SELENA.10049346
2026-09-28 08:38:34 [INFO] [7319] 'PANEL ÇİT DİREK 120CM YEŞİL (50*50*1,50)' | 250.00 TL | SKU: PANELÇİT.0010
2026-09-28 08:38:35 [WARNING] [7333] 429 Too Many Requests — 85s bekleniyor (deneme 1/3, hiz 0.4/sn)
2026-09-28 08:38:37 [WARNING] [15613] 429 Too Many Requests — 83s bekleniyor (deneme 1/3, hiz 0.2/sn)
2026-09-28 08:38:42 [WARNING] [7332] 429 Too Many Requests — 78s bekleniyor (deneme 1/3, hiz 0.2/sn)
2026-09-28 08:38:47 [WARNING] [7324] 429 Too Many Requests — 73s bekleniyor (deneme 1/3, hiz 0.2/sn)
2026-09-28 08:38:52 [WARNING] [3924] 429 Too Many Requests — 68s bekleniyor (deneme 1/3, hiz 0.2/sn)
2026-09-28 08:38:57 [WARNING] [2492] 429 Too Many Requests — 63s bekleniyor (deneme 1/3, hiz 0.2/sn)
2026-09-28 08:39:02 [WARNING] [4651] 429 Too Many Requests — 58s bekleniyor (deneme 1/3, hiz 0.2/sn)
2026-09-28 08:39:07 [WARNING] [12762] 429 Too Many Requests — 53s bekleniyor (deneme 1/3, hiz 0.2/sn)
2026-09-28 08:40:00 [INFO] [7333] 'PANEL ÇİT KLİPS PVC-ANTRASİT GRİ 1 AD' | 10.00 TL | SKU: PANELÇİT.0034
2026-09-28 08:40:01 [INFO] [7332] 'PANEL ÇİT KAPAK PVC-A.GRİ' | 10.00 TL | SKU: PANELÇİT.0033
2026-09-28 08:40:01 [INFO] [12762] 'POLİKARBON TRP 900*7000*3MM-FÜME' | 2000.00 TL | SKU: POL.KRB.7000.02
2026-09-28 08:40:05 [INFO] [4651] 'İNŞAAT ÇİVİSİ 5 LİK' | 55.00 TL | SKU: İNŞ.ÇİV.0001
2026-09-28 08:40:10 [INFO] [4664] 'SHINGLE ÇİVİSİ 20MM' | 135.00 TL | SKU: İNŞ.ÇİV.01.20
2026-09-28 08:40:15 [INFO] [8499] 'PU KÖPÜK PİPETLİ 600 GR (1KT-12AD)' | 149.00 TL | SKU: SELENA.10049313
2026-09-28 08:40:20 [INFO] [15613] 'PANEL ÇİT DİREK 150CM A.GRİ (50*50*1,50)' | 315.00 TL | SKU: PANELÇİT.0020.7017
2026-09-28 08:40:25 [INFO] [3924] 'KÖŞE ÇITASI MAKİNA GLV 035 36X36 3.00 MT' | 30.00 TL | SKU: FOUR.035.BD.39X39.3000
2026-09-28 08:40:30 [INFO] [12409] 'SUNTA VİDASI 6x120 AKDENİZ (100)' | 175.00 TL | SKU: AKDENİZ.VSUN60120GAL
2026-09-28 08:40:35 [INFO] [9146] 'TRP.VİDA 5,5*50-12MM 1 AD' | 3.50 TL | SKU: STD.909845800
2026-09-28 08:40:40 [INFO] [7324] 'PANEL ÇİT 100CM A.GRİ (2500*5*15) 4-MM' | 565.00 TL | SKU: PANELÇİT.0100.7016
2026-09-28 08:40:45 [INFO] [2492] 'MAKLUX MAKİNE ALÇISI  35 KG RİGİPS' | 180.00 TL | SKU: DALSAN.102
2026-09-28 08:40:50 [INFO] [9096] 'TRP.VİDA 5,5*50-5MM 1 AD' | 2.50 TL | SKU: STD.900040700
2026-09-28 08:40:55 [INFO] [10048] 'WALLBOARD T-1500 5 CM (8-AD 5,76M2)' | 1300.00 TL | SKU: XPS.005
2026-09-28 08:41:00 [INFO] [10922] 'WATERNOT SU-BUHAR-NEM BARİYERİ ALÜMİNYUM' | 249.00 TL | SKU: DARKSS.0040
2026-09-28 08:41:05 [INFO] [1980] 'YÜZEY SERTLEŞTİRİCİ KUVARS GRİ NATUREL-2' | 269.00 TL | SKU: DARKSS.YK.QF444G
2026-09-28 08:41:10 [INFO] [3928] 'TJ 035 MM EKO 2X3CMX 4MM 1 AD (24)' | 37.50 TL | SKU: FOUR.035.TJ.3000
2026-09-28 08:41:15 [INFO] [14581] 'TORNAVİDA YILDIZ KIRMIZI 5X100' | 49.00 TL | SKU: PROSCR.02649.5X100
2026-09-28 08:41:20 [INFO] [15695] 'ZEBO ZB-444 ZEMİN BOYASI KOYU GRİ RAL 70' | 1500.00 TL | SKU: ZEBO.7040-3.5KG
2026-09-28 08:41:25 [INFO] [9114] 'TRP.VİDA 5,5*75-5MM 1 AD' | 3.50 TL | SKU: STD.900145700
2026-09-28 08:41:30 [INFO] [8492] 'SİLİKON BEYAZ 280 GR POLYFİX ÜNV(1KT 24A' | 80.00 TL | SKU: SELENA.10049305
2026-09-28 08:41:35 [INFO] [15848] 'TOSHİBA PİL KALEM AA LR6 10 LU TOSHİBA' | 199.00 TL | SKU: TOSHİBA.002.001.087
2026-09-28 08:41:40 [INFO] [4870] '100/2000 PİS SU BORU KALDE' | 346.00 TL | SKU: KALDE.5203TBE0M2000
2026-09-28 08:41:45 [INFO] [6161] 'SEMER 42*45 3009 BORDO SEMER' | 4.00 TL | SKU: NALBUR.037
2026-09-28 08:41:50 [INFO] [14281] 'ELDİVEN LATEX 3/4 PREMİUM CMC1740' | 80.00 TL | SKU: CMC.1740
2026-09-28 08:41:54 [INFO] [4879] '50/150 PİS SU BORU KALDE' | 28.00 TL | SKU: KALDE.5203TBEXK0150
2026-09-28 08:41:58 [INFO] [6461] 'KİLİT KARŞILIĞI KROM EXTRA 25 CM' | 26.00 TL | SKU: NOBEL.3293729
2026-09-28 08:42:02 [INFO] [4834] '32 KÜRESEL VANA PPRC KALDE' | 190.00 TL | SKU: KALDE.3242VLB320003
2026-09-28 08:42:06 [INFO] [4911] '50/50 ÇATAL PİS SU PVC KALDE' | 35.00 TL | SKU: KALDE.5213SBR0K0K45
2026-09-28 08:42:10 [INFO] [4922] '100 KAYAR MANŞON PİS SU PVC KALDE' | 64.00 TL | SKU: KALDE.5213SOCXM0000
2026-09-28 08:42:14 [INFO] [3926] 'TU 040 MM GOLD 23X28X23 3 M 1 AD (24)' | 52.50 TL | SKU: FOUR.040.TU-28.23.3000
2026-09-28 08:42:18 [INFO] [15114] 'AMPUL LEDOLET 15W SARI 3000K' | 47.50 TL | SKU: LEDOLET.15WS
2026-09-28 08:42:22 [INFO] [4881] '50/500 PİS SU BORU PPRC KALDE' | 70.00 TL | SKU: KALDE.5203TBEXK0500
2026-09-28 08:42:22 [INFO] ... ilerleme 500/817 (tazelenen 498, basarisiz 2, korunan 2, atlanan 0)
2026-09-28 08:42:26 [INFO] [15107] 'AMPUL LEDOLET 8.5 W BEYAZ 6500K' | 27.50 TL | SKU: LEDOLET.8.5WBEYAZ
2026-09-28 08:42:30 [INFO] [4774] '25/90 DİRSEK KAPALI PPRC KALDE' | 5.00 TL | SKU: KALDE.3212ELB250000
2026-09-28 08:42:34 [INFO] [4912] '50/50 TE PİS SU PVC KALDE' | 31.00 TL | SKU: KALDE.5213SBR0K0K87
2026-09-28 08:42:38 [INFO] [11012] '50/2000 PİS SU BORU PPRC KALDE' | 147.00 TL | SKU: KALDE.5203TBE0K2000
2026-09-28 08:42:42 [INFO] [6767] 'BATARYA BETA MİX BEYAZ EVYE KUĞU NOBEL' | 1531.00 TL | SKU: NOBEL.702103B
2026-09-28 08:42:46 [INFO] [1969] 'SERAMİK YAPIŞTIRICI BEYAZ QF121 C1T-25 K' | 235.00 TL | SKU: DARKSS.YK.QF121B
2026-09-28 08:42:50 [INFO] [3930] 'TC 045 MM GOLD 27X60X27 3 M 1 AD (12)' | 95.00 TL | SKU: FOUR.045.TC-60.27.3000
2026-09-28 08:42:54 [INFO] [9168] 'BİTS UÇ PH2-25MM STANDART' | 25.00 TL | SKU: STD.933521800
2026-09-28 08:42:58 [INFO] [1801] 'ÇELİK ÇİVİ 4X40(1PKT=100AD)' | 80.00 TL | SKU: ÇELİK.CİVİ.003
2026-09-28 08:43:02 [INFO] [6802] 'ASKILIK İKİLİ KROM ECO FIESTA 721306' | 93.00 TL | SKU: NOBEL.721306
2026-09-28 08:43:06 [INFO] [9301] 'EL ARABASI TEKERLEĞİ HAVALI METAL JANT' | 399.00 TL | SKU: STD.970851800
2026-09-28 08:43:10 [INFO] [14339] 'ÇELİK DÜBEL KLİPSLİ 8x75mm 1 AD' | 9.50 TL | SKU: STKEPS.24001
2026-09-28 08:43:14 [INFO] [4325] 'FLEX BAĞLANTI 70CM 1/2- 1/2' | 190.00 TL | SKU: GMS.FB825
2026-09-28 08:43:18 [INFO] [4313] 'FLEX BAĞLANTI 40CM 3/8- 3/8' | 50.00 TL | SKU: GMS.FB803
2026-09-28 08:43:22 [INFO] [15103] 'AMPUL LEDOLET 18W BEYAZ LED 6500K' | 57.50 TL | SKU: LEDOLET.18W
2026-09-28 08:43:26 [INFO] [6804] 'HAVLULUK UZUN KROM ECO FIESTA 721311' | 130.00 TL | SKU: NOBEL.721311
2026-09-28 08:43:30 [INFO] [10774] 'GÖMME REZ. KUM. PANELİ OLİMPOS BEYAZ' | 885.00 TL | SKU: VİSAM.230.003
2026-09-28 08:43:33 [INFO] [12579] 'KLOZET KAPAK KONA YAVAŞ KAPANIR PASLANMA' | 1250.00 TL | SKU: BG.102114100
2026-09-28 08:43:36 [INFO] [13691] 'HORTUM BAĞLANTI 3/4 ERKEK DAYE DY8112' | 45.00 TL | SKU: DAYE.8112
2026-09-28 08:43:40 [INFO] [12939] 'FOLYO BANT 44X25 MT' | 99.00 TL | SKU: GLOBUS.GLO10325
2026-09-28 08:43:43 [INFO] [11681] 'ASPİRATÖR BORU REDÜKSİYONU 70-100-120-13' | 45.00 TL | SKU: NOBEL.350024
2026-09-28 08:43:46 [INFO] [4366] 'KÜRESEL VANA 1/2' | 390.00 TL | SKU: GMS.KV303
2026-09-28 08:43:49 [INFO] [9137] 'BETOFAST 6.3*125 1 AD' | 5.00 TL | SKU: STD.900243700
2026-09-28 08:43:52 [INFO] [14720] 'MANYETİK SOMUN ADAPTÖRÜ 10x45 MM' | 30.00 TL | SKU: WONDER.STW01273
2026-09-28 08:43:56 [INFO] [3971] 'MÜDAHALE KAPAĞI FOUR 40x40' | 510.00 TL | SKU: FOUR.MDK4040
2026-09-28 08:43:59 [INFO] [13504] 'PVC BORU KESME MAKASI 42mm PARTNER' | 360.00 TL | SKU: PARTNER.PT01447
2026-09-28 08:44:02 [INFO] [9815] 'RÖGAR KUTUSU 30x30+IZGARALI KAPAK' | 375.00 TL | SKU: TORUN.RGR.1008
2026-09-28 08:44:05 [INFO] [688] 'KAPLİN 20 1/2 DIŞ DİŞLİ ADAPTÖR A8050' | 29.00 TL | SKU: ARANGÜL.A8050
2026-09-28 08:44:08 [INFO] [15913] 'PÜRMÜZ POŞETLİ (ORGAZ)' | 400.00 TL | SKU: ORGAZ.YAK400
2026-09-28 08:44:11 [INFO] [15807] 'TABANCA YÜKSEK BASINÇLI OTO YIKAMA SULAM' | 1599.00 TL | SKU: AUTOKİT.FA2-1349
2026-09-28 08:44:15 [INFO] [6146] 'ONDULİN ÇİVİSİ METAL BAŞLI KIRMIZI 10 CM' | 185.00 TL | SKU: NALBUR.010.02
2026-09-28 08:44:18 [INFO] [9214] 'BİTS UÇ MANYETİK UZATMA ADAPTÖRÜ 60 MM' | 30.00 TL | SKU: CMC.6567
2026-09-28 08:44:21 [INFO] [4625] 'ASMA TAVAN PVC 60X60 TAŞYÜNÜ (0.36-M2)' | 100.00 TL | SKU: IŞIK.061.BB033
2026-09-28 08:44:24 [INFO] [15909] 'KÖŞEBENT 30X30 MAT KROM ALÜMİNYUM 2.70 M' | 315.00 TL | SKU: TESAY.FKD30
2026-09-28 08:44:28 [INFO] [4825] '20 1/2 İÇ DİŞLİ TE PPRC KALDE' | 58.00 TL | SKU: KALDE.3222TFO200B20
2026-09-28 08:44:31 [WARNING] [4840] 429 Too Many Requests — 300s bekleniyor (deneme 1/3, hiz 0.2/sn)
2026-09-28 08:44:36 [WARNING] [2703] 429 Too Many Requests — 300s bekleniyor (deneme 1/3, hiz 0.2/sn)
2026-09-28 08:44:41 [WARNING] [4905] 429 Too Many Requests — 300s bekleniyor (deneme 1/3, hiz 0.2/sn)
2026-09-28 08:44:46 [WARNING] [7053] 429 Too Many Requests — 300s bekleniyor (deneme 1/3, hiz 0.2/sn)
2026-09-28 08:44:51 [WARNING] [4851] 429 Too Many Requests — 300s bekleniyor (deneme 1/3, hiz 0.2/sn)
2026-09-28 08:44:56 [WARNING] [5379] 429 Too Many Requests — 300s bekleniyor (deneme 1/3, hiz 0.2/sn)
2026-09-28 08:45:01 [WARNING] [3797] 429 Too Many Requests — 300s bekleniyor (deneme 1/3, hiz 0.2/sn)
2026-09-28 08:45:06 [WARNING] [6338] 429 Too Many Requests — 300s bekleniyor (deneme 1/3, hiz 0.2/sn)
2026-09-28 08:49:31 [WARNING] [4840] 429 Too Many Requests — 300s bekleniyor (deneme 2/3, hiz 0.2/sn)
2026-09-28 08:49:36 [WARNING] [2703] 429 Too Many Requests — 300s bekleniyor (deneme 2/3, hiz 0.2/sn)
2026-09-28 08:49:41 [WARNING] [4905] 429 Too Many Requests — 300s bekleniyor (deneme 2/3, hiz 0.2/sn)
2026-09-28 08:49:46 [WARNING] [7053] 429 Too Many Requests — 300s bekleniyor (deneme 2/3, hiz 0.2/sn)
2026-09-28 08:49:51 [WARNING] [4851] 429 Too Many Requests — 300s bekleniyor (deneme 2/3, hiz 0.2/sn)
2026-09-28 08:49:56 [WARNING] [5379] 429 Too Many Requests — 300s bekleniyor (deneme 2/3, hiz 0.2/sn)
2026-09-28 08:50:01 [WARNING] [3797] 429 Too Many Requests — 300s bekleniyor (deneme 2/3, hiz 0.2/sn)
2026-09-28 08:50:06 [WARNING] [6338] 429 Too Many Requests — 300s bekleniyor (deneme 2/3, hiz 0.2/sn)
2026-09-28 08:54:32 [WARNING] [4840] 429 Too Many Requests — 300s bekleniyor (deneme 3/3, hiz 0.2/sn)
2026-09-28 08:54:36 [WARNING] [2703] 429 Too Many Requests — 300s bekleniyor (deneme 3/3, hiz 0.2/sn)
2026-09-28 08:54:41 [WARNING] [4905] 429 Too Many Requests — 300s bekleniyor (deneme 3/3, hiz 0.2/sn)
2026-09-28 08:54:46 [WARNING] [7053] 429 Too Many Requests — 300s bekleniyor (deneme 3/3, hiz 0.2/sn)
2026-09-28 08:54:51 [WARNING] [4851] 429 Too Many Requests — 300s bekleniyor (deneme 3/3, hiz 0.2/sn)
2026-09-28 08:54:56 [WARNING] [5379] 429 Too Many Requests — 300s bekleniyor (deneme 3/3, hiz 0.2/sn)
2026-09-28 08:55:01 [WARNING] [3797] 429 Too Many Requests — 299s bekleniyor (deneme 3/3, hiz 0.2/sn)
2026-09-28 08:55:06 [WARNING] [6338] 429 Too Many Requests — 294s bekleniyor (deneme 3/3, hiz 0.2/sn)
2026-09-28 08:59:32 [ERROR] [https://yapimaks.com/20-1-2-rekor-oynar-basli-ic-disli-kalde-p4840] Tum denemeler basarisiz: None
2026-09-28 08:59:32 [WARNING] [https://yapimaks.com/20-1-2-rekor-oynar-basli-ic-disli-kalde-p4840] Eski satir korundu, yarin tekrar denenir.
2026-09-28 08:59:33 [WARNING] [4896] 429 Too Many Requests — 27s bekleniyor (deneme 1/3, hiz 0.2/sn)
2026-09-28 08:59:36 [ERROR] [https://yapimaks.com/saklama-kabi-1800-ml-master-dikdortgen-p2703] Tum denemeler basarisiz: None
2026-09-28 08:59:36 [WARNING] [https://yapimaks.com/saklama-kabi-1800-ml-master-dikdortgen-p2703] Eski satir korundu, yarin tekrar denenir.
2026-09-28 08:59:36 [WARNING] [1645] 429 Too Many Requests — 24s bekleniyor (deneme 1/3, hiz 0.2/sn)
2026-09-28 08:59:41 [ERROR] [https://yapimaks.com/100-70-reduksiyon-pis-su-pvc-kalde-p4905] Tum denemeler basarisiz: None
2026-09-28 08:59:41 [WARNING] [https://yapimaks.com/100-70-reduksiyon-pis-su-pvc-kalde-p4905] Eski satir korundu, yarin tekrar denenir.
2026-09-28 08:59:41 [WARNING] [4822] 429 Too Many Requests — 19s bekleniyor (deneme 1/3, hiz 0.2/sn)
2026-09-28 08:59:46 [ERROR] [https://yapimaks.com/ondulin-mahya-kirmizi-2-mt-p7053] Tum denemeler basarisiz: None
2026-09-28 08:59:46 [WARNING] [https://yapimaks.com/ondulin-mahya-kirmizi-2-mt-p7053] Eski satir korundu, yarin tekrar denenir.
2026-09-28 08:59:47 [WARNING] [9597] 429 Too Many Requests — 13s bekleniyor (deneme 1/3, hiz 0.2/sn)
2026-09-28 08:59:51 [ERROR] [https://yapimaks.com/20-kortapa-disli-pprc-kalde-p4851] Tum denemeler basarisiz: None
2026-09-28 08:59:51 [WARNING] [https://yapimaks.com/20-kortapa-disli-pprc-kalde-p4851] Eski satir korundu, yarin tekrar denenir.
2026-09-28 08:59:52 [WARNING] [9998] 429 Too Many Requests — 9s bekleniyor (deneme 1/3, hiz 0.2/sn)
2026-09-28 08:59:56 [ERROR] [https://yapimaks.com/kose-baglanti-gonyesi-40x40x40-p5379] Tum denemeler basarisiz: None
2026-09-28 08:59:56 [WARNING] [https://yapimaks.com/kose-baglanti-gonyesi-40x40x40-p5379] Eski satir korundu, yarin tekrar denenir.
2026-09-28 08:59:56 [WARNING] [11213] 429 Too Many Requests — 4s bekleniyor (deneme 1/3, hiz 0.2/sn)
2026-09-28 09:00:00 [INFO] [9597] 'İÇ CEPHE BOYASI TEMPO SİL MAT BAZ-2 3.5 ' | 450.00 TL | SKU: TEMPO.0006
2026-09-28 09:00:00 [ERROR] [https://yapimaks.com/kontrol-kalemi-klasik-seffaf-p6338] Tum denemeler basarisiz: None
2026-09-28 09:00:00 [WARNING] [https://yapimaks.com/kontrol-kalemi-klasik-seffaf-p6338] Eski satir korundu, yarin tekrar denenir.
2026-09-28 09:00:00 [ERROR] [https://yapimaks.com/kuresel-vana-1-dis-disli-mavi-kelebek-firat-p3797] Tum denemeler basarisiz: None
2026-09-28 09:00:00 [WARNING] [https://yapimaks.com/kuresel-vana-1-dis-disli-mavi-kelebek-firat-p3797] Eski satir korundu, yarin tekrar denenir.
2026-09-28 09:00:00 [INFO] [4896] '70/45 PİS SU PVC DİRSEK KALDE' | 28.00 TL | SKU: KALDE.5213ELB0L0045
2026-09-28 09:00:02 [INFO] [1645] 'GÖNYE MARANGOZ 500 MM 12249-BTS' | 100.00 TL | SKU: BTS.12249
2026-09-28 09:00:08 [INFO] [6152] 'ONDULİN ÇİVİSİ PVC BAŞLI KIRMIZI 10 CM (' | 1.75 TL | SKU: NALBUR.016
2026-09-28 09:00:13 [INFO] [13833] 'PASSION GRİ 33X33 2K ASG R10 KAYMAZ (1 M' | 299.00 TL | SKU: EGESER.333x333PSN13.2K
2026-09-28 09:00:18 [INFO] [12222] 'METRE ŞERİT 5MT 25MM BTS12359' | 165.00 TL | SKU: BTS.12359
2026-09-28 09:00:23 [INFO] [12754] 'SHINGLE ÇİVİSİ 25MM' | 135.00 TL | SKU: İNŞ.ÇİV.025.25
2026-09-28 09:00:28 [INFO] [11558] 'SARI NİPEL 1/2' | 60.00 TL | SKU: GMS.SM705
2026-09-28 09:00:33 [INFO] [15224] 'ORGANİZER 13" ŞEFFAF SİYAH PVC' | 190.00 TL | SKU: SÖNMEZ.948-9
2026-09-28 09:00:37 [INFO] [9086] 'SUNTA VİDASI 5x50 STD (200)' | 179.00 TL | SKU: STD.900021700
2026-09-28 09:00:42 [INFO] [5775] 'MAKET BIÇAĞI METAL GÖVDELİ' | 80.00 TL | SKU: SD.MB075
2026-09-28 09:00:47 [INFO] [11213] 'KONTROL KALEMİ 135 MM İZELTAŞ' | 175.00 TL | SKU: İZELTAŞ.4550.17.0135
2026-09-28 09:00:53 [INFO] [15492] 'FIRÇA KESTİRME LÜX NO:2.5 124 YILDIRIM F' | 45.00 TL | SKU: YILDIRIMFIRÇA.124
2026-09-28 09:00:57 [INFO] [15659] 'METRE ŞERİT 5M X 25MM GRİ AYZ' | 149.00 TL | SKU: AYZ.PR0525A
2026-09-28 09:01:03 [INFO] [2881] 'KLOZET ERA ALTTAN ÇIKIŞLI' | 2425.00 TL | SKU: EGEVİT.141031011
2026-09-28 09:01:07 [INFO] [789] 'ASMA TAVAN KAROPAN T24 L KÖŞE 3M 1 1AD (' | 67.50 TL | SKU: ASMAT.041
2026-09-28 09:01:12 [INFO] [14042] 'ELDİVEN LATEKS GRİ CAMCI NO:10 1/2 CMC17' | 65.00 TL | SKU: CMC.1729
2026-09-28 09:01:17 [INFO] [6847] 'FLEX BAĞLANTI 50CM 3/8- 3/8' | 168.00 TL | SKU: NOBEL.75093/83/850
2026-09-28 09:01:22 [INFO] [4884] '100/250 PİS SU BORUSU KALDE' | 102.00 TL | SKU: KALDE.5203TBEXM0250
2026-09-28 09:01:27 [INFO] [12249] 'MONTAJ YAPIŞTIRICI ŞEFFAF 50 ML ULTRA CL' | 130.00 TL | SKU: SELSİL.3987
2026-09-28 09:01:32 [INFO] [4866] '70/1000 PİS SU BORU KALDE' | 117.00 TL | SKU: KALDE.5203TBE0L1000
2026-09-28 09:01:38 [INFO] [5328] 'MENTEŞE YAPRAK 1840x2,5 NO:2.5' | 11.00 TL | SKU: ERSA.291
2026-09-28 09:01:42 [INFO] [3475] 'AUTOKIT MİKROFİBER HAVLU TEMİZLİK BEZ 5 ' | 111.00 TL | SKU: AUTOKİT.FA1-882
2026-09-28 09:01:47 [INFO] [12745] 'BİTS UÇ TEK YÖNLÜ  MIKNATISLI  PZ2-65MM ' | 60.00 TL | SKU: TYSON.KUPTYS.9684
2026-09-28 09:01:53 [INFO] [2882] 'REZERVUAR ERA ALTTAN DELİKLİ' | 1250.00 TL | SKU: EGEVİT.141040011
2026-09-28 09:01:57 [INFO] [4934] 'ÇATI OLUĞU KÖR TAPA 150 MM' | 36.00 TL | SKU: KALDE.7213STE150000
2026-09-28 09:02:00 [INFO] [9998] 'İÇ TAKIM BASMALI JUMBO' | 700.00 TL | SKU: VİSAM.609.001
2026-09-28 09:02:04 [INFO] [12602] 'HAZAR BEYAZ 30X60 2K (1,26-M2)' | 377.00 TL | SKU: EGESER.300X600HZR01.2K
2026-09-28 09:02:08 [INFO] [4822] '25 3/4 DIŞ DİŞLİ REKOR PPRC KALDE(ERKEK ' | 80.00 TL | SKU: KALDE.3222NMO250C00
2026-09-28 09:02:12 [INFO] [4806] '25 3/4 İÇ DİŞLİ DİRSEK PPRC KALDE' | 92.00 TL | SKU: KALDE.3222EFO250C00
2026-09-28 09:02:16 [INFO] [4863] 'BARİYERLİ/ MOBİL BORU 16X2 S+O PE-RT MAV' | 2933.00 TL | SKU: KALDE.3858POS162010
2026-09-28 09:02:20 [INFO] [7142] 'KABLO NYA 2.5 MM2 KAHVE ÖZNUR 1M (100)' | 30.00 TL | SKU: ÖZNUR.KAB053
2026-09-28 09:02:24 [INFO] [707] 'KAPLİN REDÜKSİYON 32/20 A8301' | 45.00 TL | SKU: ARANGÜL.A8301
2026-09-28 09:02:28 [INFO] [714] 'KAPLİN TE REDÜKSİYONLU 32/20/32 A8351' | 126.00 TL | SKU: ARANGÜL.A8351
2026-09-28 09:02:33 [INFO] [684] 'KAPLİN 25 3/4 İÇ DİŞLİ ADAPTÖR A8004' | 38.00 TL | SKU: ARANGÜL.A8004
2026-09-28 09:02:37 [INFO] [4931] 'ÇATI OLUĞU DERE İNİŞİ YUVARLAK 150/75' | 132.00 TL | SKU: KALDE.7213DDR1500750
2026-09-28 09:02:40 [INFO] [11035] 'MERDİVEN 2X15 SÜRGÜLÜ ENDÜSTRİYEL ALÜMİN' | 11150.00 TL | SKU: SARAYLI.7215S
2026-09-28 09:02:44 [INFO] [7661] 'OLUKLU 875*3000*ŞEFFAF 0.7MM' | 600.00 TL | SKU: PVC.OND.01.3000
2026-09-28 09:02:48 [INFO] [14670] 'KÖPÜK TABANCASI 1407 RODEX' | 329.00 TL | SKU: RODEX.RHT1407130004
2026-09-28 09:02:52 [INFO] [6190] 'KÜREK SAPI' | 150.00 TL | SKU: NALBUR.091
2026-09-28 09:02:56 [INFO] [12945] 'PU KÖPÜK THERMOSPRAY TABANCALI 870 ML 2M' | 315.00 TL | SKU: SELENA.10049906
2026-09-28 09:03:00 [INFO] [2698] 'SAKLAMA KABI 3750 ML MASTER KARE' | 125.00 TL | SKU: DÜNYA.30806
2026-09-28 09:03:04 [INFO] [14614] 'PAS SÖKÜCÜ 200 ML 404' | 95.00 TL | SKU: 404.A06061
2026-09-28 09:03:08 [INFO] [8515] 'TYTAN HIZLI YAPIŞTIRICI KİTİ MDF 400ML+1' | 175.00 TL | SKU: SELENA.10049290
2026-09-28 09:03:13 [INFO] [14157] 'ZEMİN/KORUMA HIŞIR ÖRTÜ 30 M2' | 65.00 TL | SKU: GUARD.STG03003
2026-09-28 09:03:16 [INFO] [15141] 'SIRIK TELESKOPİK 2 MT ASLANLAR' | 175.00 TL | SKU: ASLANLAR.H05061
2026-09-28 09:03:21 [INFO] [15144] 'SIRIK TELESKOPİK 6 MT ASLANLAR' | 500.00 TL | SKU: ASLANLAR.H05064
2026-09-28 09:03:24 [INFO] [8967] 'SİLİKON ŞEFFAF AYNA 280 ML TYTAN' | 179.00 TL | SKU: SELENA.174
2026-09-28 09:03:29 [INFO] [14222] 'BARİYERLİ /MOBİL  BORU 16X2 S+O PE-RT KI' | 2933.00 TL | SKU: KALDE.3857POS162010
2026-09-28 09:03:33 [INFO] [4868] '70/3000 PİS SU BORU KALDE' | 332.00 TL | SKU: KALDE.5203TBE0L3000
2026-09-28 09:03:36 [INFO] [8908] 'SGS ŞAP MALASI ÜÇGEN' | 179.00 TL | SKU: SGS.994
2026-09-28 09:03:39 [INFO] [11633] 'HSS MATKAP UCU 3 MM 2 Lİ BİLİSTER WONDER' | 62.50 TL | SKU: WONDER.STW013760-8
2026-09-28 09:03:42 [INFO] [9173] 'GAZLI PİSTON 100N-STD' | 59.00 TL | SKU: STD.936161800
2026-09-28 09:03:45 [INFO] [9118] 'MATKAP UÇLU VİDA RYSB 3.9x13 (2500 AD.)' | 1255.00 TL | SKU: STD.900158700
2026-09-28 09:03:48 [INFO] [13725] '0.40*86*2500 TRAPEZ (GRİ)' | 587.50 TL | SKU: RALL.7016.040.2500
2026-09-28 09:03:52 [INFO] [7792] 'KABLO TV ANTEN RG 6 U/4 PHY-PVC CU/AL RE' | 35.00 TL | SKU: REÇBER.307057G
2026-09-28 09:03:55 [INFO] [15260] 'ELDİVEN PU TOUCH SİYAH MONTAJ ELDİVENİ N' | 45.00 TL | SKU: BEYBİ.i040204
2026-09-28 09:03:55 [INFO] ... ilerleme 600/817 (tazelenen 590, basarisiz 10, korunan 10, atlanan 0)
2026-09-28 09:03:58 [INFO] [2107] 'RULO DEKOR PLASDEK İÇ CEPHE 20CM 1015' | 260.00 TL | SKU: DEKOR.1015
2026-09-28 09:04:01 [INFO] [7691] '0.50*86*2000 TRAPEZ (BORDO)' | 490.00 TL | SKU: RALL.3009.050.2000
2026-09-28 09:04:04 [INFO] [3944] 'AGRAF 7 1 ADET (500)' | 5.00 TL | SKU: FOUR.HNK0001
2026-09-28 09:04:08 [INFO] [3970] 'ALÇ.DÜBEL+VİDA RİGİPS (100 AD)' | 135.00 TL | SKU: FOUR.HNK0036
2026-09-28 09:04:11 [INFO] [15794] 'TESPİT DÜBELİ ÇİFTLİ KILÇIK (250-AD)' | 375.00 TL | SKU: GÜÇLÜ.7102
2026-09-28 09:04:14 [INFO] [7694] '0.50*86*3500 TRAPEZ (BORDO)' | 857.50 TL | SKU: RALL.3009.050.3500
2026-09-28 09:04:17 [INFO] [788] 'ASMA TAVAN KAROPAN T24 ANA TAŞIYICI (3.6' | 137.50 TL | SKU: ASMAT.040
2026-09-28 09:04:20 [INFO] [790] 'ASMA TAVAN KAROPAN T24 TALİ 120 (60)' | 40.00 TL | SKU: ASMAT.042
2026-09-28 09:04:24 [INFO] [14768] '0.50*15*200 KAR TUTUCU AKSESUAR BORDO' | 153.00 TL | SKU: RALL.3009.050.AKS.03
2026-09-28 09:04:27 [INFO] [7708] '0.50*86*30*30 TRP MAHYA (BORDO)' | 230.00 TL | SKU: RALL.3009.050.MHY
2026-09-28 09:04:30 [INFO] [9125] 'ALÇ.VİDA SİVRİ 25 (1000 AD) STD' | 375.00 TL | SKU: STD.900195700
2026-09-28 09:04:33 [INFO] [5631] 'ELEKTROT 3,25 MM-MAGMAWELD' | 450.00 TL | SKU: MAGMAWELD.11101NRAM1
2026-09-28 09:04:37 [INFO] [12936] 'BETOFAST 6.3*145 1 AD' | 5.50 TL | SKU: STD.YHB4835
2026-09-28 09:04:40 [INFO] [1907] 'ALÇ.VİDA SİVRİ 38 BV38 (1000-AD) DALSAN' | 675.00 TL | SKU: DALSAN.302
2026-09-28 09:04:43 [INFO] [3196] 'EPS-30 KARBONLU 2CM 50*100-DARKSS (25AD-' | 630.00 TL | SKU: EPS.12.0001
2026-09-28 09:04:46 [INFO] [4671] 'İNŞAAT DEMİRİ NERVÜLLÜ 08-MM (12MT)' | 1.00 TL | SKU: İNŞ.DEMİRİ.001
2026-09-28 09:04:49 [INFO] [4673] 'İNŞAAT DEMİRİ NERVÜLLÜ 12-MM (12MT)' | 1.00 TL | SKU: İNŞ.DEMİRİ.003
2026-09-28 09:04:52 [INFO] [4674] 'İNŞAAT DEMİRİ NERVÜLLÜ 14-MM(12MT)' | 1.00 TL | SKU: İNŞ.DEMİRİ.004
2026-09-28 09:04:55 [INFO] [4686] 'İNŞAAT TELİ (TAVLI TEL) 1 KG' | 60.00 TL | SKU: İNŞ.TELİ.001
2026-09-28 09:04:58 [INFO] [4675] 'İNŞAAT DEMİRİ NERVÜLLÜ 16-MM (12MT)' | 1.00 TL | SKU: İNŞ.DEMİRİ.005
2026-09-28 09:05:00 [INFO] [1970] 'GRANİT MERMER YAP.FLEX GRİ QF-125 25 KG ' | 300.00 TL | SKU: DARKSS.YK.QF125G
2026-09-28 09:05:03 [INFO] [5244] 'KNAUF MİNERAL PLUS IPB039 10 CM (7,2 M2)' | 925.00 TL | SKU: KNAUF.IP049
2026-09-28 09:05:05 [INFO] [5242] 'KNAUF EARTHWOOL 043M-10CM FOLYOLU(9,6m2)' | 1300.00 TL | SKU: KNAUF.IP044
2026-09-28 09:05:08 [INFO] [10936] 'MASTİK BEYAZ 500 GR TYTAN (KAPI-PENCERE)' | 55.00 TL | SKU: SELENA.10049327
2026-09-28 09:05:10 [INFO] [4598] 'PERDE RAYI KORNİŞ İKİLİ 6 M SÜPER' | 237.50 TL | SKU: IŞIK.0105
2026-09-28 09:05:13 [INFO] [4929] 'ÇATI OLUĞU 4 METRE 150 MM DEKORATİF KALD' | 738.00 TL | SKU: KALDE.7203DRE150000
2026-09-28 09:05:15 [INFO] [7969] 'METRE ŞERİT RTH12103 PROF. 5X25 MM RTRMA' | 225.00 TL | SKU: RTRMAX.RTH12103
2026-09-28 09:05:18 [INFO] [7520] 'POLİKARBON 4MM 210*6000 ŞEFFAF(12,6)' | 2300.00 TL | SKU: POL.KRB.LV04.01
2026-09-28 09:05:21 [INFO] [8498] 'PU KÖPÜK TEMİZLEYİCİ 500 ML TYTAN' | 209.00 TL | SKU: SELENA.10051580
2026-09-28 09:05:23 [INFO] [3923] 'KÖŞE ÇITASI DELİKLİ GLV 035 22X22 3.00 M' | 35.00 TL | SKU: FOUR.035.KÇYD.22X22.3000
2026-09-28 09:05:26 [INFO] [8494] 'PU KÖPÜK TİTAN PRO 753 STR YAP 750 ML TA' | 250.00 TL | SKU: SELENA.10049326
2026-09-28 09:05:28 [INFO] [7051] 'ONDULİN OLUKLU LEVHA KIRMIZI 2-MT' | 475.00 TL | SKU: ONDULİN. 001
2026-09-28 09:05:31 [INFO] [8501] 'PU KÖPÜK TİTAN PRO 753 STR 750ML (35 M) ' | 229.00 TL | SKU: SELENA.10049284
2026-09-28 09:05:33 [INFO] [1848] 'ÇİMENTO 25 KG' | 125.00 TL | SKU: ÇİMENTO.005
2026-09-28 09:05:36 [INFO] [4613] 'PVC LAMBİRİ BEYAZ FUGA 20 CM 6MT (AD 1.2' | 275.00 TL | SKU: DARKSS.PL01
2026-09-28 09:05:39 [INFO] [2002] 'SIVA FİLESİ 75 GR A++ BEYAZ 1 M2 (50)' | 16.00 TL | SKU: DARKSS.SF075.01
2026-09-28 09:05:41 [INFO] [9988] 'KLOZET KAPAK KLASİK METAL MENTEŞE ALTTAN' | 920.00 TL | SKU: VİSAM.509.001
2026-09-28 09:05:44 [INFO] [11830] 'SİLİKON TABANCA PVC FRS 201' | 85.00 TL | SKU: FRS.201
2026-09-28 09:05:46 [INFO] [14072] 'METAL KESİCİ İNOX 180X1.9X22 KARBOSAN' | 75.00 TL | SKU: KARBOSAN.K064081
2026-09-28 09:05:49 [INFO] [4790] '25 TE PPRC KALDE' | 7.00 TL | SKU: KALDE.3212TEO250000
2026-09-28 09:05:51 [INFO] [4864] '70/500 PİS SU BORU PPRC KALDE' | 78.00 TL | SKU: KALDE.5203TBE0L0500
2026-09-28 09:05:54 [INFO] [7681] 'PVC KİREMİT LEVHA 89X262 CM 2,5 MM ANTRA' | 1000.00 TL | SKU: PVC.KRMT.ANT.2620
2026-09-28 09:05:56 [INFO] [4505] 'HİLTİ ÇİVİ GX3-C 27MX+GC 42 GAZ (1200AD)' | 2650.00 TL | SKU: HİLTİ.2045541
2026-09-28 09:05:59 [INFO] [2572] 'ÇALI FIRÇASI MEGA PLASTİK-40 CM' | 130.00 TL | SKU: DOĞUŞ.21.041
2026-09-28 09:06:00 [INFO] [13577] 'BİTS UÇ SETİ 25-50-75-100-150-200 MM 10 ' | 320.00 TL | SKU: WONDER.STW01958
2026-09-28 09:06:03 [INFO] [4897] '70/90 PİS SU PVC DİRSEK KALDE' | 33.00 TL | SKU: KALDE.5213ELB0L0090
2026-09-28 09:06:05 [INFO] [3294] 'BULAŞIK SÜNGERİ OLUKLU 5 Lİ ECE' | 40.00 TL | SKU: ECE.ETZ405
2026-09-28 09:06:07 [INFO] [6197] 'ÇEKİÇ SAPI-2000 GR' | 75.00 TL | SKU: NALBUR.099
2026-09-28 09:06:09 [INFO] [15882] 'RULO RTRMAX PARMAK 10 CM ETİLEN KALORİFE' | 45.00 TL | SKU: RTRMAX.RFR010
2026-09-28 09:06:11 [INFO] [7521] 'POLİKARBON 4MM 210*6000  FÜME(12,6)' | 2300.00 TL | SKU: POL.KRB.LV04.02
2026-09-28 09:06:13 [INFO] [6213] 'KESER SAPLI-USTA KESERİ' | 325.00 TL | SKU: NALBUR.122
2026-09-28 09:06:15 [INFO] [6196] 'KAZMA SAPI' | 100.00 TL | SKU: NALBUR.097
2026-09-28 09:06:17 [INFO] [6926] 'KULP OVACIK MATSİYAH 160 MM' | 32.00 TL | SKU: NOBEL.KL16773160
2026-09-28 09:06:19 [INFO] [5898] 'MANYETİK SOMUN ADAPTÖRÜ 13x45 MM' | 41.00 TL | SKU: WONDER.STW01276
2026-09-28 09:06:21 [INFO] [1009] 'PİL İNCE 2 Lİ ŞARJ EDİLEBİLİR 1.2V AAA 6' | 99.00 TL | SKU: AVEC.AAA600
2026-09-28 09:06:23 [INFO] [14932] 'JENERATÖR BENZİNLİ 9.4 KVA MONOFAZE KGL1' | 47500.00 TL | SKU: FACTOR.FACKGL10000CE
2026-09-28 09:06:25 [INFO] [13477] 'NEM BARİYERİ 120GR-3KAT-MAVİ DARKSS (150' | 28.00 TL | SKU: DARKSS.NBM.120
2026-09-28 09:06:27 [INFO] [14894] 'ŞERİT LED TRAFOSU 12,5A 150W SLİM FANSIZ' | 165.00 TL | SKU: CATA.CT2675
2026-09-28 09:06:29 [INFO] [15934] 'ŞERİT LED TRAFOSU 21A  SLİM 60MT CATA' | 400.00 TL | SKU: CATA.CT2577
2026-09-28 09:06:31 [INFO] [4263] '0.40*86*400 TRAPEZ' | 800.00 TL | SKU: GLV.SAC.040.4000
2026-09-28 09:06:33 [INFO] [11586] 'MASTİK PU SOSİS 600 ML-SİYAH' | 270.00 TL | SKU: SELENA.10049867
2026-09-28 09:06:35 [INFO] [15869] 'SERAMİK ÇITA DIŞ KÖŞE 8 MM KARE PASLANMA' | 100.00 TL | SKU: ALFOR.C12-10-24A1-08-244
2026-09-28 09:06:37 [INFO] [15908] 'SPREY BOYA DOĞAL BEYAZ RAL 9010 400ML SE' | 129.00 TL | SKU: SELENA.10053977
2026-09-28 09:06:39 [INFO] [2713] 'KULAK TIKACI İPLİ EAR ULTRAFIT SNR=32 dB' | 25.00 TL | SKU: EAR.ULTRALİFT
2026-09-28 09:06:42 [INFO] [4823] '32 1 DIŞ DİŞLİ REKOR PPRC KALDE' | 85.00 TL | SKU: KALDE.3222NMO321000
2026-09-28 09:06:44 [INFO] [411] 'AGT PARKE ARMONİA SLİM MİNORİ (1,755 m2)' | 705.00 TL | SKU: AGT.120016367
2026-09-28 09:06:46 [INFO] [4930] 'ÇATI OLUĞU DERE KELEPÇE 150 MM KALDE' | 48.00 TL | SKU: KALDE.7213BCC150000
2026-09-28 09:06:48 [INFO] [14355] 'HOFMANN GAZ TÜPÜ 165 MM SELECTRON' | 350.00 TL | SKU: SELECTRON.C231403
2026-09-28 09:06:49 [INFO] [14943] 'KAZMA ÇELİK SİVRİ UÇLU KZ 2000 SD' | 770.00 TL | SKU: SD.KZ2000
2026-09-28 09:06:51 [INFO] [791] 'ASMA TAVAN KAROPAN T24 TALİ 60 LIK (60)' | 20.00 TL | SKU: ASMAT.044
2026-09-28 09:06:53 [INFO] [5355] 'HORTUM KELEPÇESİ 10 MM 19X26' | 15.00 TL | SKU: P02028
2026-09-28 09:06:54 [INFO] [4844] '20 1/2 REKOR OYNAR BAŞLI DIŞ DİŞLİ KALDE' | 121.00 TL | SKU: KALDE.3272TUM200B00
2026-09-28 09:06:56 [INFO] [14654] 'AGT PARKE BELLA GARDENYA (2,292m2)' | 992.00 TL | SKU: AGT.120043600
2026-09-28 09:06:58 [INFO] [14921] 'CAM KAZIMA BIÇAĞI PLASTİK 4 YED. BIÇAKLI' | 139.00 TL | SKU: TROY.21607
2026-09-28 09:06:59 [INFO] [13425] 'KLOZET KAPAK KAMELYA YAVAŞ KAPANIR METAL' | 1250.00 TL | SKU: VİSAM.515.001
2026-09-28 09:07:01 [INFO] [9583] 'TEL ÇİVİ SARI BAŞSIZ 10X30' | 139.00 TL | SKU: TELÇİVİ.003
2026-09-28 09:07:02 [INFO] [13143] 'SUN-FİX SIVI KAYNAK LIQUID' | 779.00 TL | SKU: SUNFİX.50003
2026-09-28 09:07:04 [INFO] [15093] 'SPREY BOYA SİYAH RAL 9005 400ML SELENA' | 129.00 TL | SKU: SELENA.10052505
2026-09-28 09:07:06 [INFO] [12040] 'ÇERÇEVE İKİLİ BEYAZ KARRE VİKO' | 30.00 TL | SKU: VİKO.90960206
2026-09-28 09:07:07 [INFO] [4441] 'HORTUM TERAZİ ŞEFFAF 10 MM 1 M' | 17.50 TL | SKU: GÜNEŞ.0016.10
2026-09-28 09:07:09 [INFO] [258] 'TOREX ASKI VİDASI NO:5 1P= 4' | 47.00 TL | SKU: 8680613630195
2026-09-28 09:07:11 [INFO] [15261] 'ELDİVEN PU TOUCH SİYAH MONTAJ ELDİVENİ N' | 45.00 TL | SKU: BEYBİ.İ040205
2026-09-28 09:07:12 [INFO] [15349] 'STREÇ 17 MİCRON 50X300 MT (2640 GR)' | 550.00 TL | SKU: ELİTT.17MC50X300
2026-09-28 09:07:14 [INFO] [8755] 'SERAMİK TARAĞI PLASTİK SGS' | 60.00 TL | SKU: SGS.143
2026-09-28 09:07:16 [INFO] [11051] 'ŞİLTE 10MM YAPIŞKANLI 100 CM PROCO (25)' | 187.50 TL | SKU: PROCO.10MM.Y
2026-09-28 09:07:17 [INFO] [11438] 'MASTİK PU DAYSON-280ML(BEYAZ)' | 250.00 TL | SKU: DAYSON.D10002
2026-09-28 09:07:19 [INFO] [6280] 'ELDİVEN KIRMIZI SİYAH NİTRİL NO:10 MAX S' | 45.00 TL | SKU: MAXSAFETY.NIT-101.10
2026-09-28 09:07:20 [INFO] [9215] 'SİLİKON TABANCA METAL STD' | 275.00 TL | SKU: STD.961507800
2026-09-28 09:07:22 [INFO] [15767] 'PRİZ TOPRAKLI İKİLİ BEYAZ KARRE/MERIDIAN' | 170.00 TL | SKU: VİKO.90967056
2026-09-28 09:07:24 [INFO] [15619] 'LEHİM TELİ MAKARA 1 MM 40/60 100 G FASTB' | 395.00 TL | SKU: FASTBOND.FA27145
2026-09-28 09:07:25 [INFO] [8377] 'ÇEKİÇ 200 GR DESA' | 179.00 TL | SKU: SD.DÇ0200
2026-09-28 09:07:27 [INFO] [4262] '0.40*86*300 TRAPEZ' | 600.00 TL | SKU: GLV.SAC.040.3000
2026-09-28 09:07:29 [INFO] [8919] 'MUHAFAZALI TİJ TAKIMI SİSELAYD' | 50.00 TL | SKU: SİSELAYD.Y001
2026-09-28 09:07:30 [INFO] [3939] 'DC-75 040 MM EKO 35X75X35 3 M 1 AD (12)' | 115.00 TL | SKU: FOUR.040.DC-75.3000
2026-09-28 09:07:31 [INFO] [3142] 'ALAN PERDESİ KOPMAZ 80GR/M2 (50 MT.)' | 500.00 TL | SKU: EMNİYET.PERDESİ.02
2026-09-28 09:07:33 [INFO] [6783] 'ASPİRATÖR BORUSU ALÜMİNYUM 2 METRE 127 M' | 77.00 TL | SKU: NOBEL.706131272
2026-09-28 09:07:34 [INFO] [9166] 'BİTS UÇ PZ2-50MM STANDART' | 25.00 TL | SKU: STD.933513800
2026-09-28 09:07:35 [INFO] [9842] "SAAT PİLİ 2'Lİ OXFORD AG3 LR41/392A/1.5V" | 30.00 TL | SKU: TOSHİBA.OXFORD.AG3
2026-09-28 09:07:37 [INFO] [4660] 'İNŞAAT ÇİVİSİ 12 LİK 20X55' | 55.00 TL | SKU: İNŞ.ÇİV.0010
2026-09-28 09:07:38 [INFO] [4652] 'İNŞAAT ÇİVİSİ 6 LIK 15X27' | 55.00 TL | SKU: İNŞ.ÇİV.0002
2026-09-28 09:07:38 [INFO] ... ilerleme 700/817 (tazelenen 690, basarisiz 10, korunan 10, atlanan 0)
2026-09-28 09:07:39 [INFO] [14783] 'ÇİFT TARAFLI KÖPÜK BANT 24MMX2M KAVİ' | 15.00 TL | SKU: KAVİ.STK08002
2026-09-28 09:07:40 [INFO] [4513] 'HİLTİ ÇİVİ ÇELİK X-S14 G3MX+GC 42 GAZ (1' | 3500.00 TL | SKU: HİLTİ.3569549
2026-09-28 09:07:42 [INFO] [1981] 'DEKORATİF KAPLAMA KALIN DOKU QF-555 25 K' | 250.00 TL | SKU: DARKSS.YK.QF555K
2026-09-28 09:07:43 [INFO] [15814] 'MATKAP UÇLU VİDA SİYAH RYSB 3.9x16 (2000' | 1150.00 TL | SKU: STD.120018900
2026-09-28 09:07:44 [INFO] [5201] 'KİREÇ 25 KG.' | 169.00 TL | SKU: KİREÇ.003
2026-09-28 09:07:46 [INFO] [5200] 'KİREMİT ALTI PVC 1MM 15M2 (84)' | 575.00 TL | SKU: KİR-ALT.0004
2026-09-28 09:07:47 [INFO] [10519] 'NAKLİYE BEDELİ-ALIM' | 1000.00 TL | SKU: ZZW.0047
2026-09-28 09:07:48 [INFO] [1962] 'ISI YALITIM SIVASI LEVHA QF-494 25KG' | 195.00 TL | SKU: DARKSS.YK.QF494
2026-09-28 09:07:50 [INFO] [12710] 'ONDULİN ÇİVİSİ METAL BAŞLI KIRMIZI 8 CM ' | 185.00 TL | SKU: NALBUR.008.02
2026-09-28 09:07:51 [INFO] [7658] 'OLUKLU 875*2500*ŞEFFAF 0.7MM' | 500.00 TL | SKU: PVC.OND.01.2500
2026-09-28 09:07:52 [INFO] [7330] 'PANEL ÇİT KAPAK PVC YEŞİL 1 AD' | 10.00 TL | SKU: PANELÇİT.0028
2026-09-28 09:07:53 [INFO] [7062] 'ONDULİN ZİGANA TİLE KIRMIZI LEVHA-2MT' | 500.00 TL | SKU: ONDULİN. 012
2026-09-28 09:07:55 [INFO] [12361] 'SIVA FİLESİ 160 GR A+ BEYAZ 1 M2 (50)' | 20.00 TL | SKU: DARKSS.SF160.05
2026-09-28 09:07:56 [INFO] [12035] 'SIVA FİLESİ 55 GR A++ BEYAZ 1 M2 (100)' | 16.00 TL | SKU: DARKSS.SF055.01
2026-09-28 09:07:57 [INFO] [8502] 'PU KÖPÜK POLYFİX COMBO STD 750 ML (1KT-1' | 199.00 TL | SKU: SELENA.10053673
2026-09-28 09:07:59 [INFO] [1964] 'GAZBETON YAPIŞTIRICI QF-130 25 KG' | 200.00 TL | SKU: DARKSS.YK.QF130
2026-09-28 09:08:00 [INFO] [2627] 'GLASSY -100 SIVI CAM 0.8 LT LİKİT MEMBRA' | 1250.00 TL | SKU: DRYFİX.013
2026-09-28 09:08:01 [INFO] [1961] 'ISI YALITIM LEVHA YAPIŞTIRICI QF-393 25 ' | 185.00 TL | SKU: DARKSS.YK.QF393
2026-09-28 09:08:03 [INFO] [5604] 'MD 48 BATARYA REKORU DİŞİ 1/2' | 40.00 TL | SKU: MEDALYAN.MD48
2026-09-28 09:08:04 [INFO] [12565] 'SIVA FİLESİ 160 GR A++ BEYAZ 1 M2 (50)' | 24.00 TL | SKU: DARKSS.SF160.07
2026-09-28 09:08:05 [INFO] [7676] 'PVC KİREMİT MAHYA 60X104 CM 2,5 MM KIRMI' | 400.00 TL | SKU: PVC.KRMT.KRM.MHY
2026-09-28 09:08:06 [INFO] [2700] 'SAKLAMA KABI 3200 ML MASTER DERİN  KARE' | 115.00 TL | SKU: DÜNYA.30834
2026-09-28 09:08:08 [INFO] [8608] 'SAKSI NERGİZ NO:1 9.8 LT BEYAZ' | 275.00 TL | SKU: SERİNOVA.N001.BEYAZ
2026-09-28 09:08:09 [INFO] [14961] 'ONDULİN ÇİVİSİ METAL BAŞLI GLV BEYAZ 10 ' | 185.00 TL | SKU: NALBUR.010.04
2026-09-28 09:08:10 [INFO] [5624] 'MD 420 HORTUM EKİ 1/2 LÜKS' | 30.00 TL | SKU: MEDALYAN.MD420
2026-09-28 09:08:11 [INFO] [15022] 'ELDİVEN PN3 KIRMIZI SİYAH ZEBRA NO:10' | 49.00 TL | SKU: BEYBİ.İ0401773
2026-09-28 09:08:13 [INFO] [5243] 'KNAUF EARTHWOOL 043M-10CM (9,6-M2)' | 750.00 TL | SKU: KNAUF.796780.IP046
2026-09-28 09:08:14 [INFO] [14689] 'DERZ ARTISI 3MM OLUKLU(500 AD)' | 90.00 TL | SKU: IŞIK.SFXDB012
2026-09-28 09:08:15 [INFO] [8517] 'SİLİKON BEYAZ DUŞAKABİN 280 ML TYTAN' | 150.00 TL | SKU: SELENA.144
2026-09-28 09:08:16 [INFO] [2061] 'SIVA MAKİNA ÇİMENTO ESASLI MK 250 25 KG ' | 169.00 TL | SKU: DARKSS.YK.MK250.MK
2026-09-28 09:08:18 [INFO] [13588] 'POLİKARBON TRP 900*3000*3MM-ŞEFFAF' | 865.00 TL | SKU: POL.KRB.3000.01
2026-09-28 09:08:19 [INFO] [10044] 'WALLBOARD T-2000 2 CM (20-AD 14.4M2)' | 1400.00 TL | SKU: XPS.002
2026-09-28 09:08:20 [INFO] [9913] 'UNIVERSAL ELEKTRİK İZO. BANDI 19*10-BEYA' | 20.00 TL | SKU: UNIVERSAL.024
2026-09-28 09:08:21 [INFO] [5097] 'TRİFONLU KELEPÇE (3/4) 25 LİK' | 20.00 TL | SKU: TRF.KELEPÇE.025
2026-09-28 09:08:23 [INFO] [2386] '40*80*3.0MM KUTU PROFİL (ANTİPASLI)' | 1434.35 TL | SKU: DEM.PRF.239
2026-09-28 09:08:24 [INFO] [4875] '125/500 PİS SU BORU PPRC KALDE' | 116.00 TL | SKU: KALDE.5203TBE0N0500
2026-09-28 09:08:25 [INFO] [15621] 'KOLİ BANDI HOTMELT ŞEFFAF 45MMX100 METRE' | 99.00 TL | SKU: GLOBUS.GLO10339
2026-09-28 09:08:26 [INFO] [1595] 'BİTÜSELF STAR 10 CM YEŞİL' | 450.00 TL | SKU: BTM.BSY-10
2026-09-28 09:08:28 [INFO] [12897] 'ELDİVEN NİTRİL MİCRO 3/4 NO:10 BEYBİ' | 90.00 TL | SKU: BEYBİ.İ04NMF13410
2026-09-28 09:08:29 [INFO] [2883] 'HELA TAŞI ERA BEYAZ' | 2150.00 TL | SKU: EGEVİT.1410700
2026-09-28 09:08:30 [INFO] [699] 'KAPLİN MANŞON 25/25 A8202' | 49.00 TL | SKU: ARANGÜL.A8202
2026-09-28 09:08:31 [INFO] [4353] 'KÜRESEL REKORLU BAHÇE MUSLUĞU 3/4' | 470.00 TL | SKU: GMS.KBM116
2026-09-28 09:08:33 [INFO] [14722] 'BİTS UÇ TORX PRF T30 75 MM BLİSTERLİ' | 30.00 TL | SKU: WONDER.STW1918-7
2026-09-28 09:08:34 [INFO] [1555] 'SHINGLE GALAKSİ KLASİK YEŞİL (2,52)' | 1100.00 TL | SKU: BTM.0105
2026-09-28 09:08:35 [INFO] [9817] 'RÖGAR KUTUSU 50x50+IZGARALI KAPAK' | 975.00 TL | SKU: TORUN.RGR.1010
2026-09-28 09:08:36 [WARNING] [4367] 429 Too Many Requests — 84s bekleniyor (deneme 1/3, hiz 0.4/sn)
2026-09-28 09:08:39 [WARNING] [5926] 429 Too Many Requests — 81s bekleniyor (deneme 1/3, hiz 0.2/sn)
2026-09-28 09:08:44 [WARNING] [6339] 429 Too Many Requests — 76s bekleniyor (deneme 1/3, hiz 0.2/sn)
2026-09-28 09:08:49 [WARNING] [2118] 429 Too Many Requests — 71s bekleniyor (deneme 1/3, hiz 0.2/sn)
2026-09-28 09:08:54 [WARNING] [2024] 429 Too Many Requests — 66s bekleniyor (deneme 1/3, hiz 0.2/sn)
2026-09-28 09:08:59 [WARNING] [11382] 429 Too Many Requests — 61s bekleniyor (deneme 1/3, hiz 0.2/sn)
2026-09-28 09:09:04 [WARNING] [4372] 429 Too Many Requests — 56s bekleniyor (deneme 1/3, hiz 0.2/sn)
2026-09-28 09:09:09 [WARNING] [4781] 429 Too Many Requests — 51s bekleniyor (deneme 1/3, hiz 0.2/sn)
2026-09-28 09:10:01 [INFO] [11382] 'SOKAK KAMP LAMBASI PT-K24 SOLAR KIRMIZI ' | 125.00 TL | SKU: PANTHER PT-K24
2026-09-28 09:10:01 [INFO] [6339] 'SÜZGEÇ 10X10 METAL KAPAK ALTTAN 50MM' | 77.00 TL | SKU: SÜZGEÇ.158544A501010
2026-09-28 09:10:01 [INFO] [5926] 'SUNTA KESME TESTERE 115x24x22.2 WONDER' | 175.00 TL | SKU: WONDER.STW01859
2026-09-28 09:10:05 [INFO] [2024] 'MANTOLAMA DÜBELİ ÇELİK ÇİVİ 17.5-CM (SPE' | 4.75 TL | SKU: SPECO.MDÇ.17.5
2026-09-28 09:10:10 [INFO] [15491] 'FIRÇA OTO BATTAL 20 CM 451 YILDIRIM FIRÇ' | 115.00 TL | SKU: YILDIRIMFIRÇA.451
2026-09-28 09:10:15 [INFO] [14146] 'SPREY BOYA KIRMIZI 400ML (3020) SELSİL' | 149.00 TL | SKU: SELSİL.419
2026-09-28 09:10:20 [INFO] [15438] 'MASKELEME BANDI 36MM x 25 MT (RTRMAX)' | 35.00 TL | SKU: RTRMAX.RNM3625
2026-09-28 09:10:25 [INFO] [4781] '25 MANŞON PPRC KALDE' | 4.00 TL | SKU: KALDE.3212MUF250000
2026-09-28 09:10:30 [INFO] [11995] 'SİLİKON BEYAZ ANTİ KÜF NÖTR TYTAN 280 ML' | 185.00 TL | SKU: SELENA.10051326
2026-09-28 09:10:35 [INFO] [2118] 'SIVA MALASI AHŞAP SAPLI NO:22 DEKOR' | 366.00 TL | SKU: DEKOR.062
2026-09-28 09:10:40 [INFO] [14765] '0.50*50*200 DERE AKSESUAR BORDO' | 429.00 TL | SKU: RALL.3009.050.AKS.02
2026-09-28 09:10:45 [INFO] [2378] '40*60*2.0MM KUTU PROFİL (ANTİPASLI)' | 840.58 TL | SKU: DEM.PRF.230
2026-09-28 09:10:50 [INFO] [3231] 'DERZ BANDI 100mm x 90m' | 179.00 TL | SKU: DARKSS.DB10090
2026-09-28 09:10:55 [INFO] [9138] 'BETOFAST 6.3*135 1 AD' | 5.25 TL | SKU: STD.900244700
2026-09-28 09:11:00 [INFO] [12976] 'ELDİVEN BEYBİ PL-9 LATEKS KIRMIZI NO:10 ' | 65.00 TL | SKU: BEYBİ.İ040162-10
2026-09-28 09:11:05 [INFO] [7085] 'EPS OPTİMİX KARBONLU 50*100*5CM (10 AD, ' | 975.00 TL | SKU: OPTİMİX.04
2026-09-28 09:11:10 [INFO] [6160] 'FIRÇA SAPI 120CM' | 100.00 TL | SKU: NALBUR.035
2026-09-28 09:11:15 [INFO] [12946] 'KARTON OLUKLU ZEMİN KORUMA 120CM (30 M2)' | 600.00 TL | SKU: NALBUR.127
2026-09-28 09:11:20 [INFO] [1922] 'BOARDEX 120*240*12.5 MM (50)' | 750.00 TL | SKU: DALSAN.204
2026-09-28 09:11:25 [INFO] [4367] 'KÜRESEL VANA 3/4' | 620.00 TL | SKU: GMS.KV304
2026-09-28 09:11:30 [INFO] [14762] '0.50*50*200 DERE AKSESUAR ANTRASİT' | 440.00 TL | SKU: RALL.7016.050.AKS.01
2026-09-28 09:11:35 [INFO] [1627] 'LİKİT MEMBRAN BTL 200 KAUÇUK KATKILI 17K' | 1900.00 TL | SKU: BTM.0305
2026-09-28 09:11:40 [INFO] [6185] 'EL ARABASI FEZA + DOLGU TEKER' | 1500.00 TL | SKU: KESKİN.150.062
2026-09-28 09:11:45 [INFO] [7318] 'PANEL ÇİT DİREK 075CM YEŞİL (50*50*1,50)' | 175.00 TL | SKU: PANELÇİT.0008
2026-09-28 09:11:50 [INFO] [15704] 'LİKİT MEMBRAN 1K-1099 UV ELASTOMERİK REÇ' | 3900.00 TL | SKU: DARKSS.1K-1099
2026-09-28 09:11:54 [INFO] [1556] 'SHINGLE GALAKSİ KLASİK  GRİ (2,52)' | 1100.00 TL | SKU: BTM.0106
2026-09-28 09:11:58 [INFO] [8145] 'TEFLON BANT DOĞALGAZ SARI 12MM X 8M' | 30.00 TL | SKU: ORIENT.BNT10G
2026-09-28 09:12:02 [INFO] [9099] 'SUNTA VİDASI 4x35 STD (500)' | 325.00 TL | SKU: STD.900052700
2026-09-28 09:12:06 [INFO] [6217] 'NAYLON BALONLU 100cm x 50MT (25GR)' | 425.00 TL | SKU: NAYLON.001
2026-09-28 09:12:10 [INFO] [4617] 'PVC LAMBİRİ AKÇAAĞAÇ FUGALI 20CM 6MT (AD' | 300.00 TL | SKU: DARKSS.PL04
2026-09-28 09:12:14 [INFO] [4873] '100/1000 PİS SU BORU KALDE' | 181.00 TL | SKU: KALDE.5203TBE0M1000
2026-09-28 09:12:18 [INFO] [4874] '100/3000 PİS SU BORU KALDE' | 511.00 TL | SKU: KALDE.5203TBE0M3000
2026-09-28 09:12:22 [INFO] [1481] 'KİREMİT ALTI ÇUVALLI-SURTEKS KLC-1000 15' | 575.00 TL | SKU: BİKAMAX.KJ1000
2026-09-28 09:12:26 [INFO] [14910] 'ELDİVEN NİTRİL MİCRO 3/4 NO:8 BEYBİ' | 95.00 TL | SKU: BEYBİ.İ04NMF134-8
2026-09-28 09:12:30 [INFO] [7329] 'PANEL ÇİT KLİPS YEŞİL PVC 1 AD' | 10.00 TL | SKU: PANELÇİT.0027
2026-09-28 09:12:34 [INFO] [14960] 'ONDULİN ÇİVİSİ METAL BAŞLI GLV BEYAZ 8 C' | 185.00 TL | SKU: NALBUR.008.04
2026-09-28 09:12:38 [INFO] [15075] 'MAKET BIÇAĞI METAL MAK117' | 120.00 TL | SKU: ORIENT.MAK117
2026-09-28 09:12:42 [INFO] [1479] 'ARDUAZLI SHINGLE RULO GRİ YONCA (10M2)' | 1390.00 TL | SKU: BİKAMAX.FLEX02
2026-09-28 09:12:46 [INFO] [3070] 'DOĞALGAZ CAM MENFEZİ 180 MM ŞEFFAF' | 50.00 TL | SKU: ELTOS.EM382
2026-09-28 09:12:50 [INFO] [15007] 'KÖŞE ÇITASI FİLELİ PVC BEYAZ 07X07 (35X6' | 27.50 TL | SKU: DARKSS.FK.07.01
2026-09-28 09:12:54 [INFO] [15348] 'STREÇ 17 MİCRON 50X150 MT (1400 GR)' | 250.00 TL | SKU: ELİTT.17MC50X150
2026-09-28 09:12:58 [INFO] [2727] 'SÜZGEÇ TELİ 100CM 16X18 (50) 1 M' | 100.00 TL | SKU: EBAX.016
2026-09-28 09:13:02 [INFO] [5407] 'OSB 2 122X244 CM 11 MM KRONOSPAN (76)' | 699.00 TL | SKU: KRONOSPAN.01
2026-09-28 09:13:06 [INFO] [5304] 'KALEM MARANGOZ SİYAH ELTOS' | 30.00 TL | SKU: ELTOS.EMK004
2026-09-28 09:13:10 [INFO] [1480] 'ARDUAZLI SHINGLE RULO YEŞİL YONCA (10M2)' | 1390.00 TL | SKU: BİKAMAX.FLEX03
2026-09-28 09:13:14 [INFO] [1943] 'ALÇ.VİDA BOARDEX SİVRİ BB30 (1000AD)' | 1250.00 TL | SKU: DALSAN.308
2026-09-28 09:13:18 [INFO] [15439] 'MASKELEME BANDI 48MM x 25 MT RTRMAX 1 AD' | 45.00 TL | SKU: RTRMAX.RNM4825
2026-09-28 09:13:22 [INFO] [9317] 'SUNTA VİDASI MUHTELİF' | 425.00 TL | SKU: STD.SUNTA
2026-09-28 09:13:26 [INFO] [4372] 'TAHARET MUSLUK AÇ KAPA BEYAZ MK105' | 245.00 TL | SKU: GMS.MK105
2026-09-28 09:13:30 [INFO] [7693] '0.50*86*3000 TRAPEZ (BORDO)' | 735.00 TL | SKU: RALL.3009.050.3000
2026-09-28 09:13:33 [INFO] [5896] 'MANYETİK SOMUN ADAPTÖRÜ 8x45 MM' | 28.00 TL | SKU: WONDER.STW01272
2026-09-28 09:13:36 [INFO] [15796] 'MANYETİK SOMUN ADAPTÖRÜ 8x45' | 90.00 TL | SKU: FİVESTAR.BSA0845
2026-09-28 09:13:40 [INFO] [12072] 'DRENAJ LEVHASI 200*2000(40 M2)(320 gr/m2' | 1000.00 TL | SKU: DARKSS.DR320
2026-09-28 09:13:43 [INFO] [1963] 'DEKORATİF KAPLAMA İNCE DOKU QF-555 25 KG' | 250.00 TL | SKU: DARKSS.YK.QF555İ
2026-09-28 09:13:46 [INFO] [7052] 'ONDULİN OLUKLU LEVHA YEŞİL 2-MT' | 575.00 TL | SKU: ONDULİN. 002
2026-09-28 09:13:46 [INFO] ... ilerleme 800/817 (tazelenen 790, basarisiz 10, korunan 10, atlanan 0)
2026-09-28 09:13:49 [INFO] [8497] 'PU KÖPÜK TYTAN 750 ML(TABANCALI) (1KT-12' | 209.00 TL | SKU: SELENA.10049279
2026-09-28 09:13:52 [INFO] [1926] 'SATENTEK ALÇI-25 KG.' | 185.00 TL | SKU: DALSAN.104
2026-09-28 09:13:56 [INFO] [1927] 'DERZTEK ALÇI LEVHA DERZ DOLGU ALÇI (25 K' | 220.00 TL | SKU: DALSAN.107
2026-09-28 09:13:59 [INFO] [772] 'ASMA TAVAN KAROPAN BEYAZ DÜZ 60*60*8MM 1' | 62.50 TL | SKU: ASMAT.002
2026-09-28 09:14:02 [INFO] [1983] 'TAMİR HARCI QF 666 İNCE 25 KG' | 350.00 TL | SKU: DARKSS.YK.QF666İ
2026-09-28 09:14:05 [INFO] [9093] 'TRP.VİDA 5,5*25-5MM 1 AD' | 1.75 TL | SKU: STD.900037700
2026-09-28 09:14:08 [INFO] [4899] '100/45 PİS SU PVC DİRSEK KALDE' | 62.00 TL | SKU: KALDE.5213ELB0M0045
2026-09-28 09:14:12 [INFO] [1859] 'SIVATEK SIVA ALÇISI 35 KG' | 200.00 TL | SKU: DALSAN.103
2026-09-28 09:14:15 [INFO] [6145] 'ONDULİN ÇİVİSİ METAL BAŞLI GLV 8 CM (2,5' | 185.00 TL | SKU: NALBUR.008.01
2026-09-28 09:14:18 [INFO] [6260] 'METAL KESİCİ 115x2.5 MM 38002 - NİKON' | 27.50 TL | SKU: NIKON.38002
2026-09-28 09:14:21 [INFO] [8490] 'SIVI ÇİVİ YAPIŞTIRICI 390GR ŞEFFAF' | 220.00 TL | SKU: SELENA.10040913
2026-09-28 09:14:25 [INFO] [5910] 'ÇELİK DÜBEL GÖMLEKLİ 10x85 MM 1 AD' | 10.00 TL | SKU: STD.911771800
2026-09-28 09:14:28 [INFO] [15077] 'MAKET BIÇAĞI YEDEĞİ 10 LU GENİŞ 18MM ORI' | 60.00 TL | SKU: ORIENT.MAKB2T
2026-09-28 09:14:31 [WARNING] [1968] 429 Too Many Requests — 300s bekleniyor (deneme 1/3, hiz 0.2/sn)
2026-09-28 09:14:36 [WARNING] [14752] 429 Too Many Requests — 300s bekleniyor (deneme 1/3, hiz 0.2/sn)
2026-09-28 09:14:41 [WARNING] [3558] 429 Too Many Requests — 300s bekleniyor (deneme 1/3, hiz 0.2/sn)
2026-09-28 09:14:46 [WARNING] [9384] 429 Too Many Requests — 300s bekleniyor (deneme 1/3, hiz 0.2/sn)
2026-09-28 09:19:32 [WARNING] [1968] 429 Too Many Requests — 300s bekleniyor (deneme 2/3, hiz 0.2/sn)
2026-09-28 09:19:36 [WARNING] [14752] 429 Too Many Requests — 300s bekleniyor (deneme 2/3, hiz 0.2/sn)
2026-09-28 09:19:41 [WARNING] [3558] 429 Too Many Requests — 300s bekleniyor (deneme 2/3, hiz 0.2/sn)
2026-09-28 09:19:46 [WARNING] [9384] 429 Too Many Requests — 300s bekleniyor (deneme 2/3, hiz 0.2/sn)
2026-09-28 09:24:32 [WARNING] [1968] 429 Too Many Requests — 300s bekleniyor (deneme 3/3, hiz 0.2/sn)
2026-09-28 09:24:36 [WARNING] [14752] 429 Too Many Requests — 300s bekleniyor (deneme 3/3, hiz 0.2/sn)
2026-09-28 09:24:41 [WARNING] [3558] 429 Too Many Requests — 300s bekleniyor (deneme 3/3, hiz 0.2/sn)
2026-09-28 09:24:46 [WARNING] [9384] 429 Too Many Requests — 300s bekleniyor (deneme 3/3, hiz 0.2/sn)
2026-09-28 09:29:32 [ERROR] [https://yapimaks.com/seramik-yapistirici-gri-qf121-c1t-25-kg-p1968] Tum denemeler basarisiz: None
2026-09-28 09:29:32 [WARNING] [https://yapimaks.com/seramik-yapistirici-gri-qf121-c1t-25-kg-p1968] Eski satir korundu, yarin tekrar denenir.
2026-09-28 09:29:36 [ERROR] [https://yapimaks.com/eldiven-pu-kapli-slim-no-10-beybi-p14752] Tum denemeler basarisiz: None
2026-09-28 09:29:36 [WARNING] [https://yapimaks.com/eldiven-pu-kapli-slim-no-10-beybi-p14752] Eski satir korundu, yarin tekrar denenir.
2026-09-28 09:29:41 [ERROR] [https://yapimaks.com/duy-fis-e27-gece-lambasi-renkli-beyaz-yesil-p3558] Tum denemeler basarisiz: None
2026-09-28 09:29:41 [WARNING] [https://yapimaks.com/duy-fis-e27-gece-lambasi-renkli-beyaz-yesil-p3558] Eski satir korundu, yarin tekrar denenir.
2026-09-28 09:29:46 [ERROR] [https://yapimaks.com/silte-parke-alti-1-m2-50-p9384] Tum denemeler basarisiz: None
2026-09-28 09:29:46 [WARNING] [https://yapimaks.com/silte-parke-alti-1-m2-50-p9384] Eski satir korundu, yarin tekrar denenir.
2026-09-28 09:29:46 [INFO] State yaziliyor: 8624 url -> /home/runner/work/inflationstudymirror/inflationstudymirror/InflationItems/Datas/ConstructionSuppliesMarkets/yapimaks/last_seen.json
2026-09-28 09:29:46 [INFO] ==================================================
2026-09-28 09:29:46 [INFO] Tamamlandi [OK]! Tasinan: 7605 | Tazelenen: 803 | Basarisiz: 14 | Korunan eski satir: 14 | Atlanan (sure/limit): 0 | Dusurulen: 17
2026-09-28 09:29:46 [INFO] Dosya: /home/runner/work/inflationstudymirror/inflationstudymirror/InflationItems/Datas/ConstructionSuppliesMarkets/yapimaks/2026-09-28.csv (toplam 8422 urun)
2026-09-28 09:29:46 [INFO] ==================================================
