2026-10-01 02:26:39 [INFO] ==================================================
2026-10-01 02:26:39 [INFO] Yapimaks Scraper basliyor (async)
2026-10-01 02:26:39 [INFO] ==================================================
2026-10-01 02:26:39 [INFO] Parametreler: workers=8, rate=0.8/sn, max_duration=300 dk
2026-10-01 02:26:39 [INFO] Ana sayfa ziyaret ediliyor, cookie aliniyor...
2026-10-01 02:26:40 [INFO] Cookie basariyla alindi.
2026-10-01 02:26:40 [INFO] Sitemap indiriliyor: https://yapimaks.com/sitemap/products1.xml
2026-10-01 02:26:41 [INFO] Sitemap'ten toplam 8361 urun URL'si bulundu.
2026-10-01 02:26:41 [INFO] Dunun dosyasi: 2026-09-30.csv
2026-10-01 02:26:41 [INFO] Dunun dosyasinda 8425 urun var.
2026-10-01 02:26:41 [WARNING] 5 urun 7+ gun sitemap'te gorunmuyor, dosyadan dusuruldu: ['https://yapimaks.com/betopan-duz-levha-1250-2500-10mm-p1464', 'https://yapimaks.com/nem-bariyeri-120gr-3kat-mavi-darkss-1-m2-150-p13477', 'https://yapimaks.com/norm-tipi-25mm-1000-ad-p7425', 'https://yapimaks.com/30-30-1-5mm-kutu-profil-antipasli-p2353', 'https://yapimaks.com/nem-bariyeri-100gr-3kat-beyaz-darkss-1-m2-160-p12141']
2026-10-01 02:26:41 [INFO] GUNLUK BUTCE: 294 urun aday — hepsi bu koşuda tazelenir.
2026-10-01 02:26:41 [INFO] Tasinacak (degismeyen) urun: 8420 | Yeniden cekilecek: 294
2026-10-01 02:26:41 [INFO] [7697] '0.50*86*5000 TRAPEZ (BORDO)' | 1225.00 TL | SKU: RALL.3009.050.5000
2026-10-01 02:26:42 [INFO] [7695] '0.50*86*4000 TRAPEZ (BORDO)' | 980.00 TL | SKU: RALL.3009.050.4000
2026-10-01 02:26:42 [INFO] [15938] 'AĞAÇ KESİM MOTORU TESTERE 2T 25CC 30 CM ' | 5750.00 TL | SKU: FACTOR.FCGC25
2026-10-01 02:26:42 [INFO] [784] 'ASMA TAVAN METAL CLİP-İN 60*60 BORDURLÜ ' | 225.00 TL | SKU: ASMAT.026
2026-10-01 02:26:44 [INFO] [15939] 'AĞAÇ KESİM MOTORU TESTERE 2T 58CC 50 CM ' | 5950.00 TL | SKU: FACTOR.FCGC58
2026-10-01 02:26:45 [INFO] [15936] 'ETRİYE KOLU 08-12 MM MEK0812 SAİT DEMİRC' | 2430.00 TL | SKU: SD.MEK0812
2026-10-01 02:26:46 [INFO] [15940] 'CAM FAYANS KESİCİ YEDEK BIÇAĞI 5Lİ TOPSH' | 75.00 TL | SKU: TOPSHOP.TSP03096
2026-10-01 02:26:48 [INFO] [15941] 'JENERATÖR BENZİNLİ 10 KVA TRİFAZE KGL100' | 49000.00 TL | SKU: FACTOR.FACKGL10000CE3
2026-10-01 02:26:49 [INFO] [14250] 'ÇIRPI İPİ / ÇİZİM İPİ BOYALI PLASTİK GÖV' | 150.00 TL | SKU: PARTNER.09929
2026-10-01 02:26:50 [INFO] [1681] 'DUŞ TEKNESİ 100X100 KARE PANAMA H:15 CM' | 2820.00 TL | SKU: CABINART.015
2026-10-01 02:26:51 [INFO] [15535] 'MENGENE 125MM DÖNER TABLALI PARTNER 2115' | 2750.00 TL | SKU: PARTNER.PRT21155
2026-10-01 02:26:53 [INFO] [14259] 'MIKNATISLI BİLEKLİ PT09971 PARTNER' | 125.00 TL | SKU: PARTNER.09971
2026-10-01 02:26:54 [INFO] [15934] 'ŞERİT LED TRAFOSU 21A 250W SLİM 18MT CAT' | 400.00 TL | SKU: CATA.CT2577
2026-10-01 02:26:55 [WARNING] [https://yapimaks.com/ray-spot-40w-4000k-9005-siyah-kasa-masialux-p13935] Urun parse hatasi (deneme 1/3): API yanitinda fiyat bulunamadi
2026-10-01 02:26:56 [INFO] [3958] 'ASKI ÇUBUĞU /TELİ 80 1 AD (100)' | 8.00 TL | SKU: FOUR.HNK0016
2026-10-01 02:26:57 [INFO] [14248] 'ALÇIPAN TESTERE BIÇAK TİPİ 6" 150 MM TSP' | 250.00 TL | SKU: TOPSHOP.TSP03067
2026-10-01 02:26:59 [WARNING] [https://yapimaks.com/insaat-demiri-nervullu-kalin-12-14-16-20-p4683] Urun parse hatasi (deneme 1/3): API yanitinda fiyat bulunamadi
2026-10-01 02:27:00 [INFO] [15831] 'LED AMPUL CRYSTAL 40W 6400K BEYAZ 175-26' | 130.00 TL | SKU: HOROZ.001-016-1040
2026-10-01 02:27:01 [INFO] [14935] 'AĞAÇ KESİM MOTORU TESTERE FACTOR' | 5500.00 TL | SKU: FACTOR.FACFC2512
2026-10-01 02:27:02 [INFO] [15864] 'ALÇI MALASI PLASTİK AÇIK SAP 35 CM DEKOR' | 369.00 TL | SKU: DEKOR.093
2026-10-01 02:27:04 [WARNING] [https://yapimaks.com/ray-spot-40w-4000k-9005-siyah-kasa-masialux-p13935] Urun parse hatasi (deneme 2/3): API yanitinda fiyat bulunamadi
2026-10-01 02:27:05 [INFO] [12511] 'ELEKTRİK BORUSU SPİRAL PLASTİK 14Q 1 M' | 9.00 TL | SKU: MUTLUSAN.0010204000140011
2026-10-01 02:27:06 [INFO] [10876] 'BOYA VE HARÇ KARIŞTIRICI RTM396 ELEKTRİK' | 6390.00 TL | SKU: RTRMAX.RTM396
2026-10-01 02:27:07 [INFO] [12512] 'ELEKTRİK BORUSU SPİRAL PLASTİK 18Q 1 M' | 15.00 TL | SKU: MUTLUSAN.0010204000180011
2026-10-01 02:27:09 [INFO] [14753] 'KALETERASİT MALA PLS.AÇIK SAP 125X277 MM' | 99.00 TL | SKU: DUYAR.DY550
2026-10-01 02:27:10 [INFO] [15872] 'JİLETLİ TEL 45 LİK DÜZLEMSEL 1 TOP=50 M' | 1900.00 TL | SKU: BAHÇE.TEL.Ç-151
2026-10-01 02:27:11 [WARNING] [https://yapimaks.com/insaat-demiri-nervullu-kalin-12-14-16-20-p4683] Urun parse hatasi (deneme 2/3): API yanitinda fiyat bulunamadi
2026-10-01 02:27:13 [INFO] [15309] 'BOYA KARIŞTIRICI SDS 100X600 TSP14329' | 110.00 TL | SKU: TOPSHOP.TSP14329
2026-10-01 02:27:14 [WARNING] [https://yapimaks.com/ray-spot-40w-4000k-9005-siyah-kasa-masialux-p13935] Urun parse hatasi (deneme 3/3): API yanitinda fiyat bulunamadi
2026-10-01 02:27:14 [ERROR] [https://yapimaks.com/ray-spot-40w-4000k-9005-siyah-kasa-masialux-p13935] Tum denemeler basarisiz: API yanitinda fiyat bulunamadi
2026-10-01 02:27:14 [WARNING] [https://yapimaks.com/ray-spot-40w-4000k-9005-siyah-kasa-masialux-p13935] Eski satir korundu, yarin tekrar denenir.
2026-10-01 02:27:15 [INFO] [3793] '16 1/2 DIŞ DİŞLİ REKOR KALDE' | 78.00 TL | SKU: KALDE.3411NMF160B00
2026-10-01 02:27:16 [INFO] [4886] '50 KELEPÇE PİS SU PVC KALDE' | 9.00 TL | SKU: KALDE.5213BCC0K0000
2026-10-01 02:27:17 [INFO] [9127] 'ALÇ.VİDA SİVRİ 45 (500 AD) STD' | 395.00 TL | SKU: STD.900197701
2026-10-01 02:27:19 [INFO] [14241] 'ALÇIPAN TESTERE BIÇAK TİPİ 6" 152 MM TSP' | 325.00 TL | SKU: TOPSHOP.3068
2026-10-01 02:27:20 [INFO] [3792] '16 1/2 İÇ DİŞLİ REKOR KALDE' | 80.40 TL | SKU: KALDE.3411NFF160B01
2026-10-01 02:27:21 [INFO] [13076] 'ASMA KİLİT GRİ 20mm' | 25.00 TL | SKU: STD.953740800
2026-10-01 02:27:22 [INFO] [15863] 'RULO DEKOR EXPORT YEDEK 15CM 1101' | 70.00 TL | SKU: DEKOR.1101
2026-10-01 02:27:24 [INFO] [13653] 'BAHÇE ARMATÜRÜ APLİK YONCA-2 40W SiYAH H' | 204.00 TL | SKU: HOROZ.400-010-133
2026-10-01 02:27:25 [INFO] [7002] 'ASKI KEMER DECOBELLA 50836' | 45.00 TL | SKU: OMAK.50836
2026-10-01 02:27:26 [INFO] [13839] 'BARİ 60X60 CEVİZ 1K MAT (1,8M2)' | 801.00 TL | SKU: EGESER.600X600BAR28
2026-10-01 02:27:28 [INFO] [11590] 'BALTİMORE AÇIK GRİ 30X60 2K K8 (1,26M2)' | 377.00 TL | SKU: EGESER.300X600BTM47.END
2026-10-01 02:27:29 [INFO] [14712] 'BİTS UÇ ADAPTÖRÜ 75 MM 1/4" WONDER 1 AD' | 30.00 TL | SKU: WONDER.STW013764-2
2026-10-01 02:27:30 [INFO] [4915] '100/70 ÇATAL PİS SU PVC KALDE' | 109.00 TL | SKU: KALDE.5213SBR0M0L45
2026-10-01 02:27:31 [INFO] [10995] 'BORU KILIFI 22/10 2 MT PROCO' | 15.00 TL | SKU: PROCO.001
2026-10-01 02:27:32 [INFO] [7786] 'BAŞLI ÇİVİ TABANCA F20 1P=5000 AD' | 234.00 TL | SKU: RAYTEL.F20
2026-10-01 02:27:34 [INFO] [12691] 'DENİZLİK UZATMA PROFİLİ PVC 5.5 CM 3 M 1' | 76.20 TL | SKU: FOUR.DU.55.3000
2026-10-01 02:27:35 [INFO] [1994] 'DERZ DOLGU KAHVE (SİLİKONLU) 1 KG' | 45.00 TL | SKU: DARKSS.YK.0007
2026-10-01 02:27:36 [WARNING] [https://yapimaks.com/insaat-demiri-nervullu-kalin-12-14-16-20-p4683] Urun parse hatasi (deneme 3/3): API yanitinda fiyat bulunamadi
2026-10-01 02:27:36 [ERROR] [https://yapimaks.com/insaat-demiri-nervullu-kalin-12-14-16-20-p4683] Tum denemeler basarisiz: API yanitinda fiyat bulunamadi
2026-10-01 02:27:36 [WARNING] [https://yapimaks.com/insaat-demiri-nervullu-kalin-12-14-16-20-p4683] Eski satir korundu, yarin tekrar denenir.
2026-10-01 02:27:37 [INFO] [12174] 'FIRÇA ROBOT NO:3 KARDELEN' | 100.00 TL | SKU: KARDELEN.0050
2026-10-01 02:27:39 [INFO] [13275] 'İŞ MONTU ÇIKMA KOL YELEK GRİ S' | 1490.00 TL | SKU: PERSMONT.021
2026-10-01 02:27:40 [INFO] [4940] 'KALE BİLYALI MANDALLI BAREL 68 MM SATEN' | 850.00 TL | SKU: KALE.164BME68
2026-10-01 02:27:41 [INFO] [13179] 'KAPI ALTI BANDI SÜNGER 2.5MT' | 25.00 TL | SKU: POLİTAPEE.15846
2026-10-01 02:27:42 [INFO] [9989] 'KLOZET KAPAK AÇELYA SLİM YAVAŞ KAPANIR M' | 1250.00 TL | SKU: VİSAM.512.001
2026-10-01 02:27:44 [INFO] [14125] 'KAPI PENCERE FİTİL BANT 2Lİ KAHVE D TİP ' | 15.00 TL | SKU: STD.963979800
2026-10-01 02:27:45 [INFO] [14243] 'KARIŞTIRICI 80X400 TSP14323' | 100.00 TL | SKU: TOPSHOP.14323
2026-10-01 02:27:46 [INFO] [14709] 'BİTS UÇ PH1 50 MM YILDIZ' | 17.50 TL | SKU: WONDER.STW1914-3
2026-10-01 02:27:48 [INFO] [11174] 'KIVIRCIK RULO PASPAS 120CM 14 MM (YEŞİL)' | 439.00 TL | SKU: PSP.120.Y.14
2026-10-01 02:27:49 [INFO] [7611] 'KIVIRCIK RULO PASPAS 120CM 14 MM (KIRMIZ' | 439.00 TL | SKU: PSP.120.K.14
2026-10-01 02:27:50 [INFO] [8138] 'KOLASTAR AĞZI ÇATAL DİŞ 61 CM' | 149.00 TL | SKU: IŞIKLAR.301-61
2026-10-01 02:27:51 [INFO] [10776] 'KLOZET KAPAK MİMOZA YAVAŞ KAPANIR PLASTİ' | 860.00 TL | SKU: VİSAM.532.004
2026-10-01 02:27:53 [INFO] [15031] 'AUTOKIT JEL KOKU ÇiLEK AHŞAP KAPAKLI 50 ' | 288.00 TL | SKU: AUTOKİT.FA99.065
2026-10-01 02:27:54 [INFO] [12089] 'L BORUSU TAKIM' | 365.00 TL | SKU: GMS.YD045
2026-10-01 02:27:55 [INFO] [10679] 'KULP BONCUK 96 MM 32 MAT SİYAH' | 46.00 TL | SKU: NOBEL.PS67760967332
2026-10-01 02:27:56 [INFO] [12256] 'LOKMA ANAHTARI ALTI KÖŞE 1/4 11 mm' | 139.00 TL | SKU: İZELTAŞ.1107.06.0011
2026-10-01 02:27:57 [INFO] [12258] 'LOKMA ANAHTARI ALTI KÖŞE 1/4 13 mm' | 139.00 TL | SKU: İZELTAŞ.1107.06.0013
2026-10-01 02:27:59 [INFO] [3520] 'MAKARA ÇİFTLİ DENGE DEMİR 30 LUK' | 210.00 TL | SKU: FALO.3OÇDD
2026-10-01 02:28:00 [INFO] [7825] 'MANDREN ANAHTARSIZ OTOMATİK SIKMA 0.8-10' | 175.00 TL | SKU: PARTNER.21063
2026-10-01 02:28:01 [INFO] [8486] 'MASTİK KAHVERENGİ 500gr (KAPI,PENCERE)  ' | 59.00 TL | SKU: SELENA.0641
2026-10-01 02:28:02 [INFO] [4838] 'KOMBİ SETİ DÜZ 8 Lİ MİNİ KOLLU KALDE' | 772.80 TL | SKU: KALDE.3262KMB100008
2026-10-01 02:28:04 [INFO] [6600] 'MIKNATISLI TUTUCU BEYAZ' | 41.00 TL | SKU: NOBEL.3640732
2026-10-01 02:28:05 [INFO] [13263] 'PANTOLON BONDİT POLARLI GRİ S' | 1390.00 TL | SKU: PERSMONT.009
2026-10-01 02:28:06 [INFO] [7041] 'KAPI ALTI BANDI SÜNGERLİ 90 CM DECOBELLA' | 30.00 TL | SKU: OMAK.90413
2026-10-01 02:28:07 [INFO] [8710] 'PASPAS NEM ALICI 40x70' | 399.00 TL | SKU: SERMAT.SRC0478
2026-10-01 02:28:09 [INFO] [13269] 'PANTOLON BONDİT POLARLI LACİVERT S' | 1390.00 TL | SKU: PERSMONT.015
2026-10-01 02:28:10 [INFO] [5003] 'RAPİD END ASTAR SİYAH RİN BOYA SELÜLOZİK' | 1200.00 TL | SKU: KARDELEN.002
2026-10-01 02:28:11 [INFO] [9745] 'SDS PLUS AĞAÇ KALIPÇI UÇ 20X120X500MM 50' | 429.00 TL | SKU: TODRİLL.TD50539
2026-10-01 02:28:13 [INFO] [15042] 'SERAMİK FAYANS KESME DELME MAKİNASI 600 ' | 2250.00 TL | SKU: PROMASTER.PRM52509
2026-10-01 02:28:14 [INFO] [6493] 'SİNEKLİK TUTAMAK PLASTİK BEYAZ' | 10.00 TL | SKU: NOBEL.32966
2026-10-01 02:28:15 [INFO] [13872] 'SPREY ŞEFFAF VERNİK  400ML SELSİL' | 170.00 TL | SKU: SELSİL.431
2026-10-01 02:28:16 [INFO] [5052] 'TAHLİYE HORTUMU 1.5 MT' | 75.00 TL | SKU: KARPA.026
2026-10-01 02:28:18 [INFO] [9720] 'TODRİLL MATKAP AHŞAP UÇ SET 8Lİ 50191' | 149.00 TL | SKU: TODRİLL.50191
2026-10-01 02:28:19 [INFO] [13108] 'TOREX ÇOK AMAÇLI DÜBEL T-X 6' | 249.00 TL | SKU: 8680613960520
2026-10-01 02:28:20 [INFO] [9808] 'TORF GREENLIFE SAKSI TOPRAĞI 5 LT' | 42.00 TL | SKU: TORF.5LT
2026-10-01 02:28:21 [INFO] [12255] 'LOKMA ANAHTARI ALTI KÖŞE 1/4 10 mm' | 139.00 TL | SKU: İZELTAŞ.1107.06.0010
2026-10-01 02:28:22 [INFO] [5102] "TRİFONLU KELEPÇE UZUN (1') 32 LİK" | 22.50 TL | SKU: TRF.KELEPÇE.U032
2026-10-01 02:28:24 [INFO] [8215] 'ÇAMAŞIR KURUTMALIK KOD:3304 CAPRICE KANA' | 1150.00 TL | SKU: SARAYLI.3304
2026-10-01 02:28:25 [INFO] [6490] 'RAF ALTI BÜYÜK SİYAH FERFORJE 1 AD' | 164.00 TL | SKU: NOBEL.329551F35
2026-10-01 02:28:26 [INFO] [11629] 'TORNAVİDA YILDIZ 5X100 MEGA' | 45.00 TL | SKU: MEGA.MG1125100
2026-10-01 02:28:27 [INFO] [5131] 'EMNİYET VENTİLİ SİBOP BANYO KAZAN' | 175.00 TL | SKU: KARPA.107
2026-10-01 02:28:29 [INFO] [15307] 'KARIŞTIRICI 100X600 TSP14325' | 169.00 TL | SKU: TOPSHOP.TSP14325
2026-10-01 02:28:30 [INFO] [11531] 'BATARYA ZİRVE MİX EVİYE (YATIK BORU)' | 2450.00 TL | SKU: GMS.ZRV104
2026-10-01 02:28:31 [INFO] [6680] 'MENTEŞE KELEBEK KÜÇÜK ANTİK BAKIR' | 31.00 TL | SKU: NOBEL.439042
2026-10-01 02:28:32 [INFO] [5024] 'İZOLE ASTAR(KONSANTRE) 2.5 LT KARDELEN' | 410.00 TL | SKU: KARDELEN.023
2026-10-01 02:28:34 [INFO] [14612] 'ZEMİN/KORUMA ÖRTÜSÜ PRATİK 20 M2 KARDELE' | 57.50 TL | SKU: KARDELEN.0065
2026-10-01 02:28:35 [INFO] [4533] 'ÇÖP KOVASI PEDALLI SLİM 20 L GRİ PLASTİK' | 315.00 TL | SKU: SÖNMEZ.ST225-5
2026-10-01 02:28:36 [INFO] [15504] 'FIRÇA KESTİRME AHŞAP SÜPER NO:3 201 YILD' | 90.00 TL | SKU: YILDIRIMFIRÇA.201
2026-10-01 02:28:37 [INFO] [15523] 'ÇIRPI İPİ 85 GR. 90 MT' | 55.00 TL | SKU: WONDER.W015021
2026-10-01 02:28:39 [INFO] [15759] 'KESER MİNİ SAPLI MK0351 SAİT DEMİRCİ' | 650.00 TL | SKU: SD.MK0351
2026-10-01 02:28:40 [INFO] [15937] 'HORTUM LAVABO SPİRAL ŞEFFAF 1 1/4 P 1 M' | 50.00 TL | SKU: GÜNEŞ.0017.2
2026-10-01 02:28:41 [INFO] [9162] 'GAZLI PİSTON 120N-STD' | 59.00 TL | SKU: STD.928350800
2026-10-01 02:28:42 [INFO] [9336] 'STROPİYER K4 10X10CM 10MM (2M)' | 45.00 TL | SKU: STROPİYER.030
2026-10-01 02:28:44 [INFO] [14408] 'SÜZGEÇ 10X10 METAL ÇERÇEVE  KAPAK YANDAN' | 144.00 TL | SKU: SÜZGEÇ.158543A501011
2026-10-01 02:28:45 [INFO] [12177] 'ZEMİN/KORUMA ÖRTÜSÜ KALIN 20 M2 KARDELEN' | 90.00 TL | SKU: KARDELEN.0061
2026-10-01 02:28:46 [INFO] [3954] 'ASKI ÇUBUĞU /TELİ 30 1 AD (100)' | 4.00 TL | SKU: FOUR.HNK0012
2026-10-01 02:28:48 [INFO] [12935] 'BETOFAST 6.3*35 1 AD' | 2.75 TL | SKU: STD.YHB4834
2026-10-01 02:28:48 [INFO] ... ilerleme 100/294 (tazelenen 98, basarisiz 2, korunan 2, atlanan 0)
2026-10-01 02:28:49 [INFO] [15768] 'AMPUL LEDBULB TORCH 30W 6500 K BEYAZ IŞI' | 110.00 TL | SKU: VOLTEK.VLB03065
2026-10-01 02:28:50 [INFO] [3201] 'EPS-30 3CM 50*100 (16AD-8M2) DARKSS' | 590.00 TL | SKU: EPS.12.0008
2026-10-01 02:28:51 [INFO] [3534] 'KAPI MANDALI 40X40 FALO' | 105.60 TL | SKU: FALO.KM40
2026-10-01 02:28:52 [INFO] [14611] 'ZEMİN/KORUMA ÖRTÜSÜ PRATİK 10 M2 KARDELE' | 49.00 TL | SKU: KARDELEN.0064
2026-10-01 02:28:54 [INFO] [14777] 'KOLİ KALEMİ MAVİ EDDİNG 300' | 69.00 TL | SKU: EDDİNG.GHED30003
2026-10-01 02:28:55 [INFO] [13959] 'KOLİ KALEMİ SİYAH' | 50.00 TL | SKU: EDDİNG.GHED10301
2026-10-01 02:28:56 [INFO] [3525] 'MAKARA KEPLİ 60 LIK' | 204.00 TL | SKU: FALO.60KM
2026-10-01 02:28:57 [INFO] [13091] 'ZIMBA TABANCASI MEKANİK R13 RAPİD' | 1300.00 TL | SKU: RAPİD.R13
2026-10-01 02:28:59 [INFO] [6263] 'METAL KESİCİ 230x3 MM 38012 - NİKON' | 100.00 TL | SKU: NIKON.38012
2026-10-01 02:29:00 [INFO] [15538] 'SU TERAZİSİ 3 LÜ ALÜMİNYUM 9-16-24" BTS ' | 1000.00 TL | SKU: BTS.03049
2026-10-01 02:29:01 [INFO] [7519] 'POLİKARBON 8MM 210*6000 FÜME (12,6M2)' | 3650.00 TL | SKU: POL.KRB.LV08.02
2026-10-01 02:29:02 [INFO] [12938] 'SUNTA VİDASI 3,5x25 AKDENİZ (1000)' | 325.00 TL | SKU: AKDENİZ.VSUN35025GAL-16000
2026-10-01 02:29:04 [INFO] [9394] 'TAYROT 17-MM*120-CM' | 135.00 TL | SKU: TAYROT.001
2026-10-01 02:29:05 [INFO] [12243] 'KOLİ BANDI ŞEFFAF 45MMX40METRE' | 40.00 TL | SKU: ASTEL.A070011
2026-10-01 02:29:06 [INFO] [14568] 'LOKMA TORNAVİDA 8 MM PRSCR' | 76.00 TL | SKU: PROSCR.02677.08MM
2026-10-01 02:29:08 [INFO] [15832] 'SMD PANEL LED BEYAZ 18W SLİM 6400K BEYAZ' | 199.00 TL | SKU: HOROZ.056-003-0018
2026-10-01 02:29:09 [INFO] [4773] '20/45 DİRSEK PPRC KALDE' | 4.00 TL | SKU: KALDE.3212ELB200045
2026-10-01 02:29:10 [INFO] [15829] 'LED AMPUL EKOLA-9 9W E27 4200K HOROZ' | 29.00 TL | SKU: HOROZ.001-006-2009-030
2026-10-01 02:29:11 [INFO] [4776] '32/90 DİRSEK KAPALI PPRC KALDE' | 8.00 TL | SKU: KALDE.3212ELB320000
2026-10-01 02:29:13 [INFO] [4784] '25/20 REDÜKSİYON PPRC KALDE' | 4.00 TL | SKU: KALDE.3212RDC252000
2026-10-01 02:29:14 [INFO] [6374] 'AYAK DELTA 6 CM MATKROM BİLEZİKLİ' | 27.00 TL | SKU: NOBEL.21176
2026-10-01 02:29:15 [INFO] [14844] 'EL FENERİ PT-8872 USB ŞARJLI SOLAR' | 175.00 TL | SKU: PANTHER PT-8872
2026-10-01 02:29:16 [INFO] [14426] 'HAVLULUK UZUN KROM YAPIŞKANLI ECO FIESTA' | 130.00 TL | SKU: NOBEL.721311Y
2026-10-01 02:29:18 [INFO] [14235] 'MONTAJ YAPIŞTIRICI 1000 FIX, 310 ML' | 100.00 TL | SKU: SELENA.10052107
2026-10-01 02:29:19 [INFO] [4786] '32/25 REDÜKSİYON PPRC KALDE' | 11.00 TL | SKU: KALDE.3212RDC322500
2026-10-01 02:29:20 [INFO] [4782] '32 MANŞON PPRC KALDE' | 8.00 TL | SKU: KALDE.3212MUF320000
2026-10-01 02:29:21 [INFO] [10784] 'SERAMİK ÇITA DIŞ KÖŞE 10 MM PARLAK KROM ' | 139.00 TL | SKU: SAY.350.10.PKR.2
2026-10-01 02:29:22 [INFO] [15393] 'CALACATTA BEYAZ 60X60 2K PARLAK (1,8M2)' | 672.00 TL | SKU: EGESER.600X600CLC41.2K
2026-10-01 02:29:24 [INFO] [15410] 'MANTOLAMA DÜBELİ EURO PVC ÇİVİLİ 15.5 CM' | 3.75 TL | SKU: DARKSS.MDÇ.15.6
2026-10-01 02:29:25 [INFO] [1017] 'ŞARJ ALETİ ARABA ÇAKMAKLIK TYPE-C AV-QC7' | 99.00 TL | SKU: AVEC.AVQC7203
2026-10-01 02:29:26 [INFO] [12519] 'MASTİK ELASTOMAST ELM 300 21KG' | 1850.00 TL | SKU: BTM.0403
2026-10-01 02:29:28 [INFO] [9397] 'TAYROT SOMUNU 17*75' | 47.50 TL | SKU: TAYROT.004
2026-10-01 02:29:29 [INFO] [15505] 'FIRÇA KESTİRME AHŞAP SÜPER NO:4 202 YILD' | 100.00 TL | SKU: YILDIRIMFIRÇA.202
2026-10-01 02:29:30 [INFO] [5092] "TRİFONLU KELEPÇE UZUN (2') 70 LİK" | 32.50 TL | SKU: TRF.KELEPÇE.U07
2026-10-01 02:29:31 [INFO] [6342] 'ASKI KRİSTAL KROM' | 40.00 TL | SKU: NOBEL.165629
2026-10-01 02:29:32 [INFO] [787] 'ASMA TAVAN METAL CLİP-İN ANA TAŞIYICI 3 ' | 92.50 TL | SKU: ASMAT.038
2026-10-01 02:29:34 [INFO] [777] 'ASMA TAVAN METAL CLİP-İN U PROFİLİ (3 MT' | 105.00 TL | SKU: ASMAT.019
2026-10-01 02:29:35 [INFO] [9395] 'TAYROT 17-MM*100-CM' | 115.00 TL | SKU: TAYROT.002
2026-10-01 02:29:36 [INFO] [3967] 'ASMA TAVAN KAROPAN ÇİFTLİ YAY (1000)' | 7.00 TL | SKU: FOUR.HNK0025
2026-10-01 02:29:37 [INFO] [10043] 'WALLBOARD T-2500 1 CM (40-AD 28.8M2)' | 1800.00 TL | SKU: XPS.001
2026-10-01 02:29:39 [INFO] [7666] 'TRAPEZ 875*2000*ŞEFFAF 0.9MM' | 550.00 TL | SKU: PVC.OND.TRP.2000
2026-10-01 02:29:40 [INFO] [6562] 'AYAK BAZA M8 SAPLAMALI' | 21.00 TL | SKU: NOBEL.35106833
2026-10-01 02:29:41 [INFO] [4609] 'PERDE RAYI KORNİŞ ÜÇLÜ RAY FİNALİ' | 50.00 TL | SKU: IŞIK.0124
2026-10-01 02:29:42 [INFO] [15923] 'MERDİVEN 2X15 A TİP SÜRGÜLÜ ENDÜSTRİYEL ' | 11750.00 TL | SKU: SARAYLI.7215A
2026-10-01 02:29:44 [INFO] [15935] 'PRİZ 4 LÜ 1.5 M ŞOK KORUMALI ANAHTARLI Ç' | 1435.00 TL | SKU: VİKO.90117630
2026-10-01 02:29:45 [INFO] [14387] '25*25*2.00 MM KUTU PROFİL(ANTİPASLI)' | 418.29 TL | SKU: DEM.PRF.397
2026-10-01 02:29:46 [INFO] [13109] 'TOREX ÇOK AMAÇLI DÜBEL T-X 8' | 249.00 TL | SKU: 8680613960537
2026-10-01 02:29:48 [INFO] [6441] 'EMNİYET KİLİDİ PVC HALATLI BEYAZ' | 186.00 TL | SKU: NOBEL.32339
2026-10-01 02:29:49 [INFO] [5207] 'AKGÜN KİREMİT MAHYA MARSİLYA KIRMIZI' | 55.00 TL | SKU: KİREMİT.008
2026-10-01 02:29:50 [INFO] [1860] 'KARTEK KARTONPİYER ALÇISI (30-KG)' | 159.00 TL | SKU: DALSAN.105
2026-10-01 02:29:51 [INFO] [14593] 'MANTOLAMA DÜBELİ GAZ BETON ÇELİK ÇİVİLİ ' | 4.00 TL | SKU: DARKSS.MDGÇ.14
2026-10-01 02:29:52 [INFO] [6164] 'SEMER 42*45 7016 ANTRASİT GRİ SEMER' | 5.00 TL | SKU: NALBUR.040
2026-10-01 02:29:54 [INFO] [15830] 'ARMATÜR LEDBANT BEYAZ 100W 120CM 7000K G' | 440.00 TL | SKU: HOROZ.052-006-0100-0005
2026-10-01 02:29:55 [INFO] [11867] "MD 02 SPRİNK NORMAL 3'LÜ ÇİM FISKİYE MD " | 50.00 TL | SKU: MEDALYAN.MD02
2026-10-01 02:29:56 [INFO] [15914] 'METAL KESİCİ PRO İNOX 115X1,0X22,23 EGES' | 30.00 TL | SKU: EGESAN.272581
2026-10-01 02:29:57 [INFO] [13752] 'LED AMPUL CRYSTAL 50W BEYAZ 6400K 175-26' | 150.00 TL | SKU: HOROZ.001-016-1050
2026-10-01 02:29:59 [INFO] [14750] 'ELDİVEN PU KAPLI KESİLMEYE DİRENÇLİ NO:1' | 179.00 TL | SKU: BEYBİ.İ04CU200B
2026-10-01 02:30:00 [INFO] [12903] 'ELDİVEN SARI BEYAZ PN3  NO:10' | 37.50 TL | SKU: BEYBİ.İ040177
2026-10-01 02:30:01 [INFO] [14637] 'RULO DEKOR ELEK IZGARA 25LİK PREMİUM 34C' | 50.00 TL | SKU: DEKOR.1481
2026-10-01 02:30:03 [INFO] [9091] 'MATKAP UÇLU VİDA RYSB 3.9x25 (1250 AD.)' | 800.00 TL | SKU: STD.900027700
2026-10-01 02:30:04 [INFO] [9613] 'İÇ CEPHE BOYASI TEMPO SİL MAT BAZ-2 10 K' | 1250.00 TL | SKU: TEMPO.0024
2026-10-01 02:30:05 [INFO] [14168] 'DERZ SEVİYE TESPİT TAKOZU SİYAH (100-ADE' | 130.00 TL | SKU: ALFOR.A13-S1SY100-30
2026-10-01 02:30:06 [INFO] [13373] 'METAL KESİCİ İNOX 230X1.9X22 KARBOSAN' | 119.00 TL | SKU: KARBOSAN.06425
2026-10-01 02:30:07 [INFO] [4620] 'PVC LAMBİRİ AKSESUAR KÖŞEBENT AKÇAAĞAÇ 3' | 150.00 TL | SKU: DARKSS.PL.L02
2026-10-01 02:30:09 [INFO] [4789] '20 TE PPRC KALDE' | 5.00 TL | SKU: KALDE.3212TEO200000
2026-10-01 02:30:10 [INFO] [13562] 'MASTİK PU 280 ML PU-45 SiYAH' | 185.00 TL | SKU: SELENA.180
2026-10-01 02:30:11 [INFO] [4772] '20/90 DİRSEK KAPALI PPRC KALDE' | 3.00 TL | SKU: KALDE.3212ELB200000
2026-10-01 02:30:12 [INFO] [1477] 'MEMBRAN 2 MM C 200 (15M2) (48)' | 1000.00 TL | SKU: BİKAMAX.C200
2026-10-01 02:30:14 [INFO] [4900] '100/90 PİS SU PVC DİRSEK KALDE' | 74.00 TL | SKU: KALDE.5213ELB0M0090
2026-10-01 02:30:15 [INFO] [4888] '100 KELEPÇE PİS SU PVC KALDE' | 31.00 TL | SKU: KALDE.5213BCC0M0000
2026-10-01 02:30:16 [INFO] [1972] 'DERZ DOLGU BEYAZ (SİLİKONLU) QF 333 20 K' | 375.00 TL | SKU: DARKSS.YK.QF333B
2026-10-01 02:30:18 [INFO] [1482] 'MEMBRAN 3 MM P 300 (10M2) (48)' | 1000.00 TL | SKU: BİKAMAX.P300
2026-10-01 02:30:19 [INFO] [1974] 'DERZ DOLGU KOYU GRİ (SİLİKONLU) QF 333 2' | 430.00 TL | SKU: DARKSS.YK.QF333KG
2026-10-01 02:30:20 [INFO] [13738] 'EL FENERİ IŞILDAK PT-6219 SOLAR+USB ŞARJ' | 425.00 TL | SKU: PANTHER PT-6219
2026-10-01 02:30:21 [INFO] [5322] 'İKAZ BANDI EMNİYET 250 MT' | 199.00 TL | SKU: ARY.6CM250M
2026-10-01 02:30:22 [INFO] [9135] 'BETOFAST 6.3*50 1 AD' | 2.50 TL | SKU: STD.900240700
2026-10-01 02:30:24 [INFO] [12102] 'DARKSS QF-5050 TAM ELASTİK SÜT B WP205 1' | 1600.00 TL | SKU: DARKSS.YK.QF.5050.B.10KG
2026-10-01 02:30:25 [INFO] [1986] 'DARKSS QF-5050 WP205 TOZ A 20KG (6 10 KG' | 375.00 TL | SKU: DARKSS.YK.QF.5050.A
2026-10-01 02:30:26 [INFO] [13723] '0.40*86*4000 TRAPEZ (BORDO)' | 900.00 TL | SKU: RALL.3009.040.4000
2026-10-01 02:30:27 [INFO] [11182] 'NAYLON SİYAH 0.18 MC 2X2MT' | 115.00 TL | SKU: NAYLON.05
2026-10-01 02:30:29 [INFO] [15564] 'EL FENERİ PT-6893 USB ŞARJLI MİNİ ANAHTA' | 125.00 TL | SKU: PANTHER.PT-6893
2026-10-01 02:30:30 [INFO] [8483] 'SUNTA VİDASI 3,5x45 SELECTRON (500)' | 250.00 TL | SKU: SELECTRON.011
2026-10-01 02:30:31 [INFO] [4914] '100/50 ÇATAL PİS SU PVC KALDE' | 85.00 TL | SKU: KALDE.5213SBR0M0K45
2026-10-01 02:30:32 [INFO] [2827] 'WOODEN KAHVE 43,5X50,3 2K ALTIGEN (1,31M' | 562.00 TL | SKU: EGESER.435X503WDN06.END
2026-10-01 02:30:34 [INFO] [9167] 'BİTS UÇ PZ2-75MM STANDART' | 30.00 TL | SKU: STD.933514800
2026-10-01 02:30:35 [INFO] [14845] 'EL FENERİ PT-7744 USB ŞARJLI' | 235.00 TL | SKU: PANTHER PT-7744
2026-10-01 02:30:36 [INFO] [15884] 'RULO RTRMAX İÇ VE DIŞ CEPHE 20CM' | 140.00 TL | SKU: RTRMAX.RFR420
2026-10-01 02:30:38 [INFO] [7522] 'POLİKARBON 6MM 210*6000 ŞEFFAF (12,6)' | 3200.00 TL | SKU: POL.KRB.LV06.01
2026-10-01 02:30:39 [INFO] [13743] 'LED AMPUL EKOLA-9 9W E27 6400K HOROZ' | 29.00 TL | SKU: HOROZ.001-006-2009
2026-10-01 02:30:40 [INFO] [14238] 'PARKE GEÇİŞ Z PROFİLİ 8 MM MAT KROM ALÜM' | 300.00 TL | SKU: SAY.371.08.MKR.2
2026-10-01 02:30:41 [INFO] [6523] 'MENTEŞE KAPI ÇELİK CERMAN YÖNSÜZ SATEN  ' | 46.00 TL | SKU: NOBEL.3370512221
2026-10-01 02:30:43 [INFO] [13281] 'MONT YELEK ÇIKMA KOL LACİVERT S' | 1490.00 TL | SKU: PERSMONT.027
2026-10-01 02:30:44 [INFO] [14406] 'DUŞ KANALI LİNEER 33 CM SABİT SATEN YAND' | 336.00 TL | SKU: LİNEER.DK150.71005451
2026-10-01 02:30:45 [INFO] [9088] 'SUNTA VİDASI 5x70 STD (200)' | 240.00 TL | SKU: STD.900023700
2026-10-01 02:30:46 [INFO] [2097] 'SPATULA EĞRİ SAPLI 25 CM AHŞAP DEKOR 020' | 275.00 TL | SKU: DEKOR.02046
2026-10-01 02:30:47 [INFO] [618] 'METRE ŞERİT 5MT 25MM MTP525 RODEX' | 100.00 TL | SKU: RODEX.RHT0680525
2026-10-01 02:30:49 [INFO] [6079] 'STROPİYER PERDELİK 12x12 - 2MT' | 45.00 TL | SKU: STROPİYER.EPTB
2026-10-01 02:30:50 [INFO] [15753] 'EL FENERİ PT-6892 USB ŞARJLI' | 150.00 TL | SKU: PANTHER.PT-6892
2026-10-01 02:30:51 [INFO] [11095] 'SÜZGEÇ 10X10 METAL KAPAK YANDAN 50MM' | 71.00 TL | SKU: SÜZGEÇ.158543A501010
2026-10-01 02:30:52 [INFO] [10903] 'FIRÇA KESTİRME LÜX NO:4 KARDELEN' | 75.00 TL | SKU: KARDELEN.0049
2026-10-01 02:30:52 [INFO] ... ilerleme 200/294 (tazelenen 198, basarisiz 2, korunan 2, atlanan 0)
2026-10-01 02:30:54 [INFO] [4895] '50/90 PİS SU PVC DİRSEK KALDE' | 19.00 TL | SKU: KALDE.5213ELB0K0090
2026-10-01 02:30:55 [INFO] [4880] '50/250 PİS SU BORU KALDE' | 39.00 TL | SKU: KALDE.5203TBEXK0250
2026-10-01 02:30:56 [INFO] [7689] '0.50*3009 RULO SAC 30-CM' | 70.00 TL | SKU: RALL.3009.300.01
2026-10-01 02:30:58 [INFO] [7727] '0.50*105*2000 TRAPEZ (BEYAZ)' | 550.00 TL | SKU: RALL.9002.050.2000
2026-10-01 02:30:59 [INFO] [7699] '0.50*86*6000 TRAPEZ (BORDO)' | 1470.00 TL | SKU: RALL.3009.050.6000
2026-10-01 02:31:00 [INFO] [1928] 'ADERTEK YAPIŞTIRMA ALÇISI (25 KG)' | 210.00 TL | SKU: DALSAN.106
2026-10-01 02:31:01 [INFO] [1703] 'CAM SUYU 5 LT -25' | 99.00 TL | SKU: LEMONEN.CS.5LT
2026-10-01 02:31:02 [INFO] [12901] 'ELDİVEN SARI PAMUK ASTARLI LİKRALI NO:10' | 69.00 TL | SKU: BEYBİ.İ0401890
2026-10-01 02:31:04 [INFO] [9119] 'MATKAP UÇLU VİDA RYSB 3.9x16 (2000 AD.)' | 990.00 TL | SKU: STD.900159700
2026-10-01 02:31:05 [INFO] [7698] '0.50*86*5500 TRAPEZ (BORDO)' | 1347.50 TL | SKU: RALL.3009.050.5500
2026-10-01 02:31:06 [INFO] [12409] 'SUNTA VİDASI 6x120 AKDENİZ (100)' | 175.00 TL | SKU: AKDENİZ.VSUN60120GAL
2026-10-01 02:31:07 [INFO] [9096] 'TRP.VİDA 5,5*50-5MM 1 AD' | 2.50 TL | SKU: STD.900040700
2026-10-01 02:31:09 [INFO] [4879] '50/150 PİS SU BORU KALDE' | 28.00 TL | SKU: KALDE.5203TBEXK0150
2026-10-01 02:31:10 [INFO] [4911] '50/50 ÇATAL PİS SU PVC KALDE' | 35.00 TL | SKU: KALDE.5213SBR0K0K45
2026-10-01 02:31:11 [INFO] [6767] 'BATARYA BETA MİX BEYAZ EVYE KUĞU NOBEL' | 1531.00 TL | SKU: NOBEL.702103B
2026-10-01 02:31:12 [INFO] [6161] 'SEMER 42*45 3009 BORDO SEMER' | 4.00 TL | SKU: NALBUR.037
2026-10-01 02:31:14 [INFO] [14339] 'ÇELİK DÜBEL KLİPSLİ 8x75mm 1 AD' | 9.50 TL | SKU: STKEPS.24001
2026-10-01 02:31:15 [INFO] [9214] 'BİTS UÇ MANYETİK UZATMA ADAPTÖRÜ 60 MM' | 30.00 TL | SKU: CMC.6567
2026-10-01 02:31:16 [INFO] [4894] '50/45 PİS SU PVC DİRSEK KALDE' | 17.00 TL | SKU: KALDE.5213ELB0K0045
2026-10-01 02:31:17 [INFO] [789] 'ASMA TAVAN KAROPAN T24 L KÖŞE 3M 1 1AD (' | 67.50 TL | SKU: ASMAT.041
2026-10-01 02:31:19 [INFO] [4884] '100/250 PİS SU BORUSU KALDE' | 102.00 TL | SKU: KALDE.5203TBEXM0250
2026-10-01 02:31:20 [INFO] [4896] '70/45 PİS SU PVC DİRSEK KALDE' | 28.00 TL | SKU: KALDE.5213ELB0L0045
2026-10-01 02:31:21 [INFO] [12745] 'BİTS UÇ TEK YÖNLÜ  MIKNATISLI  PZ2-65MM ' | 60.00 TL | SKU: TYSON.KUPTYS.9684
2026-10-01 02:31:22 [INFO] [12602] 'HAZAR BEYAZ 30X60 2K (1,26-M2)' | 377.00 TL | SKU: EGESER.300X600HZR01.2K
2026-10-01 02:31:24 [INFO] [12945] 'PU KÖPÜK THERMOSPRAY TABANCALI 870 ML 2M' | 315.00 TL | SKU: SELENA.10049906
2026-10-01 02:31:25 [INFO] [788] 'ASMA TAVAN KAROPAN T24 ANA TAŞIYICI (3.6' | 137.50 TL | SKU: ASMAT.040
2026-10-01 02:31:26 [INFO] [790] 'ASMA TAVAN KAROPAN T24 TALİ 120 (60)' | 40.00 TL | SKU: ASMAT.042
2026-10-01 02:31:27 [INFO] [791] 'ASMA TAVAN KAROPAN T24 TALİ 60 LIK (60)' | 20.00 TL | SKU: ASMAT.044
2026-10-01 02:31:29 [INFO] [1970] 'GRANİT MERMER YAP.FLEX GRİ QF-125 25 KG ' | 300.00 TL | SKU: DARKSS.YK.QF125G
2026-10-01 02:31:30 [INFO] [4866] '70/1000 PİS SU BORU KALDE' | 117.00 TL | SKU: KALDE.5203TBE0L1000
2026-10-01 02:31:31 [INFO] [4613] 'PVC LAMBİRİ BEYAZ FUGA 20 CM 6MT (AD 1.2' | 275.00 TL | SKU: DARKSS.PL01
2026-10-01 02:31:33 [INFO] [9833] 'TOSHİBA PİL KALEM 4-LÜ AA LR6 BLİSTER' | 99.00 TL | SKU: TOSHİBA.LR6
2026-10-01 02:31:34 [INFO] [4930] 'ÇATI OLUĞU DERE KELEPÇE 150 MM KALDE' | 48.00 TL | SKU: KALDE.7213BCC150000
2026-10-01 02:31:35 [INFO] [6409] 'KAPI TOKMAK NİKEL SATEN KUMRU' | 301.00 TL | SKU: NOBEL.3002793
2026-10-01 02:31:36 [INFO] [14932] 'JENERATÖR BENZİNLİ 9.4 KVA MONOFAZE KGL1' | 45000.00 TL | SKU: FACTOR.FACKGL10000CE
2026-10-01 02:31:37 [INFO] [4844] '20 1/2 REKOR OYNAR BAŞLI DIŞ DİŞLİ KALDE' | 121.00 TL | SKU: KALDE.3272TUM200B00
2026-10-01 02:31:39 [INFO] [4823] '32 1 DIŞ DİŞLİ REKOR PPRC KALDE' | 85.00 TL | SKU: KALDE.3222NMO321000
2026-10-01 02:31:40 [INFO] [12222] 'METRE ŞERİT 5MT 25MM BTS12359' | 165.00 TL | SKU: BTS.12359
2026-10-01 02:31:41 [INFO] [8755] 'SERAMİK TARAĞI PLASTİK SGS' | 60.00 TL | SKU: SGS.143
2026-10-01 02:31:42 [INFO] [7520] 'POLİKARBON 4MM 210*6000 ŞEFFAF(12,6)' | 2300.00 TL | SKU: POL.KRB.LV04.01
2026-10-01 02:31:44 [INFO] [6280] 'ELDİVEN KIRMIZI SİYAH NİTRİL NO:10 MAX S' | 45.00 TL | SKU: MAXSAFETY.NIT-101.10
2026-10-01 02:31:45 [INFO] [1009] 'PİL İNCE 2 Lİ ŞARJ EDİLEBİLİR 1.2V AAA 6' | 99.00 TL | SKU: AVEC.AAA600
2026-10-01 02:31:46 [INFO] [1964] 'GAZBETON YAPIŞTIRICI QF-130 25 KG' | 200.00 TL | SKU: DARKSS.YK.QF130
2026-10-01 02:31:47 [INFO] [15093] 'SPREY BOYA SİYAH RAL 9005 400ML SELENA' | 129.00 TL | SKU: SELENA.10052505
2026-10-01 02:31:49 [INFO] [5926] 'SUNTA KESME TESTERE 115x24x22.2 WONDER' | 175.00 TL | SKU: WONDER.STW01859
2026-10-01 02:31:50 [INFO] [15621] 'KOLİ BANDI HOTMELT ŞEFFAF 45MMX100 METRE' | 99.00 TL | SKU: GLOBUS.GLO10339
2026-10-01 02:31:51 [INFO] [15438] 'MASKELEME BANDI 36MM x 25 MT (RTRMAX)' | 35.00 TL | SKU: RTRMAX.RNM3625
2026-10-01 02:31:52 [INFO] [4372] 'TAHARET MUSLUK AÇ KAPA BEYAZ MK105' | 245.00 TL | SKU: GMS.MK105
2026-10-01 02:31:54 [INFO] [12976] 'ELDİVEN BEYBİ PL-9 LATEKS KIRMIZI NO:10 ' | 65.00 TL | SKU: BEYBİ.İ040162-10
2026-10-01 02:31:55 [INFO] [7085] 'EPS OPTİMİX KARBONLU 50*100*5CM (10 AD, ' | 975.00 TL | SKU: OPTİMİX.04
2026-10-01 02:31:56 [INFO] [12946] 'KARTON OLUKLU ZEMİN KORUMA 120CM (30 M2)' | 600.00 TL | SKU: NALBUR.127
2026-10-01 02:31:57 [INFO] [4873] '100/1000 PİS SU BORU KALDE' | 181.00 TL | SKU: KALDE.5203TBE0M1000
2026-10-01 02:31:59 [INFO] [4874] '100/3000 PİS SU BORU KALDE' | 511.00 TL | SKU: KALDE.5203TBE0M3000
2026-10-01 02:32:00 [INFO] [15439] 'MASKELEME BANDI 48MM x 25 MT RTRMAX 1 AD' | 45.00 TL | SKU: RTRMAX.RNM4825
2026-10-01 02:32:01 [INFO] [15796] 'MANYETİK SOMUN ADAPTÖRÜ 8x45' | 90.00 TL | SKU: FİVESTAR.BSA0845
2026-10-01 02:32:02 [INFO] [7693] '0.50*86*3000 TRAPEZ (BORDO)' | 735.00 TL | SKU: RALL.3009.050.3000
2026-10-01 02:32:04 [INFO] [1963] 'DEKORATİF KAPLAMA İNCE DOKU QF-555 25 KG' | 250.00 TL | SKU: DARKSS.YK.QF555İ
2026-10-01 02:32:05 [INFO] [14765] '0.50*50*200 DERE AKSESUAR BORDO' | 429.00 TL | SKU: RALL.3009.050.AKS.02
2026-10-01 02:32:06 [INFO] [7052] 'ONDULİN OLUKLU LEVHA YEŞİL 2-MT' | 575.00 TL | SKU: ONDULİN. 002
2026-10-01 02:32:07 [INFO] [4899] '100/45 PİS SU PVC DİRSEK KALDE' | 62.00 TL | SKU: KALDE.5213ELB0M0045
2026-10-01 02:32:09 [INFO] [11186] 'İŞ BOTU ÇELİK BURUN NO:42' | 649.00 TL | SKU: BMES.571.042
2026-10-01 02:32:10 [INFO] [4897] '70/90 PİS SU PVC DİRSEK KALDE' | 33.00 TL | SKU: KALDE.5213ELB0L0090
2026-10-01 02:32:11 [INFO] [8490] 'SIVI ÇİVİ YAPIŞTIRICI 390GR ŞEFFAF' | 220.00 TL | SKU: SELENA.10040913
2026-10-01 02:32:12 [INFO] [2744] 'VERANO AÇIK YEŞİL 10X30 2K (0,6M2)' | 336.00 TL | SKU: EGESER.100X300VRO15.2K
2026-10-01 02:32:14 [INFO] [11258] 'CEPHE PANELİ PU 40*EKO*6500(9002)' | 3477.50 TL | SKU: PANEL.0040.01
2026-10-01 02:32:15 [INFO] [1971] 'GRANİT MERMER YAP.FLEX BEYAZ QF-125 25KG' | 350.00 TL | SKU: DARKSS.YK.QF125B
2026-10-01 02:32:16 [INFO] [13764] 'TAŞYÜNÜ LEVHA 120KG-3CM (5,76M2)RAVABER' | 1250.00 TL | SKU: RAVABER.00007
2026-10-01 02:32:17 [INFO] [2045] 'TAVAN BOYASI (ÖZEL) DARKSS 17,5 KG' | 649.00 TL | SKU: DARKSS.B.TB175
2026-10-01 02:32:19 [INFO] [4856] '25 ÇİFTLİ KLİPS PPRC KALDE' | 7.00 TL | SKU: KALDE.3592BCK252200
2026-10-01 02:32:20 [INFO] [4482] 'PİMLİ DAİRE FIRÇA 50 MM HA10145 HAWK' | 65.00 TL | SKU: HAWK.HA10145
2026-10-01 02:32:21 [INFO] [4905] '100/70 REDÜKSİYON PİS SU PVC KALDE' | 53.00 TL | SKU: KALDE.5213RDC0M0L00
2026-10-01 02:32:23 [INFO] [4840] '20 1/2 REKOR OYNAR BAŞLI İÇ DİŞLİ KALDE' | 111.00 TL | SKU: KALDE.3272TUF200B00
2026-10-01 02:32:24 [INFO] [4851] '20 KÖRTAPA DİŞLİ PPRC KALDE' | 2.00 TL | SKU: KALDE.3295STE200B00
2026-10-01 02:32:25 [INFO] [12705] 'BALTİMORE MAT AÇIK GRİ 45X45 1K K8 (1,62' | 644.00 TL | SKU: EGESER.450X450BTM57
2026-10-01 02:32:26 [INFO] [8512] 'SİLİKON ŞEFFAF AKVARYUM VE CAM SİLİKONU ' | 175.00 TL | SKU: SELENA.138
2026-10-01 02:32:28 [INFO] [9912] 'UNIVERSAL ELEKTRİK İZO. BANDI 19*10-KIRM' | 20.00 TL | SKU: UNIVERSAL.023
2026-10-01 02:32:29 [INFO] [776] 'ASMA TAVAN METAL CLİP-İN 30*30 FULL PERF' | 55.00 TL | SKU: ASMAT.017
2026-10-01 02:32:30 [INFO] [2008] 'MANTOLAMA DÜBELİ PVC ÇİVİLİ  10-CM SPECO' | 1.75 TL | SKU: SPECO.MD.10
2026-10-01 02:32:31 [INFO] [7406] 'KAMP LAMBASI T612-1 12V SMALL 16,5 CM PA' | 100.00 TL | SKU: PANTHER.XINYIN.T-612-1
2026-10-01 02:32:32 [INFO] [15437] 'MASKELEME BANDI 24MM x 25 MT RTRMAX 1 AD' | 25.00 TL | SKU: RTRMAX.RNM2425
2026-10-01 02:32:34 [INFO] [6476] 'RAF ALTI L DEMİR BEYAZ 8X10' | 45.00 TL | SKU: FLORA.T01019
2026-10-01 02:32:35 [INFO] [2108] 'RULO DEKOR EKSPORT SATEN YAĞLI BOYA 25CM' | 285.00 TL | SKU: DEKOR.1081
2026-10-01 02:32:36 [INFO] [5190] 'GEOTEKSTİL KEÇE 250GR GRİ 1 M2 (200M2)' | 15.00 TL | SKU: DARKSS.K250
2026-10-01 02:32:37 [INFO] [11041] 'MEMBRAN 3 MM UKS WİNROOF COLD -20 EP3000' | 1750.00 TL | SKU: WİNROOF.UKS113
2026-10-01 02:32:39 [INFO] [12478] 'MASTİK PU DAYSON-280ML(GRİ)' | 250.00 TL | SKU: DAYSON.D10003
2026-10-01 02:32:40 [INFO] [1968] 'SERAMİK YAPIŞTIRICI GRİ QF121 C1T-25 KG.' | 185.00 TL | SKU: DARKSS.YK.QF121G
2026-10-01 02:32:41 [INFO] [2032] 'PRİMAST 200 ASTAR SERAMİK ÜSTÜ 3 KG' | 275.00 TL | SKU: DARKSS.B.P200.03
2026-10-01 02:32:43 [INFO] [3939] 'DC-75 040 MM EKO 35X75X35 3 M 1 AD (12)' | 115.00 TL | SKU: FOUR.040.DC-75.3000
2026-10-01 02:32:44 [INFO] [9384] 'ŞİLTE PARKE ALTI 1 M2 (50)' | 8.50 TL | SKU: ŞİLTE.002
2026-10-01 02:32:45 [INFO] [9136] 'BETOFAST 6.3*105 1 AD' | 4.25 TL | SKU: STD.900242700
2026-10-01 02:32:46 [INFO] [14375] 'RAF ALTI L DEMİR SİYAH 8X10' | 45.00 TL | SKU: FLORA.T010223
2026-10-01 02:32:48 [INFO] [8919] 'MUHAFAZALI TİJ TAKIMI SİSELAYD' | 50.00 TL | SKU: SİSELAYD.Y001
2026-10-01 02:32:49 [INFO] [12868] 'METRE ŞERİT 3MT 16MM BTS12353' | 90.00 TL | SKU: BTS.12353
2026-10-01 02:32:50 [INFO] [7789] 'BAŞLI ÇİVİ TABANCA F30 1P=5000 AD' | 280.00 TL | SKU: RAYTEL.F30
2026-10-01 02:32:50 [INFO] State yaziliyor: 8653 url -> /home/runner/work/inflationstudymirror/inflationstudymirror/InflationItems/Datas/ConstructionSuppliesMarkets/yapimaks/last_seen.json
2026-10-01 02:32:50 [INFO] ==================================================
2026-10-01 02:32:50 [INFO] Tamamlandi [OK]! Tasinan: 8145 | Tazelenen: 292 | Basarisiz: 2 | Korunan eski satir: 2 | Atlanan (sure/limit): 0 | Dusurulen: 5
2026-10-01 02:32:50 [INFO] Dosya: /home/runner/work/inflationstudymirror/inflationstudymirror/InflationItems/Datas/ConstructionSuppliesMarkets/yapimaks/2026-10-01.csv (toplam 8439 urun)
2026-10-01 02:32:50 [INFO] ==================================================
