2026-09-29 07:54:28 [INFO] ==================================================
2026-09-29 07:54:28 [INFO] Yapimaks Scraper basliyor (async)
2026-09-29 07:54:28 [INFO] ==================================================
2026-09-29 07:54:28 [INFO] Parametreler: workers=8, rate=0.8/sn, max_duration=300 dk
2026-09-29 07:54:28 [INFO] Ana sayfa ziyaret ediliyor, cookie aliniyor...
2026-09-29 07:54:29 [INFO] Cookie basariyla alindi.
2026-09-29 07:54:29 [INFO] Sitemap indiriliyor: https://yapimaks.com/sitemap/products1.xml
2026-09-29 07:54:29 [INFO] Sitemap'ten toplam 8351 urun URL'si bulundu.
2026-09-29 07:54:29 [INFO] Dunun dosyasi: 2026-09-28.csv
2026-09-29 07:54:29 [INFO] Dunun dosyasinda 8422 urun var.
2026-09-29 07:54:30 [WARNING] 8 urun 7+ gun sitemap'te gorunmuyor, dosyadan dusuruldu: ['https://yapimaks.com/tirpan-yan-rtm9632-benzin-52cc-1-9hp-250mm-rtrmax-p8007', 'https://yapimaks.com/baltimore-koyu-gri-30x60-1k-1-26m2-p2782', 'https://yapimaks.com/is-mont-softshell-p12537', 'https://yapimaks.com/seramik-cita-dis-kose-12-mm-galata-parlak-krom-270-cm-p8315', 'https://yapimaks.com/zimpara-rulo-sunger-green-gold-p-120-kum-atlas-p928']...
2026-09-29 07:54:30 [INFO] GUNLUK BUTCE: 193 urun aday — hepsi bu koşuda tazelenir.
2026-09-29 07:54:30 [INFO] Tasinacak (degismeyen) urun: 8414 | Yeniden cekilecek: 193
2026-09-29 07:54:30 [INFO] [2013] 'MANTOLAMA DÜBELİ PVC ÇİVİLİ 16-CM SPECO ' | 2.50 TL | SKU: SPECO.MD.16
2026-09-29 07:54:30 [INFO] [2009] 'MANTOLAMA DÜBELİ PVC ÇİVİLİ 12-CM SPECO ' | 2.00 TL | SKU: SPECO.MD.12
2026-09-29 07:54:30 [INFO] [7296] 'CEPHE PANELİ PU 40*EKO*5500(9002)' | 2942.50 TL | SKU: PANEL.0037
2026-09-29 07:54:31 [INFO] [5129] 'BANYO KAZAN SİBOBU' | 100.00 TL | SKU: KARPA.105
2026-09-29 07:54:32 [WARNING] [https://yapimaks.com/ray-spot-40w-4000k-9005-siyah-kasa-masialux-p13935] Urun parse hatasi (deneme 1/3): API yanitinda fiyat bulunamadi
2026-09-29 07:54:34 [INFO] [15879] 'PRİZ 3 LÜ 3 M ANAHTARLI TOPRAKLI' | 450.00 TL | SKU: HOROZ.210.003.302
2026-09-29 07:54:35 [INFO] [14885] 'BAŞLI ÇİVİ TABANCA 18/25 BRAD 1P=5000AD' | 175.00 TL | SKU: AKDENİZ.YBR1825
2026-09-29 07:54:36 [INFO] [5022] 'CAM CİLA 2.2 LT KARDELEN' | 750.00 TL | SKU: KARDELEN.021
2026-09-29 07:54:37 [INFO] [3744] 'BOYA B.KIRMIZI SELÜLOZİK 2.5 KG FAWORİ' | 950.00 TL | SKU: FAWORİ.173
2026-09-29 07:54:39 [INFO] [8380] 'ÇEKİÇ 800 GR DESA' | 335.00 TL | SKU: SD.DÇ0800
2026-09-29 07:54:40 [INFO] [9957] 'ÇERÇEVE TEKLİ BEYAZ LİNNERA VİKO' | 25.00 TL | SKU: VİKO.90480001
2026-09-29 07:54:41 [INFO] [14326] 'CERMAN BAREL KİLİT 68 MM SARI YUMA' | 370.00 TL | SKU: YUMA.YM-B68
2026-09-29 07:54:42 [INFO] [13398] 'CIRT ZIMPARA 215MM 120 KUM ALÇIPAN 6 DEL' | 18.00 TL | SKU: SANİ.STS04647
2026-09-29 07:54:44 [INFO] [6271] 'CIRT ZIMPARA 225 MM 80 KUM DELİKLİ' | 20.00 TL | SKU: NIKON.N52019
2026-09-29 07:54:45 [INFO] [6211] 'ÇAPA SAPI 80 CM İNCE' | 50.00 TL | SKU: NALBUR.116
2026-09-29 07:54:46 [WARNING] [https://yapimaks.com/ray-spot-40w-4000k-9005-siyah-kasa-masialux-p13935] Urun parse hatasi (deneme 2/3): API yanitinda fiyat bulunamadi
2026-09-29 07:54:47 [INFO] [5031] 'DOLGU VERNİĞİ 2.2 LT KARDELEN' | 850.00 TL | SKU: KARDELEN.030
2026-09-29 07:54:49 [INFO] [2636] "DURACELL PİL KALEM 4'LÜ AA LR6/MN1500" | 259.00 TL | SKU: DURACELL.LR6/MN1500-4
2026-09-29 07:54:50 [INFO] [12425] 'EL FENERİ PT-9675 USB ŞARJLI  3W+UV LED ' | 100.00 TL | SKU: PANTHER PT-9675
2026-09-29 07:54:51 [INFO] [14227] 'MANTOLAMA DÜBELİ TABANCALI 50 MM (1000AD' | 3800.00 TL | SKU: STAR.MDÇ.50MM
2026-09-29 07:54:52 [INFO] [3762] 'ENDÜSTRİYEL BOYA MAT BEYAZ 0.75 KG İDEAL' | 475.00 TL | SKU: FAWORİ.238
2026-09-29 07:54:54 [INFO] [9945] 'FİŞ ERKEK TOPRAKLI BEYAZ VİKO' | 70.00 TL | SKU: VİKO.90304100
2026-09-29 07:54:55 [INFO] [4735] 'GRES POMPA 300 CC İZELTAŞ' | 1150.00 TL | SKU: İZELTAŞ.6230.26.0300
2026-09-29 07:54:56 [WARNING] [https://yapimaks.com/insaat-demiri-nervullu-kalin-12-14-16-20-p4683] Urun parse hatasi (deneme 1/3): API yanitinda fiyat bulunamadi
2026-09-29 07:54:57 [INFO] [4399] 'DÜZ RADYATÖR REKORU 1/2' | 230.00 TL | SKU: GMS.SR501
2026-09-29 07:54:59 [WARNING] [https://yapimaks.com/ray-spot-40w-4000k-9005-siyah-kasa-masialux-p13935] Urun parse hatasi (deneme 3/3): API yanitinda fiyat bulunamadi
2026-09-29 07:54:59 [ERROR] [https://yapimaks.com/ray-spot-40w-4000k-9005-siyah-kasa-masialux-p13935] Tum denemeler basarisiz: API yanitinda fiyat bulunamadi
2026-09-29 07:54:59 [WARNING] [https://yapimaks.com/ray-spot-40w-4000k-9005-siyah-kasa-masialux-p13935] Eski satir korundu, yarin tekrar denenir.
2026-09-29 07:55:00 [INFO] [15057] 'BUDAMA TESTERESİ KATLANIR 180 MM RODEX (' | 235.00 TL | SKU: RODEX.RHT0702100018
2026-09-29 07:55:01 [INFO] [5316] 'EMNİYET ZİNCİRİ SARI BAŞEL' | 169.00 TL | SKU: BEŞEL.015.BA120S
2026-09-29 07:55:02 [INFO] [103] 'İŞ AYAKKABISI YAZLIK SÜET NO:42' | 599.00 TL | SKU: BMES.1453.01.042
2026-09-29 07:55:04 [INFO] [11186] 'İŞ BOTU ÇELİK BURUN NO:42' | 649.00 TL | SKU: BMES.571.042
2026-09-29 07:55:05 [INFO] [14186] 'İŞ PANTOLON YAZLIK FERMUARLI HK LACİVERT' | 749.00 TL | SKU: PERSMONT.HK-PF06Y-L
2026-09-29 07:55:06 [INFO] [2539] 'İZOLASYON FIRÇASI SICAK UYG 4 N0 - DOĞUŞ' | 127.50 TL | SKU: DOĞUŞ.11.006
2026-09-29 07:55:07 [INFO] [11504] 'KABLO BAĞI CIRT KELEPÇE 150X3.6 SİYAH 10' | 46.00 TL | SKU: WONDER.STW01620
2026-09-29 07:55:09 [INFO] [14500] 'KABLO BAĞI CIRT KELEPÇE 600X7.5 BEYAZ 10' | 515.00 TL | SKU: WONDER.STW01748-1
2026-09-29 07:55:10 [INFO] [8192] 'İLAÇ POMPASI 10 LT' | 1050.00 TL | SKU: DİRİM.PO010
2026-09-29 07:55:11 [INFO] [14846] 'KAMP LAMBASI PT-385 USB ŞARJLI SOLAR' | 570.00 TL | SKU: PANTHER PT-385
2026-09-29 07:55:12 [INFO] [14096] 'KAPI KİLİDİ WC SESSİZ 45X18 MM OVAL SATE' | 166.00 TL | SKU: NOBEL.3904300329
2026-09-29 07:55:14 [INFO] [6083] 'İÇ CEPHE BOYASI RG1 (2.5 LT) MOMENTOMAX' | 1000.00 TL | SKU: FİLLİ.MOMENTOMAX.RG1.2,5L
2026-09-29 07:55:15 [INFO] [12670] 'KAPI TAMPONU KARE SATEN NOBEL' | 32.00 TL | SKU: NOBEL.3140920
2026-09-29 07:55:16 [INFO] [6091] 'İÇ CEPHE BOYASI BEYAZ (7.5 LT) MOMENTOMA' | 2750.00 TL | SKU: FİLLİ.MOMENTOMAX.BEYAZ.7,5L
2026-09-29 07:55:17 [INFO] [12610] 'KABLO KANALI YAPIŞKANLI 40X25MM 2M BEYAZ' | 150.00 TL | SKU: MUTLUSAN.0010040400252000
2026-09-29 07:55:19 [INFO] [4861] 'KÖŞE DÖNÜCÜ KALDE (10 ADET)' | 14.40 TL | SKU: KALDE.3595CCR000000
2026-09-29 07:55:20 [INFO] [8383] 'ÇEKİÇ 2000 GR DESA' | 499.00 TL | SKU: SD.DÇ2000
2026-09-29 07:55:21 [INFO] [6915] 'KULP OVACIK ALTIN 224 MM' | 45.00 TL | SKU: NOBEL.KL167209224
2026-09-29 07:55:22 [INFO] [4736] 'GRES POMPA 500 CC İZELTAŞ' | 1400.00 TL | SKU: İZELTAŞ.6230.26.0500
2026-09-29 07:55:24 [INFO] [10991] 'KAPI KOLU PENTA K.ROZETLİ YALE NİKEL İNO' | 190.00 TL | SKU: NOBEL.113407293
2026-09-29 07:55:25 [INFO] [14862] 'OTOMAT SİGORTA KUTUSU 1-2 Lİ MÜHÜRLÜ' | 35.00 TL | SKU: VİKO.90914001
2026-09-29 07:55:26 [INFO] [10626] 'PANEL KAPI BOYASI SOLVENT BAZLI  1/1 BEY' | 325.00 TL | SKU: KARDELEN.042
2026-09-29 07:55:27 [INFO] [12868] 'METRE ŞERİT 3MT 16MM BTS12353' | 90.00 TL | SKU: BTS.12353
2026-09-29 07:55:29 [WARNING] [https://yapimaks.com/insaat-demiri-nervullu-kalin-12-14-16-20-p4683] Urun parse hatasi (deneme 2/3): API yanitinda fiyat bulunamadi
2026-09-29 07:55:30 [INFO] [6717] 'KULP KEMER EKO KROM 160 MM' | 39.00 TL | SKU: NOBEL.648516029
2026-09-29 07:55:31 [INFO] [14903] 'METRE ŞERİT ŞEF 5X25 ERA 12548' | 200.00 TL | SKU: ERA.12548
2026-09-29 07:55:32 [INFO] [14980] 'PROMAX END SELÜLOZİK BOYA RALL 3020 KIRM' | 850.00 TL | SKU: KARDELEN.1103259
2026-09-29 07:55:34 [INFO] [8544] 'SAKSI DAMLA BEYAZ 2.4 LT NO:2 DUVAR PLAS' | 115.00 TL | SKU: SERİNOVA.DD02.BEYAZ
2026-09-29 07:55:35 [INFO] [11757] 'SAKSI SERAMİK 28X28 CM' | 900.00 TL | SKU: OVED.074
2026-09-29 07:55:36 [INFO] [5977] 'KABLO BAĞI CIRT KELEPÇE 350X4.8 BEYAZ 10' | 150.00 TL | SKU: WONDER.STW01725
2026-09-29 07:55:37 [INFO] [12774] 'ŞARJ CİHAZI 4LÜ PİL AA-AAA USBA-TYPE C A' | 299.00 TL | SKU: AVEC.AV-C1-06B
2026-09-29 07:55:39 [INFO] [12480] 'SDS 4 ELMASLI MATKAP UCU 8X210 WONDER' | 100.00 TL | SKU: WONDER.STW013962
2026-09-29 07:55:40 [INFO] [2705] 'SAKLAMA KABI 5000 ML MASTER DİKDÖRTGEN' | 145.00 TL | SKU: DÜNYA.30865
2026-09-29 07:55:41 [INFO] [5933] 'SDS PLUS MATKAP UCU 6x210 MM' | 70.00 TL | SKU: WONDER.STW01390
2026-09-29 07:55:42 [INFO] [9320] 'STROPİYER ÇITA 40X18 MM (2M)' | 40.00 TL | SKU: STROPİYER.010
2026-09-29 07:55:44 [INFO] [9332] 'STROPİYER GÖBEK SALYANGOZ DESENLİ BÜYÜK' | 67.50 TL | SKU: STROPİYER.026
2026-09-29 07:55:45 [INFO] [14737] 'KAZMA SAPI 90CM' | 165.00 TL | SKU: SD.KS0080
2026-09-29 07:55:46 [INFO] [9130] 'SUNTA VİDASI 5x80 STD (200)' | 300.00 TL | SKU: STD.900202700
2026-09-29 07:55:47 [INFO] [8475] 'SDS MATKAP UCU 9x210 MM' | 108.00 TL | SKU: FİVESTAR.9210
2026-09-29 07:55:49 [INFO] [9077] 'SUNTA VİDASI 6x70 STD (100)' | 185.00 TL | SKU: STD.9000043700
2026-09-29 07:55:50 [WARNING] [https://yapimaks.com/insaat-demiri-nervullu-kalin-12-14-16-20-p4683] Urun parse hatasi (deneme 3/3): API yanitinda fiyat bulunamadi
2026-09-29 07:55:50 [ERROR] [https://yapimaks.com/insaat-demiri-nervullu-kalin-12-14-16-20-p4683] Tum denemeler basarisiz: API yanitinda fiyat bulunamadi
2026-09-29 07:55:50 [WARNING] [https://yapimaks.com/insaat-demiri-nervullu-kalin-12-14-16-20-p4683] Eski satir korundu, yarin tekrar denenir.
2026-09-29 07:55:51 [INFO] [12865] 'PİMLİ DAİRE FIRÇA 63 MM 03034 PARTNER' | 100.00 TL | SKU: PARTNER.PRT03034
2026-09-29 07:55:52 [INFO] [5073] 'TAHARET ÇUBUĞU ASMA KLOZET KROM SİVRİ UÇ' | 168.00 TL | SKU: KARPA.047
2026-09-29 07:55:54 [INFO] [5043] 'TAHARET ÇUBUĞU KISA KROM SİVRİ UÇ' | 36.00 TL | SKU: KARPA.017
2026-09-29 07:55:55 [INFO] [12829] 'YAĞMURLUK STD LÜKS SARI XXL-XL' | 270.00 TL | SKU: YAĞMURLUK.STD.001
2026-09-29 07:55:56 [INFO] [14394] 'ZEMİN/KORUMA ÖRTÜSÜ PRATİK 50 M2 KARDELE' | 90.00 TL | SKU: KARDELEN.0067
2026-09-29 07:55:57 [INFO] [9367] 'SÜZGEÇ ALTTAN ÇIKIŞ PARAPET R 70mm' | 233.00 TL | SKU: SÜZGEÇ.YALITIM.MS-1002
2026-09-29 07:55:59 [INFO] [4482] 'PİMLİ DAİRE FIRÇA 50 MM HA10145 HAWK' | 65.00 TL | SKU: HAWK.HA10145
2026-09-29 07:56:00 [INFO] [9584] 'TEL ÇİVİ SARI BAŞLI 12X50' | 139.00 TL | SKU: TELÇİVİ.004
2026-09-29 07:56:01 [INFO] [2744] 'VERANO AÇIK YEŞİL 10X30 2K (0,6M2)' | 336.00 TL | SKU: EGESER.100X300VRO15.2K
2026-09-29 07:56:02 [INFO] [15443] 'YAMA BANDI 48MMX1.2MT SUYA DAYANIKLI RTR' | 200.00 TL | SKU: RTRMAX.RNU0802
2026-09-29 07:56:04 [INFO] [9844] 'TOSHİBA PİL 6F22KGG 9V OYUNCAK' | 50.00 TL | SKU: TOSHİBA.6F22KGG
2026-09-29 07:56:05 [INFO] [15285] 'TAKIM ÇANTASI 16" PROFESYONEL PLASTİK Kİ' | 435.00 TL | SKU: MANO.JPT-16
2026-09-29 07:56:06 [INFO] [9330] 'STROPİYER GÖBEK SALYANGOZ DESENLİ KÜÇÜK' | 60.00 TL | SKU: STROPİYER.024
2026-09-29 07:56:07 [INFO] [11427] 'ZEMİN/KORUMA ÖRTÜSÜ KALIN 50 M2 KARDELEN' | 175.00 TL | SKU: KARDELEN.0063
2026-09-29 07:56:09 [INFO] [14393] 'ZEMİN/KORUMA ÖRTÜSÜ PRATİK 32 M2 KARDELE' | 72.50 TL | SKU: KARDELEN.0066
2026-09-29 07:56:10 [INFO] [9834] "TOSHİBA PİL İNCE 4'LÜ LR03 KUMANDA" | 99.00 TL | SKU: TOSHİBA.LR03
2026-09-29 07:56:11 [INFO] [6081] 'İÇ CEPHE BOYASI RG1 (15 LT) MOMENTOMAX' | 4500.00 TL | SKU: FİLLİ.MOMENTOMAX.RG1.15L
2026-09-29 07:56:12 [INFO] [6080] 'STROPİYER PERDELİK 10x10 - 2MT' | 37.50 TL | SKU: STROPİYER.EPTK
2026-09-29 07:56:14 [INFO] [15514] 'İSKELE BAĞLAMA ÇAKMA DÜBELİ M6X8X25 1 AD' | 5.00 TL | SKU: KOPS.STKKEPS20001
2026-09-29 07:56:15 [INFO] [9932] 'OTOMAT SİGORTA 16A B 4.5 KA VİKO' | 153.00 TL | SKU: VİKO.4VTB.1B16
2026-09-29 07:56:16 [INFO] [2591] 'FARAŞ HAZNELİ SÜPÜRGELİ' | 149.00 TL | SKU: DOĞUŞ.26.045
2026-09-29 07:56:17 [INFO] [5029] 'RAPİD END ASTAR PROMAX KIRMIZI SELÜLOZİK' | 3000.00 TL | SKU: KARDELEN.028
2026-09-29 07:56:19 [INFO] [9951] 'PRİZ TOPRAKLI TEKLİ BEYAZ LİNNERA/ROLLİN' | 92.00 TL | SKU: VİKO.90440008
2026-09-29 07:56:20 [INFO] [9896] 'KOLİ BANDI KAHVE 45X100 METRE' | 85.00 TL | SKU: ASTEL.A07136
2026-09-29 07:56:21 [INFO] [9308] 'BULDEKS VİDA 7.5x180 1 AD' | 8.50 TL | SKU: STD.120003500
2026-09-29 07:56:22 [INFO] [13126] 'GRES TABANCASI 500 CC WERT 2653' | 770.00 TL | SKU: WERT.2653
2026-09-29 07:56:24 [INFO] [10817] 'CAM SUYU 2.5 LT -25' | 79.00 TL | SKU: LEMONEN.CS.2,5LT
2026-09-29 07:56:25 [INFO] [14229] 'MERDİVEN 3+1 WONDER METAL PLASTİK BASAMA' | 1660.00 TL | SKU: SARAYLI.1423
2026-09-29 07:56:26 [INFO] [7275] 'ÇATI PANELİ PU 40*EKO*5000(9002)' | 2675.00 TL | SKU: PANEL.0016
2026-09-29 07:56:27 [INFO] [14521] 'PANJUR PVC BEYAZ 33X45 FORAİR' | 275.00 TL | SKU: FORAIR.GP8101
2026-09-29 07:56:29 [INFO] [7279] 'ÇATI PANELİ PU 40*EKO*7000(9002)' | 3750.00 TL | SKU: PANEL.0020
2026-09-29 07:56:30 [INFO] [7278] 'ÇATI PANELİ PU 40*EKO*6500(9002)' | 3477.50 TL | SKU: PANEL.0019
2026-09-29 07:56:31 [INFO] [7293] 'CEPHE PANELİ PU 40*EKO*4000(9002)' | 2140.00 TL | SKU: PANEL.0034
2026-09-29 07:56:32 [INFO] [7295] 'CEPHE PANELİ PU 40*EKO*5000(9002)' | 2675.00 TL | SKU: PANEL.0036
2026-09-29 07:56:34 [INFO] [11258] 'CEPHE PANELİ PU 40*EKO*6500(9002)' | 3477.50 TL | SKU: PANEL.0040.01
2026-09-29 07:56:35 [INFO] [7300] 'CEPHE PANELİ PU 40*EKO*7000(9002)' | 3745.00 TL | SKU: PANEL.0041
2026-09-29 07:56:36 [INFO] [3947] 'AGRAF 20 1 ADET (500)' | 10.00 TL | SKU: FOUR.HNK0005
2026-09-29 07:56:36 [INFO] ... ilerleme 100/193 (tazelenen 98, basarisiz 2, korunan 2, atlanan 0)
2026-09-29 07:56:37 [INFO] [15658] 'METRE ŞERİT 5M X 25MM ÇİFT YÖNLÜ AYZ' | 229.00 TL | SKU: AYZ.PR0525D
2026-09-29 07:56:39 [INFO] [12701] 'PANEL ARMATÜR 60x60 48W LED 6500 K' | 630.00 TL | SKU: YVZ.5148BS6060486500
2026-09-29 07:56:40 [INFO] [7274] 'ÇATI PANELİ PU 40*EKO*4500(9002)' | 2407.50 TL | SKU: PANEL.0015
2026-09-29 07:56:41 [INFO] [1971] 'GRANİT MERMER YAP.FLEX BEYAZ QF-125 25KG' | 350.00 TL | SKU: DARKSS.YK.QF125B
2026-09-29 07:56:42 [INFO] [9071] 'BULDEKS VİDA 7.5x150 1 AD' | 5.00 TL | SKU: STD.900047700
2026-09-29 07:56:44 [INFO] [12900] 'ELDİVEN SARI PAMUK ASTARLI LİKRALI NO:9' | 69.00 TL | SKU: BEYBİ.İ040189
2026-09-29 07:56:45 [INFO] [2045] 'TAVAN BOYASI (ÖZEL) DARKSS 17,5 KG' | 649.00 TL | SKU: DARKSS.B.TB175
2026-09-29 07:56:46 [INFO] [9097] 'TRP.VİDA 5,5*60-5MM 1 AD' | 2.85 TL | SKU: STD.900041700
2026-09-29 07:56:47 [INFO] [14542] 'YERDEN ISITMA STRAFOR 20 DNS 62X107 1 AD' | 100.00 TL | SKU: BASAŞ.28
2026-09-29 07:56:49 [INFO] [2012] 'MANTOLAMA DÜBELİ PVC ÇİVİLİ 18-CM SPECO ' | 2.75 TL | SKU: SPECO.MD.18
2026-09-29 07:56:50 [INFO] [4847] '20 KAPAMA BAŞLIĞI PPRC KALDE' | 4.00 TL | SKU: KALDE.3292STE200000
2026-09-29 07:56:51 [INFO] [4856] '25 ÇİFTLİ KLİPS PPRC KALDE' | 7.00 TL | SKU: KALDE.3592BCK252200
2026-09-29 07:56:52 [INFO] [13764] 'TAŞYÜNÜ LEVHA 120KG-3CM (5,76M2)RAVABER' | 1250.00 TL | SKU: RAVABER.00007
2026-09-29 07:56:54 [INFO] [13188] 'GARDROP SÜRGÜSÜ ECO 80 KG' | 69.00 TL | SKU: NOBEL.70200
2026-09-29 07:56:55 [INFO] [7320] 'PANEL ÇİT DİREK 150CM YEŞİL (50*50*1,50)' | 300.00 TL | SKU: PANELÇİT.0011
2026-09-29 07:56:56 [INFO] [7530] 'POLİKARBON TRP 900*4000*3MM-ŞEFFAF' | 1150.00 TL | SKU: POL.KRB.4000.01
2026-09-29 07:56:57 [INFO] [3797] 'KÜRESEL VANA 1" DIŞ DİŞLİ MAVİ KELEBEK F' | 382.20 TL | SKU: FIRAT.7800111300M
2026-09-29 07:56:59 [INFO] [11644] 'MOP PASPAS İPİ 400 GR JUMBO İZMİR FIRÇA' | 60.00 TL | SKU: İZMİRFIRÇA.551121
2026-09-29 07:57:00 [INFO] [14375] 'RAF ALTI L DEMİR SİYAH 8X10' | 45.00 TL | SKU: FLORA.T010223
2026-09-29 07:57:01 [INFO] [9068] 'BULDEKS VİDA 7.5x80 1 AD' | 2.50 TL | SKU: STD.900044700
2026-09-29 07:57:02 [INFO] [6338] 'KONTROL KALEMİ KLASİK ŞEFFAF' | 100.00 TL | SKU: WERT.2200
2026-09-29 07:57:04 [INFO] [5379] 'KÖŞE BAĞLANTI GÖNYESİ 40x40x40' | 10.00 TL | SKU: ARSLAN.Y05167
2026-09-29 07:57:05 [INFO] [4840] '20 1/2 REKOR OYNAR BAŞLI İÇ DİŞLİ KALDE' | 111.00 TL | SKU: KALDE.3272TUF200B00
2026-09-29 07:57:06 [INFO] [4851] '20 KÖRTAPA DİŞLİ PPRC KALDE' | 2.00 TL | SKU: KALDE.3295STE200B00
2026-09-29 07:57:07 [INFO] [1193] 'AMPUL FERLED-6500K 6W BEYAZ (E14)' | 27.50 TL | SKU: FERLED.0001
2026-09-29 07:57:09 [INFO] [4905] '100/70 REDÜKSİYON PİS SU PVC KALDE' | 53.00 TL | SKU: KALDE.5213RDC0M0L00
2026-09-29 07:57:10 [INFO] [15040] 'İSKELE BAGLAMA ÇAKMA DÜBELİ M8 30 MM 1 A' | 5.00 TL | SKU: REİS.R414TB41302
2026-09-29 07:57:11 [INFO] [9296] 'TİJ 100 CM M8 GİJON' | 50.00 TL | SKU: STD.970610800
2026-09-29 07:57:12 [INFO] [7053] 'ONDULİN MAHYA KIRMIZI 2 MT' | 450.00 TL | SKU: ONDULİN. 003
2026-09-29 07:57:14 [INFO] [13641] 'TİNER SELÜLOZİK FLORA 1/1 (0,700 LT)' | 250.00 TL | SKU: KARDELEN.2109251
2026-09-29 07:57:15 [INFO] [2703] 'SAKLAMA KABI 1800 ML MASTER DİKDÖRTGEN' | 75.00 TL | SKU: DÜNYA.30863
2026-09-29 07:57:16 [INFO] [2037] 'PRİMAST 120 BRÜT BETON ASTAR 12 KG' | 650.00 TL | SKU: DARKSS.YK.P120.12
2026-09-29 07:57:17 [INFO] [15643] 'KONTROL KALEMİ 190 MM DÜZ UÇ ASLAN' | 40.00 TL | SKU: ASLAN.AS7204
2026-09-29 07:57:19 [INFO] [12132] 'DUVAR PANELİ AGT MDF LB-3771 MAT BUTE BE' | 690.00 TL | SKU: AGT.120023696
2026-09-29 07:57:20 [INFO] [13716] 'DUVAR PANELİ AGT MDF LB-3771 MAT TEAK 12' | 465.00 TL | SKU: AGT.120012940
2026-09-29 07:57:21 [INFO] [7280] 'ÇATI PANELİ PU 40*EKO*7500(9002)' | 4015.00 TL | SKU: PANEL.0021
2026-09-29 07:57:22 [INFO] [11002] 'BORU KILIFI 35/10 2 MT PROCO' | 20.00 TL | SKU: PROCO.003
2026-09-29 07:57:24 [INFO] [9658] 'SERAMİK ÇITA KOT FARKI EŞİK PROFİL 10 MM' | 264.00 TL | SKU: TESAY.FKFA10
2026-09-29 07:57:25 [INFO] [8512] 'SİLİKON ŞEFFAF AKVARYUM VE CAM SİLİKONU ' | 175.00 TL | SKU: SELENA.138
2026-09-29 07:57:26 [INFO] [12705] 'BALTİMORE MAT AÇIK GRİ 45X45 1K K8 (1,62' | 644.00 TL | SKU: EGESER.450X450BTM57
2026-09-29 07:57:27 [INFO] [8670] 'SAKSI YALI 10.8 LT NO:2 BEYAZ BALKON PLA' | 255.00 TL | SKU: SERİNOVA.YB02.BEYAZ
2026-09-29 07:57:29 [INFO] [13945] 'RULO DEKOR EKSPORT SATEN YAGLI BOYA 15CM' | 219.00 TL | SKU: DEKOR.1082
2026-09-29 07:57:30 [INFO] [2115] 'RULO DEKOR PARMAK YEDEK 10CM (ADET)2100' | 40.00 TL | SKU: DEKOR.2100
2026-09-29 07:57:31 [INFO] [7591] 'BİTS UÇ T30 50 MM PROSCR-03225' | 25.00 TL | SKU: PROSCR.03225
2026-09-29 07:57:32 [INFO] [2008] 'MANTOLAMA DÜBELİ PVC ÇİVİLİ  10-CM SPECO' | 1.75 TL | SKU: SPECO.MD.10
2026-09-29 07:57:34 [INFO] [7406] 'KAMP LAMBASI T612-1 12V SMALL 16,5 CM PA' | 100.00 TL | SKU: PANTHER.XINYIN.T-612-1
2026-09-29 07:57:35 [INFO] [14946] 'ÇAPA YARIM AY SD' | 380.00 TL | SKU: SD.YÇ 0200
2026-09-29 07:57:36 [INFO] [14738] 'BALTA SAPI KÜÇÜK 60CM' | 129.00 TL | SKU: SD.BS0060
2026-09-29 07:57:37 [INFO] [11503] 'KABLO BAĞI CIRT KELEPÇE 200X2.5 SİYAH 10' | 44.00 TL | SKU: WONDER.STW016022
2026-09-29 07:57:39 [INFO] [776] 'ASMA TAVAN METAL CLİP-İN 30*30 FULL PERF' | 55.00 TL | SKU: ASMAT.017
2026-09-29 07:57:40 [INFO] [1487] 'BİMS 15*39*18.5 (159) 0,072M2' | 24.00 TL | SKU: BİMS.003
2026-09-29 07:57:41 [INFO] [12731] 'PRİZ 3 LÜ YONCA PLUS TOPRAKLI' | 330.00 TL | SKU: VİKO.90303003
2026-09-29 07:57:42 [INFO] [9912] 'UNIVERSAL ELEKTRİK İZO. BANDI 19*10-KIRM' | 20.00 TL | SKU: UNIVERSAL.023
2026-09-29 07:57:44 [INFO] [2160] 'ZIMBA TELİ 80/16' | 100.00 TL | SKU: DELTA.80/16
2026-09-29 07:57:45 [INFO] [13255] 'LED IŞIK SOLAR 32MT 3200K SARI IŞIK PT-1' | 450.00 TL | SKU: PANTHER PT-132WW
2026-09-29 07:57:46 [INFO] [9840] 'TOSHİBA PİL CR 2032 LITHIUM PARA PİL (1A' | 35.00 TL | SKU: TOSHİBA.2032
2026-09-29 07:57:47 [INFO] [9165] 'BİTS UÇ PZ2-25MM STANDART' | 25.00 TL | SKU: STD.933512800
2026-09-29 07:57:49 [INFO] [15662] 'CERMAN BAREL KİLİT 90 MM SATEN YUMA' | 520.00 TL | SKU: YUMA.YM-B90S
2026-09-29 07:57:50 [INFO] [5190] 'GEOTEKSTİL KEÇE 250GR GRİ 1 M2 (200M2)' | 15.00 TL | SKU: DARKSS.K250
2026-09-29 07:57:51 [INFO] [476] 'AGT PARKE BELLA ANEMON NEO (2,292m2)' | 992.00 TL | SKU: AGT.120043602
2026-09-29 07:57:52 [INFO] [11046] 'ŞİLTE 4MM DÜZ 100CM 1M2 PROCO (60)' | 35.00 TL | SKU: PROCO.4MM
2026-09-29 07:57:54 [INFO] [6550] 'LAVABO MONTAJ SETİ - NOBEL' | 28.00 TL | SKU: NOBEL.347322120
2026-09-29 07:57:55 [INFO] [8516] 'TYTAN HIZLI YAPIŞTIRICI KİTİ MDF 200ML+5' | 105.00 TL | SKU: SELENA.10049289
2026-09-29 07:57:56 [INFO] [7299] 'CEPHE PANELİ PU 40*EKO*6000(9002)' | 3210.00 TL | SKU: PANEL.0040
2026-09-29 07:57:57 [INFO] [15437] 'MASKELEME BANDI 24MM x 25 MT RTRMAX 1 AD' | 25.00 TL | SKU: RTRMAX.RNM2425
2026-09-29 07:57:59 [INFO] [10760] 'SUNTA VİDASI 4x45 STD (500)' | 300.00 TL | SKU: STD.900014700
2026-09-29 07:58:00 [INFO] [15150] 'İŞARETLEME KALEMİ MİNİ 3 CM RENKLİ CEP B' | 69.00 TL | SKU: STANLEY.1.47.329
2026-09-29 07:58:01 [INFO] [2108] 'RULO DEKOR EKSPORT SATEN YAĞLI BOYA 25CM' | 285.00 TL | SKU: DEKOR.1081
2026-09-29 07:58:02 [INFO] [795] 'ASMA TAVAN KAROPAN KÜRE BEYAZ 60*60 8MM ' | 62.50 TL | SKU: ASMAT.052
2026-09-29 07:58:04 [INFO] [14751] 'ELDİVEN PU KAPLI SLİM NO:9 BEYBİ' | 40.00 TL | SKU: BEYBİ.İ040216
2026-09-29 07:58:05 [INFO] [7294] 'CEPHE PANELİ PU 40*EKO*4500(9002)' | 2407.50 TL | SKU: PANEL.0035
2026-09-29 07:58:06 [INFO] [13574] 'BİTS UÇ SETİ 25 MM 10 LU (STW01959)' | 90.00 TL | SKU: WONDER.STW01959
2026-09-29 07:58:07 [INFO] [11041] 'MEMBRAN 3 MM UKS WİNROOF COLD -20 EP3000' | 1600.00 TL | SKU: WİNROOF.UKS113
2026-09-29 07:58:09 [INFO] [9116] 'TRP.VİDA 5,5*105-5MM 1 AD' | 4.50 TL | SKU: STD.900147700
2026-09-29 07:58:10 [INFO] [463] 'AGT SÜPÜRGELİK 8cm ŞİRAZ MEŞE PS08000' | 140.00 TL | SKU: AGT.120024040
2026-09-29 07:58:11 [INFO] [2076] 'MASTİK PU DAYSON-280ML(SİYAH)' | 250.00 TL | SKU: DAYSON.630708
2026-09-29 07:58:12 [INFO] [1597] 'BİTÜSELF STAR 15 CM KIRMIZI' | 550.00 TL | SKU: BTM.BSK-15
2026-09-29 07:58:14 [INFO] [8309] 'LED PROFİLİ SİMGE 10 MM BİTİM PROFİLİ 2.' | 325.00 TL | SKU: SAY.808.10.MK
2026-09-29 07:58:15 [INFO] [2334] '60*60*2.0MM KUTU PROFİL' | 962.38 TL | SKU: DEM.PRF.102
2026-09-29 07:58:16 [INFO] [12478] 'MASTİK PU DAYSON-280ML(GRİ)' | 250.00 TL | SKU: DAYSON.D10003
2026-09-29 07:58:17 [INFO] [13511] 'BAHÇE TELİ  GLV 200CM*20MT*2.2M*5,5*5,5 ' | 4000.00 TL | SKU: BAHÇE.TEL.009
2026-09-29 07:58:19 [INFO] [14369] 'DUVAR PANELİ AGT MDF LB-3786 BİANCO 19,5' | 450.00 TL | SKU: AGT.120037535
2026-09-29 07:58:20 [INFO] [1968] 'SERAMİK YAPIŞTIRICI GRİ QF121 C1T-25 KG.' | 185.00 TL | SKU: DARKSS.YK.QF121G
2026-09-29 07:58:21 [INFO] [3558] 'DUY FİŞ E27 GECE LAMBASI RENKLİ (BEYAZ-Y' | 25.00 TL | SKU: FAR.23000031
2026-09-29 07:58:22 [INFO] [2371] '30*40*2.0MM KUTU PROFİL(ANTİPASLI)' | 587.39 TL | SKU: DEM.PRF.215
2026-09-29 07:58:24 [INFO] [6808] 'KAĞITLIK AÇIK WC KROM ECO FIESTA 721318' | 71.00 TL | SKU: NOBEL.721318
2026-09-29 07:58:25 [INFO] [2032] 'PRİMAST 200 ASTAR SERAMİK ÜSTÜ 3 KG' | 275.00 TL | SKU: DARKSS.B.P200.03
2026-09-29 07:58:26 [INFO] [11923] 'DIŞ CEPHE BOYASI NUCLEUS RG-1 (15-LT)' | 5500.00 TL | SKU: FİLLİ.NUCLEUS.2501-2489-02-00000.RG1.15L
2026-09-29 07:58:27 [INFO] [13885] 'PAS SÖKÜCÜ YAĞLAYICI 400 ML SELSİL' | 130.00 TL | SKU: SELSİL.058
2026-09-29 07:58:29 [INFO] [9384] 'ŞİLTE PARKE ALTI 1 M2 (50)' | 8.50 TL | SKU: ŞİLTE.002
2026-09-29 07:58:30 [WARNING] [2383] 429 Too Many Requests — 90s bekleniyor (deneme 1/3, hiz 0.4/sn)
2026-09-29 07:58:32 [WARNING] [14752] 429 Too Many Requests — 88s bekleniyor (deneme 1/3, hiz 0.2/sn)
2026-09-29 07:58:37 [WARNING] [11371] 429 Too Many Requests — 83s bekleniyor (deneme 1/3, hiz 0.2/sn)
2026-09-29 08:00:00 [INFO] [2383] '40*40*2.0MM KUTU PROFİL(ANTİPASLI)' | 663.28 TL | SKU: DEM.PRF.235
2026-09-29 08:00:01 [INFO] [14752] 'ELDİVEN PU KAPLI SLİM NO:10 BEYBİ' | 40.00 TL | SKU: BEYBİ.İ040217
2026-09-29 08:00:01 [INFO] [11371] 'AGT SÜPÜRGELİK 6cm LİLYUM SPR-5030' | 100.00 TL | SKU: AGT.120030080
2026-09-29 08:00:01 [INFO] State yaziliyor: 8624 url -> /home/runner/work/inflationstudymirror/inflationstudymirror/InflationItems/Datas/ConstructionSuppliesMarkets/yapimaks/last_seen.json
2026-09-29 08:00:01 [INFO] ==================================================
2026-09-29 08:00:01 [INFO] Tamamlandi [OK]! Tasinan: 8225 | Tazelenen: 191 | Basarisiz: 2 | Korunan eski satir: 2 | Atlanan (sure/limit): 0 | Dusurulen: 8
2026-09-29 08:00:01 [INFO] Dosya: /home/runner/work/inflationstudymirror/inflationstudymirror/InflationItems/Datas/ConstructionSuppliesMarkets/yapimaks/2026-09-29.csv (toplam 8418 urun)
2026-09-29 08:00:01 [INFO] ==================================================
