2026-10-02 02:20:17 [INFO] ==================================================
2026-10-02 02:20:17 [INFO] Yapimaks Scraper basliyor (async)
2026-10-02 02:20:17 [INFO] ==================================================
2026-10-02 02:20:17 [INFO] Parametreler: workers=8, rate=0.8/sn, max_duration=300 dk
2026-10-02 02:20:17 [INFO] Ana sayfa ziyaret ediliyor, cookie aliniyor...
2026-10-02 02:20:18 [INFO] Cookie basariyla alindi.
2026-10-02 02:20:18 [INFO] Sitemap indiriliyor: https://yapimaks.com/sitemap/products1.xml
2026-10-02 02:20:19 [INFO] Sitemap'ten toplam 8349 urun URL'si bulundu.
2026-10-02 02:20:19 [INFO] Dunun dosyasi: 2026-10-01.csv
2026-10-02 02:20:19 [INFO] Dunun dosyasinda 8439 urun var.
2026-10-02 02:20:19 [WARNING] 8 urun 7+ gun sitemap'te gorunmuyor, dosyadan dusuruldu: ['https://yapimaks.com/zimpara-sunger-ince-100-kum-atlas-p921', 'https://yapimaks.com/gres-yagi-sari-1-kg-p14320', 'https://yapimaks.com/mengene-matkap-200mm-60mm-bms200-optimum-p7093', 'https://yapimaks.com/rapid-seal-aeresol-sprey-seffaf-p12521', 'https://yapimaks.com/gres-yagi-kirmizi-1-kg-p14319']...
2026-10-02 02:20:19 [INFO] GUNLUK BUTCE: 266 urun aday — hepsi bu koşuda tazelenir.
2026-10-02 02:20:19 [INFO] Tasinacak (degismeyen) urun: 8431 | Yeniden cekilecek: 266
2026-10-02 02:20:19 [WARNING] [https://yapimaks.com/insaat-demiri-nervullu-kalin-12-14-16-20-p4683] Urun parse hatasi (deneme 1/3): API yanitinda fiyat bulunamadi
2026-10-02 02:20:19 [WARNING] [https://yapimaks.com/ray-spot-40w-4000k-9005-siyah-kasa-masialux-p13935] Urun parse hatasi (deneme 1/3): API yanitinda fiyat bulunamadi
2026-10-02 02:20:19 [INFO] [12335] 'ELDİVEN SİYAH-MAVİ ORJİNAL 1/2 10' | 60.00 TL | SKU: CMC.1736
2026-10-02 02:20:20 [INFO] [4778] '40/90 DİRSEK KAPALI PPRC KALDE' | 21.00 TL | SKU: KALDE.3212ELB400000
2026-10-02 02:20:22 [INFO] [4783] '40 MANŞON PPRC KALDE' | 14.00 TL | SKU: KALDE.3212MUF400000
2026-10-02 02:20:23 [INFO] [12106] 'TAVAN BOYASI (ÖZEL) DARKSS 3 KG' | 249.00 TL | SKU: DARKSS.B.TB3
2026-10-02 02:20:24 [INFO] [12934] 'PANEL KAPI BOYASI SU BAZLI 3/1 BEYAZ KAR' | 925.00 TL | SKU: KARDELEN.2109245
2026-10-02 02:20:25 [INFO] [4797] '40/32/40 İNEGAL TE PPRC KALDE' | 25.00 TL | SKU: KALDE.3212TİO403240
2026-10-02 02:20:27 [INFO] [3102] 'ALYAN 13 MM KTA 013 - ELTOS' | 115.00 TL | SKU: ELTOS.KTA013
2026-10-02 02:20:28 [INFO] [14552] 'MANDAL YAYLI KISKAÇ 3" İŞKENCE TROY 2505' | 70.00 TL | SKU: TROY.25053
2026-10-02 02:20:29 [INFO] [3101] 'ALYAN 12 MM KTA 012 - ELTOS' | 95.00 TL | SKU: ELTOS.KTA012
2026-10-02 02:20:30 [INFO] [3403] 'AUTOKIT DÖŞEME TEMİZLEYİCİ SPREY, KOKULU' | 206.00 TL | SKU: AUTOKİT.FA1-236
2026-10-02 02:20:32 [INFO] [12798] 'BATARYA ELİT PERLATÖRLÜ  MİX L TİPİ EVYE' | 3730.00 TL | SKU: GMS.EL245
2026-10-02 02:20:33 [INFO] [4309] 'BATARYA AKDENİZ MİX KUĞU EVYE BATARYASI ' | 2710.00 TL | SKU: GMS.AKD102
2026-10-02 02:20:34 [INFO] [14719] 'BİTS UÇ PH2 50MM YILDIZ PROFESYONEL WOND' | 25.00 TL | SKU: WONDER.STW1916
2026-10-02 02:20:35 [INFO] [10901] 'FIRÇA KESTİRME LÜX NO:1 KARDELEN' | 30.00 TL | SKU: KARDELEN.0045
2026-10-02 02:20:37 [WARNING] [https://yapimaks.com/insaat-demiri-nervullu-kalin-12-14-16-20-p4683] Urun parse hatasi (deneme 2/3): API yanitinda fiyat bulunamadi
2026-10-02 02:20:38 [INFO] [12631] 'BATARYA LUX SPİRALLİ KUĞU EVİYE KROM' | 7515.00 TL | SKU: GMS.SPR001
2026-10-02 02:20:39 [INFO] [12333] 'ÇİM KESME MAKASI EĞRİ AĞIZ 650 mm' | 1100.00 TL | SKU: ELTA.6731.27.0650
2026-10-02 02:20:40 [INFO] [4649] 'İKAZ İŞÇİ YELEK MÜHENDİS TURUNCU FOSFORL' | 162.00 TL | SKU: İKAZ.YELEGİ.03
2026-10-02 02:20:42 [INFO] [14310] 'ASTER BEYAZ 30X60 1K K8 (1,08M2)' | 410.00 TL | SKU: EGESER.300X600ASE19.K8
2026-10-02 02:20:43 [INFO] [7610] 'KIVIRCIK RULO PASPAS 100CM 14MM (YEŞİL)' | 369.00 TL | SKU: PSP.100.Y.14
2026-10-02 02:20:44 [INFO] [8402] 'KÜREK PLASTİK FARYAP (SAİT DEMİRCİ)' | 205.00 TL | SKU: SD.GNÇ005
2026-10-02 02:20:45 [INFO] [11631] 'HSS MATKAP UCU 2 MM 2 Lİ BLİSTER WONDER' | 32.50 TL | SKU: WONDER.STW013760-6
2026-10-02 02:20:47 [INFO] [14033] 'MAKARALI KABLO 4 PRİZLİ 3X1.5 MM 30 M KL' | 1300.00 TL | SKU: KLAUS.KE30230
2026-10-02 02:20:48 [INFO] [5912] 'ÇELİK DÜBEL GÖMLEKLİ 12x90 MM 1 AD' | 17.00 TL | SKU: MERİDYEN.ÇDG12090
2026-10-02 02:20:49 [WARNING] [https://yapimaks.com/ray-spot-40w-4000k-9005-siyah-kasa-masialux-p13935] Urun parse hatasi (deneme 2/3): API yanitinda fiyat bulunamadi
2026-10-02 02:20:50 [INFO] [15073] 'METRE ŞERİT 5MT 25MM ÇİFT STOPLU RODEX' | 139.00 TL | SKU: RODEX.RHT0901191525
2026-10-02 02:20:52 [INFO] [7356] 'KAMP LAMBASI PT-2028 USB ŞARJLI SİNEKSAV' | 475.00 TL | SKU: PANTHER PT-2882
2026-10-02 02:20:53 [INFO] [11551] 'MUSLUK ÇAMAŞIR FİLTRELİ KUMLU MK106' | 295.00 TL | SKU: GMS.MK106
2026-10-02 02:20:54 [INFO] [13852] 'OSLO AÇIK GRİ 60X120 2K SATEN MAT (2,16M' | 1177.20 TL | SKU: EGESER.600X1200OSL57REK.2K
2026-10-02 02:20:55 [INFO] [14919] 'MAKARALI KABLO AÇIK TİP 3X2.5 MM 50 M' | 1690.00 TL | SKU: SD.DMK 0320
2026-10-02 02:20:57 [INFO] [14221] 'LED PROFİLİ ALÇIPAN SIVA ALTI 20 MM 2.7 ' | 420.00 TL | SKU: TESAY.LDPA20-270
2026-10-02 02:20:58 [INFO] [8391] 'PLASTİK TOKMAK PVC SAPLI NO:60 DESA' | 305.00 TL | SKU: SD.DLT0060
2026-10-02 02:20:59 [INFO] [13771] 'PROMAX ALÜMİNYUM YALDIZ BOYA 225 GR' | 150.00 TL | SKU: KARDELEN.2109255
2026-10-02 02:21:00 [INFO] [5387] 'MASA BAĞLANTI GÖNYESİ 20X65' | 10.00 TL | SKU: BEŞEL.BA2065
2026-10-02 02:21:02 [INFO] [8455] 'KESER DÖVME AHŞ. SAPLI RH09840 RTRMAX' | 875.00 TL | SKU: RTRMAX.RH09840
2026-10-02 02:21:03 [INFO] [14032] 'MAKARALI KABLO 4 PRİZLİ 3X2.5 MM 30 M KL' | 1650.00 TL | SKU: KLAUS.KE30330
2026-10-02 02:21:04 [INFO] [13487] 'PLASTİK TOKMAK PVC SAPLI NO:40 ELTOS' | 200.00 TL | SKU: ELTOS.ELT844
2026-10-02 02:21:05 [INFO] [12348] 'SPREY BOYA PÜTÜR SİYAH 500 ML.' | 225.00 TL | SKU: BÖRFH.B6023721
2026-10-02 02:21:07 [INFO] [1532] 'PİTON 18X50 (5 ADET)' | 5.00 TL | SKU: BEŞEL.965
2026-10-02 02:21:08 [INFO] [10978] 'STOR PERDE APARATI DAR PLASTİK 5 CM KORN' | 10.00 TL | SKU: NALBUR.027
2026-10-02 02:21:09 [WARNING] [https://yapimaks.com/ray-spot-40w-4000k-9005-siyah-kasa-masialux-p13935] Urun parse hatasi (deneme 3/3): API yanitinda fiyat bulunamadi
2026-10-02 02:21:09 [ERROR] [https://yapimaks.com/ray-spot-40w-4000k-9005-siyah-kasa-masialux-p13935] Tum denemeler basarisiz: API yanitinda fiyat bulunamadi
2026-10-02 02:21:09 [WARNING] [https://yapimaks.com/ray-spot-40w-4000k-9005-siyah-kasa-masialux-p13935] Eski satir korundu, yarin tekrar denenir.
2026-10-02 02:21:10 [INFO] [9083] 'SUNTA VİDASI 4x25 STD (500)' | 190.00 TL | SKU: STD.900011700
2026-10-02 02:21:12 [INFO] [10816] 'SİLİKON ŞEFFAF DUŞAKABİN 280 ML TYTAN PR' | 150.00 TL | SKU: SELENA.10049298
2026-10-02 02:21:13 [INFO] [9412] 'TELEFON ARA KABLOSU 5 MT J-J' | 95.00 TL | SKU: TEK-İŞ.520170
2026-10-02 02:21:14 [INFO] [10979] 'STOR PERDE APARATI DAR METAL 4.5 CM KORN' | 10.00 TL | SKU: NALBUR.028
2026-10-02 02:21:15 [INFO] [11674] 'SUNTA VİDASI 5x100 STD (100)' | 190.00 TL | SKU: STD.50100
2026-10-02 02:21:17 [INFO] [6089] 'İÇ CEPHE BOYASI RG2 (2.5 LT) MOMENTOMAX' | 1000.00 TL | SKU: FİLLİ.MOMENTOMAX.RG2.2,5L
2026-10-02 02:21:18 [INFO] [2871] 'TORİNO GRİ 60X60 2K MAT (1,8M2)' | 629.00 TL | SKU: EGESER.600X600OTNO63.2K
2026-10-02 02:21:19 [INFO] [4355] 'UZATMA 1/2  1 CM' | 70.00 TL | SKU: GMS.KU201
2026-10-02 02:21:20 [INFO] [13060] 'SUNTA KESME TESTERESİ 115X22,2X40 YESTE ' | 120.00 TL | SKU: YESTE.Z06189
2026-10-02 02:21:22 [INFO] [3787] 'BARİYERLİ BORU 16X2 PE-RT 240 MT (YERDEN' | 3988.00 TL | SKU: KALDE.3858PRO162024
2026-10-02 02:21:23 [INFO] [15527] 'BOYA SÖKÜCÜ 400ML MXS' | 250.00 TL | SKU: MXS.187000
2026-10-02 02:21:24 [INFO] [15193] 'MEKANİZMA+DÜĞME/KAPAK BEYAZ ANAHTAR TEKL' | 96.00 TL | SKU: VİKO.90967001
2026-10-02 02:21:25 [INFO] [15516] 'İSKELE BAĞLAMA ÇAKMA DÜBELİ M16X20X65 1 ' | 60.00 TL | SKU: KOPS.STKKEPS20005
2026-10-02 02:21:27 [INFO] [4603] 'PERDE RAYI KORNİŞ ÜÇLÜ 5 M SÜPER' | 247.50 TL | SKU: IŞIK.0114
2026-10-02 02:21:28 [INFO] [248] 'TOREX ASKI VİDASI NO:3 1P=5' | 47.00 TL | SKU: 8680613630072
2026-10-02 02:21:29 [INFO] [11768] 'KALE 164GNC 68 MM NİKEL' | 525.00 TL | SKU: KALE.164GNC68.NK
2026-10-02 02:21:30 [INFO] [6082] 'İÇ CEPHE BOYASI RG1 (7.5 LT) MOMENTOMAX' | 2750.00 TL | SKU: FİLLİ.MOMENTOMAX.RG1.7,5L
2026-10-02 02:21:32 [INFO] [8221] 'MERDİVEN 2X11 A TİP SÜRGÜLÜ ENDÜSTRİYEL ' | 7850.00 TL | SKU: SARAYLI.7211A
2026-10-02 02:21:33 [INFO] [15490] 'ÇAMAŞIR ASKISI KÜPEŞTE ALÜMİNYUM KARE TK' | 515.00 TL | SKU: TAKAS.TKS-08
2026-10-02 02:21:34 [INFO] [15070] 'SİLİKON TABANCA PVC EKO' | 72.50 TL | SKU: PROPAN.EKO
2026-10-02 02:21:35 [INFO] [13801] 'DUVAR PANELİ PVC MEŞE 11CM 2.8M 11MM (0,' | 225.00 TL | SKU: NTN.002
2026-10-02 02:21:37 [INFO] [15528] 'SPREY KONTAKT YAĞSIZ 500 ML. BÖRFH' | 140.00 TL | SKU: BÖRFH.B6020737
2026-10-02 02:21:38 [INFO] [5889] 'TRP.VİDA 5,5*60 6MM 1 AD' | 2.75 TL | SKU: MERİDYEN.5.5X60
2026-10-02 02:21:39 [INFO] [15284] 'TAKIM ÇANTASI 19" METAL KİLİTLİ JMT-19 M' | 750.00 TL | SKU: MANO.JMT-19
2026-10-02 02:21:40 [INFO] [15397] 'İMAGİNE AÇIK GRİ 60X120 2K MAT REK (2,16' | 1177.20 TL | SKU: EGESER.600X1200IMA57REK.2K
2026-10-02 02:21:42 [INFO] [15804] 'SUNTA VİDASI 4x50 AKDENİZ (500)' | 325.00 TL | SKU: AKDENİZ.VSUN450
2026-10-02 02:21:43 [INFO] [3957] 'ASKI ÇUBUĞU /TELİ 60 1 AD (100)' | 6.00 TL | SKU: FOUR.HNK0015
2026-10-02 02:21:44 [INFO] [15795] 'TESPİT DÜBELİ BORU TUTUCU U (KILÇIK) 1 P' | 375.00 TL | SKU: GÜÇLÜ.7103
2026-10-02 02:21:45 [INFO] [3202] 'EPS-30 4CM 50*100(12AD-6M2)' | 590.00 TL | SKU: EPS.12.0009
2026-10-02 02:21:47 [INFO] [10046] 'WALLBOARD T-1500 3 CM (14-AD 10,08M2)' | 1375.00 TL | SKU: XPS.003
2026-10-02 02:21:48 [INFO] [13598] 'KESKİ GENİŞ 14X250X40 MM WONDER SDS PLUS' | 110.00 TL | SKU: WONDER.STW013780
2026-10-02 02:21:49 [INFO] [1711] 'DEKORATİF KAPLAMA İNCE TANE DOKU (CAPATE' | 525.00 TL | SKU: CAPATECT.006
2026-10-02 02:21:50 [INFO] [13189] 'ASKI FLANŞI ÇİNKO 2 DELİKLİ' | 10.00 TL | SKU: NOBEL.33008
2026-10-02 02:21:52 [INFO] [14907] 'SDS PLUS MURÇ 14X250 MM' | 75.00 TL | SKU: WONDER.STW01377
2026-10-02 02:21:53 [INFO] [7426] 'NORM TİPİ 30MM 1 AD (1000)' | 2.15 TL | SKU: PASPAYI.03030
2026-10-02 02:21:54 [INFO] [15885] 'RULO RTRMAX İÇ VE DIŞ CEPHE 25CM' | 150.00 TL | SKU: RTRMAX.RFR425
2026-10-02 02:21:55 [INFO] [9044] 'BARET AYARLI SARI' | 125.00 TL | SKU: ESSAFE.GE1548S
2026-10-02 02:21:57 [INFO] [12742] 'BİTS UÇ ÇİFT YÖNLÜ MIKNATISLI  PH2-65MM ' | 60.00 TL | SKU: TYSON.KUPTYS.9681
2026-10-02 02:21:58 [INFO] [12483] 'SOSİS TABANCASI 600 ML FRS 353' | 800.00 TL | SKU: FRS.353
2026-10-02 02:21:59 [INFO] [9087] 'SUNTA VİDASI 5x60 STD (200)' | 210.00 TL | SKU: STD.900022700
2026-10-02 02:22:00 [INFO] [3411] 'AUTOKIT OTO İÇ CİLA NEW CAR 250 ML FA1-2' | 172.00 TL | SKU: AUTOKİT.FA1-269
2026-10-02 02:22:02 [INFO] [15591] 'ZIMPARA SÜNGER KALIN 120 KUM -ATLAS 1 AD' | 50.00 TL | SKU: ATLAS.00672753577
2026-10-02 02:22:03 [INFO] [15493] 'FIRÇA KESTİRME LÜX NO:3 125 YILDIRIM FIR' | 55.00 TL | SKU: YILDIRIMFIRÇA.125
2026-10-02 02:22:04 [INFO] [13328] 'SDS PLUS MATKAP UCU 6X210 50208-TODRİLL' | 65.00 TL | SKU: TODRİLL.TD50208
2026-10-02 02:22:05 [INFO] [12117] 'BAYONA SİYAH 20X20 2K (0,72M2)' | 391.00 TL | SKU: EGESER.200X200BYN93
2026-10-02 02:22:07 [INFO] [3965] 'EKLEME PARÇASI 1 AD (500)' | 6.00 TL | SKU: FOUR.HNK0023
2026-10-02 02:22:08 [INFO] [11415] 'RAF ÖRTÜSÜ EVA 45 CM 3 M ŞEFFAF' | 102.00 TL | SKU: SERMAT.RF25
2026-10-02 02:22:09 [INFO] [12135] 'AGT PARKE CORVİNA ALBANA (2,292m2)' | 924.00 TL | SKU: AGT.120047299
2026-10-02 02:22:10 [INFO] [15275] 'SDS PLUS MATKAP UCU DÖRT ELMASLI 6x160 M' | 65.00 TL | SKU: WONDER.STW013952
2026-10-02 02:22:12 [INFO] [13031] 'MASTİK PU SOSİS 600 ML-KIRMIZI' | 270.00 TL | SKU: SELENA.10051108
2026-10-02 02:22:13 [INFO] [6056] 'PRİZ 1x16A KAUÇUK DÜZ MONOFAZ METE' | 95.00 TL | SKU: METE.404001
2026-10-02 02:22:14 [INFO] [13762] 'TAŞYÜNÜ LEVHA FAWORİ TR7,5-08CM (60*100*' | 1000.00 TL | SKU: FAWORİ.5082-6553-A4
2026-10-02 02:22:15 [INFO] [14400] 'SERAMİK ÇITA DIŞ KÖŞE 10 MM EKO PARLAK K' | 100.00 TL | SKU: ALFOR.E12-12A1-10-270
2026-10-02 02:22:17 [INFO] [11054] 'FIRÇA KESTİRME LÜX NO:2 KARDELEN' | 40.00 TL | SKU: KARDELEN.0046
2026-10-02 02:22:18 [INFO] [15058] 'GRANİT TUĞLA KESİCİ DİSK 115 MM ELMASLI ' | 115.00 TL | SKU: RODEX.RRT115
2026-10-02 02:22:19 [INFO] [6648] 'ZIMPARA SÜNGER KALIN 120 KUM - NOBEL' | 40.00 TL | SKU: NOBEL.37404120907025
2026-10-02 02:22:20 [INFO] [2038] 'ASTAR MİNERAST-200 DEKORATİF MİNERAL 20 ' | 1100.00 TL | SKU: DARKSS.YK.M200.20
2026-10-02 02:22:22 [INFO] [2382] '40*60*2.5MM KUTU PROFİL (ANTİPASLI)' | 1011.06 TL | SKU: DEM.PRF.234
2026-10-02 02:22:23 [INFO] [12073] 'DRENAJ LEVHASI 200*2000(40 M2)(400 gr/m2' | 1450.00 TL | SKU: DARKSS.DR400
2026-10-02 02:22:24 [INFO] [11546] 'MUSLUK UZUN MK101' | 595.00 TL | SKU: GMS.MK101
2026-10-02 02:22:25 [INFO] [4780] '20 MANŞON PPRC KALDE' | 3.00 TL | SKU: KALDE.3212MUF200000
2026-10-02 02:22:25 [INFO] ... ilerleme 100/266 (tazelenen 99, basarisiz 1, korunan 1, atlanan 0)
2026-10-02 02:22:27 [INFO] [7662] 'TRAPEZ 875*3000*ŞEFFAF 0.9MM' | 825.00 TL | SKU: PVC.OND.TRP.3000
2026-10-02 02:22:28 [INFO] [4769] '20 C KAVİS PPRC KALDE' | 14.00 TL | SKU: KALDE.3202TWC200001
2026-10-02 02:22:29 [INFO] [6262] 'METAL KESİCİ 180x3 MM 38006 - NİKON' | 55.00 TL | SKU: NIKON.38006
2026-10-02 02:22:30 [INFO] [14613] 'FREN BALATA TEMİZLEYİCİ F1 500ML 404' | 135.00 TL | SKU: 404.A06063
2026-10-02 02:22:32 [INFO] [15090] 'SPREY BOYA GRİ (RAL7015) 400ML SELENA' | 129.00 TL | SKU: SELENA.10052494
2026-10-02 02:22:33 [INFO] [4762] '20 PPRC BORU 4 MT KALDE' | 109.00 TL | SKU: KALDE.3202TBE200000
2026-10-02 02:22:34 [INFO] [9103] 'MATKAP UÇLU VİDA YSB 3.9X32 (1250AD.) ST' | 850.00 TL | SKU: STD.900083700
2026-10-02 02:22:35 [INFO] [15853] 'EL FENERİ PT-979 USB ŞARJLI' | 230.00 TL | SKU: PANTHER.PT-979
2026-10-02 02:22:37 [INFO] [4804] '20 1/2 İÇ DİŞLİ DİRSEK PPRC KALDE' | 45.00 TL | SKU: KALDE.3222EFO200B00
2026-10-02 02:22:38 [INFO] [4767] '25 KOMPOZİT BORU PPRC 4 M KALDE' | 176.40 TL | SKU: KALDE.3202TFR250020
2026-10-02 02:22:39 [INFO] [13011] 'ELMAS TESTERE TURBO 115X22 MM CMC6040' | 135.00 TL | SKU: CMC.6040
2026-10-02 02:22:40 [INFO] [926] 'ZIMPARA RULO SÜNGER GREEN/GOLD P-180 KUM' | 90.00 TL | SKU: ATLAS.006.78072754043
2026-10-02 02:22:42 [INFO] [4793] '25/20/25 İNEGAL TE PPRC KALDE' | 6.00 TL | SKU: KALDE.3212TİO252025
2026-10-02 02:22:43 [INFO] [4418] 'GERÇEK KAPAK TAKIMI YD017' | 195.00 TL | SKU: GMS.YD017
2026-10-02 02:22:44 [INFO] [10188] 'TIRMIK TAKVİYELİ 12 DÜZ DİŞ-1911' | 219.00 TL | SKU: KESKİN.150.1911
2026-10-02 02:22:45 [INFO] [1594] 'BİTÜSELF STAR 10 CM KIRMIZI' | 450.00 TL | SKU: BTM.BSK-10
2026-10-02 02:22:47 [INFO] [6505] 'RAF PİMİ BEYAZ ÇİVİLİ Q 11 MM (100 ADET)' | 46.00 TL | SKU: NOBEL.333081132.100
2026-10-02 02:22:48 [INFO] [9155] 'İSKELE BAĞLAMA ÇAKMA DÜBELİ M12 50 MM 1 ' | 16.50 TL | SKU: STD.920683800
2026-10-02 02:22:49 [INFO] [9910] 'UNIVERSAL ELEKTRİK İZO. BANDI 19*10-SARI' | 20.00 TL | SKU: UNIVERSAL.021
2026-10-02 02:22:50 [INFO] [12176] 'ZEMİN/KORUMA ÖRTÜSÜ KALIN 10 M2 KARDELEN' | 65.00 TL | SKU: KARDELEN.0060
2026-10-02 02:22:52 [INFO] [13015] 'RULO DEKOR EKSPORT YEDEK 25CM 1097' | 199.00 TL | SKU: DEKOR.1097
2026-10-02 02:22:53 [INFO] [12001] 'RULO DEKOR SİLTEKS 25CM' | 275.00 TL | SKU: DEKOR.1012
2026-10-02 02:22:54 [INFO] [9089] 'SUNTA VİDASI 6x60 STD (200)' | 320.00 TL | SKU: STD.900024700
2026-10-02 02:22:55 [WARNING] [https://yapimaks.com/insaat-demiri-nervullu-kalin-12-14-16-20-p4683] Urun parse hatasi (deneme 3/3): API yanitinda fiyat bulunamadi
2026-10-02 02:22:55 [ERROR] [https://yapimaks.com/insaat-demiri-nervullu-kalin-12-14-16-20-p4683] Tum denemeler basarisiz: API yanitinda fiyat bulunamadi
2026-10-02 02:22:55 [WARNING] [https://yapimaks.com/insaat-demiri-nervullu-kalin-12-14-16-20-p4683] Eski satir korundu, yarin tekrar denenir.
2026-10-02 02:22:57 [INFO] [13366] 'KLOZET KAPAK LEYLAK YAVAŞ KAPANIR PVC ME' | 700.00 TL | SKU: VİSAM.529.004
2026-10-02 02:22:58 [INFO] [14764] '0.50*15*200 KAR TUTUCU AKSESUAR ANTRASİT' | 155.00 TL | SKU: RALL.7016.050.AKS.02
2026-10-02 02:22:59 [INFO] [7725] '0.50*7016 RULO SAC A.GRİ 50 CM' | 72.50 TL | SKU: RALL.7016.500.01
2026-10-02 02:23:00 [INFO] [15733] 'SİFON KÖRÜKLÜ LÜKS GRİ 65X32 35-80 CM' | 75.00 TL | SKU: GÜÇLÜ.1250
2026-10-02 02:23:02 [INFO] [9344] 'GAZ BETON 05-CM (60x25X05) 1AD 0.15 M2' | 32.50 TL | SKU: STT.017
2026-10-02 02:23:03 [INFO] [3930] 'TC 045 MM GOLD 27X60X27 3 M 1 AD (12)' | 95.00 TL | SKU: FOUR.045.TC-60.27.3000
2026-10-02 02:23:04 [INFO] [14791] '0.50*25*25*2000 DÜZ MAHYA (GRİ)' | 440.00 TL | SKU: RALL.7016.050.MHY02
2026-10-02 02:23:05 [INFO] [3926] 'TU 040 MM GOLD 23X28X23 3 M 1 AD (24)' | 52.50 TL | SKU: FOUR.040.TU-28.23.3000
2026-10-02 02:23:07 [INFO] [9114] 'TRP.VİDA 5,5*75-5MM 1 AD' | 3.50 TL | SKU: STD.900145700
2026-10-02 02:23:08 [INFO] [7609] 'KIVIRCIK RULO PASPAS 100CM 14 MM (MAVİ)' | 369.00 TL | SKU: PSP.100.M.14
2026-10-02 02:23:09 [INFO] [5079] 'TAHARET MUSLUK ÇİFTLİ (SHATTAF ŞATAF UYU' | 358.80 TL | SKU: KARPA.055
2026-10-02 02:23:10 [INFO] [4912] '50/50 TE PİS SU PVC KALDE' | 31.00 TL | SKU: KALDE.5213SBR0K0K87
2026-10-02 02:23:12 [INFO] [11012] '50/2000 PİS SU BORU PPRC KALDE' | 147.00 TL | SKU: KALDE.5203TBE0K2000
2026-10-02 02:23:13 [INFO] [14222] 'BARİYERLİ /MOBİL  BORU 16X2 S+O PE-RT KI' | 2933.00 TL | SKU: KALDE.3857POS162010
2026-10-02 02:23:14 [INFO] [15492] 'FIRÇA KESTİRME LÜX NO:2.5 124 YILDIRIM F' | 45.00 TL | SKU: YILDIRIMFIRÇA.124
2026-10-02 02:23:15 [INFO] [15794] 'TESPİT DÜBELİ ÇİFTLİ KILÇIK (250-AD)' | 375.00 TL | SKU: GÜÇLÜ.7102
2026-10-02 02:23:17 [INFO] [7691] '0.50*86*2000 TRAPEZ (BORDO)' | 490.00 TL | SKU: RALL.3009.050.2000
2026-10-02 02:23:18 [INFO] [3970] 'ALÇ.DÜBEL+VİDA RİGİPS (100 AD)' | 135.00 TL | SKU: FOUR.HNK0036
2026-10-02 02:23:19 [INFO] [8494] 'PU KÖPÜK TİTAN PRO 753 STR YAP 750 ML TA' | 250.00 TL | SKU: SELENA.10049326
2026-10-02 02:23:20 [INFO] [7681] 'PVC KİREMİT LEVHA 89X262 CM 2,5 MM ANTRA' | 1000.00 TL | SKU: PVC.KRMT.ANT.2620
2026-10-02 02:23:22 [INFO] [4774] '25/90 DİRSEK KAPALI PPRC KALDE' | 5.00 TL | SKU: KALDE.3212ELB250000
2026-10-02 02:23:23 [INFO] [4790] '25 TE PPRC KALDE' | 7.00 TL | SKU: KALDE.3212TEO250000
2026-10-02 02:23:24 [INFO] [4863] 'BARİYERLİ/ MOBİL BORU 16X2 S+O PE-RT MAV' | 2933.00 TL | SKU: KALDE.3858POS162010
2026-10-02 02:23:25 [INFO] [13720] '0.40*86*2000 TRAPEZ (BORDO)' | 450.00 TL | SKU: RALL.3009.040.2000
2026-10-02 02:23:27 [INFO] [6213] 'KESER SAPLI-USTA KESERİ' | 325.00 TL | SKU: NALBUR.122
2026-10-02 02:23:28 [INFO] [4922] '100 KAYAR MANŞON PİS SU PVC KALDE' | 64.00 TL | SKU: KALDE.5213SOCXM0000
2026-10-02 02:23:29 [INFO] [1868] 'COREX FALCON KIRMIZI ALÇIPAN 120*250 (3M' | 375.00 TL | SKU: DALSAN.203
2026-10-02 02:23:30 [INFO] [11586] 'MASTİK PU SOSİS 600 ML-SİYAH' | 270.00 TL | SKU: SELENA.10049867
2026-10-02 02:23:32 [INFO] [7330] 'PANEL ÇİT KAPAK PVC YEŞİL 1 AD' | 10.00 TL | SKU: PANELÇİT.0028
2026-10-02 02:23:33 [INFO] [258] 'TOREX ASKI VİDASI NO:5 1P= 4' | 47.00 TL | SKU: 8680613630195
2026-10-02 02:23:34 [INFO] [13577] 'BİTS UÇ SETİ 25-50-75-100-150-200 MM 10 ' | 320.00 TL | SKU: WONDER.STW01958
2026-10-02 02:23:35 [INFO] [4441] 'HORTUM TERAZİ ŞEFFAF 10 MM 1 M' | 17.50 TL | SKU: GÜNEŞ.0016.10
2026-10-02 02:23:37 [INFO] [1479] 'ARDUAZLI SHINGLE RULO GRİ YONCA (10M2)' | 1390.00 TL | SKU: BİKAMAX.FLEX02
2026-10-02 02:23:38 [INFO] [6260] 'METAL KESİCİ 115x2.5 MM 38002 - NİKON' | 27.50 TL | SKU: NIKON.38002
2026-10-02 02:23:39 [INFO] [2013] 'MANTOLAMA DÜBELİ PVC ÇİVİLİ 16-CM SPECO ' | 2.50 TL | SKU: SPECO.MD.16
2026-10-02 02:23:40 [INFO] [9957] 'ÇERÇEVE TEKLİ BEYAZ LİNNERA VİKO' | 25.00 TL | SKU: VİKO.90480001
2026-10-02 02:23:42 [INFO] [6083] 'İÇ CEPHE BOYASI RG1 (2.5 LT) MOMENTOMAX' | 1000.00 TL | SKU: FİLLİ.MOMENTOMAX.RG1.2,5L
2026-10-02 02:23:43 [INFO] [8544] 'SAKSI DAMLA BEYAZ 2.4 LT NO:2 DUVAR PLAS' | 115.00 TL | SKU: SERİNOVA.DD02.BEYAZ
2026-10-02 02:23:44 [INFO] [15491] 'FIRÇA OTO BATTAL 20 CM 451 YILDIRIM FIRÇ' | 115.00 TL | SKU: YILDIRIMFIRÇA.451
2026-10-02 02:23:45 [WARNING] [2061] 429 Too Many Requests — 75s bekleniyor (deneme 1/3, hiz 0.4/sn)
2026-10-02 02:23:48 [WARNING] [9130] 429 Too Many Requests — 72s bekleniyor (deneme 1/3, hiz 0.2/sn)
2026-10-02 02:23:53 [WARNING] [7724] 429 Too Many Requests — 67s bekleniyor (deneme 1/3, hiz 0.2/sn)
2026-10-02 02:23:58 [WARNING] [1981] 429 Too Many Requests — 62s bekleniyor (deneme 1/3, hiz 0.2/sn)
2026-10-02 02:24:03 [WARNING] [4781] 429 Too Many Requests — 57s bekleniyor (deneme 1/3, hiz 0.2/sn)
2026-10-02 02:24:08 [WARNING] [9844] 429 Too Many Requests — 52s bekleniyor (deneme 1/3, hiz 0.2/sn)
2026-10-02 02:24:13 [WARNING] [2002] 429 Too Many Requests — 47s bekleniyor (deneme 1/3, hiz 0.2/sn)
2026-10-02 02:24:18 [WARNING] [14394] 429 Too Many Requests — 42s bekleniyor (deneme 1/3, hiz 0.2/sn)
2026-10-02 02:25:00 [INFO] [7724] '0.50*7016 RULO SAC A.GRİ 30-CM' | 72.50 TL | SKU: RALL.7016.300.01
2026-10-02 02:25:00 [INFO] [4781] '25 MANŞON PPRC KALDE' | 4.00 TL | SKU: KALDE.3212MUF250000
2026-10-02 02:25:00 [INFO] [1981] 'DEKORATİF KAPLAMA KALIN DOKU QF-555 25 K' | 250.00 TL | SKU: DARKSS.YK.QF555K
2026-10-02 02:25:05 [INFO] [2002] 'SIVA FİLESİ 75 GR A++ BEYAZ 1 M2 (50)' | 16.00 TL | SKU: DARKSS.SF075.01
2026-10-02 02:25:10 [INFO] [10817] 'CAM SUYU 2.5 LT -25' | 79.00 TL | SKU: LEMONEN.CS.2,5LT
2026-10-02 02:25:15 [INFO] [2037] 'PRİMAST 120 BRÜT BETON ASTAR 12 KG' | 650.00 TL | SKU: DARKSS.YK.P120.12
2026-10-02 02:25:20 [INFO] [9097] 'TRP.VİDA 5,5*60-5MM 1 AD' | 2.85 TL | SKU: STD.900041700
2026-10-02 02:25:25 [INFO] [9130] 'SUNTA VİDASI 5x80 STD (200)' | 300.00 TL | SKU: STD.900202700
2026-10-02 02:25:30 [INFO] [2115] 'RULO DEKOR PARMAK YEDEK 10CM (ADET)2100' | 40.00 TL | SKU: DEKOR.2100
2026-10-02 02:25:35 [INFO] [9165] 'BİTS UÇ PZ2-25MM STANDART' | 25.00 TL | SKU: STD.933512800
2026-10-02 02:25:40 [INFO] [6081] 'İÇ CEPHE BOYASI RG1 (15 LT) MOMENTOMAX' | 4500.00 TL | SKU: FİLLİ.MOMENTOMAX.RG1.15L
2026-10-02 02:25:45 [INFO] [11427] 'ZEMİN/KORUMA ÖRTÜSÜ KALIN 50 M2 KARDELEN' | 175.00 TL | SKU: KARDELEN.0063
2026-10-02 02:25:50 [INFO] [11002] 'BORU KILIFI 35/10 2 MT PROCO' | 20.00 TL | SKU: PROCO.003
2026-10-02 02:25:55 [INFO] [14394] 'ZEMİN/KORUMA ÖRTÜSÜ PRATİK 50 M2 KARDELE' | 90.00 TL | SKU: KARDELEN.0067
2026-10-02 02:26:00 [INFO] [2383] '40*40*2.0MM KUTU PROFİL(ANTİPASLI)' | 663.28 TL | SKU: DEM.PRF.235
2026-10-02 02:26:05 [INFO] [4686] 'İNŞAAT TELİ (TAVLI TEL) 1.2 MM 1 KG' | 62.50 TL | SKU: İNŞ.TELİ.001
2026-10-02 02:26:10 [INFO] [3229] 'DERZ BANDI 50mm x 90m (36)' | 99.00 TL | SKU: DARKSS.DB5090
2026-10-02 02:26:15 [INFO] [9844] 'TOSHİBA PİL 6F22KGG 9V OYUNCAK' | 50.00 TL | SKU: TOSHİBA.6F22KGG
2026-10-02 02:26:20 [INFO] [12286] 'MASA PLASTİK KATLANIR 80X80 KAHVE EKO' | 1250.00 TL | SKU: SÖNMEZ.626-2
2026-10-02 02:26:25 [INFO] [9113] 'BETOFAST 6.3*75 1 AD' | 3.50 TL | SKU: STD.900241700
2026-10-02 02:26:30 [INFO] [14708] 'BİTS UÇ PH1 25 MM YILDIZ 1 AD' | 10.00 TL | SKU: WONDER.STW1914-2
2026-10-02 02:26:35 [INFO] [2111] 'SERAMİK MALASI 40 CM PVC KAPALI 10X10 DE' | 350.00 TL | SKU: DEKOR.02432
2026-10-02 02:26:40 [INFO] [10055] 'CAPRON 5mm 1 AD (95X105) (50)' | 40.00 TL | SKU: XPS.015
2026-10-02 02:26:45 [INFO] [1973] 'DERZ DOLGU BEJ (SİLİKONLU) QF 333 20 KG' | 400.00 TL | SKU: DARKSS.YK.QF333BJ
2026-10-02 02:26:50 [INFO] [14413] 'KÖŞE ÇITASI FİLELİ PVC MAVİ 10X10 (45x14' | 60.00 TL | SKU: DARKSS.FK.10.03
2026-10-02 02:26:54 [INFO] [12426] 'EL FENERİ KH-168 PiLLİ PANTHER' | 50.00 TL | SKU: PANTHER.KH-168
2026-10-02 02:26:58 [INFO] [8516] 'TYTAN HIZLI YAPIŞTIRICI KİTİ MDF 200ML+5' | 105.00 TL | SKU: SELENA.10049289
2026-10-02 02:27:02 [INFO] [4600] 'PERDE RAYI KORNİŞ ÜÇLÜ 3.5 M SÜPER' | 175.00 TL | SKU: IŞIK.0111
2026-10-02 02:27:06 [INFO] [8491] 'SİLİKON ŞEFFAF 280 GR POLYFİX ÜNV(1KT 24' | 80.00 TL | SKU: SELENA.10051119
2026-10-02 02:27:10 [INFO] [3964] 'KLİPS 1 AD (1000)' | 2.00 TL | SKU: FOUR.HNK0022
2026-10-02 02:27:14 [INFO] [3966] 'ASKI MAŞASI T 1 AD (500)' | 9.00 TL | SKU: FOUR.HNK0024
2026-10-02 02:27:18 [INFO] [5905] 'ÇELİK DÜBEL ASMA TAVAN 6X45 (100) 1 AD' | 7.50 TL | SKU: MERİDYEN.ÇATD06045
2026-10-02 02:27:22 [INFO] [9193] 'POSTA KUTUSU KİLİDİ NO:103-20 STANDART' | 75.00 TL | SKU: STD.953568800
2026-10-02 02:27:26 [INFO] [9126] 'ALÇ.VİDA SİVRİ 35 (1000 AD) STD' | 525.00 TL | SKU: STD.900196700
2026-10-02 02:27:30 [WARNING] [3231] 429 Too Many Requests — 150s bekleniyor (deneme 1/3, hiz 0.2/sn)
2026-10-02 02:27:35 [WARNING] [12198] 429 Too Many Requests — 145s bekleniyor (deneme 1/3, hiz 0.2/sn)
2026-10-02 02:27:40 [WARNING] [15110] 429 Too Many Requests — 140s bekleniyor (deneme 1/3, hiz 0.2/sn)
2026-10-02 02:27:45 [WARNING] [12353] 429 Too Many Requests — 135s bekleniyor (deneme 1/3, hiz 0.2/sn)
2026-10-02 02:27:50 [WARNING] [6159] 429 Too Many Requests — 130s bekleniyor (deneme 1/3, hiz 0.2/sn)
2026-10-02 02:27:55 [WARNING] [4599] 429 Too Many Requests — 125s bekleniyor (deneme 1/3, hiz 0.2/sn)
2026-10-02 02:28:00 [WARNING] [14526] 429 Too Many Requests — 120s bekleniyor (deneme 1/3, hiz 0.2/sn)
2026-10-02 02:28:05 [WARNING] [2061] 429 Too Many Requests — 115s bekleniyor (deneme 2/3, hiz 0.2/sn)
2026-10-02 02:30:01 [INFO] [3231] 'DERZ BANDI 100mm x 90m (18)' | 179.00 TL | SKU: DARKSS.DB10090
2026-10-02 02:30:01 [INFO] [15110] 'AMPUL LEDOLET 15W LED BEYAZ 6500K' | 47.50 TL | SKU: LEDOLET.15WB
2026-10-02 02:30:01 [INFO] [12198] 'DEKUPAJ AĞZI METAL T318A BOSCH' | 250.00 TL | SKU: BOSCH.2608631808
2026-10-02 02:30:01 [INFO] ... ilerleme 200/266 (tazelenen 198, basarisiz 2, korunan 2, atlanan 0)
2026-10-02 02:30:05 [INFO] [6159] 'ONDULİN ÇİVİSİ METAL BAŞLI GRİ 10 CM (2,' | 200.00 TL | SKU: NALBUR.010.03
2026-10-02 02:30:10 [INFO] [4887] '70 KELEPÇE PİS SU PVC KALDE' | 16.00 TL | SKU: KALDE.5213BCC0L0000
2026-10-02 02:30:15 [INFO] [15638] 'KOLİ BANDI ŞEFFAF 45X100 METRE ASTEL' | 95.00 TL | SKU: ASTEL.A07135
2026-10-02 02:30:20 [INFO] [8276] 'PARKE BİTİM 10 MM Z EŞİK PROFİL 2.70 MT.' | 300.00 TL | SKU: SAY.371.10.MK
2026-10-02 02:30:25 [INFO] [9282] 'TEFLON BANT 12MMX7 MT 0.20 GR' | 17.50 TL | SKU: ORIENT.BNT10
2026-10-02 02:30:30 [INFO] [12975] 'ELDİVEN NİTRİL MİCRO 3/4 NO:9 BEYBİ' | 90.00 TL | SKU: BEYBİ.İ04NMF13409
2026-10-02 02:30:35 [INFO] [15763] 'KORNİŞ MONTAJ YAPIŞTIRICI BEYAZ 290 ML U' | 209.00 TL | SKU: SELSİL.3753
2026-10-02 02:30:40 [INFO] [2061] 'SIVA MAKİNA ÇİMENTO ESASLI MK 250 25 KG ' | 169.00 TL | SKU: DARKSS.YK.MK250.MK
2026-10-02 02:30:45 [INFO] [5301] 'BİTS UÇ PH2 25MM STOPLU' | 55.00 TL | SKU: FİVESTAR.011.BBS0225
2026-10-02 02:30:50 [INFO] [14324] 'ELDİVEN SARI BEYAZ PN2 NO:9' | 39.00 TL | SKU: BEYBİ.İ0401752
2026-10-02 02:30:55 [INFO] [4601] 'PERDE RAYI KORNİŞ ÜÇLÜ 4 M SÜPER' | 200.00 TL | SKU: IŞIK.0112
2026-10-02 02:31:00 [INFO] [9094] 'TRP.VİDA 5,5*38-5MM 1 AD' | 2.15 TL | SKU: STD.900038700
2026-10-02 02:31:05 [INFO] [8779] 'BİTS UÇ PZ1x25 MM SGS' | 25.00 TL | SKU: SGS.1808
2026-10-02 02:31:10 [INFO] [4865] '50/1000 PİS SU BORU PPRC KALDE' | 86.00 TL | SKU: KALDE.5203TBE0K1000
2026-10-02 02:31:15 [INFO] [14526] 'ASKILIK İKİLİ KROM ECO FIESTA YAPIŞKANLI' | 93.00 TL | SKU: NOBEL.721306Y
2026-10-02 02:31:20 [INFO] [11676] 'SHATTAF ŞATAF TAHARET FİX KROM GRİ SET D' | 250.00 TL | SKU: DIAMOND.SHT3053
2026-10-02 02:31:25 [INFO] [15748] 'ADAPTÖR TAKOZ CONTA GÜÇLÜ 1 ADET' | 12.50 TL | SKU: GÜÇLÜ.4105
2026-10-02 02:31:30 [INFO] [3211] 'EPS-50 KARBONLU 5CM 50*100 (10AD 5m2) DA' | 709.00 TL | SKU: EPS.14.0013
2026-10-02 02:31:35 [INFO] [4658] 'İNŞAAT ÇİVİSİ 10 LUK 18X45' | 59.00 TL | SKU: İNŞ.ÇİV.0008
2026-10-02 02:31:40 [INFO] [1872] 'COREX FALCON ALÇIPAN YEŞİL 120*250 (3M2)' | 385.00 TL | SKU: DALSAN.202
2026-10-02 02:31:45 [INFO] [4999] 'METAL KESİCİ İNOX 115x1x22 KARBOSAN' | 30.00 TL | SKU: KARBOSAN.910380
2026-10-02 02:31:50 [INFO] [3934] 'DU-75 040 MM EKO 30X75X30 3 M 1 AD (12)' | 92.50 TL | SKU: FOUR.040.DU-75.3000
2026-10-02 02:31:54 [INFO] [5775] 'MAKET BIÇAĞI METAL GÖVDELİ' | 80.00 TL | SKU: SD.MB075
2026-10-02 02:31:58 [INFO] [4656] 'İNŞAAT ÇİVİSİ 8 LİK 17X36' | 59.00 TL | SKU: İNŞ.ÇİV.0006
2026-10-02 02:32:02 [INFO] [8499] 'PU KÖPÜK PİPETLİ 600 GR (1KT-12AD)' | 149.00 TL | SKU: SELENA.10049313
2026-10-02 02:32:06 [INFO] [7390] 'GECE LAMBASI KARE PT-364 IŞIK SENSÖRLÜ 1' | 85.00 TL | SKU: PANTHER PT-233
2026-10-02 02:32:10 [INFO] [15083] 'PALA TESTERE BÜYÜK 50CM' | 449.00 TL | SKU: WERT.2517
2026-10-02 02:32:14 [INFO] [14768] '0.50*15*200 KAR TUTUCU AKSESUAR BORDO' | 153.00 TL | SKU: RALL.3009.050.AKS.03
2026-10-02 02:32:18 [INFO] [9086] 'SUNTA VİDASI 5x50 STD (200)' | 179.00 TL | SKU: STD.900021700
2026-10-02 02:32:22 [INFO] [3923] 'KÖŞE ÇITASI DELİKLİ GLV 035 22X22 3.00 M' | 35.00 TL | SKU: FOUR.035.KÇYD.22X22.3000
2026-10-02 02:32:26 [INFO] [1848] 'ÇİMENTO 25 KG' | 125.00 TL | SKU: ÇİMENTO.005
2026-10-02 02:32:30 [INFO] [7051] 'ONDULİN OLUKLU LEVHA KIRMIZI 2-MT' | 475.00 TL | SKU: ONDULİN. 001
2026-10-02 02:32:34 [INFO] [12565] 'SIVA FİLESİ 160 GR A++ BEYAZ 1 M2 (50)' | 24.00 TL | SKU: DARKSS.SF160.07
2026-10-02 02:32:38 [INFO] [13477] 'NEM BARİYERİ 120GR-3KAT-MAVİ DARKSS (150' | 28.00 TL | SKU: DARKSS.NBM.120
2026-10-02 02:32:42 [INFO] [11438] 'MASTİK PU DAYSON-280ML(BEYAZ)' | 250.00 TL | SKU: DAYSON.D10002
2026-10-02 02:32:46 [INFO] [10936] 'MASTİK BEYAZ 500 GR TYTAN (KAPI-PENCERE)' | 55.00 TL | SKU: SELENA.10049327
2026-10-02 02:32:50 [INFO] [9166] 'BİTS UÇ PZ2-50MM STANDART' | 25.00 TL | SKU: STD.933513800
2026-10-02 02:32:54 [INFO] [4881] '50/500 PİS SU BORU PPRC KALDE' | 70.00 TL | SKU: KALDE.5203TBEXK0500
2026-10-02 02:32:58 [INFO] [6783] 'ASPİRATÖR BORUSU ALÜMİNYUM 2 METRE 127 M' | 77.00 TL | SKU: NOBEL.706131272
2026-10-02 02:33:02 [INFO] [4599] 'PERDE RAYI KORNİŞ ÜÇLÜ 3 M SÜPER' | 149.00 TL | SKU: IŞIK.0110
2026-10-02 02:33:06 [INFO] [5201] 'KİREÇ 25 KG.' | 169.00 TL | SKU: KİREÇ.003
2026-10-02 02:33:10 [INFO] [1961] 'ISI YALITIM LEVHA YAPIŞTIRICI QF-393 25 ' | 185.00 TL | SKU: DARKSS.YK.QF393
2026-10-02 02:33:14 [INFO] [8502] 'PU KÖPÜK POLYFİX COMBO STD 750 ML (1KT-1' | 199.00 TL | SKU: SELENA.10053673
2026-10-02 02:33:18 [INFO] [12361] 'SIVA FİLESİ 160 GR A+ BEYAZ 1 M2 (50)' | 20.00 TL | SKU: DARKSS.SF160.05
2026-10-02 02:33:22 [INFO] [10044] 'WALLBOARD T-2000 2 CM (20-AD 14.4M2)' | 1400.00 TL | SKU: XPS.002
2026-10-02 02:33:26 [INFO] [15022] 'ELDİVEN PN3 KIRMIZI SİYAH ZEBRA NO:10' | 49.00 TL | SKU: BEYBİ.İ0401773
2026-10-02 02:33:30 [INFO] [11382] 'SOKAK KAMP LAMBASI PT-K24 SOLAR KIRMIZI ' | 125.00 TL | SKU: PANTHER PT-K24
2026-10-02 02:33:34 [INFO] [1922] 'BOARDEX 120*240*12.5 MM (50)' | 750.00 TL | SKU: DALSAN.204
2026-10-02 02:33:37 [INFO] [3944] 'AGRAF 7 1 ADET (500)' | 5.00 TL | SKU: FOUR.HNK0001
2026-10-02 02:33:40 [INFO] [5243] 'KNAUF EARTHWOOL 043M-10CM (9,6-M2)' | 750.00 TL | SKU: KNAUF.796780.IP046
2026-10-02 02:33:43 [INFO] [6160] 'FIRÇA SAPI 120CM' | 100.00 TL | SKU: NALBUR.035
2026-10-02 02:33:46 [INFO] [4353] 'KÜRESEL REKORLU BAHÇE MUSLUĞU 3/4' | 470.00 TL | SKU: GMS.KBM116
2026-10-02 02:33:50 [INFO] [9317] 'SUNTA VİDASI MUHTELİF' | 425.00 TL | SKU: STD.SUNTA
2026-10-02 02:33:53 [INFO] [15348] 'STREÇ 17 MİCRON 50X150 MT (1400 GR)' | 250.00 TL | SKU: ELİTT.17MC50X150
2026-10-02 02:33:56 [INFO] [9125] 'ALÇ.VİDA SİVRİ 25 (1000 AD) STD' | 375.00 TL | SKU: STD.900195700
2026-10-02 02:33:59 [INFO] [15007] 'KÖŞE ÇITASI FİLELİ PVC BEYAZ 07X07 (35X6' | 27.50 TL | SKU: DARKSS.FK.07.01
2026-10-02 02:34:02 [INFO] [1927] 'DERZTEK ALÇI LEVHA DERZ DOLGU ALÇI (25 K' | 220.00 TL | SKU: DALSAN.107
2026-10-02 02:34:05 [INFO] [4652] 'İNŞAAT ÇİVİSİ 6 LIK 15X27' | 59.00 TL | SKU: İNŞ.ÇİV.0002
2026-10-02 02:34:09 [INFO] [9093] 'TRP.VİDA 5,5*25-5MM 1 AD' | 1.75 TL | SKU: STD.900037700
2026-10-02 02:34:12 [INFO] [1926] 'SATENTEK ALÇI-25 KG.' | 185.00 TL | SKU: DALSAN.104
2026-10-02 02:34:15 [INFO] [1859] 'SIVATEK SIVA ALÇISI 35 KG' | 200.00 TL | SKU: DALSAN.103
2026-10-02 02:34:18 [INFO] [772] 'ASMA TAVAN KAROPAN BEYAZ DÜZ 60*60*8MM 1' | 62.50 TL | SKU: ASMAT.002
2026-10-02 02:34:22 [INFO] [15077] 'MAKET BIÇAĞI YEDEĞİ 10 LU GENİŞ 18MM ORI' | 60.00 TL | SKU: ORIENT.MAKB2T
2026-10-02 02:34:25 [INFO] [12072] 'DRENAJ LEVHASI 200*2000(40 M2)(320 gr/m2' | 1000.00 TL | SKU: DARKSS.DR320
2026-10-02 02:34:28 [INFO] [12353] 'KÖŞE ÇITASI FİLELİ PVC BEYAZ 10X10 (45x1' | 50.00 TL | SKU: DARKSS.FK.10.01
2026-10-02 02:34:31 [INFO] [1962] 'ISI YALITIM SIVASI LEVHA QF-494 25KG' | 195.00 TL | SKU: DARKSS.YK.QF494
2026-10-02 02:34:31 [INFO] State yaziliyor: 8653 url -> /home/runner/work/inflationstudymirror/inflationstudymirror/InflationItems/Datas/ConstructionSuppliesMarkets/yapimaks/last_seen.json
2026-10-02 02:34:31 [INFO] ==================================================
2026-10-02 02:34:31 [INFO] Tamamlandi [OK]! Tasinan: 8165 | Tazelenen: 264 | Basarisiz: 2 | Korunan eski satir: 2 | Atlanan (sure/limit): 0 | Dusurulen: 8
2026-10-02 02:34:31 [INFO] Dosya: /home/runner/work/inflationstudymirror/inflationstudymirror/InflationItems/Datas/ConstructionSuppliesMarkets/yapimaks/2026-10-02.csv (toplam 8431 urun)
2026-10-02 02:34:31 [INFO] ==================================================
