2026-08-05 05:14:06 [INFO] ==================================================
2026-08-05 05:14:06 [INFO] Yapimaks Scraper basliyor
2026-08-05 05:14:06 [INFO] ==================================================
2026-08-05 05:14:06 [INFO] Ana sayfa ziyaret ediliyor, cookie aliniyor...
2026-08-05 05:14:07 [INFO] Cookie basariyla alindi.
2026-08-05 05:14:07 [INFO] Sitemap indiriliyor: https://yapimaks.com/sitemap/products1.xml
2026-08-05 05:14:07 [INFO] Sitemap'ten toplam 8214 urun URL'si bulundu.
2026-08-05 05:14:07 [INFO] Bugune ait veri yok. Eski veri (2026-08-04.csv) süzülerek bugune aktariliyor...
2026-08-05 05:14:07 [INFO] Basarili! 8208 urun dunden bugune aktarildi.
2026-08-05 05:14:07 [INFO] Guncel dosyada hazir olan urun: 8208 | Sifirdan cekilecek (yeni) urun: 6
2026-08-05 05:14:07 [INFO] 6 yeni urun scrapelanacak -> /home/runner/work/inflationstudymirror/inflationstudymirror/Datas/yapimaks/2026-08-05.csv
2026-08-05 05:14:07 [INFO] [1/6] https://yapimaks.com/autokit-bijon-anahtari-4-lu-nikelajli-p3437
2026-08-05 05:14:08 [INFO] [3437] "AUTOKIT BİJON ANAHTARI 4'LÜ NİKELAJLI" | 842.00 TL | SKU: AUTOKİT.FA1-600
2026-08-05 05:14:10 [INFO] [2/6] https://yapimaks.com/autokit-magic-dose-guclu-temizleyici-universal-750-ml-fa1-143-p3373
2026-08-05 05:14:10 [INFO] [3373] 'AUTOKIT MAGİC DOSE GÜÇLÜ TEMİZLEYİCİ UNİ' | 172.00 TL | SKU: AUTOKİT.FA1-143
2026-08-05 05:14:12 [INFO] [3/6] https://yapimaks.com/insaat-demiri-nervullu-12-mm-12mt-p4673
2026-08-05 05:14:12 [INFO] [4673] 'İNŞAAT DEMİRİ NERVÜLLÜ 12-MM (12MT)' | 1.00 TL | SKU: İNŞ.DEMİRİ.003
2026-08-05 05:14:14 [INFO] [4/6] https://yapimaks.com/saksi-alti-ayak-kiremit-26-lt-no-1-plastik-p8533
2026-08-05 05:14:14 [INFO] [8533] 'SAKSI ALTI AYAK KİREMİT 26 LT NO:1 PLAST' | 335.00 TL | SKU: SERİNOVA.AAST1.KİREMİT
2026-08-05 05:14:16 [INFO] [5/6] https://yapimaks.com/saksi-alti-ayak-yesil-26-lt-no-1-plastik-p8534
2026-08-05 05:14:16 [INFO] [8534] 'SAKSI ALTI AYAK YEŞİL 26 LT NO:1 PLASTİK' | 335.00 TL | SKU: SERİNOVA.AAST1.YEŞİL
2026-08-05 05:14:18 [INFO] [6/6] https://yapimaks.com/sunta-vidasi-5x100-100-akdeniz-p15800
2026-08-05 05:14:18 [INFO] [15800] 'SUNTA VİDASI 5X100 (100) AKDENİZ' | 190.00 TL | SKU: AKDENİZ.VSUN5X100
2026-08-05 05:14:20 [INFO] Tamamlandi! Toplam 6 yeni urun eklendi -> /home/runner/work/inflationstudymirror/inflationstudymirror/Datas/yapimaks/2026-08-05.csv
